node.exe : npm warn Unknown cli config "--testPathPattern". This will stop working in the next major version of npm.
所在位置 C:\Users\Chunlin Wang\Miniconda3\npm.ps1:16 字符: 5
+     & "$basedir/node$exe"  "$basedir/node_modules/npm/bin/npm-cli.js" ...
+     ~~~~~~~~~~~~~~~~~~~~~~~~~~~~~~~~~~~~~~~~~~~~~~~~~~~~~~~~~~~~~~~~~
    + CategoryInfo          : NotSpecified: (npm warn Unknow...version of npm.:String) [], RemoteException
    + FullyQualifiedErrorId : NativeCommandError
 
npm warn Unknown cli config "--coverage". This will stop working in the next major version of npm.

> cmn@0.1.0 test
> jest

PASS services/__tests__/hybridMeetingService.test.ts
PASS app/__tests__/tabs.layout.test.tsx
PASS app/__tests__/profile.spaces.test.tsx
PASS services/__tests__/meetingNotificationService.test.ts
PASS services/__tests__/hybridAuthService.test.ts
  鈼?Console

    console.log
      [INFO] User created locally { email: 'test@example.com', timestamp: '2026-01-30T03:36:51.047Z' }

      at Logger.logMethod [as log] (utils/logger.ts:82:7)

    console.log
      [INFO] Firebase not configured, using local storage only { email: 'test@example.com', timestamp: 
'2026-01-30T03:36:51.053Z' }

      at Logger.logMethod [as log] (utils/logger.ts:82:7)

    console.log
      [INFO] User created locally { email: 'test@example.com', timestamp: '2026-01-30T03:36:51.054Z' }

      at Logger.logMethod [as log] (utils/logger.ts:82:7)

    console.log
      [INFO] Attempting Firebase signup { email: 'test@example.com', timestamp: '2026-01-30T03:36:51.054Z' }

      at Logger.logMethod [as log] (utils/logger.ts:82:7)

    console.log
      [INFO] User synced to Firebase {
        email: 'test@example.com',
        uid: 'firebase123',
        firebaseEmail: undefined,
        timestamp: '2026-01-30T03:36:51.054Z'
      }

      at Logger.logMethod [as log] (utils/logger.ts:82:7)

    console.log
      [INFO] User created locally { email: 'test@example.com', timestamp: '2026-01-30T03:36:51.055Z' }

      at Logger.logMethod [as log] (utils/logger.ts:82:7)

    console.log
      [INFO] Attempting Firebase signup { email: 'test@example.com', timestamp: '2026-01-30T03:36:51.055Z' }

      at Logger.logMethod [as log] (utils/logger.ts:82:7)

    console.log
      [INFO] User created locally { email: 'test@example.com', timestamp: '2026-01-30T03:36:51.056Z' }

      at Logger.logMethod [as log] (utils/logger.ts:82:7)

    console.log
      [INFO] Attempting Firebase signup { email: 'test@example.com', timestamp: '2026-01-30T03:36:51.056Z' }

      at Logger.logMethod [as log] (utils/logger.ts:82:7)

    console.log
      [INFO] Firebase not configured, using local storage only { email: 'test@example.com', timestamp: 
'2026-01-30T03:36:51.059Z' }

      at Logger.logMethod [as log] (utils/logger.ts:82:7)

    console.log
      [INFO] User authenticated locally { email: 'test@example.com', timestamp: '2026-01-30T03:36:51.061Z' }

      at Logger.logMethod [as log] (utils/logger.ts:82:7)

    console.log
      [INFO] Attempting Firebase signin first { email: 'test@example.com', timestamp: '2026-01-30T03:36:51.062Z' }

      at Logger.logMethod [as log] (utils/logger.ts:82:7)

    console.log
      [INFO] User authenticated with Firebase {
        email: 'test@example.com',
        uid: 'firebase123',
        firebaseEmail: undefined,
        timestamp: '2026-01-30T03:36:51.062Z'
      }

      at Logger.logMethod [as log] (utils/logger.ts:82:7)

    console.log
      [INFO] User also authenticated locally { email: 'test@example.com', timestamp: '2026-01-30T03:36:51.063Z' }

      at Logger.logMethod [as log] (utils/logger.ts:82:7)

    console.log
      [INFO] Attempting Firebase signin first { email: 'test@example.com', timestamp: '2026-01-30T03:36:51.063Z' }

      at Logger.logMethod [as log] (utils/logger.ts:82:7)

    console.log
      [INFO] User authenticated locally (Firebase unavailable) { email: 'test@example.com', timestamp: 
'2026-01-30T03:36:51.064Z' }

      at Logger.logMethod [as log] (utils/logger.ts:82:7)

    console.log
      [INFO] Firebase not configured, using local storage only { email: 'test@example.com', timestamp: 
'2026-01-30T03:36:51.064Z' }

      at Logger.logMethod [as log] (utils/logger.ts:82:7)

    console.log
      [INFO] Attempting Firebase signin first { email: 'test@example.com', timestamp: '2026-01-30T03:36:51.065Z' }

      at Logger.logMethod [as log] (utils/logger.ts:82:7)

    console.log
      [INFO] User authenticated with Firebase {
        email: 'test@example.com',
        uid: 'firebase123',
        firebaseEmail: 'test@example.com',
        timestamp: '2026-01-30T03:36:51.065Z'
      }

      at Logger.logMethod [as log] (utils/logger.ts:82:7)

    console.log
      [INFO] Creating local user from Firebase authentication { email: 'test@example.com', timestamp: 
'2026-01-30T03:36:51.065Z' }

      at Logger.logMethod [as log] (utils/logger.ts:82:7)
          at Generator.throw (<anonymous>)

    console.log
      [INFO] Local user created from Firebase auth { email: 'test@example.com', timestamp: '2026-01-30T03:36:51.065Z' }

      at Logger.logMethod [as log] (utils/logger.ts:82:7)

    console.log
      [INFO] Attempting Firebase signin first { email: 'test@example.com', timestamp: '2026-01-30T03:36:51.066Z' }

      at Logger.logMethod [as log] (utils/logger.ts:82:7)

    console.log
      [INFO] User authenticated locally (Firebase unavailable) { email: 'test@example.com', timestamp: 
'2026-01-30T03:36:51.066Z' }

      at Logger.logMethod [as log] (utils/logger.ts:82:7)

    console.log
      [INFO] User not found in Firebase, creating Firebase account for existing local user { email: 
'test@example.com', timestamp: '2026-01-30T03:36:51.066Z' }

      at Logger.logMethod [as log] (utils/logger.ts:82:7)

    console.log
      [INFO] Firebase account created for existing local user {
        email: 'test@example.com',
        uid: 'firebase123',
        firebaseEmail: 'test@example.com',
        timestamp: '2026-01-30T03:36:51.066Z'
      }

      at Logger.logMethod [as log] (utils/logger.ts:82:7)

    console.log
      [INFO] Attempting Firebase signin first { email: 'test@example.com', timestamp: '2026-01-30T03:36:51.067Z' }

      at Logger.logMethod [as log] (utils/logger.ts:82:7)

    console.log
      [INFO] User authenticated locally (Firebase unavailable) { email: 'test@example.com', timestamp: 
'2026-01-30T03:36:51.067Z' }

      at Logger.logMethod [as log] (utils/logger.ts:82:7)

    console.log
      [INFO] User not found in Firebase, creating Firebase account for existing local user { email: 
'test@example.com', timestamp: '2026-01-30T03:36:51.067Z' }

      at Logger.logMethod [as log] (utils/logger.ts:82:7)

    console.log
      [INFO] Firebase account created for existing local user {
        email: 'test@example.com',
        uid: 'firebase123',
        firebaseEmail: 'test@example.com',
        timestamp: '2026-01-30T03:36:51.067Z'
      }

      at Logger.logMethod [as log] (utils/logger.ts:82:7)

    console.log
      [INFO] Attempting Firebase signin first { email: 'test@example.com', timestamp: '2026-01-30T03:36:51.068Z' }

      at Logger.logMethod [as log] (utils/logger.ts:82:7)

    console.log
      [INFO] User authenticated locally (Firebase unavailable) { email: 'test@example.com', timestamp: 
'2026-01-30T03:36:51.068Z' }

      at Logger.logMethod [as log] (utils/logger.ts:82:7)

    console.log
      [INFO] User not found in Firebase, creating Firebase account for existing local user { email: 
'test@example.com', timestamp: '2026-01-30T03:36:51.068Z' }

      at Logger.logMethod [as log] (utils/logger.ts:82:7)

    console.log
      [INFO] Attempting Firebase signin first { email: 'test@example.com', timestamp: '2026-01-30T03:36:51.069Z' }

      at Logger.logMethod [as log] (utils/logger.ts:82:7)

    console.log
      [INFO] User authenticated locally (Firebase unavailable) { email: 'test@example.com', timestamp: 
'2026-01-30T03:36:51.069Z' }

      at Logger.logMethod [as log] (utils/logger.ts:82:7)

    console.log
      [INFO] User not found in Firebase, creating Firebase account for existing local user { email: 
'test@example.com', timestamp: '2026-01-30T03:36:51.069Z' }

      at Logger.logMethod [as log] (utils/logger.ts:82:7)

    console.log
      [INFO] Attempting Firebase signin first { email: 'test@example.com', timestamp: '2026-01-30T03:36:51.070Z' }

      at Logger.logMethod [as log] (utils/logger.ts:82:7)

    console.log
      [INFO] Attempting Firebase signin first { email: 'test@example.com', timestamp: '2026-01-30T03:36:51.071Z' }

      at Logger.logMethod [as log] (utils/logger.ts:82:7)

    console.log
      [INFO] Firebase not configured, using local storage only { email: 'test@example.com', timestamp: 
'2026-01-30T03:36:51.071Z' }

      at Logger.logMethod [as log] (utils/logger.ts:82:7)

PASS app/__tests__/profile.location.test.tsx
PASS services/__tests__/hybridProfileService.test.ts
  鈼?Console

    console.log
      [INFO] Profile saved locally { email: 'john@example.com', timestamp: '2026-01-30T03:36:51.075Z' }

      at Logger.logMethod [as log] (utils/logger.ts:82:7)

    console.log
      [INFO] Profile added to local allProfiles { email: 'john@example.com', timestamp: '2026-01-30T03:36:51.080Z' }

      at Logger.logMethod [as log] (utils/logger.ts:82:7)

    console.log
      [INFO] Firebase not configured, profile saved locally only { email: 'john@example.com', timestamp: 
'2026-01-30T03:36:51.080Z' }

      at Logger.logMethod [as log] (utils/logger.ts:82:7)

    console.log
      [INFO] Profile saved locally { email: 'john@example.com', timestamp: '2026-01-30T03:36:51.081Z' }

      at Logger.logMethod [as log] (utils/logger.ts:82:7)

    console.log
      [INFO] Profile added to local allProfiles { email: 'john@example.com', timestamp: '2026-01-30T03:36:51.081Z' }

      at Logger.logMethod [as log] (utils/logger.ts:82:7)

    console.log
      [INFO] Firebase auth status {
        isAuthenticated: true,
        uid: 'test-uid',
        email: 'john@example.com',
        profileEmail: 'john@example.com',
        timestamp: '2026-01-30T03:36:51.082Z'
      }

      at Logger.logMethod [as log] (utils/logger.ts:82:7)

    console.log
      [INFO] Profile synced to Firebase { email: 'john@example.com', timestamp: '2026-01-30T03:36:51.082Z' }

      at Logger.logMethod [as log] (utils/logger.ts:82:7)

    console.log
      [INFO] Profile saved locally { email: 'john@example.com', timestamp: '2026-01-30T03:36:51.083Z' }

      at Logger.logMethod [as log] (utils/logger.ts:82:7)

    console.log
      [INFO] Profile added to local allProfiles { email: 'john@example.com', timestamp: '2026-01-30T03:36:51.083Z' }

      at Logger.logMethod [as log] (utils/logger.ts:82:7)

    console.log
      [INFO] Firebase auth status {
        isAuthenticated: true,
        uid: 'test-uid',
        email: 'john@example.com',
        profileEmail: 'john@example.com',
        timestamp: '2026-01-30T03:36:51.083Z'
      }

      at Logger.logMethod [as log] (utils/logger.ts:82:7)

    console.log
      [INFO] Profile saved locally { email: 'john@example.com', timestamp: '2026-01-30T03:36:51.084Z' }

      at Logger.logMethod [as log] (utils/logger.ts:82:7)

    console.log
      [INFO] Profile added to local allProfiles { email: 'john@example.com', timestamp: '2026-01-30T03:36:51.084Z' }

      at Logger.logMethod [as log] (utils/logger.ts:82:7)

    console.log
      [INFO] Firebase auth status {
        isAuthenticated: true,
        uid: 'test-uid',
        email: 'john@example.com',
        profileEmail: 'john@example.com',
        timestamp: '2026-01-30T03:36:51.085Z'
      }

      at Logger.logMethod [as log] (utils/logger.ts:82:7)

    console.log
      [INFO] Profile saved locally { email: 'john@example.com', timestamp: '2026-01-30T03:36:51.086Z' }

      at Logger.logMethod [as log] (utils/logger.ts:82:7)

    console.log
      [INFO] Profile added to local allProfiles { email: 'john@example.com', timestamp: '2026-01-30T03:36:51.087Z' }

      at Logger.logMethod [as log] (utils/logger.ts:82:7)

    console.log
      [INFO] Firebase not configured, profile saved locally only { email: 'john@example.com', timestamp: 
'2026-01-30T03:36:51.087Z' }

      at Logger.logMethod [as log] (utils/logger.ts:82:7)

    console.log
      [INFO] Profile saved locally { email: 'john@example.com', timestamp: '2026-01-30T03:36:51.087Z' }

      at Logger.logMethod [as log] (utils/logger.ts:82:7)

    console.log
      [INFO] Profile added to local allProfiles { email: 'john@example.com', timestamp: '2026-01-30T03:36:51.087Z' }

      at Logger.logMethod [as log] (utils/logger.ts:82:7)

    console.log
      [INFO] Firebase auth status {
        isAuthenticated: false,
        uid: undefined,
        email: undefined,
        profileEmail: 'john@example.com',
        timestamp: '2026-01-30T03:36:51.087Z'
      }

      at Logger.logMethod [as log] (utils/logger.ts:82:7)

    console.log
      [INFO] Profile saved locally { email: 'john@example.com', timestamp: '2026-01-30T03:36:51.088Z' }

      at Logger.logMethod [as log] (utils/logger.ts:82:7)

    console.log
      [INFO] Profile added to local allProfiles { email: 'john@example.com', timestamp: '2026-01-30T03:36:51.088Z' }

      at Logger.logMethod [as log] (utils/logger.ts:82:7)

    console.log
      [INFO] Firebase auth status {
        isAuthenticated: true,
        uid: 'test-uid',
        email: 'different@example.com',
        profileEmail: 'john@example.com',
        timestamp: '2026-01-30T03:36:51.088Z'
      }

      at Logger.logMethod [as log] (utils/logger.ts:82:7)

    console.log
      [INFO] Profile updated locally { email: 'john@example.com', timestamp: '2026-01-30T03:36:51.089Z' }

      at Logger.logMethod [as log] (utils/logger.ts:82:7)

    console.log
      [INFO] Profile updated in local allProfiles { email: 'john@example.com', timestamp: '2026-01-30T03:36:51.090Z' }

      at Logger.logMethod [as log] (utils/logger.ts:82:7)

    console.log
      [INFO] Firebase not configured, profile updated locally only { email: 'john@example.com', timestamp: 
'2026-01-30T03:36:51.090Z' }

      at Logger.logMethod [as log] (utils/logger.ts:82:7)

    console.log
      [INFO] Profile updated locally { email: 'john@example.com', timestamp: '2026-01-30T03:36:51.090Z' }

      at Logger.logMethod [as log] (utils/logger.ts:82:7)

    console.log
      [INFO] Profile updated in local allProfiles { email: 'john@example.com', timestamp: '2026-01-30T03:36:51.090Z' }

      at Logger.logMethod [as log] (utils/logger.ts:82:7)

    console.log
      [INFO] Firebase auth status for update {
        isAuthenticated: true,
        uid: 'test-uid',
        email: 'john@example.com',
        profileEmail: 'john@example.com',
        timestamp: '2026-01-30T03:36:51.090Z'
      }

      at Logger.logMethod [as log] (utils/logger.ts:82:7)

    console.log
      [INFO] Profile update synced to Firebase { email: 'john@example.com', timestamp: '2026-01-30T03:36:51.091Z' }

      at Logger.logMethod [as log] (utils/logger.ts:82:7)

    console.log
      [INFO] Profile updated locally { email: 'john@example.com', timestamp: '2026-01-30T03:36:51.091Z' }

      at Logger.logMethod [as log] (utils/logger.ts:82:7)

    console.log
      [INFO] Profile updated in local allProfiles { email: 'john@example.com', timestamp: '2026-01-30T03:36:51.092Z' }

      at Logger.logMethod [as log] (utils/logger.ts:82:7)

    console.log
      [INFO] Firebase auth status for update {
        isAuthenticated: true,
        uid: 'test-uid',
        email: 'john@example.com',
        profileEmail: 'john@example.com',
        timestamp: '2026-01-30T03:36:51.092Z'
      }

      at Logger.logMethod [as log] (utils/logger.ts:82:7)

    console.log
      [INFO] Profile updated locally { email: 'john@example.com', timestamp: '2026-01-30T03:36:51.092Z' }

      at Logger.logMethod [as log] (utils/logger.ts:82:7)

    console.log
      [INFO] Profile updated in local allProfiles { email: 'john@example.com', timestamp: '2026-01-30T03:36:51.092Z' }

      at Logger.logMethod [as log] (utils/logger.ts:82:7)

    console.log
      [INFO] Firebase auth status for update {
        isAuthenticated: true,
        uid: 'test-uid',
        email: 'john@example.com',
        profileEmail: 'john@example.com',
        timestamp: '2026-01-30T03:36:51.093Z'
      }

      at Logger.logMethod [as log] (utils/logger.ts:82:7)

    console.log
      [INFO] Profile updated locally { email: 'john@example.com', timestamp: '2026-01-30T03:36:51.094Z' }

      at Logger.logMethod [as log] (utils/logger.ts:82:7)

    console.log
      [INFO] Profile updated in local allProfiles { email: 'john@example.com', timestamp: '2026-01-30T03:36:51.094Z' }

      at Logger.logMethod [as log] (utils/logger.ts:82:7)

    console.log
      [INFO] Firebase auth status for update {
        isAuthenticated: false,
        uid: undefined,
        email: undefined,
        profileEmail: 'john@example.com',
        timestamp: '2026-01-30T03:36:51.094Z'
      }

      at Logger.logMethod [as log] (utils/logger.ts:82:7)

    console.log
      [INFO] Profile updated locally { email: 'john@example.com', timestamp: '2026-01-30T03:36:51.095Z' }

      at Logger.logMethod [as log] (utils/logger.ts:82:7)

    console.log
      [INFO] Profile updated in local allProfiles { email: 'john@example.com', timestamp: '2026-01-30T03:36:51.095Z' }

      at Logger.logMethod [as log] (utils/logger.ts:82:7)

    console.log
      [INFO] Firebase auth status for update {
        isAuthenticated: true,
        uid: 'test-uid',
        email: 'different@example.com',
        profileEmail: 'john@example.com',
        timestamp: '2026-01-30T03:36:51.095Z'
      }

      at Logger.logMethod [as log] (utils/logger.ts:82:7)

    console.log
      [INFO] Profile updated locally { email: 'john@example.com', timestamp: '2026-01-30T03:36:51.095Z' }

      at Logger.logMethod [as log] (utils/logger.ts:82:7)

    console.log
      [INFO] Firebase not configured, profile updated locally only { email: 'john@example.com', timestamp: 
'2026-01-30T03:36:51.095Z' }

      at Logger.logMethod [as log] (utils/logger.ts:82:7)

    console.log
      [INFO] Profile retrieved from Firebase { email: 'john@example.com', timestamp: '2026-01-30T03:36:51.096Z' }

      at Logger.logMethod [as log] (utils/logger.ts:82:7)

    console.log
      [INFO] Profile retrieved from local storage { email: 'john@example.com', timestamp: '2026-01-30T03:36:51.096Z' }

      at Logger.logMethod [as log] (utils/logger.ts:82:7)

    console.log
      [INFO] Profile retrieved from local storage { email: 'john@example.com', timestamp: '2026-01-30T03:36:51.097Z' }

      at Logger.logMethod [as log] (utils/logger.ts:82:7)

    console.log
      [INFO] Profile retrieved from local storage { email: 'john@example.com', timestamp: '2026-01-30T03:36:51.098Z' }

      at Logger.logMethod [as log] (utils/logger.ts:82:7)

    console.log
      [INFO] Profile found in local allProfiles { email: 'john@example.com', timestamp: '2026-01-30T03:36:51.098Z' }

      at Logger.logMethod [as log] (utils/logger.ts:82:7)

    console.log
      [INFO] Profile not found {
        email: 'notfound@example.com',
        timestamp: '2026-01-30T03:36:51.099Z'
      }

      at Logger.logMethod [as log] (utils/logger.ts:82:7)

    console.log
      [INFO] Profile not found { email: 'john@example.com', timestamp: '2026-01-30T03:36:51.099Z' }

      at Logger.logMethod [as log] (utils/logger.ts:82:7)

    console.log
      [INFO] Retrieved profiles from Firebase { count: 1, timestamp: '2026-01-30T03:36:51.100Z' }

      at Logger.logMethod [as log] (utils/logger.ts:82:7)

    console.log
      [INFO] Merged local profiles { totalCount: 2, timestamp: '2026-01-30T03:36:51.100Z' }

      at Logger.logMethod [as log] (utils/logger.ts:82:7)

    console.log
      [INFO] Retrieved profiles from Firebase { count: 1, timestamp: '2026-01-30T03:36:51.100Z' }

      at Logger.logMethod [as log] (utils/logger.ts:82:7)

    console.log
      [INFO] Merged local profiles { totalCount: 1, timestamp: '2026-01-30T03:36:51.100Z' }

      at Logger.logMethod [as log] (utils/logger.ts:82:7)

    console.log
      [INFO] Merged local profiles { totalCount: 2, timestamp: '2026-01-30T03:36:51.101Z' }

      at Logger.logMethod [as log] (utils/logger.ts:82:7)

    console.log
      [INFO] Merged local profiles { totalCount: 1, timestamp: '2026-01-30T03:36:51.101Z' }

      at Logger.logMethod [as log] (utils/logger.ts:82:7)

    console.log
      [INFO] Merged local profiles { totalCount: 1, timestamp: '2026-01-30T03:36:51.101Z' }

      at Logger.logMethod [as log] (utils/logger.ts:82:7)

PASS services/__tests__/firebaseMessageService.test.ts
PASS services/__tests__/firebaseRequestService.test.ts
PASS app/__tests__/index.test.tsx
PASS services/__tests__/firebaseMeetingService.test.ts
PASS app/__tests__/profile.create.test.tsx
PASS services/__tests__/requestService.test.ts
PASS services/__tests__/hybridMessageService.test.ts
PASS services/__tests__/profileService.test.ts
PASS services/__tests__/firebaseProfileService.test.ts
PASS app/__tests__/profile.edit.test.tsx
PASS services/__tests__/firebaseAuthService.test.ts
PASS app/__tests__/messages.test.tsx
  鈼?Console

    console.log
      [INFO] Conversations loaded { count: 0, timestamp: '2026-01-30T03:36:50.619Z' }

      at Logger.logMethod [as log] (utils/logger.ts:82:7)

    console.log
      [INFO] Conversations loaded { count: 0, timestamp: '2026-01-30T03:36:50.628Z' }

      at Logger.logMethod [as log] (utils/logger.ts:82:7)

    console.log
      [INFO] Conversations loaded { count: 1, timestamp: '2026-01-30T03:36:50.677Z' }

      at Logger.logMethod [as log] (utils/logger.ts:82:7)

    console.log
      [INFO] Conversations loaded { count: 1, timestamp: '2026-01-30T03:36:50.731Z' }

      at Logger.logMethod [as log] (utils/logger.ts:82:7)

    console.log
      [INFO] Conversations loaded { count: 1, timestamp: '2026-01-30T03:36:50.735Z' }

      at Logger.logMethod [as log] (utils/logger.ts:82:7)

    console.log
      [INFO] Conversations loaded { count: 1, timestamp: '2026-01-30T03:36:50.739Z' }

      at Logger.logMethod [as log] (utils/logger.ts:82:7)

    console.log
      [INFO] Conversations loaded { count: 0, timestamp: '2026-01-30T03:36:50.863Z' }

      at Logger.logMethod [as log] (utils/logger.ts:82:7)

    console.log
      [INFO] Conversations loaded { count: 0, timestamp: '2026-01-30T03:36:50.864Z' }

      at Logger.logMethod [as log] (utils/logger.ts:82:7)

    console.log
      [INFO] Conversations loaded { count: 1, timestamp: '2026-01-30T03:36:50.925Z' }

      at Logger.logMethod [as log] (utils/logger.ts:82:7)

    console.log
      [INFO] Conversations loaded { count: 1, timestamp: '2026-01-30T03:36:50.928Z' }

      at Logger.logMethod [as log] (utils/logger.ts:82:7)

    console.log
      [INFO] Conversations loaded { count: 1, timestamp: '2026-01-30T03:36:50.991Z' }

      at Logger.logMethod [as log] (utils/logger.ts:82:7)

    console.log
      [INFO] Conversations loaded { count: 1, timestamp: '2026-01-30T03:36:50.995Z' }

      at Logger.logMethod [as log] (utils/logger.ts:82:7)

    console.log
      [INFO] Conversations loaded { count: 1, timestamp: '2026-01-30T03:36:51.053Z' }

      at Logger.logMethod [as log] (utils/logger.ts:82:7)

    console.log
      [INFO] Conversations loaded { count: 1, timestamp: '2026-01-30T03:36:51.057Z' }

      at Logger.logMethod [as log] (utils/logger.ts:82:7)

    console.log
      [INFO] Conversations loaded { count: 1, timestamp: '2026-01-30T03:36:51.116Z' }

      at Logger.logMethod [as log] (utils/logger.ts:82:7)

    console.log
      [INFO] Conversations loaded { count: 1, timestamp: '2026-01-30T03:36:51.118Z' }

      at Logger.logMethod [as log] (utils/logger.ts:82:7)

    console.log
      [INFO] Conversations loaded { count: 1, timestamp: '2026-01-30T03:36:51.178Z' }

      at Logger.logMethod [as log] (utils/logger.ts:82:7)

    console.log
      [INFO] Conversations loaded { count: 1, timestamp: '2026-01-30T03:36:51.192Z' }

      at Logger.logMethod [as log] (utils/logger.ts:82:7)

    console.log
      [INFO] Conversations loaded { count: 1, timestamp: '2026-01-30T03:36:51.241Z' }

      at Logger.logMethod [as log] (utils/logger.ts:82:7)

    console.log
      [INFO] Conversations loaded { count: 1, timestamp: '2026-01-30T03:36:51.244Z' }

      at Logger.logMethod [as log] (utils/logger.ts:82:7)

    console.log
      [INFO] Conversations loaded { count: 0, timestamp: '2026-01-30T03:36:51.370Z' }

      at Logger.logMethod [as log] (utils/logger.ts:82:7)

    console.log
      [INFO] Conversations loaded { count: 0, timestamp: '2026-01-30T03:36:51.375Z' }

      at Logger.logMethod [as log] (utils/logger.ts:82:7)

PASS utils/__tests__/caspaProfiles.test.ts
PASS utils/__tests__/security.test.ts
PASS services/__tests__/inboxService.test.ts
PASS utils/__tests__/userManagement.test.ts
  鈼?Console

    console.log
      [INFO] User created {
        email: 'newuser@example.com',
        id: '1769744211465',
        timestamp: '2026-01-30T03:36:51.465Z'
      }

      at Logger.logMethod [as log] (utils/logger.ts:82:7)

    console.log
      [INFO] User created {
        email: 'user@example.com',
        id: '1769744211473',
        timestamp: '2026-01-30T03:36:51.473Z'
      }

      at Logger.logMethod [as log] (utils/logger.ts:82:7)

    console.log
      [INFO] User created {
        email: 'user@example.com',
        id: '1769744211473',
        timestamp: '2026-01-30T03:36:51.473Z'
      }

      at Logger.logMethod [as log] (utils/logger.ts:82:7)

    console.log
      [INFO] User created {
        email: 'user@example.com',
        id: '1769744211474',
        timestamp: '2026-01-30T03:36:51.474Z'
      }

      at Logger.logMethod [as log] (utils/logger.ts:82:7)

    console.log
      [INFO] User created {
        email: 'user@example.com',
        id: '1769744211475',
        timestamp: '2026-01-30T03:36:51.475Z'
      }

      at Logger.logMethod [as log] (utils/logger.ts:82:7)

    console.log
      [INFO] User password updated { email: 'user@example.com', timestamp: '2026-01-30T03:36:51.477Z' }

      at Logger.logMethod [as log] (utils/logger.ts:82:7)

    console.log
      [INFO] Upgraded legacy password hash { email: 'user@example.com', timestamp: '2026-01-30T03:36:51.477Z' }

      at Logger.logMethod [as log] (utils/logger.ts:82:7)

    console.log
      [INFO] User password updated { email: 'user@example.com', timestamp: '2026-01-30T03:36:51.483Z' }

      at Logger.logMethod [as log] (utils/logger.ts:82:7)

    console.log
      [INFO] User password updated { email: 'user@example.com', timestamp: '2026-01-30T03:36:51.483Z' }

      at Logger.logMethod [as log] (utils/logger.ts:82:7)

    console.log
      [INFO] User created {
        email: '',
        id: '1769744211484',
        timestamp: '2026-01-30T03:36:51.484Z'
      }

      at Logger.logMethod [as log] (utils/logger.ts:82:7)

    console.log
      [INFO] User created {
        email: 
'aaaaaaaaaaaaaaaaaaaaaaaaaaaaaaaaaaaaaaaaaaaaaaaaaaaaaaaaaaaaaaaaaaaaaaaaaaaaaaaaaaaaaaaaaaaaaaaaaaaa@example.com',
        id: '1769744211485',
        timestamp: '2026-01-30T03:36:51.485Z'
      }

      at Logger.logMethod [as log] (utils/logger.ts:82:7)

    console.log
      [INFO] User created {
        email: 'user+tag@example.com',
        id: '1769744211485',
        timestamp: '2026-01-30T03:36:51.485Z'
      }

      at Logger.logMethod [as log] (utils/logger.ts:82:7)

    console.log
      [INFO] User created {
        email: 'user1@example.com',
        id: '1769744211485',
        timestamp: '2026-01-30T03:36:51.485Z'
      }

      at Logger.logMethod [as log] (utils/logger.ts:82:7)

    console.log
      [INFO] User created {
        email: 'user2@example.com',
        id: '1769744211485',
        timestamp: '2026-01-30T03:36:51.486Z'
      }

      at Logger.logMethod [as log] (utils/logger.ts:82:7)

    console.log
      [INFO] User created {
        email: 'user3@example.com',
        id: '1769744211485',
        timestamp: '2026-01-30T03:36:51.486Z'
      }

      at Logger.logMethod [as log] (utils/logger.ts:82:7)

    console.log
      [INFO] User created {
        email: 'user@example.com',
        id: '1769744211486',
        timestamp: '2026-01-30T03:36:51.486Z'
      }

      at Logger.logMethod [as log] (utils/logger.ts:82:7)

PASS utils/__tests__/dataMigration.test.ts
PASS services/__tests__/invitationCodeService.test.ts
PASS utils/__tests__/schemaValidation.test.ts
PASS utils/__tests__/testAccounts.test.ts
PASS utils/__tests__/errorHandler.test.ts
PASS utils/__tests__/sessionManager.test.ts
PASS utils/__tests__/connectionUtils.test.ts
PASS utils/__tests__/profileOrdering.test.ts
PASS utils/__tests__/logger.test.ts
PASS utils/__tests__/config.test.ts
PASS app/__tests__/signup.test.tsx
  鈼?Console

    console.log
      [INFO] User created {
        email: 'user@example.com',
        id: '1769744210694',
        timestamp: '2026-01-30T03:36:50.695Z'
      }

      at Logger.logMethod [as log] (utils/logger.ts:82:7)

    console.log
      [INFO] Session started { timestamp: '2026-01-30T03:36:50.702Z' }

      at Logger.logMethod [as log] (utils/logger.ts:82:7)

    console.log
      [INFO] User created {
        email: 'user.name@example.com',
        id: '1769744210761',
        timestamp: '2026-01-30T03:36:50.761Z'
      }

      at Logger.logMethod [as log] (utils/logger.ts:82:7)

    console.log
      [INFO] Session started { timestamp: '2026-01-30T03:36:50.762Z' }

      at Logger.logMethod [as log] (utils/logger.ts:82:7)

    console.log
      [INFO] User created {
        email: 'user+tag@example.co.uk',
        id: '1769744210822',
        timestamp: '2026-01-30T03:36:50.822Z'
      }

      at Logger.logMethod [as log] (utils/logger.ts:82:7)

    console.log
      [INFO] Session started { timestamp: '2026-01-30T03:36:50.822Z' }

      at Logger.logMethod [as log] (utils/logger.ts:82:7)

    console.log
      [INFO] User created {
        email: 'user_name@example-domain.com',
        id: '1769744210885',
        timestamp: '2026-01-30T03:36:50.885Z'
      }

      at Logger.logMethod [as log] (utils/logger.ts:82:7)

    console.log
      [INFO] Session started { timestamp: '2026-01-30T03:36:50.885Z' }

      at Logger.logMethod [as log] (utils/logger.ts:82:7)

    console.log
      [INFO] User created {
        email: 'test@example.com',
        id: '1769744210955',
        timestamp: '2026-01-30T03:36:50.955Z'
      }

      at Logger.logMethod [as log] (utils/logger.ts:82:7)

    console.log
      [INFO] Session started { timestamp: '2026-01-30T03:36:50.955Z' }

      at Logger.logMethod [as log] (utils/logger.ts:82:7)

PASS utils/__tests__/rateLimiter.test.ts
PASS utils/__tests__/validation.test.ts
PASS app/__tests__/meeting.respond.test.tsx
  鈼?Console

    console.log
      [INFO] Meeting response submitted {
        meetingId: 'meeting123',
        accepted: true,
        timestamp: '2026-01-30T03:36:51.166Z'
      }

      at Logger.logMethod [as log] (utils/logger.ts:82:7)

    console.log
      [INFO] Meeting response submitted {
        meetingId: 'meeting123',
        accepted: false,
        timestamp: '2026-01-30T03:36:51.293Z'
      }

      at Logger.logMethod [as log] (utils/logger.ts:82:7)

    console.log
      [INFO] Meeting response submitted {
        meetingId: 'meeting123',
        accepted: true,
        timestamp: '2026-01-30T03:36:51.419Z'
      }

      at Logger.logMethod [as log] (utils/logger.ts:82:7)

    console.log
      [INFO] Meeting response submitted {
        meetingId: 'meeting123',
        accepted: false,
        timestamp: '2026-01-30T03:36:51.484Z'
      }

      at Logger.logMethod [as log] (utils/logger.ts:82:7)

    console.log
      [INFO] Meeting response submitted {
        meetingId: 'meeting123',
        accepted: true,
        timestamp: '2026-01-30T03:36:51.874Z'
      }

      at Logger.logMethod [as log] (utils/logger.ts:82:7)

PASS app/__tests__/home.test.tsx
  鈼?Console

    console.log
      [INFO] Profiles synced from Firebase and local storage { count: 2, timestamp: '2026-01-30T03:36:50.584Z' }

      at Logger.logMethod [as log] (utils/logger.ts:82:7)

    console.log
      [INFO] Profiles synced from Firebase and local storage { count: 2, timestamp: '2026-01-30T03:36:50.615Z' }

      at Logger.logMethod [as log] (utils/logger.ts:82:7)

    console.log
      [INFO] Filtered out current user profile {
        currentUserEmail: 'test@example.com',
        profilesBeforeFilter: 3,
        profilesAfterFilter: 2,
        timestamp: '2026-01-30T03:36:50.616Z'
      }

      at Logger.logMethod [as log] (utils/logger.ts:82:7)

    console.log
      [INFO] Current user profile loaded { email: 'current@example.com', timestamp: '2026-01-30T03:36:50.697Z' }

      at Logger.logMethod [as log] (utils/logger.ts:82:7)

    console.log
      [INFO] Profiles synced from Firebase and local storage { count: 2, timestamp: '2026-01-30T03:36:50.697Z' }

      at Logger.logMethod [as log] (utils/logger.ts:82:7)

    console.log
      [INFO] Filtered out current user profile {
        currentUserEmail: 'current@example.com',
        profilesBeforeFilter: 3,
        profilesAfterFilter: 2,
        timestamp: '2026-01-30T03:36:50.698Z'
      }

      at Logger.logMethod [as log] (utils/logger.ts:82:7)

    console.log
      [INFO] Current user profile loaded { email: 'current@example.com', timestamp: '2026-01-30T03:36:50.737Z' }

      at Logger.logMethod [as log] (utils/logger.ts:82:7)

    console.log
      [INFO] Profiles synced from Firebase and local storage { count: 2, timestamp: '2026-01-30T03:36:50.737Z' }

      at Logger.logMethod [as log] (utils/logger.ts:82:7)

    console.log
      [INFO] Filtered out current user profile {
        currentUserEmail: 'current@example.com',
        profilesBeforeFilter: 3,
        profilesAfterFilter: 2,
        timestamp: '2026-01-30T03:36:50.738Z'
      }

      at Logger.logMethod [as log] (utils/logger.ts:82:7)

    console.log
      [INFO] Current user profile loaded { email: 'current@example.com', timestamp: '2026-01-30T03:36:50.798Z' }

      at Logger.logMethod [as log] (utils/logger.ts:82:7)

    console.log
      [INFO] Profiles synced from Firebase and local storage { count: 4, timestamp: '2026-01-30T03:36:50.799Z' }

      at Logger.logMethod [as log] (utils/logger.ts:82:7)

    console.log
      [INFO] Filtered out current user profile {
        currentUserEmail: 'current@example.com',
        profilesBeforeFilter: 5,
        profilesAfterFilter: 4,
        timestamp: '2026-01-30T03:36:50.799Z'
      }

      at Logger.logMethod [as log] (utils/logger.ts:82:7)

    console.log
      [INFO] Current user profile loaded { email: 'current@example.com', timestamp: '2026-01-30T03:36:50.867Z' }

      at Logger.logMethod [as log] (utils/logger.ts:82:7)

    console.log
      [INFO] Profiles synced from Firebase and local storage { count: 4, timestamp: '2026-01-30T03:36:50.867Z' }

      at Logger.logMethod [as log] (utils/logger.ts:82:7)

    console.log
      [INFO] Filtered out current user profile {
        currentUserEmail: 'current@example.com',
        profilesBeforeFilter: 5,
        profilesAfterFilter: 4,
        timestamp: '2026-01-30T03:36:50.867Z'
      }

      at Logger.logMethod [as log] (utils/logger.ts:82:7)

    console.log
      [INFO] Current user profile loaded { email: 'current@example.com', timestamp: '2026-01-30T03:36:50.933Z' }

      at Logger.logMethod [as log] (utils/logger.ts:82:7)

    console.log
      [INFO] Profiles synced from Firebase and local storage { count: 3, timestamp: '2026-01-30T03:36:50.933Z' }

      at Logger.logMethod [as log] (utils/logger.ts:82:7)

    console.log
      [INFO] Filtered out current user profile {
        currentUserEmail: 'current@example.com',
        profilesBeforeFilter: 4,
        profilesAfterFilter: 3,
        timestamp: '2026-01-30T03:36:50.933Z'
      }

      at Logger.logMethod [as log] (utils/logger.ts:82:7)

    console.log
      [INFO] Current user profile loaded { email: 'current@example.com', timestamp: '2026-01-30T03:36:50.997Z' }

      at Logger.logMethod [as log] (utils/logger.ts:82:7)

    console.log
      [INFO] Profiles synced from Firebase and local storage { count: 2, timestamp: '2026-01-30T03:36:50.998Z' }

      at Logger.logMethod [as log] (utils/logger.ts:82:7)

    console.log
      [INFO] Filtered out current user profile {
        currentUserEmail: 'current@example.com',
        profilesBeforeFilter: 3,
        profilesAfterFilter: 2,
        timestamp: '2026-01-30T03:36:50.998Z'
      }

      at Logger.logMethod [as log] (utils/logger.ts:82:7)

    console.log
      [INFO] Current user profile loaded { email: 'current@example.com', timestamp: '2026-01-30T03:36:51.059Z' }

      at Logger.logMethod [as log] (utils/logger.ts:82:7)

    console.log
      [INFO] Profiles synced from Firebase and local storage { count: 2, timestamp: '2026-01-30T03:36:51.060Z' }

      at Logger.logMethod [as log] (utils/logger.ts:82:7)

    console.log
      [INFO] Filtered out current user profile {
        currentUserEmail: 'current@example.com',
        profilesBeforeFilter: 3,
        profilesAfterFilter: 2,
        timestamp: '2026-01-30T03:36:51.060Z'
      }

      at Logger.logMethod [as log] (utils/logger.ts:82:7)

    console.log
      [INFO] Current user profile loaded { email: 'current@example.com', timestamp: '2026-01-30T03:36:51.140Z' }

      at Logger.logMethod [as log] (utils/logger.ts:82:7)

    console.log
      [INFO] Profiles synced from Firebase and local storage { count: 2, timestamp: '2026-01-30T03:36:51.141Z' }

      at Logger.logMethod [as log] (utils/logger.ts:82:7)

    console.log
      [INFO] Filtered out current user profile {
        currentUserEmail: 'current@example.com',
        profilesBeforeFilter: 2,
        profilesAfterFilter: 1,
        timestamp: '2026-01-30T03:36:51.141Z'
      }

      at Logger.logMethod [as log] (utils/logger.ts:82:7)

    console.log
      [INFO] Current user profile loaded { email: 'shaouxyz@gmail.com', timestamp: '2026-01-30T03:36:51.190Z' }

      at Logger.logMethod [as log] (utils/logger.ts:82:7)

    console.log
      [INFO] Profiles synced from Firebase and local storage { count: 3, timestamp: '2026-01-30T03:36:51.190Z' }

      at Logger.logMethod [as log] (utils/logger.ts:82:7)

    console.log
      [INFO] Filtered out current user profile {
        currentUserEmail: 'shaouxyz@gmail.com',
        profilesBeforeFilter: 2,
        profilesAfterFilter: 1,
        timestamp: '2026-01-30T03:36:51.190Z'
      }

      at Logger.logMethod [as log] (utils/logger.ts:82:7)

    console.log
      [INFO] Current user profile loaded { email: 'current@example.com', timestamp: '2026-01-30T03:36:51.252Z' }

      at Logger.logMethod [as log] (utils/logger.ts:82:7)

    console.log
      [INFO] Profiles synced from Firebase and local storage { count: 2, timestamp: '2026-01-30T03:36:51.252Z' }

      at Logger.logMethod [as log] (utils/logger.ts:82:7)

    console.log
      [INFO] Filtered out current user profile {
        currentUserEmail: 'current@example.com',
        profilesBeforeFilter: 2,
        profilesAfterFilter: 1,
        timestamp: '2026-01-30T03:36:51.252Z'
      }

      at Logger.logMethod [as log] (utils/logger.ts:82:7)

    console.log
      [INFO] Current user profile loaded { email: 'current@example.com', timestamp: '2026-01-30T03:36:51.306Z' }

      at Logger.logMethod [as log] (utils/logger.ts:82:7)

    console.log
      [INFO] Profiles synced from Firebase and local storage { count: 3, timestamp: '2026-01-30T03:36:51.306Z' }

      at Logger.logMethod [as log] (utils/logger.ts:82:7)

    console.log
      [INFO] Filtered out current user profile {
        currentUserEmail: 'current@example.com',
        profilesBeforeFilter: 3,
        profilesAfterFilter: 2,
        timestamp: '2026-01-30T03:36:51.306Z'
      }

      at Logger.logMethod [as log] (utils/logger.ts:82:7)

    console.log
      [INFO] Current user profile loaded { email: 'current@example.com', timestamp: '2026-01-30T03:36:51.328Z' }

      at Logger.logMethod [as log] (utils/logger.ts:82:7)

    console.log
      [INFO] Profiles synced from Firebase and local storage { count: 2, timestamp: '2026-01-30T03:36:51.328Z' }

      at Logger.logMethod [as log] (utils/logger.ts:82:7)

    console.log
      [INFO] Filtered out current user profile {
        currentUserEmail: 'current@example.com',
        profilesBeforeFilter: 2,
        profilesAfterFilter: 1,
        timestamp: '2026-01-30T03:36:51.328Z'
      }

      at Logger.logMethod [as log] (utils/logger.ts:82:7)

    console.log
      [INFO] Current user profile loaded { email: 'current@example.com', timestamp: '2026-01-30T03:36:51.385Z' }

      at Logger.logMethod [as log] (utils/logger.ts:82:7)

    console.log
      [INFO] Profiles synced from Firebase and local storage { count: 1, timestamp: '2026-01-30T03:36:51.385Z' }

      at Logger.logMethod [as log] (utils/logger.ts:82:7)

    console.log
      [INFO] Filtered out current user profile {
        currentUserEmail: 'current@example.com',
        profilesBeforeFilter: 2,
        profilesAfterFilter: 1,
        timestamp: '2026-01-30T03:36:51.385Z'
      }

      at Logger.logMethod [as log] (utils/logger.ts:82:7)

    console.log
      [INFO] Current user profile loaded { email: 'current@example.com', timestamp: '2026-01-30T03:36:51.433Z' }

      at Logger.logMethod [as log] (utils/logger.ts:82:7)

    console.log
      [INFO] Profiles synced from Firebase and local storage { count: 1, timestamp: '2026-01-30T03:36:51.433Z' }

      at Logger.logMethod [as log] (utils/logger.ts:82:7)

    console.log
      [INFO] Filtered out current user profile {
        currentUserEmail: 'current@example.com',
        profilesBeforeFilter: 2,
        profilesAfterFilter: 1,
        timestamp: '2026-01-30T03:36:51.433Z'
      }

      at Logger.logMethod [as log] (utils/logger.ts:82:7)

    console.log
      [INFO] Current user profile loaded { email: 'current@example.com', timestamp: '2026-01-30T03:36:51.499Z' }

      at Logger.logMethod [as log] (utils/logger.ts:82:7)

    console.log
      [INFO] Profiles synced from Firebase and local storage { count: 1, timestamp: '2026-01-30T03:36:51.499Z' }

      at Logger.logMethod [as log] (utils/logger.ts:82:7)

    console.log
      [INFO] Filtered out current user profile {
        currentUserEmail: 'current@example.com',
        profilesBeforeFilter: 2,
        profilesAfterFilter: 1,
        timestamp: '2026-01-30T03:36:51.499Z'
      }

      at Logger.logMethod [as log] (utils/logger.ts:82:7)

    console.log
      [INFO] Current user profile loaded { email: 'current@example.com', timestamp: '2026-01-30T03:36:51.559Z' }

      at Logger.logMethod [as log] (utils/logger.ts:82:7)

    console.log
      [INFO] Profiles synced from Firebase and local storage { count: 1, timestamp: '2026-01-30T03:36:51.559Z' }

      at Logger.logMethod [as log] (utils/logger.ts:82:7)

    console.log
      [INFO] Filtered out current user profile {
        currentUserEmail: 'current@example.com',
        profilesBeforeFilter: 2,
        profilesAfterFilter: 1,
        timestamp: '2026-01-30T03:36:51.560Z'
      }

      at Logger.logMethod [as log] (utils/logger.ts:82:7)

    console.log
      [INFO] Current user profile loaded { email: 'current@example.com', timestamp: '2026-01-30T03:36:51.622Z' }

      at Logger.logMethod [as log] (utils/logger.ts:82:7)

    console.log
      [INFO] Profiles synced from Firebase and local storage { count: 1, timestamp: '2026-01-30T03:36:51.622Z' }

      at Logger.logMethod [as log] (utils/logger.ts:82:7)

    console.log
      [INFO] Filtered out current user profile {
        currentUserEmail: 'current@example.com',
        profilesBeforeFilter: 2,
        profilesAfterFilter: 1,
        timestamp: '2026-01-30T03:36:51.622Z'
      }

      at Logger.logMethod [as log] (utils/logger.ts:82:7)

    console.log
      [INFO] Current user profile loaded { email: 'current@example.com', timestamp: '2026-01-30T03:36:51.694Z' }

      at Logger.logMethod [as log] (utils/logger.ts:82:7)

    console.log
      [INFO] Profiles synced from Firebase and local storage { count: 1, timestamp: '2026-01-30T03:36:51.695Z' }

      at Logger.logMethod [as log] (utils/logger.ts:82:7)

    console.log
      [INFO] Filtered out current user profile {
        currentUserEmail: 'current@example.com',
        profilesBeforeFilter: 2,
        profilesAfterFilter: 1,
        timestamp: '2026-01-30T03:36:51.695Z'
      }

      at Logger.logMethod [as log] (utils/logger.ts:82:7)

    console.log
      [INFO] Current user profile loaded { email: 'current@example.com', timestamp: '2026-01-30T03:36:51.745Z' }

      at Logger.logMethod [as log] (utils/logger.ts:82:7)

    console.log
      [INFO] Profiles synced from Firebase and local storage { count: 1, timestamp: '2026-01-30T03:36:51.746Z' }

      at Logger.logMethod [as log] (utils/logger.ts:82:7)

    console.log
      [INFO] Filtered out current user profile {
        currentUserEmail: 'current@example.com',
        profilesBeforeFilter: 2,
        profilesAfterFilter: 1,
        timestamp: '2026-01-30T03:36:51.746Z'
      }

      at Logger.logMethod [as log] (utils/logger.ts:82:7)

    console.log
      [INFO] Current user profile loaded { email: 'current@example.com', timestamp: '2026-01-30T03:36:51.751Z' }

      at Logger.logMethod [as log] (utils/logger.ts:82:7)

    console.log
      [INFO] Profiles synced from Firebase and local storage { count: 1, timestamp: '2026-01-30T03:36:51.751Z' }

      at Logger.logMethod [as log] (utils/logger.ts:82:7)

    console.log
      [INFO] Filtered out current user profile {
        currentUserEmail: 'current@example.com',
        profilesBeforeFilter: 2,
        profilesAfterFilter: 1,
        timestamp: '2026-01-30T03:36:51.752Z'
      }

      at Logger.logMethod [as log] (utils/logger.ts:82:7)

    console.log
      [INFO] Profiles synced from Firebase and local storage { count: 1, timestamp: '2026-01-30T03:36:51.807Z' }

      at Logger.logMethod [as log] (utils/logger.ts:82:7)

    console.log
      [INFO] Filtered out current user profile {
        currentUserEmail: 'current@example.com',
        profilesBeforeFilter: 2,
        profilesAfterFilter: 1,
        timestamp: '2026-01-30T03:36:51.807Z'
      }

      at Logger.logMethod [as log] (utils/logger.ts:82:7)

    console.log
      [INFO] Profiles synced from Firebase and local storage { count: 2, timestamp: '2026-01-30T03:36:51.869Z' }

      at Logger.logMethod [as log] (utils/logger.ts:82:7)

    console.log
      [INFO] Filtered out current user profile {
        currentUserEmail: 'current@example.com',
        profilesBeforeFilter: 3,
        profilesAfterFilter: 2,
        timestamp: '2026-01-30T03:36:51.869Z'
      }

      at Logger.logMethod [as log] (utils/logger.ts:82:7)

    console.log
      [INFO] Filtered out current user profile {
        currentUserEmail: 'current@example.com',
        profilesBeforeFilter: 4,
        profilesAfterFilter: 3,
        timestamp: '2026-01-30T03:36:51.933Z'
      }

      at Logger.logMethod [as log] (utils/logger.ts:82:7)

    console.log
      [INFO] Profiles synced from Firebase and local storage { count: 2, timestamp: '2026-01-30T03:36:51.995Z' }

      at Logger.logMethod [as log] (utils/logger.ts:82:7)

    console.log
      [INFO] Filtered out current user profile {
        currentUserEmail: 'current@example.com',
        profilesBeforeFilter: 3,
        profilesAfterFilter: 2,
        timestamp: '2026-01-30T03:36:51.995Z'
      }

      at Logger.logMethod [as log] (utils/logger.ts:82:7)

PASS app/__tests__/login.test.tsx
PASS app/__tests__/meeting.schedule.test.tsx
  鈼?Console

    console.log
      [INFO] Creating meeting request {
        organizerEmail: 'test@example.com',
        participantEmail: 'mentor@example.com',
        title: 'Test Meeting',
        locationType: 'virtual',
        timestamp: '2026-01-30T03:36:50.840Z'
      }

      at Logger.logMethod [as log] (utils/logger.ts:82:7)

    console.log
      [INFO] Meeting request created successfully {
        meetingId: 'meeting123',
        organizerEmail: 'test@example.com',
        participantEmail: 'mentor@example.com',
        timestamp: '2026-01-30T03:36:50.846Z'
      }

      at Logger.logMethod [as log] (utils/logger.ts:82:7)

    console.log
      [INFO] Meeting scheduled successfully {
        participantEmail: 'mentor@example.com',
        timestamp: '2026-01-30T03:36:50.846Z'
      }

      at Logger.logMethod [as log] (utils/logger.ts:82:7)

    console.log
      [INFO] Creating meeting request {
        organizerEmail: 'test@example.com',
        participantEmail: 'mentor@example.com',
        title: 'Coffee Chat',
        locationType: 'in-person',
        timestamp: '2026-01-30T03:36:50.922Z'
      }

      at Logger.logMethod [as log] (utils/logger.ts:82:7)

    console.log
      [INFO] Meeting request created successfully {
        meetingId: 'meeting123',
        organizerEmail: 'test@example.com',
        participantEmail: 'mentor@example.com',
        timestamp: '2026-01-30T03:36:50.923Z'
      }

      at Logger.logMethod [as log] (utils/logger.ts:82:7)

    console.log
      [INFO] Meeting scheduled successfully {
        participantEmail: 'mentor@example.com',
        timestamp: '2026-01-30T03:36:50.923Z'
      }

      at Logger.logMethod [as log] (utils/logger.ts:82:7)

    console.log
      [INFO] Creating meeting request {
        organizerEmail: 'test@example.com',
        participantEmail: 'mentor@example.com',
        title: 'Phone Call',
        locationType: 'phone',
        timestamp: '2026-01-30T03:36:51.024Z'
      }

      at Logger.logMethod [as log] (utils/logger.ts:82:7)

    console.log
      [INFO] Meeting request created successfully {
        meetingId: 'meeting123',
        organizerEmail: 'test@example.com',
        participantEmail: 'mentor@example.com',
        timestamp: '2026-01-30T03:36:51.025Z'
      }

      at Logger.logMethod [as log] (utils/logger.ts:82:7)

    console.log
      [INFO] Meeting scheduled successfully {
        participantEmail: 'mentor@example.com',
        timestamp: '2026-01-30T03:36:51.025Z'
      }

      at Logger.logMethod [as log] (utils/logger.ts:82:7)

    console.log
      [INFO] Creating meeting request {
        organizerEmail: 'test@example.com',
        participantEmail: 'mentor@example.com',
        title: 'Test Meeting',
        locationType: 'virtual',
        timestamp: '2026-01-30T03:36:51.124Z'
      }

      at Logger.logMethod [as log] (utils/logger.ts:82:7)

    console.log
      [INFO] Meeting request created successfully {
        meetingId: 'meeting123',
        organizerEmail: 'test@example.com',
        participantEmail: 'mentor@example.com',
        timestamp: '2026-01-30T03:36:51.125Z'
      }

      at Logger.logMethod [as log] (utils/logger.ts:82:7)

    console.log
      [INFO] Meeting scheduled successfully {
        participantEmail: 'mentor@example.com',
        timestamp: '2026-01-30T03:36:51.125Z'
      }

      at Logger.logMethod [as log] (utils/logger.ts:82:7)

    console.log
      [INFO] Creating meeting request {
        organizerEmail: 'test@example.com',
        participantEmail: 'mentor@example.com',
        title: 'Test Meeting',
        locationType: 'virtual',
        timestamp: '2026-01-30T03:36:51.204Z'
      }

      at Logger.logMethod [as log] (utils/logger.ts:82:7)

    console.log
      [INFO] Meeting request created successfully {
        meetingId: 'meeting123',
        organizerEmail: 'test@example.com',
        participantEmail: 'mentor@example.com',
        timestamp: '2026-01-30T03:36:51.204Z'
      }

      at Logger.logMethod [as log] (utils/logger.ts:82:7)

    console.log
      [INFO] Meeting scheduled successfully {
        participantEmail: 'mentor@example.com',
        timestamp: '2026-01-30T03:36:51.204Z'
      }

      at Logger.logMethod [as log] (utils/logger.ts:82:7)

    console.log
      [INFO] Creating meeting request {
        organizerEmail: 'test@example.com',
        participantEmail: 'mentor@example.com',
        title: 'Test Meeting',
        locationType: 'virtual',
        timestamp: '2026-01-30T03:36:51.287Z'
      }

      at Logger.logMethod [as log] (utils/logger.ts:82:7)

    console.log
      [INFO] Creating meeting request {
        organizerEmail: 'test@example.com',
        participantEmail: 'mentor@example.com',
        title: 'Meeting',
        locationType: 'virtual',
        timestamp: '2026-01-30T03:36:51.466Z'
      }

      at Logger.logMethod [as log] (utils/logger.ts:82:7)

    console.log
      [INFO] Meeting request created successfully {
        meetingId: 'meeting123',
        organizerEmail: 'test@example.com',
        participantEmail: 'mentor@example.com',
        timestamp: '2026-01-30T03:36:51.466Z'
      }

      at Logger.logMethod [as log] (utils/logger.ts:82:7)

    console.log
      [INFO] Meeting scheduled successfully {
        participantEmail: 'mentor@example.com',
        timestamp: '2026-01-30T03:36:51.467Z'
      }

      at Logger.logMethod [as log] (utils/logger.ts:82:7)

    console.log
      [INFO] Creating meeting request {
        organizerEmail: 'test@example.com',
        participantEmail: 'mentor@example.com',
        title: 'Virtual Meeting',
        locationType: 'virtual',
        timestamp: '2026-01-30T03:36:51.554Z'
      }

      at Logger.logMethod [as log] (utils/logger.ts:82:7)

    console.log
      [INFO] Meeting request created successfully {
        meetingId: 'meeting123',
        organizerEmail: 'test@example.com',
        participantEmail: 'mentor@example.com',
        timestamp: '2026-01-30T03:36:51.554Z'
      }

      at Logger.logMethod [as log] (utils/logger.ts:82:7)

    console.log
      [INFO] Meeting scheduled successfully {
        participantEmail: 'mentor@example.com',
        timestamp: '2026-01-30T03:36:51.554Z'
      }

      at Logger.logMethod [as log] (utils/logger.ts:82:7)

    console.log
      [INFO] Creating meeting request {
        organizerEmail: 'test@example.com',
        participantEmail: 'mentor@example.com',
        title: 'Coffee Meeting',
        locationType: 'in-person',
        timestamp: '2026-01-30T03:36:51.645Z'
      }

      at Logger.logMethod [as log] (utils/logger.ts:82:7)

    console.log
      [INFO] Meeting request created successfully {
        meetingId: 'meeting123',
        organizerEmail: 'test@example.com',
        participantEmail: 'mentor@example.com',
        timestamp: '2026-01-30T03:36:51.646Z'
      }

      at Logger.logMethod [as log] (utils/logger.ts:82:7)

    console.log
      [INFO] Meeting scheduled successfully {
        participantEmail: 'mentor@example.com',
        timestamp: '2026-01-30T03:36:51.646Z'
      }

      at Logger.logMethod [as log] (utils/logger.ts:82:7)

    console.log
      [INFO] Creating meeting request {
        organizerEmail: 'test@example.com',
        participantEmail: 'mentor@example.com',
        title: 'Phone Call',
        locationType: 'phone',
        timestamp: '2026-01-30T03:36:51.721Z'
      }

      at Logger.logMethod [as log] (utils/logger.ts:82:7)

    console.log
      [INFO] Meeting request created successfully {
        meetingId: 'meeting123',
        organizerEmail: 'test@example.com',
        participantEmail: 'mentor@example.com',
        timestamp: '2026-01-30T03:36:51.722Z'
      }

      at Logger.logMethod [as log] (utils/logger.ts:82:7)

    console.log
      [INFO] Meeting scheduled successfully {
        participantEmail: 'mentor@example.com',
        timestamp: '2026-01-30T03:36:51.722Z'
      }

      at Logger.logMethod [as log] (utils/logger.ts:82:7)

    console.log
      [INFO] Creating meeting request {
        organizerEmail: 'test@example.com',
        participantEmail: 'mentor@example.com',
        title: 'Test Meeting',
        locationType: 'virtual',
        timestamp: '2026-01-30T03:36:51.797Z'
      }

      at Logger.logMethod [as log] (utils/logger.ts:82:7)

    console.log
      [INFO] Meeting request created successfully {
        meetingId: 'meeting123',
        organizerEmail: 'test@example.com',
        participantEmail: 'mentor@example.com',
        timestamp: '2026-01-30T03:36:51.797Z'
      }

      at Logger.logMethod [as log] (utils/logger.ts:82:7)

    console.log
      [INFO] Meeting scheduled successfully {
        participantEmail: 'mentor@example.com',
        timestamp: '2026-01-30T03:36:51.797Z'
      }

      at Logger.logMethod [as log] (utils/logger.ts:82:7)

    console.log
      [INFO] Creating meeting request {
        organizerEmail: 'test@example.com',
        participantEmail: 'mentor@example.com',
        title: 'Test Meeting',
        locationType: 'virtual',
        timestamp: '2026-01-30T03:36:51.920Z'
      }

      at Logger.logMethod [as log] (utils/logger.ts:82:7)

    console.log
      [INFO] Meeting request created successfully {
        meetingId: 'meeting123',
        organizerEmail: 'test@example.com',
        participantEmail: 'mentor@example.com',
        timestamp: '2026-01-30T03:36:51.920Z'
      }

      at Logger.logMethod [as log] (utils/logger.ts:82:7)

    console.log
      [INFO] Meeting scheduled successfully {
        participantEmail: 'mentor@example.com',
        timestamp: '2026-01-30T03:36:51.920Z'
      }

      at Logger.logMethod [as log] (utils/logger.ts:82:7)

    console.log
      [INFO] Creating meeting request {
        organizerEmail: 'test@example.com',
        participantEmail: 'mentor@example.com',
        title: 'Test Meeting',
        locationType: 'virtual',
        timestamp: '2026-01-30T03:36:52.000Z'
      }

      at Logger.logMethod [as log] (utils/logger.ts:82:7)

    console.log
      [INFO] Meeting request created successfully {
        meetingId: 'meeting123',
        organizerEmail: 'test@example.com',
        participantEmail: 'mentor@example.com',
        timestamp: '2026-01-30T03:36:52.000Z'
      }

      at Logger.logMethod [as log] (utils/logger.ts:82:7)

    console.log
      [INFO] Meeting scheduled successfully {
        participantEmail: 'mentor@example.com',
        timestamp: '2026-01-30T03:36:52.000Z'
      }

      at Logger.logMethod [as log] (utils/logger.ts:82:7)

    console.log
      [INFO] Creating meeting request {
        organizerEmail: 'test@example.com',
        participantEmail: 'mentor@example.com',
        title: 'Test Meeting',
        locationType: 'virtual',
        timestamp: '2026-01-30T03:36:52.078Z'
      }

      at Logger.logMethod [as log] (utils/logger.ts:82:7)

    console.log
      [INFO] Meeting request created successfully {
        meetingId: 'meeting123',
        organizerEmail: 'test@example.com',
        participantEmail: 'mentor@example.com',
        timestamp: '2026-01-30T03:36:52.078Z'
      }

      at Logger.logMethod [as log] (utils/logger.ts:82:7)

    console.log
      [INFO] Meeting scheduled successfully {
        participantEmail: 'mentor@example.com',
        timestamp: '2026-01-30T03:36:52.078Z'
      }

      at Logger.logMethod [as log] (utils/logger.ts:82:7)

    console.log
      [INFO] Creating meeting request {
        organizerEmail: 'test@example.com',
        participantEmail: 'mentor@example.com',
        title: 'Test Meeting',
        locationType: 'virtual',
        timestamp: '2026-01-30T03:36:52.102Z'
      }

      at Logger.logMethod [as log] (utils/logger.ts:82:7)

    console.log
      [INFO] Meeting request created successfully {
        meetingId: 'meeting123',
        organizerEmail: 'test@example.com',
        participantEmail: 'mentor@example.com',
        timestamp: '2026-01-30T03:36:52.103Z'
      }

      at Logger.logMethod [as log] (utils/logger.ts:82:7)

    console.log
      [INFO] Meeting scheduled successfully {
        participantEmail: 'mentor@example.com',
        timestamp: '2026-01-30T03:36:52.103Z'
      }

      at Logger.logMethod [as log] (utils/logger.ts:82:7)
          at Generator.throw (<anonymous>)

PASS app/__tests__/mentorship.test.tsx
PASS app/__tests__/request.respond.test.tsx
PASS app/__tests__/profile.view.test.tsx
PASS app/__tests__/meeting.upcoming.test.tsx
  鈼?Console

    console.log
      [INFO] Upcoming meetings loaded { count: 2, timestamp: '2026-01-30T03:36:50.633Z' }

      at Logger.logMethod [as log] (utils/logger.ts:82:7)

    console.log
      [INFO] Upcoming meetings loaded { count: 2, timestamp: '2026-01-30T03:36:50.662Z' }

      at Logger.logMethod [as log] (utils/logger.ts:82:7)

    console.log
      [INFO] Upcoming meetings loaded { count: 2, timestamp: '2026-01-30T03:36:50.664Z' }

      at Logger.logMethod [as log] (utils/logger.ts:82:7)

    console.log
      [INFO] Upcoming meetings loaded { count: 2, timestamp: '2026-01-30T03:36:50.669Z' }

      at Logger.logMethod [as log] (utils/logger.ts:82:7)

    console.log
      [INFO] Upcoming meetings loaded { count: 2, timestamp: '2026-01-30T03:36:50.679Z' }

      at Logger.logMethod [as log] (utils/logger.ts:82:7)

    console.log
      [INFO] Upcoming meetings loaded { count: 2, timestamp: '2026-01-30T03:36:50.680Z' }

      at Logger.logMethod [as log] (utils/logger.ts:82:7)

    console.log
      [INFO] Upcoming meetings loaded { count: 2, timestamp: '2026-01-30T03:36:50.681Z' }

      at Logger.logMethod [as log] (utils/logger.ts:82:7)

    console.log
      [INFO] Upcoming meetings loaded { count: 2, timestamp: '2026-01-30T03:36:50.681Z' }

      at Logger.logMethod [as log] (utils/logger.ts:82:7)

    console.log
      [INFO] Upcoming meetings loaded { count: 2, timestamp: '2026-01-30T03:36:50.682Z' }

      at Logger.logMethod [as log] (utils/logger.ts:82:7)

    console.log
      [INFO] Upcoming meetings loaded { count: 2, timestamp: '2026-01-30T03:36:50.683Z' }

      at Logger.logMethod [as log] (utils/logger.ts:82:7)

    console.log
      [INFO] Upcoming meetings loaded { count: 2, timestamp: '2026-01-30T03:36:50.683Z' }

      at Logger.logMethod [as log] (utils/logger.ts:82:7)

    console.log
      [INFO] Upcoming meetings loaded { count: 2, timestamp: '2026-01-30T03:36:50.683Z' }

      at Logger.logMethod [as log] (utils/logger.ts:82:7)

    console.log
      [INFO] Upcoming meetings loaded { count: 2, timestamp: '2026-01-30T03:36:50.684Z' }

      at Logger.logMethod [as log] (utils/logger.ts:82:7)

    console.log
      [INFO] Upcoming meetings loaded { count: 2, timestamp: '2026-01-30T03:36:50.684Z' }

      at Logger.logMethod [as log] (utils/logger.ts:82:7)

    console.log
      [INFO] Upcoming meetings loaded { count: 2, timestamp: '2026-01-30T03:36:50.684Z' }

      at Logger.logMethod [as log] (utils/logger.ts:82:7)

    console.log
      [INFO] Upcoming meetings loaded { count: 2, timestamp: '2026-01-30T03:36:50.685Z' }

      at Logger.logMethod [as log] (utils/logger.ts:82:7)

    console.log
      [INFO] Upcoming meetings loaded { count: 2, timestamp: '2026-01-30T03:36:50.685Z' }

      at Logger.logMethod [as log] (utils/logger.ts:82:7)

    console.log
      [INFO] Upcoming meetings loaded { count: 2, timestamp: '2026-01-30T03:36:50.686Z' }

      at Logger.logMethod [as log] (utils/logger.ts:82:7)

    console.log
      [INFO] Upcoming meetings loaded { count: 2, timestamp: '2026-01-30T03:36:50.686Z' }

      at Logger.logMethod [as log] (utils/logger.ts:82:7)

    console.log
      [INFO] Upcoming meetings loaded { count: 2, timestamp: '2026-01-30T03:36:50.687Z' }

      at Logger.logMethod [as log] (utils/logger.ts:82:7)

    console.log
      [INFO] Upcoming meetings loaded { count: 2, timestamp: '2026-01-30T03:36:50.687Z' }

      at Logger.logMethod [as log] (utils/logger.ts:82:7)

    console.log
      [INFO] Upcoming meetings loaded { count: 2, timestamp: '2026-01-30T03:36:50.688Z' }

      at Logger.logMethod [as log] (utils/logger.ts:82:7)

    console.log
      [INFO] Upcoming meetings loaded { count: 2, timestamp: '2026-01-30T03:36:50.688Z' }

      at Logger.logMethod [as log] (utils/logger.ts:82:7)

    console.log
      [INFO] Upcoming meetings loaded { count: 2, timestamp: '2026-01-30T03:36:50.688Z' }

      at Logger.logMethod [as log] (utils/logger.ts:82:7)

    console.log
      [INFO] Upcoming meetings loaded { count: 2, timestamp: '2026-01-30T03:36:50.689Z' }

      at Logger.logMethod [as log] (utils/logger.ts:82:7)

    console.log
      [INFO] Upcoming meetings loaded { count: 2, timestamp: '2026-01-30T03:36:50.689Z' }

      at Logger.logMethod [as log] (utils/logger.ts:82:7)

    console.log
      [INFO] Upcoming meetings loaded { count: 2, timestamp: '2026-01-30T03:36:50.690Z' }

      at Logger.logMethod [as log] (utils/logger.ts:82:7)

    console.log
      [INFO] Upcoming meetings loaded { count: 2, timestamp: '2026-01-30T03:36:50.690Z' }

      at Logger.logMethod [as log] (utils/logger.ts:82:7)

    console.log
      [INFO] Upcoming meetings loaded { count: 2, timestamp: '2026-01-30T03:36:50.691Z' }

      at Logger.logMethod [as log] (utils/logger.ts:82:7)

    console.log
      [INFO] Upcoming meetings loaded { count: 2, timestamp: '2026-01-30T03:36:50.692Z' }

      at Logger.logMethod [as log] (utils/logger.ts:82:7)

    console.log
      [INFO] Upcoming meetings loaded { count: 2, timestamp: '2026-01-30T03:36:50.693Z' }

      at Logger.logMethod [as log] (utils/logger.ts:82:7)

    console.log
      [INFO] Upcoming meetings loaded { count: 2, timestamp: '2026-01-30T03:36:50.693Z' }

      at Logger.logMethod [as log] (utils/logger.ts:82:7)

    console.log
      [INFO] Upcoming meetings loaded { count: 2, timestamp: '2026-01-30T03:36:50.694Z' }

      at Logger.logMethod [as log] (utils/logger.ts:82:7)

    console.log
      [INFO] Upcoming meetings loaded { count: 2, timestamp: '2026-01-30T03:36:50.694Z' }

      at Logger.logMethod [as log] (utils/logger.ts:82:7)

    console.log
      [INFO] Upcoming meetings loaded { count: 2, timestamp: '2026-01-30T03:36:50.695Z' }

      at Logger.logMethod [as log] (utils/logger.ts:82:7)

    console.log
      [INFO] Upcoming meetings loaded { count: 2, timestamp: '2026-01-30T03:36:50.695Z' }

      at Logger.logMethod [as log] (utils/logger.ts:82:7)

    console.log
      [INFO] Upcoming meetings loaded { count: 2, timestamp: '2026-01-30T03:36:50.696Z' }

      at Logger.logMethod [as log] (utils/logger.ts:82:7)

    console.log
      [INFO] Upcoming meetings loaded { count: 2, timestamp: '2026-01-30T03:36:50.696Z' }

      at Logger.logMethod [as log] (utils/logger.ts:82:7)

    console.log
      [INFO] Upcoming meetings loaded { count: 2, timestamp: '2026-01-30T03:36:50.697Z' }

      at Logger.logMethod [as log] (utils/logger.ts:82:7)

    console.log
      [INFO] Upcoming meetings loaded { count: 2, timestamp: '2026-01-30T03:36:50.697Z' }

      at Logger.logMethod [as log] (utils/logger.ts:82:7)

    console.log
      [INFO] Upcoming meetings loaded { count: 2, timestamp: '2026-01-30T03:36:50.698Z' }

      at Logger.logMethod [as log] (utils/logger.ts:82:7)

    console.log
      [INFO] Upcoming meetings loaded { count: 2, timestamp: '2026-01-30T03:36:50.698Z' }

      at Logger.logMethod [as log] (utils/logger.ts:82:7)

    console.log
      [INFO] Upcoming meetings loaded { count: 2, timestamp: '2026-01-30T03:36:50.699Z' }

      at Logger.logMethod [as log] (utils/logger.ts:82:7)

    console.log
      [INFO] Upcoming meetings loaded { count: 2, timestamp: '2026-01-30T03:36:50.699Z' }

      at Logger.logMethod [as log] (utils/logger.ts:82:7)

    console.log
      [INFO] Upcoming meetings loaded { count: 2, timestamp: '2026-01-30T03:36:50.700Z' }

      at Logger.logMethod [as log] (utils/logger.ts:82:7)

    console.log
      [INFO] Upcoming meetings loaded { count: 2, timestamp: '2026-01-30T03:36:50.700Z' }

      at Logger.logMethod [as log] (utils/logger.ts:82:7)

    console.log
      [INFO] Upcoming meetings loaded { count: 2, timestamp: '2026-01-30T03:36:50.701Z' }

      at Logger.logMethod [as log] (utils/logger.ts:82:7)

    console.log
      [INFO] Upcoming meetings loaded { count: 2, timestamp: '2026-01-30T03:36:50.701Z' }

      at Logger.logMethod [as log] (utils/logger.ts:82:7)

    console.log
      [INFO] Upcoming meetings loaded { count: 2, timestamp: '2026-01-30T03:36:50.701Z' }

      at Logger.logMethod [as log] (utils/logger.ts:82:7)

    console.log
      [INFO] Upcoming meetings loaded { count: 2, timestamp: '2026-01-30T03:36:50.702Z' }

      at Logger.logMethod [as log] (utils/logger.ts:82:7)

    console.log
      [INFO] Upcoming meetings loaded { count: 2, timestamp: '2026-01-30T03:36:50.702Z' }

      at Logger.logMethod [as log] (utils/logger.ts:82:7)

    console.log
      [INFO] Upcoming meetings loaded { count: 2, timestamp: '2026-01-30T03:36:50.703Z' }

      at Logger.logMethod [as log] (utils/logger.ts:82:7)

    console.log
      [INFO] Upcoming meetings loaded { count: 2, timestamp: '2026-01-30T03:36:50.703Z' }

      at Logger.logMethod [as log] (utils/logger.ts:82:7)

    console.log
      [INFO] Upcoming meetings loaded { count: 2, timestamp: '2026-01-30T03:36:50.704Z' }

      at Logger.logMethod [as log] (utils/logger.ts:82:7)

    console.log
      [INFO] Upcoming meetings loaded { count: 2, timestamp: '2026-01-30T03:36:50.704Z' }

      at Logger.logMethod [as log] (utils/logger.ts:82:7)

    console.log
      [INFO] Upcoming meetings loaded { count: 2, timestamp: '2026-01-30T03:36:50.705Z' }

      at Logger.logMethod [as log] (utils/logger.ts:82:7)

    console.log
      [INFO] Upcoming meetings loaded { count: 2, timestamp: '2026-01-30T03:36:50.705Z' }

      at Logger.logMethod [as log] (utils/logger.ts:82:7)

    console.log
      [INFO] Upcoming meetings loaded { count: 2, timestamp: '2026-01-30T03:36:50.706Z' }

      at Logger.logMethod [as log] (utils/logger.ts:82:7)

    console.log
      [INFO] Upcoming meetings loaded { count: 2, timestamp: '2026-01-30T03:36:50.706Z' }

      at Logger.logMethod [as log] (utils/logger.ts:82:7)

    console.log
      [INFO] Upcoming meetings loaded { count: 2, timestamp: '2026-01-30T03:36:50.706Z' }

      at Logger.logMethod [as log] (utils/logger.ts:82:7)

    console.log
      [INFO] Upcoming meetings loaded { count: 2, timestamp: '2026-01-30T03:36:50.707Z' }

      at Logger.logMethod [as log] (utils/logger.ts:82:7)

    console.log
      [INFO] Upcoming meetings loaded { count: 2, timestamp: '2026-01-30T03:36:50.707Z' }

      at Logger.logMethod [as log] (utils/logger.ts:82:7)

    console.log
      [INFO] Upcoming meetings loaded { count: 2, timestamp: '2026-01-30T03:36:50.708Z' }

      at Logger.logMethod [as log] (utils/logger.ts:82:7)

    console.log
      [INFO] Upcoming meetings loaded { count: 2, timestamp: '2026-01-30T03:36:50.708Z' }

      at Logger.logMethod [as log] (utils/logger.ts:82:7)

    console.log
      [INFO] Upcoming meetings loaded { count: 2, timestamp: '2026-01-30T03:36:50.708Z' }

      at Logger.logMethod [as log] (utils/logger.ts:82:7)

    console.log
      [INFO] Upcoming meetings loaded { count: 2, timestamp: '2026-01-30T03:36:50.709Z' }

      at Logger.logMethod [as log] (utils/logger.ts:82:7)

    console.log
      [INFO] Upcoming meetings loaded { count: 2, timestamp: '2026-01-30T03:36:50.709Z' }

      at Logger.logMethod [as log] (utils/logger.ts:82:7)

    console.log
      [INFO] Upcoming meetings loaded { count: 2, timestamp: '2026-01-30T03:36:50.710Z' }

      at Logger.logMethod [as log] (utils/logger.ts:82:7)

    console.log
      [INFO] Upcoming meetings loaded { count: 2, timestamp: '2026-01-30T03:36:50.710Z' }

      at Logger.logMethod [as log] (utils/logger.ts:82:7)

    console.log
      [INFO] Upcoming meetings loaded { count: 2, timestamp: '2026-01-30T03:36:50.711Z' }

      at Logger.logMethod [as log] (utils/logger.ts:82:7)

    console.log
      [INFO] Upcoming meetings loaded { count: 2, timestamp: '2026-01-30T03:36:50.711Z' }

      at Logger.logMethod [as log] (utils/logger.ts:82:7)

    console.log
      [INFO] Upcoming meetings loaded { count: 2, timestamp: '2026-01-30T03:36:50.712Z' }

      at Logger.logMethod [as log] (utils/logger.ts:82:7)

    console.log
      [INFO] Upcoming meetings loaded { count: 2, timestamp: '2026-01-30T03:36:50.712Z' }

      at Logger.logMethod [as log] (utils/logger.ts:82:7)

    console.log
      [INFO] Upcoming meetings loaded { count: 2, timestamp: '2026-01-30T03:36:50.713Z' }

      at Logger.logMethod [as log] (utils/logger.ts:82:7)

    console.log
      [INFO] Upcoming meetings loaded { count: 2, timestamp: '2026-01-30T03:36:50.713Z' }

      at Logger.logMethod [as log] (utils/logger.ts:82:7)

    console.log
      [INFO] Upcoming meetings loaded { count: 2, timestamp: '2026-01-30T03:36:50.714Z' }

      at Logger.logMethod [as log] (utils/logger.ts:82:7)

    console.log
      [INFO] Upcoming meetings loaded { count: 2, timestamp: '2026-01-30T03:36:50.714Z' }

      at Logger.logMethod [as log] (utils/logger.ts:82:7)

    console.log
      [INFO] Upcoming meetings loaded { count: 2, timestamp: '2026-01-30T03:36:50.715Z' }

      at Logger.logMethod [as log] (utils/logger.ts:82:7)

    console.log
      [INFO] Upcoming meetings loaded { count: 2, timestamp: '2026-01-30T03:36:50.715Z' }

      at Logger.logMethod [as log] (utils/logger.ts:82:7)

    console.log
      [INFO] Upcoming meetings loaded { count: 2, timestamp: '2026-01-30T03:36:50.716Z' }

      at Logger.logMethod [as log] (utils/logger.ts:82:7)

    console.log
      [INFO] Upcoming meetings loaded { count: 2, timestamp: '2026-01-30T03:36:50.716Z' }

      at Logger.logMethod [as log] (utils/logger.ts:82:7)

    console.log
      [INFO] Upcoming meetings loaded { count: 2, timestamp: '2026-01-30T03:36:50.717Z' }

      at Logger.logMethod [as log] (utils/logger.ts:82:7)

    console.log
      [INFO] Upcoming meetings loaded { count: 2, timestamp: '2026-01-30T03:36:50.717Z' }

      at Logger.logMethod [as log] (utils/logger.ts:82:7)

    console.log
      [INFO] Upcoming meetings loaded { count: 2, timestamp: '2026-01-30T03:36:50.718Z' }

      at Logger.logMethod [as log] (utils/logger.ts:82:7)

    console.log
      [INFO] Upcoming meetings loaded { count: 2, timestamp: '2026-01-30T03:36:50.718Z' }

      at Logger.logMethod [as log] (utils/logger.ts:82:7)

    console.log
      [INFO] Upcoming meetings loaded { count: 2, timestamp: '2026-01-30T03:36:50.718Z' }

      at Logger.logMethod [as log] (utils/logger.ts:82:7)

    console.log
      [INFO] Upcoming meetings loaded { count: 2, timestamp: '2026-01-30T03:36:50.720Z' }

      at Logger.logMethod [as log] (utils/logger.ts:82:7)

    console.log
      [INFO] Upcoming meetings loaded { count: 2, timestamp: '2026-01-30T03:36:50.724Z' }

      at Logger.logMethod [as log] (utils/logger.ts:82:7)

    console.log
      [INFO] Upcoming meetings loaded { count: 2, timestamp: '2026-01-30T03:36:50.725Z' }

      at Logger.logMethod [as log] (utils/logger.ts:82:7)

    console.log
      [INFO] Upcoming meetings loaded { count: 2, timestamp: '2026-01-30T03:36:50.726Z' }

      at Logger.logMethod [as log] (utils/logger.ts:82:7)

    console.log
      [INFO] Upcoming meetings loaded { count: 2, timestamp: '2026-01-30T03:36:50.726Z' }

      at Logger.logMethod [as log] (utils/logger.ts:82:7)

    console.log
      [INFO] Upcoming meetings loaded { count: 2, timestamp: '2026-01-30T03:36:50.732Z' }

      at Logger.logMethod [as log] (utils/logger.ts:82:7)

    console.log
      [INFO] Upcoming meetings loaded { count: 2, timestamp: '2026-01-30T03:36:50.737Z' }

      at Logger.logMethod [as log] (utils/logger.ts:82:7)

    console.log
      [INFO] Upcoming meetings loaded { count: 2, timestamp: '2026-01-30T03:36:50.737Z' }

      at Logger.logMethod [as log] (utils/logger.ts:82:7)

    console.log
      [INFO] Upcoming meetings loaded { count: 2, timestamp: '2026-01-30T03:36:50.738Z' }

      at Logger.logMethod [as log] (utils/logger.ts:82:7)

    console.log
      [INFO] Upcoming meetings loaded { count: 2, timestamp: '2026-01-30T03:36:50.738Z' }

      at Logger.logMethod [as log] (utils/logger.ts:82:7)

    console.log
      [INFO] Upcoming meetings loaded { count: 2, timestamp: '2026-01-30T03:36:50.738Z' }

      at Logger.logMethod [as log] (utils/logger.ts:82:7)

    console.log
      [INFO] Upcoming meetings loaded { count: 2, timestamp: '2026-01-30T03:36:50.738Z' }

      at Logger.logMethod [as log] (utils/logger.ts:82:7)

    console.log
      [INFO] Upcoming meetings loaded { count: 2, timestamp: '2026-01-30T03:36:50.739Z' }

      at Logger.logMethod [as log] (utils/logger.ts:82:7)

    console.log
      [INFO] Upcoming meetings loaded { count: 2, timestamp: '2026-01-30T03:36:50.739Z' }

      at Logger.logMethod [as log] (utils/logger.ts:82:7)

    console.log
      [INFO] Upcoming meetings loaded { count: 2, timestamp: '2026-01-30T03:36:50.739Z' }

      at Logger.logMethod [as log] (utils/logger.ts:82:7)

    console.log
      [INFO] Upcoming meetings loaded { count: 2, timestamp: '2026-01-30T03:36:50.740Z' }

      at Logger.logMethod [as log] (utils/logger.ts:82:7)

    console.log
      [INFO] Upcoming meetings loaded { count: 2, timestamp: '2026-01-30T03:36:50.740Z' }

      at Logger.logMethod [as log] (utils/logger.ts:82:7)

    console.log
      [INFO] Upcoming meetings loaded { count: 2, timestamp: '2026-01-30T03:36:50.740Z' }

      at Logger.logMethod [as log] (utils/logger.ts:82:7)

    console.log
      [INFO] Upcoming meetings loaded { count: 2, timestamp: '2026-01-30T03:36:50.740Z' }

      at Logger.logMethod [as log] (utils/logger.ts:82:7)

    console.log
      [INFO] Upcoming meetings loaded { count: 2, timestamp: '2026-01-30T03:36:50.741Z' }

      at Logger.logMethod [as log] (utils/logger.ts:82:7)

    console.log
      [INFO] Upcoming meetings loaded { count: 2, timestamp: '2026-01-30T03:36:50.741Z' }

      at Logger.logMethod [as log] (utils/logger.ts:82:7)

    console.log
      [INFO] Upcoming meetings loaded { count: 2, timestamp: '2026-01-30T03:36:50.741Z' }

      at Logger.logMethod [as log] (utils/logger.ts:82:7)

    console.log
      [INFO] Upcoming meetings loaded { count: 2, timestamp: '2026-01-30T03:36:50.741Z' }

      at Logger.logMethod [as log] (utils/logger.ts:82:7)

    console.log
      [INFO] Upcoming meetings loaded { count: 2, timestamp: '2026-01-30T03:36:50.742Z' }

      at Logger.logMethod [as log] (utils/logger.ts:82:7)

    console.log
      [INFO] Upcoming meetings loaded { count: 2, timestamp: '2026-01-30T03:36:50.742Z' }

      at Logger.logMethod [as log] (utils/logger.ts:82:7)

    console.log
      [INFO] Upcoming meetings loaded { count: 2, timestamp: '2026-01-30T03:36:50.742Z' }

      at Logger.logMethod [as log] (utils/logger.ts:82:7)

    console.log
      [INFO] Upcoming meetings loaded { count: 2, timestamp: '2026-01-30T03:36:50.742Z' }

      at Logger.logMethod [as log] (utils/logger.ts:82:7)

    console.log
      [INFO] Upcoming meetings loaded { count: 2, timestamp: '2026-01-30T03:36:50.743Z' }

      at Logger.logMethod [as log] (utils/logger.ts:82:7)

    console.log
      [INFO] Upcoming meetings loaded { count: 2, timestamp: '2026-01-30T03:36:50.743Z' }

      at Logger.logMethod [as log] (utils/logger.ts:82:7)

    console.log
      [INFO] Upcoming meetings loaded { count: 2, timestamp: '2026-01-30T03:36:50.743Z' }

      at Logger.logMethod [as log] (utils/logger.ts:82:7)

    console.log
      [INFO] Upcoming meetings loaded { count: 2, timestamp: '2026-01-30T03:36:50.743Z' }

      at Logger.logMethod [as log] (utils/logger.ts:82:7)

    console.log
      [INFO] Upcoming meetings loaded { count: 2, timestamp: '2026-01-30T03:36:50.744Z' }

      at Logger.logMethod [as log] (utils/logger.ts:82:7)

    console.log
      [INFO] Upcoming meetings loaded { count: 2, timestamp: '2026-01-30T03:36:50.744Z' }

      at Logger.logMethod [as log] (utils/logger.ts:82:7)

    console.log
      [INFO] Upcoming meetings loaded { count: 2, timestamp: '2026-01-30T03:36:50.744Z' }

      at Logger.logMethod [as log] (utils/logger.ts:82:7)

    console.log
      [INFO] Upcoming meetings loaded { count: 2, timestamp: '2026-01-30T03:36:50.744Z' }

      at Logger.logMethod [as log] (utils/logger.ts:82:7)

    console.log
      [INFO] Upcoming meetings loaded { count: 2, timestamp: '2026-01-30T03:36:50.745Z' }

      at Logger.logMethod [as log] (utils/logger.ts:82:7)

    console.log
      [INFO] Upcoming meetings loaded { count: 2, timestamp: '2026-01-30T03:36:50.745Z' }

      at Logger.logMethod [as log] (utils/logger.ts:82:7)

    console.log
      [INFO] Upcoming meetings loaded { count: 2, timestamp: '2026-01-30T03:36:50.745Z' }

      at Logger.logMethod [as log] (utils/logger.ts:82:7)

    console.log
      [INFO] Upcoming meetings loaded { count: 2, timestamp: '2026-01-30T03:36:50.745Z' }

      at Logger.logMethod [as log] (utils/logger.ts:82:7)

    console.log
      [INFO] Upcoming meetings loaded { count: 2, timestamp: '2026-01-30T03:36:50.746Z' }

      at Logger.logMethod [as log] (utils/logger.ts:82:7)

    console.log
      [INFO] Upcoming meetings loaded { count: 2, timestamp: '2026-01-30T03:36:50.746Z' }

      at Logger.logMethod [as log] (utils/logger.ts:82:7)

    console.log
      [INFO] Upcoming meetings loaded { count: 2, timestamp: '2026-01-30T03:36:50.746Z' }

      at Logger.logMethod [as log] (utils/logger.ts:82:7)

    console.log
      [INFO] Upcoming meetings loaded { count: 2, timestamp: '2026-01-30T03:36:50.746Z' }

      at Logger.logMethod [as log] (utils/logger.ts:82:7)

    console.log
      [INFO] Upcoming meetings loaded { count: 2, timestamp: '2026-01-30T03:36:50.746Z' }

      at Logger.logMethod [as log] (utils/logger.ts:82:7)

    console.log
      [INFO] Upcoming meetings loaded { count: 2, timestamp: '2026-01-30T03:36:50.747Z' }

      at Logger.logMethod [as log] (utils/logger.ts:82:7)

    console.log
      [INFO] Upcoming meetings loaded { count: 2, timestamp: '2026-01-30T03:36:50.747Z' }

      at Logger.logMethod [as log] (utils/logger.ts:82:7)

    console.log
      [INFO] Upcoming meetings loaded { count: 2, timestamp: '2026-01-30T03:36:50.747Z' }

      at Logger.logMethod [as log] (utils/logger.ts:82:7)

    console.log
      [INFO] Upcoming meetings loaded { count: 2, timestamp: '2026-01-30T03:36:50.747Z' }

      at Logger.logMethod [as log] (utils/logger.ts:82:7)

    console.log
      [INFO] Upcoming meetings loaded { count: 2, timestamp: '2026-01-30T03:36:50.748Z' }

      at Logger.logMethod [as log] (utils/logger.ts:82:7)

    console.log
      [INFO] Upcoming meetings loaded { count: 2, timestamp: '2026-01-30T03:36:50.748Z' }

      at Logger.logMethod [as log] (utils/logger.ts:82:7)

    console.log
      [INFO] Upcoming meetings loaded { count: 2, timestamp: '2026-01-30T03:36:50.748Z' }

      at Logger.logMethod [as log] (utils/logger.ts:82:7)

    console.log
      [INFO] Upcoming meetings loaded { count: 2, timestamp: '2026-01-30T03:36:50.748Z' }

      at Logger.logMethod [as log] (utils/logger.ts:82:7)

    console.log
      [INFO] Upcoming meetings loaded { count: 2, timestamp: '2026-01-30T03:36:50.749Z' }

      at Logger.logMethod [as log] (utils/logger.ts:82:7)

    console.log
      [INFO] Upcoming meetings loaded { count: 2, timestamp: '2026-01-30T03:36:50.749Z' }

      at Logger.logMethod [as log] (utils/logger.ts:82:7)

    console.log
      [INFO] Upcoming meetings loaded { count: 2, timestamp: '2026-01-30T03:36:50.749Z' }

      at Logger.logMethod [as log] (utils/logger.ts:82:7)

    console.log
      [INFO] Upcoming meetings loaded { count: 2, timestamp: '2026-01-30T03:36:50.750Z' }

      at Logger.logMethod [as log] (utils/logger.ts:82:7)

    console.log
      [INFO] Upcoming meetings loaded { count: 2, timestamp: '2026-01-30T03:36:50.750Z' }

      at Logger.logMethod [as log] (utils/logger.ts:82:7)

    console.log
      [INFO] Upcoming meetings loaded { count: 2, timestamp: '2026-01-30T03:36:50.751Z' }

      at Logger.logMethod [as log] (utils/logger.ts:82:7)

    console.log
      [INFO] Upcoming meetings loaded { count: 2, timestamp: '2026-01-30T03:36:50.751Z' }

      at Logger.logMethod [as log] (utils/logger.ts:82:7)

    console.log
      [INFO] Upcoming meetings loaded { count: 2, timestamp: '2026-01-30T03:36:50.752Z' }

      at Logger.logMethod [as log] (utils/logger.ts:82:7)

    console.log
      [INFO] Upcoming meetings loaded { count: 2, timestamp: '2026-01-30T03:36:50.752Z' }

      at Logger.logMethod [as log] (utils/logger.ts:82:7)

    console.log
      [INFO] Upcoming meetings loaded { count: 2, timestamp: '2026-01-30T03:36:50.753Z' }

      at Logger.logMethod [as log] (utils/logger.ts:82:7)

    console.log
      [INFO] Upcoming meetings loaded { count: 2, timestamp: '2026-01-30T03:36:50.753Z' }

      at Logger.logMethod [as log] (utils/logger.ts:82:7)

    console.log
      [INFO] Upcoming meetings loaded { count: 2, timestamp: '2026-01-30T03:36:50.753Z' }

      at Logger.logMethod [as log] (utils/logger.ts:82:7)

    console.log
      [INFO] Upcoming meetings loaded { count: 2, timestamp: '2026-01-30T03:36:50.754Z' }

      at Logger.logMethod [as log] (utils/logger.ts:82:7)

    console.log
      [INFO] Upcoming meetings loaded { count: 2, timestamp: '2026-01-30T03:36:50.754Z' }

      at Logger.logMethod [as log] (utils/logger.ts:82:7)

    console.log
      [INFO] Upcoming meetings loaded { count: 2, timestamp: '2026-01-30T03:36:50.755Z' }

      at Logger.logMethod [as log] (utils/logger.ts:82:7)

    console.log
      [INFO] Upcoming meetings loaded { count: 2, timestamp: '2026-01-30T03:36:50.755Z' }

      at Logger.logMethod [as log] (utils/logger.ts:82:7)

    console.log
      [INFO] Upcoming meetings loaded { count: 2, timestamp: '2026-01-30T03:36:50.756Z' }

      at Logger.logMethod [as log] (utils/logger.ts:82:7)

    console.log
      [INFO] Upcoming meetings loaded { count: 2, timestamp: '2026-01-30T03:36:50.757Z' }

      at Logger.logMethod [as log] (utils/logger.ts:82:7)

    console.log
      [INFO] Upcoming meetings loaded { count: 2, timestamp: '2026-01-30T03:36:50.758Z' }

      at Logger.logMethod [as log] (utils/logger.ts:82:7)

    console.log
      [INFO] Upcoming meetings loaded { count: 2, timestamp: '2026-01-30T03:36:50.758Z' }

      at Logger.logMethod [as log] (utils/logger.ts:82:7)

    console.log
      [INFO] Upcoming meetings loaded { count: 2, timestamp: '2026-01-30T03:36:50.758Z' }

      at Logger.logMethod [as log] (utils/logger.ts:82:7)

    console.log
      [INFO] Upcoming meetings loaded { count: 2, timestamp: '2026-01-30T03:36:50.759Z' }

      at Logger.logMethod [as log] (utils/logger.ts:82:7)

    console.log
      [INFO] Upcoming meetings loaded { count: 2, timestamp: '2026-01-30T03:36:50.759Z' }

      at Logger.logMethod [as log] (utils/logger.ts:82:7)

    console.log
      [INFO] Upcoming meetings loaded { count: 2, timestamp: '2026-01-30T03:36:50.760Z' }

      at Logger.logMethod [as log] (utils/logger.ts:82:7)

    console.log
      [INFO] Upcoming meetings loaded { count: 2, timestamp: '2026-01-30T03:36:50.760Z' }

      at Logger.logMethod [as log] (utils/logger.ts:82:7)

    console.log
      [INFO] Upcoming meetings loaded { count: 2, timestamp: '2026-01-30T03:36:50.761Z' }

      at Logger.logMethod [as log] (utils/logger.ts:82:7)

    console.log
      [INFO] Upcoming meetings loaded { count: 2, timestamp: '2026-01-30T03:36:50.761Z' }

      at Logger.logMethod [as log] (utils/logger.ts:82:7)

    console.log
      [INFO] Upcoming meetings loaded { count: 2, timestamp: '2026-01-30T03:36:50.762Z' }

      at Logger.logMethod [as log] (utils/logger.ts:82:7)

    console.log
      [INFO] Upcoming meetings loaded { count: 2, timestamp: '2026-01-30T03:36:50.762Z' }

      at Logger.logMethod [as log] (utils/logger.ts:82:7)

    console.log
      [INFO] Upcoming meetings loaded { count: 2, timestamp: '2026-01-30T03:36:50.762Z' }

      at Logger.logMethod [as log] (utils/logger.ts:82:7)

    console.log
      [INFO] Upcoming meetings loaded { count: 2, timestamp: '2026-01-30T03:36:50.763Z' }

      at Logger.logMethod [as log] (utils/logger.ts:82:7)

    console.log
      [INFO] Upcoming meetings loaded { count: 2, timestamp: '2026-01-30T03:36:50.763Z' }

      at Logger.logMethod [as log] (utils/logger.ts:82:7)

    console.log
      [INFO] Upcoming meetings loaded { count: 2, timestamp: '2026-01-30T03:36:50.764Z' }

      at Logger.logMethod [as log] (utils/logger.ts:82:7)

    console.log
      [INFO] Upcoming meetings loaded { count: 2, timestamp: '2026-01-30T03:36:50.764Z' }

      at Logger.logMethod [as log] (utils/logger.ts:82:7)

    console.log
      [INFO] Upcoming meetings loaded { count: 2, timestamp: '2026-01-30T03:36:50.764Z' }

      at Logger.logMethod [as log] (utils/logger.ts:82:7)

    console.log
      [INFO] Upcoming meetings loaded { count: 2, timestamp: '2026-01-30T03:36:50.765Z' }

      at Logger.logMethod [as log] (utils/logger.ts:82:7)

    console.log
      [INFO] Upcoming meetings loaded { count: 2, timestamp: '2026-01-30T03:36:50.765Z' }

      at Logger.logMethod [as log] (utils/logger.ts:82:7)

    console.log
      [INFO] Upcoming meetings loaded { count: 2, timestamp: '2026-01-30T03:36:50.766Z' }

      at Logger.logMethod [as log] (utils/logger.ts:82:7)

    console.log
      [INFO] Upcoming meetings loaded { count: 2, timestamp: '2026-01-30T03:36:50.766Z' }

      at Logger.logMethod [as log] (utils/logger.ts:82:7)

    console.log
      [INFO] Upcoming meetings loaded { count: 2, timestamp: '2026-01-30T03:36:50.766Z' }

      at Logger.logMethod [as log] (utils/logger.ts:82:7)

    console.log
      [INFO] Upcoming meetings loaded { count: 2, timestamp: '2026-01-30T03:36:50.767Z' }

      at Logger.logMethod [as log] (utils/logger.ts:82:7)

    console.log
      [INFO] Upcoming meetings loaded { count: 2, timestamp: '2026-01-30T03:36:50.767Z' }

      at Logger.logMethod [as log] (utils/logger.ts:82:7)

    console.log
      [INFO] Upcoming meetings loaded { count: 2, timestamp: '2026-01-30T03:36:50.767Z' }

      at Logger.logMethod [as log] (utils/logger.ts:82:7)

    console.log
      [INFO] Upcoming meetings loaded { count: 2, timestamp: '2026-01-30T03:36:50.768Z' }

      at Logger.logMethod [as log] (utils/logger.ts:82:7)

    console.log
      [INFO] Upcoming meetings loaded { count: 2, timestamp: '2026-01-30T03:36:50.768Z' }

      at Logger.logMethod [as log] (utils/logger.ts:82:7)

    console.log
      [INFO] Upcoming meetings loaded { count: 2, timestamp: '2026-01-30T03:36:50.769Z' }

      at Logger.logMethod [as log] (utils/logger.ts:82:7)

    console.log
      [INFO] Upcoming meetings loaded { count: 2, timestamp: '2026-01-30T03:36:50.769Z' }

      at Logger.logMethod [as log] (utils/logger.ts:82:7)

    console.log
      [INFO] Upcoming meetings loaded { count: 2, timestamp: '2026-01-30T03:36:50.769Z' }

      at Logger.logMethod [as log] (utils/logger.ts:82:7)

    console.log
      [INFO] Upcoming meetings loaded { count: 2, timestamp: '2026-01-30T03:36:50.770Z' }

      at Logger.logMethod [as log] (utils/logger.ts:82:7)

    console.log
      [INFO] Upcoming meetings loaded { count: 2, timestamp: '2026-01-30T03:36:50.770Z' }

      at Logger.logMethod [as log] (utils/logger.ts:82:7)

    console.log
      [INFO] Upcoming meetings loaded { count: 2, timestamp: '2026-01-30T03:36:50.771Z' }

      at Logger.logMethod [as log] (utils/logger.ts:82:7)

    console.log
      [INFO] Upcoming meetings loaded { count: 2, timestamp: '2026-01-30T03:36:50.771Z' }

      at Logger.logMethod [as log] (utils/logger.ts:82:7)

    console.log
      [INFO] Upcoming meetings loaded { count: 2, timestamp: '2026-01-30T03:36:50.771Z' }

      at Logger.logMethod [as log] (utils/logger.ts:82:7)

    console.log
      [INFO] Upcoming meetings loaded { count: 2, timestamp: '2026-01-30T03:36:50.772Z' }

      at Logger.logMethod [as log] (utils/logger.ts:82:7)

    console.log
      [INFO] Upcoming meetings loaded { count: 2, timestamp: '2026-01-30T03:36:50.772Z' }

      at Logger.logMethod [as log] (utils/logger.ts:82:7)

    console.log
      [INFO] Upcoming meetings loaded { count: 2, timestamp: '2026-01-30T03:36:50.772Z' }

      at Logger.logMethod [as log] (utils/logger.ts:82:7)

    console.log
      [INFO] Upcoming meetings loaded { count: 2, timestamp: '2026-01-30T03:36:50.773Z' }

      at Logger.logMethod [as log] (utils/logger.ts:82:7)

    console.log
      [INFO] Upcoming meetings loaded { count: 2, timestamp: '2026-01-30T03:36:50.773Z' }

      at Logger.logMethod [as log] (utils/logger.ts:82:7)

    console.log
      [INFO] Upcoming meetings loaded { count: 2, timestamp: '2026-01-30T03:36:50.774Z' }

      at Logger.logMethod [as log] (utils/logger.ts:82:7)

    console.log
      [INFO] Upcoming meetings loaded { count: 2, timestamp: '2026-01-30T03:36:50.774Z' }

      at Logger.logMethod [as log] (utils/logger.ts:82:7)

    console.log
      [INFO] Upcoming meetings loaded { count: 2, timestamp: '2026-01-30T03:36:50.774Z' }

      at Logger.logMethod [as log] (utils/logger.ts:82:7)

    console.log
      [INFO] Upcoming meetings loaded { count: 2, timestamp: '2026-01-30T03:36:50.775Z' }

      at Logger.logMethod [as log] (utils/logger.ts:82:7)

    console.log
      [INFO] Upcoming meetings loaded { count: 2, timestamp: '2026-01-30T03:36:50.775Z' }

      at Logger.logMethod [as log] (utils/logger.ts:82:7)

    console.log
      [INFO] Upcoming meetings loaded { count: 2, timestamp: '2026-01-30T03:36:50.776Z' }

      at Logger.logMethod [as log] (utils/logger.ts:82:7)

    console.log
      [INFO] Upcoming meetings loaded { count: 2, timestamp: '2026-01-30T03:36:50.776Z' }

      at Logger.logMethod [as log] (utils/logger.ts:82:7)

    console.log
      [INFO] Upcoming meetings loaded { count: 2, timestamp: '2026-01-30T03:36:50.776Z' }

      at Logger.logMethod [as log] (utils/logger.ts:82:7)

    console.log
      [INFO] Upcoming meetings loaded { count: 2, timestamp: '2026-01-30T03:36:50.777Z' }

      at Logger.logMethod [as log] (utils/logger.ts:82:7)

    console.log
      [INFO] Upcoming meetings loaded { count: 2, timestamp: '2026-01-30T03:36:50.777Z' }

      at Logger.logMethod [as log] (utils/logger.ts:82:7)

    console.log
      [INFO] Upcoming meetings loaded { count: 2, timestamp: '2026-01-30T03:36:50.777Z' }

      at Logger.logMethod [as log] (utils/logger.ts:82:7)

    console.log
      [INFO] Upcoming meetings loaded { count: 2, timestamp: '2026-01-30T03:36:50.778Z' }

      at Logger.logMethod [as log] (utils/logger.ts:82:7)

    console.log
      [INFO] Upcoming meetings loaded { count: 2, timestamp: '2026-01-30T03:36:50.778Z' }

      at Logger.logMethod [as log] (utils/logger.ts:82:7)

    console.log
      [INFO] Upcoming meetings loaded { count: 2, timestamp: '2026-01-30T03:36:50.778Z' }

      at Logger.logMethod [as log] (utils/logger.ts:82:7)

    console.log
      [INFO] Upcoming meetings loaded { count: 2, timestamp: '2026-01-30T03:36:50.778Z' }

      at Logger.logMethod [as log] (utils/logger.ts:82:7)

    console.log
      [INFO] Upcoming meetings loaded { count: 2, timestamp: '2026-01-30T03:36:50.778Z' }

      at Logger.logMethod [as log] (utils/logger.ts:82:7)

    console.log
      [INFO] Upcoming meetings loaded { count: 2, timestamp: '2026-01-30T03:36:50.779Z' }

      at Logger.logMethod [as log] (utils/logger.ts:82:7)

    console.log
      [INFO] Upcoming meetings loaded { count: 2, timestamp: '2026-01-30T03:36:50.779Z' }

      at Logger.logMethod [as log] (utils/logger.ts:82:7)

    console.log
      [INFO] Upcoming meetings loaded { count: 2, timestamp: '2026-01-30T03:36:50.779Z' }

      at Logger.logMethod [as log] (utils/logger.ts:82:7)

    console.log
      [INFO] Upcoming meetings loaded { count: 2, timestamp: '2026-01-30T03:36:50.779Z' }

      at Logger.logMethod [as log] (utils/logger.ts:82:7)

    console.log
      [INFO] Upcoming meetings loaded { count: 2, timestamp: '2026-01-30T03:36:50.780Z' }

      at Logger.logMethod [as log] (utils/logger.ts:82:7)

    console.log
      [INFO] Upcoming meetings loaded { count: 2, timestamp: '2026-01-30T03:36:50.780Z' }

      at Logger.logMethod [as log] (utils/logger.ts:82:7)

    console.log
      [INFO] Upcoming meetings loaded { count: 2, timestamp: '2026-01-30T03:36:50.780Z' }

      at Logger.logMethod [as log] (utils/logger.ts:82:7)

    console.log
      [INFO] Upcoming meetings loaded { count: 2, timestamp: '2026-01-30T03:36:50.781Z' }

      at Logger.logMethod [as log] (utils/logger.ts:82:7)

    console.log
      [INFO] Upcoming meetings loaded { count: 2, timestamp: '2026-01-30T03:36:50.782Z' }

      at Logger.logMethod [as log] (utils/logger.ts:82:7)

    console.log
      [INFO] Upcoming meetings loaded { count: 2, timestamp: '2026-01-30T03:36:50.783Z' }

      at Logger.logMethod [as log] (utils/logger.ts:82:7)

    console.log
      [INFO] Upcoming meetings loaded { count: 2, timestamp: '2026-01-30T03:36:50.788Z' }

      at Logger.logMethod [as log] (utils/logger.ts:82:7)

    console.log
      [INFO] Upcoming meetings loaded { count: 2, timestamp: '2026-01-30T03:36:50.793Z' }

      at Logger.logMethod [as log] (utils/logger.ts:82:7)

    console.log
      [INFO] Upcoming meetings loaded { count: 2, timestamp: '2026-01-30T03:36:50.794Z' }

      at Logger.logMethod [as log] (utils/logger.ts:82:7)

    console.log
      [INFO] Upcoming meetings loaded { count: 2, timestamp: '2026-01-30T03:36:50.794Z' }

      at Logger.logMethod [as log] (utils/logger.ts:82:7)

    console.log
      [INFO] Upcoming meetings loaded { count: 2, timestamp: '2026-01-30T03:36:50.794Z' }

      at Logger.logMethod [as log] (utils/logger.ts:82:7)

    console.log
      [INFO] Upcoming meetings loaded { count: 2, timestamp: '2026-01-30T03:36:50.795Z' }

      at Logger.logMethod [as log] (utils/logger.ts:82:7)

    console.log
      [INFO] Upcoming meetings loaded { count: 2, timestamp: '2026-01-30T03:36:50.795Z' }

      at Logger.logMethod [as log] (utils/logger.ts:82:7)

    console.log
      [INFO] Upcoming meetings loaded { count: 2, timestamp: '2026-01-30T03:36:50.795Z' }

      at Logger.logMethod [as log] (utils/logger.ts:82:7)

    console.log
      [INFO] Upcoming meetings loaded { count: 2, timestamp: '2026-01-30T03:36:50.795Z' }

      at Logger.logMethod [as log] (utils/logger.ts:82:7)

    console.log
      [INFO] Upcoming meetings loaded { count: 2, timestamp: '2026-01-30T03:36:50.796Z' }

      at Logger.logMethod [as log] (utils/logger.ts:82:7)

    console.log
      [INFO] Upcoming meetings loaded { count: 2, timestamp: '2026-01-30T03:36:50.796Z' }

      at Logger.logMethod [as log] (utils/logger.ts:82:7)

    console.log
      [INFO] Upcoming meetings loaded { count: 2, timestamp: '2026-01-30T03:36:50.797Z' }

      at Logger.logMethod [as log] (utils/logger.ts:82:7)

    console.log
      [INFO] Upcoming meetings loaded { count: 2, timestamp: '2026-01-30T03:36:50.797Z' }

      at Logger.logMethod [as log] (utils/logger.ts:82:7)

    console.log
      [INFO] Upcoming meetings loaded { count: 2, timestamp: '2026-01-30T03:36:50.797Z' }

      at Logger.logMethod [as log] (utils/logger.ts:82:7)

    console.log
      [INFO] Upcoming meetings loaded { count: 2, timestamp: '2026-01-30T03:36:50.798Z' }

      at Logger.logMethod [as log] (utils/logger.ts:82:7)

    console.log
      [INFO] Upcoming meetings loaded { count: 2, timestamp: '2026-01-30T03:36:50.798Z' }

      at Logger.logMethod [as log] (utils/logger.ts:82:7)

    console.log
      [INFO] Upcoming meetings loaded { count: 2, timestamp: '2026-01-30T03:36:50.799Z' }

      at Logger.logMethod [as log] (utils/logger.ts:82:7)

    console.log
      [INFO] Upcoming meetings loaded { count: 2, timestamp: '2026-01-30T03:36:50.799Z' }

      at Logger.logMethod [as log] (utils/logger.ts:82:7)

    console.log
      [INFO] Upcoming meetings loaded { count: 2, timestamp: '2026-01-30T03:36:50.799Z' }

      at Logger.logMethod [as log] (utils/logger.ts:82:7)

    console.log
      [INFO] Upcoming meetings loaded { count: 2, timestamp: '2026-01-30T03:36:50.800Z' }

      at Logger.logMethod [as log] (utils/logger.ts:82:7)

    console.log
      [INFO] Upcoming meetings loaded { count: 2, timestamp: '2026-01-30T03:36:50.800Z' }

      at Logger.logMethod [as log] (utils/logger.ts:82:7)

    console.log
      [INFO] Upcoming meetings loaded { count: 2, timestamp: '2026-01-30T03:36:50.801Z' }

      at Logger.logMethod [as log] (utils/logger.ts:82:7)

    console.log
      [INFO] Upcoming meetings loaded { count: 2, timestamp: '2026-01-30T03:36:50.801Z' }

      at Logger.logMethod [as log] (utils/logger.ts:82:7)

    console.log
      [INFO] Upcoming meetings loaded { count: 2, timestamp: '2026-01-30T03:36:50.801Z' }

      at Logger.logMethod [as log] (utils/logger.ts:82:7)

    console.log
      [INFO] Upcoming meetings loaded { count: 2, timestamp: '2026-01-30T03:36:50.802Z' }

      at Logger.logMethod [as log] (utils/logger.ts:82:7)

    console.log
      [INFO] Upcoming meetings loaded { count: 2, timestamp: '2026-01-30T03:36:50.802Z' }

      at Logger.logMethod [as log] (utils/logger.ts:82:7)

    console.log
      [INFO] Upcoming meetings loaded { count: 2, timestamp: '2026-01-30T03:36:50.803Z' }

      at Logger.logMethod [as log] (utils/logger.ts:82:7)

    console.log
      [INFO] Upcoming meetings loaded { count: 2, timestamp: '2026-01-30T03:36:50.803Z' }

      at Logger.logMethod [as log] (utils/logger.ts:82:7)

    console.log
      [INFO] Upcoming meetings loaded { count: 2, timestamp: '2026-01-30T03:36:50.804Z' }

      at Logger.logMethod [as log] (utils/logger.ts:82:7)

    console.log
      [INFO] Upcoming meetings loaded { count: 2, timestamp: '2026-01-30T03:36:50.804Z' }

      at Logger.logMethod [as log] (utils/logger.ts:82:7)

    console.log
      [INFO] Upcoming meetings loaded { count: 2, timestamp: '2026-01-30T03:36:50.805Z' }

      at Logger.logMethod [as log] (utils/logger.ts:82:7)

    console.log
      [INFO] Upcoming meetings loaded { count: 2, timestamp: '2026-01-30T03:36:50.805Z' }

      at Logger.logMethod [as log] (utils/logger.ts:82:7)

    console.log
      [INFO] Upcoming meetings loaded { count: 2, timestamp: '2026-01-30T03:36:50.805Z' }

      at Logger.logMethod [as log] (utils/logger.ts:82:7)

    console.log
      [INFO] Upcoming meetings loaded { count: 2, timestamp: '2026-01-30T03:36:50.806Z' }

      at Logger.logMethod [as log] (utils/logger.ts:82:7)

    console.log
      [INFO] Upcoming meetings loaded { count: 2, timestamp: '2026-01-30T03:36:50.806Z' }

      at Logger.logMethod [as log] (utils/logger.ts:82:7)

    console.log
      [INFO] Upcoming meetings loaded { count: 2, timestamp: '2026-01-30T03:36:50.807Z' }

      at Logger.logMethod [as log] (utils/logger.ts:82:7)

    console.log
      [INFO] Upcoming meetings loaded { count: 2, timestamp: '2026-01-30T03:36:50.807Z' }

      at Logger.logMethod [as log] (utils/logger.ts:82:7)

    console.log
      [INFO] Upcoming meetings loaded { count: 2, timestamp: '2026-01-30T03:36:50.808Z' }

      at Logger.logMethod [as log] (utils/logger.ts:82:7)

    console.log
      [INFO] Upcoming meetings loaded { count: 2, timestamp: '2026-01-30T03:36:50.808Z' }

      at Logger.logMethod [as log] (utils/logger.ts:82:7)

    console.log
      [INFO] Upcoming meetings loaded { count: 2, timestamp: '2026-01-30T03:36:50.808Z' }

      at Logger.logMethod [as log] (utils/logger.ts:82:7)

    console.log
      [INFO] Upcoming meetings loaded { count: 2, timestamp: '2026-01-30T03:36:50.809Z' }

      at Logger.logMethod [as log] (utils/logger.ts:82:7)

    console.log
      [INFO] Upcoming meetings loaded { count: 2, timestamp: '2026-01-30T03:36:50.809Z' }

      at Logger.logMethod [as log] (utils/logger.ts:82:7)

    console.log
      [INFO] Upcoming meetings loaded { count: 2, timestamp: '2026-01-30T03:36:50.810Z' }

      at Logger.logMethod [as log] (utils/logger.ts:82:7)

    console.log
      [INFO] Upcoming meetings loaded { count: 2, timestamp: '2026-01-30T03:36:50.810Z' }

      at Logger.logMethod [as log] (utils/logger.ts:82:7)

    console.log
      [INFO] Upcoming meetings loaded { count: 2, timestamp: '2026-01-30T03:36:50.810Z' }

      at Logger.logMethod [as log] (utils/logger.ts:82:7)

    console.log
      [INFO] Upcoming meetings loaded { count: 2, timestamp: '2026-01-30T03:36:50.811Z' }

      at Logger.logMethod [as log] (utils/logger.ts:82:7)

    console.log
      [INFO] Upcoming meetings loaded { count: 2, timestamp: '2026-01-30T03:36:50.811Z' }

      at Logger.logMethod [as log] (utils/logger.ts:82:7)

    console.log
      [INFO] Upcoming meetings loaded { count: 2, timestamp: '2026-01-30T03:36:50.812Z' }

      at Logger.logMethod [as log] (utils/logger.ts:82:7)

    console.log
      [INFO] Upcoming meetings loaded { count: 2, timestamp: '2026-01-30T03:36:50.812Z' }

      at Logger.logMethod [as log] (utils/logger.ts:82:7)

    console.log
      [INFO] Upcoming meetings loaded { count: 2, timestamp: '2026-01-30T03:36:50.813Z' }

      at Logger.logMethod [as log] (utils/logger.ts:82:7)

    console.log
      [INFO] Upcoming meetings loaded { count: 2, timestamp: '2026-01-30T03:36:50.813Z' }

      at Logger.logMethod [as log] (utils/logger.ts:82:7)

    console.log
      [INFO] Upcoming meetings loaded { count: 2, timestamp: '2026-01-30T03:36:50.814Z' }

      at Logger.logMethod [as log] (utils/logger.ts:82:7)

    console.log
      [INFO] Upcoming meetings loaded { count: 2, timestamp: '2026-01-30T03:36:50.814Z' }

      at Logger.logMethod [as log] (utils/logger.ts:82:7)

    console.log
      [INFO] Upcoming meetings loaded { count: 2, timestamp: '2026-01-30T03:36:50.815Z' }

      at Logger.logMethod [as log] (utils/logger.ts:82:7)

    console.log
      [INFO] Upcoming meetings loaded { count: 2, timestamp: '2026-01-30T03:36:50.815Z' }

      at Logger.logMethod [as log] (utils/logger.ts:82:7)

    console.log
      [INFO] Upcoming meetings loaded { count: 2, timestamp: '2026-01-30T03:36:50.816Z' }

      at Logger.logMethod [as log] (utils/logger.ts:82:7)

    console.log
      [INFO] Upcoming meetings loaded { count: 2, timestamp: '2026-01-30T03:36:50.816Z' }

      at Logger.logMethod [as log] (utils/logger.ts:82:7)

    console.log
      [INFO] Upcoming meetings loaded { count: 2, timestamp: '2026-01-30T03:36:50.817Z' }

      at Logger.logMethod [as log] (utils/logger.ts:82:7)

    console.log
      [INFO] Upcoming meetings loaded { count: 2, timestamp: '2026-01-30T03:36:50.817Z' }

      at Logger.logMethod [as log] (utils/logger.ts:82:7)

    console.log
      [INFO] Upcoming meetings loaded { count: 2, timestamp: '2026-01-30T03:36:50.817Z' }

      at Logger.logMethod [as log] (utils/logger.ts:82:7)

    console.log
      [INFO] Upcoming meetings loaded { count: 2, timestamp: '2026-01-30T03:36:50.818Z' }

      at Logger.logMethod [as log] (utils/logger.ts:82:7)

    console.log
      [INFO] Upcoming meetings loaded { count: 2, timestamp: '2026-01-30T03:36:50.818Z' }

      at Logger.logMethod [as log] (utils/logger.ts:82:7)

    console.log
      [INFO] Upcoming meetings loaded { count: 2, timestamp: '2026-01-30T03:36:50.819Z' }

      at Logger.logMethod [as log] (utils/logger.ts:82:7)

    console.log
      [INFO] Upcoming meetings loaded { count: 2, timestamp: '2026-01-30T03:36:50.819Z' }

      at Logger.logMethod [as log] (utils/logger.ts:82:7)

    console.log
      [INFO] Upcoming meetings loaded { count: 2, timestamp: '2026-01-30T03:36:50.820Z' }

      at Logger.logMethod [as log] (utils/logger.ts:82:7)

    console.log
      [INFO] Upcoming meetings loaded { count: 2, timestamp: '2026-01-30T03:36:50.820Z' }

      at Logger.logMethod [as log] (utils/logger.ts:82:7)

    console.log
      [INFO] Upcoming meetings loaded { count: 2, timestamp: '2026-01-30T03:36:50.821Z' }

      at Logger.logMethod [as log] (utils/logger.ts:82:7)

    console.log
      [INFO] Upcoming meetings loaded { count: 2, timestamp: '2026-01-30T03:36:50.821Z' }

      at Logger.logMethod [as log] (utils/logger.ts:82:7)

    console.log
      [INFO] Upcoming meetings loaded { count: 2, timestamp: '2026-01-30T03:36:50.821Z' }

      at Logger.logMethod [as log] (utils/logger.ts:82:7)

    console.log
      [INFO] Upcoming meetings loaded { count: 2, timestamp: '2026-01-30T03:36:50.822Z' }

      at Logger.logMethod [as log] (utils/logger.ts:82:7)

    console.log
      [INFO] Upcoming meetings loaded { count: 2, timestamp: '2026-01-30T03:36:50.822Z' }

      at Logger.logMethod [as log] (utils/logger.ts:82:7)

    console.log
      [INFO] Upcoming meetings loaded { count: 2, timestamp: '2026-01-30T03:36:50.822Z' }

      at Logger.logMethod [as log] (utils/logger.ts:82:7)

    console.log
      [INFO] Upcoming meetings loaded { count: 2, timestamp: '2026-01-30T03:36:50.823Z' }

      at Logger.logMethod [as log] (utils/logger.ts:82:7)

    console.log
      [INFO] Upcoming meetings loaded { count: 2, timestamp: '2026-01-30T03:36:50.823Z' }

      at Logger.logMethod [as log] (utils/logger.ts:82:7)

    console.log
      [INFO] Upcoming meetings loaded { count: 2, timestamp: '2026-01-30T03:36:50.823Z' }

      at Logger.logMethod [as log] (utils/logger.ts:82:7)

    console.log
      [INFO] Upcoming meetings loaded { count: 2, timestamp: '2026-01-30T03:36:50.823Z' }

      at Logger.logMethod [as log] (utils/logger.ts:82:7)

    console.log
      [INFO] Upcoming meetings loaded { count: 2, timestamp: '2026-01-30T03:36:50.824Z' }

      at Logger.logMethod [as log] (utils/logger.ts:82:7)

    console.log
      [INFO] Upcoming meetings loaded { count: 2, timestamp: '2026-01-30T03:36:50.824Z' }

      at Logger.logMethod [as log] (utils/logger.ts:82:7)

    console.log
      [INFO] Upcoming meetings loaded { count: 2, timestamp: '2026-01-30T03:36:50.824Z' }

      at Logger.logMethod [as log] (utils/logger.ts:82:7)

    console.log
      [INFO] Upcoming meetings loaded { count: 2, timestamp: '2026-01-30T03:36:50.825Z' }

      at Logger.logMethod [as log] (utils/logger.ts:82:7)

    console.log
      [INFO] Upcoming meetings loaded { count: 2, timestamp: '2026-01-30T03:36:50.825Z' }

      at Logger.logMethod [as log] (utils/logger.ts:82:7)

    console.log
      [INFO] Upcoming meetings loaded { count: 2, timestamp: '2026-01-30T03:36:50.825Z' }

      at Logger.logMethod [as log] (utils/logger.ts:82:7)

    console.log
      [INFO] Upcoming meetings loaded { count: 2, timestamp: '2026-01-30T03:36:50.825Z' }

      at Logger.logMethod [as log] (utils/logger.ts:82:7)

    console.log
      [INFO] Upcoming meetings loaded { count: 2, timestamp: '2026-01-30T03:36:50.826Z' }

      at Logger.logMethod [as log] (utils/logger.ts:82:7)

    console.log
      [INFO] Upcoming meetings loaded { count: 2, timestamp: '2026-01-30T03:36:50.826Z' }

      at Logger.logMethod [as log] (utils/logger.ts:82:7)

    console.log
      [INFO] Upcoming meetings loaded { count: 2, timestamp: '2026-01-30T03:36:50.826Z' }

      at Logger.logMethod [as log] (utils/logger.ts:82:7)

    console.log
      [INFO] Upcoming meetings loaded { count: 2, timestamp: '2026-01-30T03:36:50.827Z' }

      at Logger.logMethod [as log] (utils/logger.ts:82:7)

    console.log
      [INFO] Upcoming meetings loaded { count: 2, timestamp: '2026-01-30T03:36:50.827Z' }

      at Logger.logMethod [as log] (utils/logger.ts:82:7)

    console.log
      [INFO] Upcoming meetings loaded { count: 2, timestamp: '2026-01-30T03:36:50.827Z' }

      at Logger.logMethod [as log] (utils/logger.ts:82:7)

    console.log
      [INFO] Upcoming meetings loaded { count: 2, timestamp: '2026-01-30T03:36:50.827Z' }

      at Logger.logMethod [as log] (utils/logger.ts:82:7)

    console.log
      [INFO] Upcoming meetings loaded { count: 2, timestamp: '2026-01-30T03:36:50.828Z' }

      at Logger.logMethod [as log] (utils/logger.ts:82:7)

    console.log
      [INFO] Upcoming meetings loaded { count: 2, timestamp: '2026-01-30T03:36:50.828Z' }

      at Logger.logMethod [as log] (utils/logger.ts:82:7)

    console.log
      [INFO] Upcoming meetings loaded { count: 2, timestamp: '2026-01-30T03:36:50.828Z' }

      at Logger.logMethod [as log] (utils/logger.ts:82:7)

    console.log
      [INFO] Upcoming meetings loaded { count: 2, timestamp: '2026-01-30T03:36:50.829Z' }

      at Logger.logMethod [as log] (utils/logger.ts:82:7)

    console.log
      [INFO] Upcoming meetings loaded { count: 2, timestamp: '2026-01-30T03:36:50.829Z' }

      at Logger.logMethod [as log] (utils/logger.ts:82:7)

    console.log
      [INFO] Upcoming meetings loaded { count: 2, timestamp: '2026-01-30T03:36:50.830Z' }

      at Logger.logMethod [as log] (utils/logger.ts:82:7)

    console.log
      [INFO] Upcoming meetings loaded { count: 2, timestamp: '2026-01-30T03:36:50.830Z' }

      at Logger.logMethod [as log] (utils/logger.ts:82:7)

    console.log
      [INFO] Upcoming meetings loaded { count: 2, timestamp: '2026-01-30T03:36:50.830Z' }

      at Logger.logMethod [as log] (utils/logger.ts:82:7)

    console.log
      [INFO] Upcoming meetings loaded { count: 2, timestamp: '2026-01-30T03:36:50.830Z' }

      at Logger.logMethod [as log] (utils/logger.ts:82:7)

    console.log
      [INFO] Upcoming meetings loaded { count: 2, timestamp: '2026-01-30T03:36:50.831Z' }

      at Logger.logMethod [as log] (utils/logger.ts:82:7)

    console.log
      [INFO] Upcoming meetings loaded { count: 2, timestamp: '2026-01-30T03:36:50.831Z' }

      at Logger.logMethod [as log] (utils/logger.ts:82:7)

    console.log
      [INFO] Upcoming meetings loaded { count: 2, timestamp: '2026-01-30T03:36:50.831Z' }

      at Logger.logMethod [as log] (utils/logger.ts:82:7)

    console.log
      [INFO] Upcoming meetings loaded { count: 2, timestamp: '2026-01-30T03:36:50.832Z' }

      at Logger.logMethod [as log] (utils/logger.ts:82:7)

    console.log
      [INFO] Upcoming meetings loaded { count: 2, timestamp: '2026-01-30T03:36:50.832Z' }

      at Logger.logMethod [as log] (utils/logger.ts:82:7)

    console.log
      [INFO] Upcoming meetings loaded { count: 2, timestamp: '2026-01-30T03:36:50.832Z' }

      at Logger.logMethod [as log] (utils/logger.ts:82:7)

    console.log
      [INFO] Upcoming meetings loaded { count: 2, timestamp: '2026-01-30T03:36:50.833Z' }

      at Logger.logMethod [as log] (utils/logger.ts:82:7)

    console.log
      [INFO] Upcoming meetings loaded { count: 2, timestamp: '2026-01-30T03:36:50.833Z' }

      at Logger.logMethod [as log] (utils/logger.ts:82:7)

    console.log
      [INFO] Upcoming meetings loaded { count: 2, timestamp: '2026-01-30T03:36:50.833Z' }

      at Logger.logMethod [as log] (utils/logger.ts:82:7)

    console.log
      [INFO] Upcoming meetings loaded { count: 2, timestamp: '2026-01-30T03:36:50.834Z' }

      at Logger.logMethod [as log] (utils/logger.ts:82:7)

    console.log
      [INFO] Upcoming meetings loaded { count: 2, timestamp: '2026-01-30T03:36:50.834Z' }

      at Logger.logMethod [as log] (utils/logger.ts:82:7)

    console.log
      [INFO] Upcoming meetings loaded { count: 2, timestamp: '2026-01-30T03:36:50.834Z' }

      at Logger.logMethod [as log] (utils/logger.ts:82:7)

    console.log
      [INFO] Upcoming meetings loaded { count: 2, timestamp: '2026-01-30T03:36:50.834Z' }

      at Logger.logMethod [as log] (utils/logger.ts:82:7)

    console.log
      [INFO] Upcoming meetings loaded { count: 2, timestamp: '2026-01-30T03:36:50.835Z' }

      at Logger.logMethod [as log] (utils/logger.ts:82:7)

    console.log
      [INFO] Upcoming meetings loaded { count: 2, timestamp: '2026-01-30T03:36:50.835Z' }

      at Logger.logMethod [as log] (utils/logger.ts:82:7)

    console.log
      [INFO] Upcoming meetings loaded { count: 2, timestamp: '2026-01-30T03:36:50.835Z' }

      at Logger.logMethod [as log] (utils/logger.ts:82:7)

    console.log
      [INFO] Upcoming meetings loaded { count: 2, timestamp: '2026-01-30T03:36:50.836Z' }

      at Logger.logMethod [as log] (utils/logger.ts:82:7)

    console.log
      [INFO] Upcoming meetings loaded { count: 2, timestamp: '2026-01-30T03:36:50.836Z' }

      at Logger.logMethod [as log] (utils/logger.ts:82:7)

    console.log
      [INFO] Upcoming meetings loaded { count: 2, timestamp: '2026-01-30T03:36:50.836Z' }

      at Logger.logMethod [as log] (utils/logger.ts:82:7)

    console.log
      [INFO] Upcoming meetings loaded { count: 2, timestamp: '2026-01-30T03:36:50.836Z' }

      at Logger.logMethod [as log] (utils/logger.ts:82:7)

    console.log
      [INFO] Upcoming meetings loaded { count: 2, timestamp: '2026-01-30T03:36:50.837Z' }

      at Logger.logMethod [as log] (utils/logger.ts:82:7)

    console.log
      [INFO] Upcoming meetings loaded { count: 2, timestamp: '2026-01-30T03:36:50.837Z' }

      at Logger.logMethod [as log] (utils/logger.ts:82:7)

    console.log
      [INFO] Upcoming meetings loaded { count: 2, timestamp: '2026-01-30T03:36:50.838Z' }

      at Logger.logMethod [as log] (utils/logger.ts:82:7)

    console.log
      [INFO] Upcoming meetings loaded { count: 0, timestamp: '2026-01-30T03:36:50.841Z' }

      at Logger.logMethod [as log] (utils/logger.ts:82:7)

    console.log
      [INFO] Upcoming meetings loaded { count: 0, timestamp: '2026-01-30T03:36:50.843Z' }

      at Logger.logMethod [as log] (utils/logger.ts:82:7)

    console.log
      [INFO] Upcoming meetings loaded { count: 0, timestamp: '2026-01-30T03:36:50.844Z' }

      at Logger.logMethod [as log] (utils/logger.ts:82:7)

    console.log
      [INFO] Upcoming meetings loaded { count: 2, timestamp: '2026-01-30T03:36:50.849Z' }

      at Logger.logMethod [as log] (utils/logger.ts:82:7)

    console.log
      [INFO] Upcoming meetings loaded { count: 2, timestamp: '2026-01-30T03:36:50.857Z' }

      at Logger.logMethod [as log] (utils/logger.ts:82:7)

    console.log
      [INFO] Upcoming meetings loaded { count: 2, timestamp: '2026-01-30T03:36:50.857Z' }

      at Logger.logMethod [as log] (utils/logger.ts:82:7)

    console.log
      [INFO] Upcoming meetings loaded { count: 2, timestamp: '2026-01-30T03:36:50.857Z' }

      at Logger.logMethod [as log] (utils/logger.ts:82:7)

    console.log
      [INFO] Upcoming meetings loaded { count: 2, timestamp: '2026-01-30T03:36:50.858Z' }

      at Logger.logMethod [as log] (utils/logger.ts:82:7)

    console.log
      [INFO] Upcoming meetings loaded { count: 2, timestamp: '2026-01-30T03:36:50.858Z' }

      at Logger.logMethod [as log] (utils/logger.ts:82:7)

    console.log
      [INFO] Upcoming meetings loaded { count: 2, timestamp: '2026-01-30T03:36:50.858Z' }

      at Logger.logMethod [as log] (utils/logger.ts:82:7)

    console.log
      [INFO] Upcoming meetings loaded { count: 2, timestamp: '2026-01-30T03:36:50.859Z' }

      at Logger.logMethod [as log] (utils/logger.ts:82:7)

    console.log
      [INFO] Upcoming meetings loaded { count: 2, timestamp: '2026-01-30T03:36:50.859Z' }

      at Logger.logMethod [as log] (utils/logger.ts:82:7)

    console.log
      [INFO] Upcoming meetings loaded { count: 2, timestamp: '2026-01-30T03:36:50.859Z' }

      at Logger.logMethod [as log] (utils/logger.ts:82:7)

    console.log
      [INFO] Upcoming meetings loaded { count: 2, timestamp: '2026-01-30T03:36:50.860Z' }

      at Logger.logMethod [as log] (utils/logger.ts:82:7)

    console.log
      [INFO] Upcoming meetings loaded { count: 2, timestamp: '2026-01-30T03:36:50.860Z' }

      at Logger.logMethod [as log] (utils/logger.ts:82:7)

    console.log
      [INFO] Upcoming meetings loaded { count: 2, timestamp: '2026-01-30T03:36:50.861Z' }

      at Logger.logMethod [as log] (utils/logger.ts:82:7)

    console.log
      [INFO] Upcoming meetings loaded { count: 2, timestamp: '2026-01-30T03:36:50.861Z' }

      at Logger.logMethod [as log] (utils/logger.ts:82:7)

    console.log
      [INFO] Upcoming meetings loaded { count: 2, timestamp: '2026-01-30T03:36:50.862Z' }

      at Logger.logMethod [as log] (utils/logger.ts:82:7)

    console.log
      [INFO] Upcoming meetings loaded { count: 2, timestamp: '2026-01-30T03:36:50.862Z' }

      at Logger.logMethod [as log] (utils/logger.ts:82:7)

    console.log
      [INFO] Upcoming meetings loaded { count: 2, timestamp: '2026-01-30T03:36:50.863Z' }

      at Logger.logMethod [as log] (utils/logger.ts:82:7)

    console.log
      [INFO] Upcoming meetings loaded { count: 2, timestamp: '2026-01-30T03:36:50.863Z' }

      at Logger.logMethod [as log] (utils/logger.ts:82:7)

    console.log
      [INFO] Upcoming meetings loaded { count: 2, timestamp: '2026-01-30T03:36:50.870Z' }

      at Logger.logMethod [as log] (utils/logger.ts:82:7)

    console.log
      [INFO] Upcoming meetings loaded { count: 2, timestamp: '2026-01-30T03:36:50.871Z' }

      at Logger.logMethod [as log] (utils/logger.ts:82:7)

    console.log
      [INFO] Upcoming meetings loaded { count: 2, timestamp: '2026-01-30T03:36:50.871Z' }

      at Logger.logMethod [as log] (utils/logger.ts:82:7)

    console.log
      [INFO] Upcoming meetings loaded { count: 2, timestamp: '2026-01-30T03:36:50.871Z' }

      at Logger.logMethod [as log] (utils/logger.ts:82:7)

    console.log
      [INFO] Upcoming meetings loaded { count: 2, timestamp: '2026-01-30T03:36:50.871Z' }

      at Logger.logMethod [as log] (utils/logger.ts:82:7)

    console.log
      [INFO] Upcoming meetings loaded { count: 2, timestamp: '2026-01-30T03:36:50.872Z' }

      at Logger.logMethod [as log] (utils/logger.ts:82:7)

    console.log
      [INFO] Upcoming meetings loaded { count: 2, timestamp: '2026-01-30T03:36:50.872Z' }

      at Logger.logMethod [as log] (utils/logger.ts:82:7)

    console.log
      [INFO] Upcoming meetings loaded { count: 2, timestamp: '2026-01-30T03:36:50.872Z' }

      at Logger.logMethod [as log] (utils/logger.ts:82:7)

    console.log
      [INFO] Upcoming meetings loaded { count: 2, timestamp: '2026-01-30T03:36:50.872Z' }

      at Logger.logMethod [as log] (utils/logger.ts:82:7)

    console.log
      [INFO] Upcoming meetings loaded { count: 2, timestamp: '2026-01-30T03:36:50.873Z' }

      at Logger.logMethod [as log] (utils/logger.ts:82:7)

    console.log
      [INFO] Upcoming meetings loaded { count: 2, timestamp: '2026-01-30T03:36:50.873Z' }

      at Logger.logMethod [as log] (utils/logger.ts:82:7)

    console.log
      [INFO] Upcoming meetings loaded { count: 2, timestamp: '2026-01-30T03:36:50.873Z' }

      at Logger.logMethod [as log] (utils/logger.ts:82:7)

    console.log
      [INFO] Upcoming meetings loaded { count: 2, timestamp: '2026-01-30T03:36:50.873Z' }

      at Logger.logMethod [as log] (utils/logger.ts:82:7)

    console.log
      [INFO] Upcoming meetings loaded { count: 2, timestamp: '2026-01-30T03:36:50.874Z' }

      at Logger.logMethod [as log] (utils/logger.ts:82:7)

    console.log
      [INFO] Upcoming meetings loaded { count: 2, timestamp: '2026-01-30T03:36:50.874Z' }

      at Logger.logMethod [as log] (utils/logger.ts:82:7)

    console.log
      [INFO] Upcoming meetings loaded { count: 2, timestamp: '2026-01-30T03:36:50.874Z' }

      at Logger.logMethod [as log] (utils/logger.ts:82:7)

    console.log
      [INFO] Upcoming meetings loaded { count: 2, timestamp: '2026-01-30T03:36:50.874Z' }

      at Logger.logMethod [as log] (utils/logger.ts:82:7)

    console.log
      [INFO] Upcoming meetings loaded { count: 2, timestamp: '2026-01-30T03:36:50.875Z' }

      at Logger.logMethod [as log] (utils/logger.ts:82:7)

    console.log
      [INFO] Upcoming meetings loaded { count: 2, timestamp: '2026-01-30T03:36:50.875Z' }

      at Logger.logMethod [as log] (utils/logger.ts:82:7)

    console.log
      [INFO] Upcoming meetings loaded { count: 2, timestamp: '2026-01-30T03:36:50.875Z' }

      at Logger.logMethod [as log] (utils/logger.ts:82:7)

    console.log
      [INFO] Upcoming meetings loaded { count: 2, timestamp: '2026-01-30T03:36:50.875Z' }

      at Logger.logMethod [as log] (utils/logger.ts:82:7)

    console.log
      [INFO] Upcoming meetings loaded { count: 2, timestamp: '2026-01-30T03:36:50.876Z' }

      at Logger.logMethod [as log] (utils/logger.ts:82:7)

    console.log
      [INFO] Upcoming meetings loaded { count: 2, timestamp: '2026-01-30T03:36:50.876Z' }

      at Logger.logMethod [as log] (utils/logger.ts:82:7)

    console.log
      [INFO] Upcoming meetings loaded { count: 2, timestamp: '2026-01-30T03:36:50.876Z' }

      at Logger.logMethod [as log] (utils/logger.ts:82:7)

    console.log
      [INFO] Upcoming meetings loaded { count: 2, timestamp: '2026-01-30T03:36:50.877Z' }

      at Logger.logMethod [as log] (utils/logger.ts:82:7)

    console.log
      [INFO] Upcoming meetings loaded { count: 2, timestamp: '2026-01-30T03:36:50.877Z' }

      at Logger.logMethod [as log] (utils/logger.ts:82:7)

    console.log
      [INFO] Upcoming meetings loaded { count: 2, timestamp: '2026-01-30T03:36:50.877Z' }

      at Logger.logMethod [as log] (utils/logger.ts:82:7)

    console.log
      [INFO] Upcoming meetings loaded { count: 2, timestamp: '2026-01-30T03:36:50.877Z' }

      at Logger.logMethod [as log] (utils/logger.ts:82:7)

    console.log
      [INFO] Upcoming meetings loaded { count: 2, timestamp: '2026-01-30T03:36:50.878Z' }

      at Logger.logMethod [as log] (utils/logger.ts:82:7)

    console.log
      [INFO] Upcoming meetings loaded { count: 2, timestamp: '2026-01-30T03:36:50.878Z' }

      at Logger.logMethod [as log] (utils/logger.ts:82:7)

    console.log
      [INFO] Upcoming meetings loaded { count: 2, timestamp: '2026-01-30T03:36:50.879Z' }

      at Logger.logMethod [as log] (utils/logger.ts:82:7)

    console.log
      [INFO] Upcoming meetings loaded { count: 2, timestamp: '2026-01-30T03:36:50.879Z' }

      at Logger.logMethod [as log] (utils/logger.ts:82:7)

    console.log
      [INFO] Upcoming meetings loaded { count: 2, timestamp: '2026-01-30T03:36:50.880Z' }

      at Logger.logMethod [as log] (utils/logger.ts:82:7)

    console.log
      [INFO] Upcoming meetings loaded { count: 2, timestamp: '2026-01-30T03:36:50.880Z' }

      at Logger.logMethod [as log] (utils/logger.ts:82:7)

    console.log
      [INFO] Upcoming meetings loaded { count: 2, timestamp: '2026-01-30T03:36:50.880Z' }

      at Logger.logMethod [as log] (utils/logger.ts:82:7)

    console.log
      [INFO] Upcoming meetings loaded { count: 2, timestamp: '2026-01-30T03:36:50.881Z' }

      at Logger.logMethod [as log] (utils/logger.ts:82:7)

    console.log
      [INFO] Upcoming meetings loaded { count: 2, timestamp: '2026-01-30T03:36:50.881Z' }

      at Logger.logMethod [as log] (utils/logger.ts:82:7)

    console.log
      [INFO] Upcoming meetings loaded { count: 2, timestamp: '2026-01-30T03:36:50.882Z' }

      at Logger.logMethod [as log] (utils/logger.ts:82:7)

    console.log
      [INFO] Upcoming meetings loaded { count: 2, timestamp: '2026-01-30T03:36:50.882Z' }

      at Logger.logMethod [as log] (utils/logger.ts:82:7)

    console.log
      [INFO] Upcoming meetings loaded { count: 2, timestamp: '2026-01-30T03:36:50.883Z' }

      at Logger.logMethod [as log] (utils/logger.ts:82:7)

    console.log
      [INFO] Upcoming meetings loaded { count: 2, timestamp: '2026-01-30T03:36:50.883Z' }

      at Logger.logMethod [as log] (utils/logger.ts:82:7)

    console.log
      [INFO] Upcoming meetings loaded { count: 2, timestamp: '2026-01-30T03:36:50.884Z' }

      at Logger.logMethod [as log] (utils/logger.ts:82:7)

    console.log
      [INFO] Upcoming meetings loaded { count: 2, timestamp: '2026-01-30T03:36:50.884Z' }

      at Logger.logMethod [as log] (utils/logger.ts:82:7)

    console.log
      [INFO] Upcoming meetings loaded { count: 2, timestamp: '2026-01-30T03:36:50.885Z' }

      at Logger.logMethod [as log] (utils/logger.ts:82:7)

    console.log
      [INFO] Upcoming meetings loaded { count: 2, timestamp: '2026-01-30T03:36:50.885Z' }

      at Logger.logMethod [as log] (utils/logger.ts:82:7)

    console.log
      [INFO] Upcoming meetings loaded { count: 2, timestamp: '2026-01-30T03:36:50.886Z' }

      at Logger.logMethod [as log] (utils/logger.ts:82:7)

    console.log
      [INFO] Upcoming meetings loaded { count: 2, timestamp: '2026-01-30T03:36:50.886Z' }

      at Logger.logMethod [as log] (utils/logger.ts:82:7)

    console.log
      [INFO] Upcoming meetings loaded { count: 2, timestamp: '2026-01-30T03:36:50.886Z' }

      at Logger.logMethod [as log] (utils/logger.ts:82:7)

    console.log
      [INFO] Upcoming meetings loaded { count: 2, timestamp: '2026-01-30T03:36:50.887Z' }

      at Logger.logMethod [as log] (utils/logger.ts:82:7)

    console.log
      [INFO] Upcoming meetings loaded { count: 2, timestamp: '2026-01-30T03:36:50.887Z' }

      at Logger.logMethod [as log] (utils/logger.ts:82:7)

    console.log
      [INFO] Upcoming meetings loaded { count: 2, timestamp: '2026-01-30T03:36:50.888Z' }

      at Logger.logMethod [as log] (utils/logger.ts:82:7)

    console.log
      [INFO] Upcoming meetings loaded { count: 2, timestamp: '2026-01-30T03:36:50.888Z' }

      at Logger.logMethod [as log] (utils/logger.ts:82:7)

    console.log
      [INFO] Upcoming meetings loaded { count: 2, timestamp: '2026-01-30T03:36:50.889Z' }

      at Logger.logMethod [as log] (utils/logger.ts:82:7)

    console.log
      [INFO] Upcoming meetings loaded { count: 2, timestamp: '2026-01-30T03:36:50.889Z' }

      at Logger.logMethod [as log] (utils/logger.ts:82:7)

    console.log
      [INFO] Upcoming meetings loaded { count: 2, timestamp: '2026-01-30T03:36:50.890Z' }

      at Logger.logMethod [as log] (utils/logger.ts:82:7)

    console.log
      [INFO] Upcoming meetings loaded { count: 2, timestamp: '2026-01-30T03:36:50.890Z' }

      at Logger.logMethod [as log] (utils/logger.ts:82:7)

    console.log
      [INFO] Upcoming meetings loaded { count: 2, timestamp: '2026-01-30T03:36:50.890Z' }

      at Logger.logMethod [as log] (utils/logger.ts:82:7)

    console.log
      [INFO] Upcoming meetings loaded { count: 2, timestamp: '2026-01-30T03:36:50.891Z' }

      at Logger.logMethod [as log] (utils/logger.ts:82:7)

    console.log
      [INFO] Upcoming meetings loaded { count: 2, timestamp: '2026-01-30T03:36:50.891Z' }

      at Logger.logMethod [as log] (utils/logger.ts:82:7)

    console.log
      [INFO] Upcoming meetings loaded { count: 2, timestamp: '2026-01-30T03:36:50.892Z' }

      at Logger.logMethod [as log] (utils/logger.ts:82:7)

    console.log
      [INFO] Upcoming meetings loaded { count: 2, timestamp: '2026-01-30T03:36:50.892Z' }

      at Logger.logMethod [as log] (utils/logger.ts:82:7)

    console.log
      [INFO] Upcoming meetings loaded { count: 2, timestamp: '2026-01-30T03:36:50.893Z' }

      at Logger.logMethod [as log] (utils/logger.ts:82:7)

    console.log
      [INFO] Upcoming meetings loaded { count: 2, timestamp: '2026-01-30T03:36:50.893Z' }

      at Logger.logMethod [as log] (utils/logger.ts:82:7)

    console.log
      [INFO] Upcoming meetings loaded { count: 2, timestamp: '2026-01-30T03:36:50.893Z' }

      at Logger.logMethod [as log] (utils/logger.ts:82:7)

    console.log
      [INFO] Upcoming meetings loaded { count: 2, timestamp: '2026-01-30T03:36:50.894Z' }

      at Logger.logMethod [as log] (utils/logger.ts:82:7)

    console.log
      [INFO] Upcoming meetings loaded { count: 2, timestamp: '2026-01-30T03:36:50.894Z' }

      at Logger.logMethod [as log] (utils/logger.ts:82:7)

    console.log
      [INFO] Upcoming meetings loaded { count: 2, timestamp: '2026-01-30T03:36:50.895Z' }

      at Logger.logMethod [as log] (utils/logger.ts:82:7)

    console.log
      [INFO] Upcoming meetings loaded { count: 2, timestamp: '2026-01-30T03:36:50.895Z' }

      at Logger.logMethod [as log] (utils/logger.ts:82:7)

    console.log
      [INFO] Upcoming meetings loaded { count: 2, timestamp: '2026-01-30T03:36:50.896Z' }

      at Logger.logMethod [as log] (utils/logger.ts:82:7)

    console.log
      [INFO] Upcoming meetings loaded { count: 2, timestamp: '2026-01-30T03:36:50.896Z' }

      at Logger.logMethod [as log] (utils/logger.ts:82:7)

    console.log
      [INFO] Upcoming meetings loaded { count: 2, timestamp: '2026-01-30T03:36:50.896Z' }

      at Logger.logMethod [as log] (utils/logger.ts:82:7)

    console.log
      [INFO] Upcoming meetings loaded { count: 2, timestamp: '2026-01-30T03:36:50.897Z' }

      at Logger.logMethod [as log] (utils/logger.ts:82:7)

    console.log
      [INFO] Upcoming meetings loaded { count: 2, timestamp: '2026-01-30T03:36:50.897Z' }

      at Logger.logMethod [as log] (utils/logger.ts:82:7)

    console.log
      [INFO] Upcoming meetings loaded { count: 2, timestamp: '2026-01-30T03:36:50.899Z' }

      at Logger.logMethod [as log] (utils/logger.ts:82:7)

    console.log
      [INFO] Upcoming meetings loaded { count: 2, timestamp: '2026-01-30T03:36:50.902Z' }

      at Logger.logMethod [as log] (utils/logger.ts:82:7)

    console.log
      [INFO] Upcoming meetings loaded { count: 2, timestamp: '2026-01-30T03:36:50.903Z' }

      at Logger.logMethod [as log] (utils/logger.ts:82:7)

    console.log
      [INFO] Upcoming meetings loaded { count: 2, timestamp: '2026-01-30T03:36:50.906Z' }

      at Logger.logMethod [as log] (utils/logger.ts:82:7)

    console.log
      [INFO] Upcoming meetings loaded { count: 2, timestamp: '2026-01-30T03:36:50.911Z' }

      at Logger.logMethod [as log] (utils/logger.ts:82:7)

    console.log
      [INFO] Upcoming meetings loaded { count: 2, timestamp: '2026-01-30T03:36:50.911Z' }

      at Logger.logMethod [as log] (utils/logger.ts:82:7)

    console.log
      [INFO] Upcoming meetings loaded { count: 2, timestamp: '2026-01-30T03:36:50.912Z' }

      at Logger.logMethod [as log] (utils/logger.ts:82:7)

    console.log
      [INFO] Upcoming meetings loaded { count: 2, timestamp: '2026-01-30T03:36:50.912Z' }

      at Logger.logMethod [as log] (utils/logger.ts:82:7)

    console.log
      [INFO] Upcoming meetings loaded { count: 2, timestamp: '2026-01-30T03:36:50.912Z' }

      at Logger.logMethod [as log] (utils/logger.ts:82:7)

    console.log
      [INFO] Upcoming meetings loaded { count: 2, timestamp: '2026-01-30T03:36:50.913Z' }

      at Logger.logMethod [as log] (utils/logger.ts:82:7)

    console.log
      [INFO] Upcoming meetings loaded { count: 2, timestamp: '2026-01-30T03:36:50.913Z' }

      at Logger.logMethod [as log] (utils/logger.ts:82:7)

    console.log
      [INFO] Upcoming meetings loaded { count: 2, timestamp: '2026-01-30T03:36:50.913Z' }

      at Logger.logMethod [as log] (utils/logger.ts:82:7)

    console.log
      [INFO] Upcoming meetings loaded { count: 2, timestamp: '2026-01-30T03:36:50.914Z' }

      at Logger.logMethod [as log] (utils/logger.ts:82:7)

    console.log
      [INFO] Upcoming meetings loaded { count: 2, timestamp: '2026-01-30T03:36:50.914Z' }

      at Logger.logMethod [as log] (utils/logger.ts:82:7)

    console.log
      [INFO] Upcoming meetings loaded { count: 2, timestamp: '2026-01-30T03:36:50.914Z' }

      at Logger.logMethod [as log] (utils/logger.ts:82:7)

    console.log
      [INFO] Upcoming meetings loaded { count: 2, timestamp: '2026-01-30T03:36:50.914Z' }

      at Logger.logMethod [as log] (utils/logger.ts:82:7)

    console.log
      [INFO] Upcoming meetings loaded { count: 2, timestamp: '2026-01-30T03:36:50.915Z' }

      at Logger.logMethod [as log] (utils/logger.ts:82:7)

    console.log
      [INFO] Upcoming meetings loaded { count: 2, timestamp: '2026-01-30T03:36:50.915Z' }

      at Logger.logMethod [as log] (utils/logger.ts:82:7)

    console.log
      [INFO] Upcoming meetings loaded { count: 2, timestamp: '2026-01-30T03:36:50.915Z' }

      at Logger.logMethod [as log] (utils/logger.ts:82:7)

    console.log
      [INFO] Upcoming meetings loaded { count: 2, timestamp: '2026-01-30T03:36:50.915Z' }

      at Logger.logMethod [as log] (utils/logger.ts:82:7)

    console.log
      [INFO] Upcoming meetings loaded { count: 2, timestamp: '2026-01-30T03:36:50.916Z' }

      at Logger.logMethod [as log] (utils/logger.ts:82:7)

    console.log
      [INFO] Upcoming meetings loaded { count: 2, timestamp: '2026-01-30T03:36:50.916Z' }

      at Logger.logMethod [as log] (utils/logger.ts:82:7)

    console.log
      [INFO] Upcoming meetings loaded { count: 2, timestamp: '2026-01-30T03:36:50.916Z' }

      at Logger.logMethod [as log] (utils/logger.ts:82:7)

    console.log
      [INFO] Upcoming meetings loaded { count: 2, timestamp: '2026-01-30T03:36:50.916Z' }

      at Logger.logMethod [as log] (utils/logger.ts:82:7)

    console.log
      [INFO] Upcoming meetings loaded { count: 2, timestamp: '2026-01-30T03:36:50.917Z' }

      at Logger.logMethod [as log] (utils/logger.ts:82:7)

    console.log
      [INFO] Upcoming meetings loaded { count: 2, timestamp: '2026-01-30T03:36:50.917Z' }

      at Logger.logMethod [as log] (utils/logger.ts:82:7)

    console.log
      [INFO] Upcoming meetings loaded { count: 2, timestamp: '2026-01-30T03:36:50.917Z' }

      at Logger.logMethod [as log] (utils/logger.ts:82:7)

    console.log
      [INFO] Upcoming meetings loaded { count: 2, timestamp: '2026-01-30T03:36:50.917Z' }

      at Logger.logMethod [as log] (utils/logger.ts:82:7)

    console.log
      [INFO] Upcoming meetings loaded { count: 2, timestamp: '2026-01-30T03:36:50.918Z' }

      at Logger.logMethod [as log] (utils/logger.ts:82:7)

    console.log
      [INFO] Upcoming meetings loaded { count: 2, timestamp: '2026-01-30T03:36:50.918Z' }

      at Logger.logMethod [as log] (utils/logger.ts:82:7)

    console.log
      [INFO] Upcoming meetings loaded { count: 2, timestamp: '2026-01-30T03:36:50.918Z' }

      at Logger.logMethod [as log] (utils/logger.ts:82:7)

    console.log
      [INFO] Upcoming meetings loaded { count: 2, timestamp: '2026-01-30T03:36:50.919Z' }

      at Logger.logMethod [as log] (utils/logger.ts:82:7)

    console.log
      [INFO] Upcoming meetings loaded { count: 2, timestamp: '2026-01-30T03:36:50.919Z' }

      at Logger.logMethod [as log] (utils/logger.ts:82:7)

    console.log
      [INFO] Upcoming meetings loaded { count: 2, timestamp: '2026-01-30T03:36:50.919Z' }

      at Logger.logMethod [as log] (utils/logger.ts:82:7)

    console.log
      [INFO] Upcoming meetings loaded { count: 2, timestamp: '2026-01-30T03:36:50.920Z' }

      at Logger.logMethod [as log] (utils/logger.ts:82:7)

    console.log
      [INFO] Upcoming meetings loaded { count: 2, timestamp: '2026-01-30T03:36:50.920Z' }

      at Logger.logMethod [as log] (utils/logger.ts:82:7)

    console.log
      [INFO] Upcoming meetings loaded { count: 2, timestamp: '2026-01-30T03:36:50.920Z' }

      at Logger.logMethod [as log] (utils/logger.ts:82:7)

    console.log
      [INFO] Upcoming meetings loaded { count: 2, timestamp: '2026-01-30T03:36:50.920Z' }

      at Logger.logMethod [as log] (utils/logger.ts:82:7)

    console.log
      [INFO] Upcoming meetings loaded { count: 2, timestamp: '2026-01-30T03:36:50.921Z' }

      at Logger.logMethod [as log] (utils/logger.ts:82:7)

    console.log
      [INFO] Upcoming meetings loaded { count: 2, timestamp: '2026-01-30T03:36:50.921Z' }

      at Logger.logMethod [as log] (utils/logger.ts:82:7)

    console.log
      [INFO] Upcoming meetings loaded { count: 2, timestamp: '2026-01-30T03:36:50.921Z' }

      at Logger.logMethod [as log] (utils/logger.ts:82:7)

    console.log
      [INFO] Upcoming meetings loaded { count: 2, timestamp: '2026-01-30T03:36:50.922Z' }

      at Logger.logMethod [as log] (utils/logger.ts:82:7)

    console.log
      [INFO] Upcoming meetings loaded { count: 2, timestamp: '2026-01-30T03:36:50.922Z' }

      at Logger.logMethod [as log] (utils/logger.ts:82:7)

    console.log
      [INFO] Upcoming meetings loaded { count: 2, timestamp: '2026-01-30T03:36:50.922Z' }

      at Logger.logMethod [as log] (utils/logger.ts:82:7)

    console.log
      [INFO] Upcoming meetings loaded { count: 2, timestamp: '2026-01-30T03:36:50.922Z' }

      at Logger.logMethod [as log] (utils/logger.ts:82:7)

    console.log
      [INFO] Upcoming meetings loaded { count: 2, timestamp: '2026-01-30T03:36:50.923Z' }

      at Logger.logMethod [as log] (utils/logger.ts:82:7)

    console.log
      [INFO] Upcoming meetings loaded { count: 2, timestamp: '2026-01-30T03:36:50.923Z' }

      at Logger.logMethod [as log] (utils/logger.ts:82:7)

    console.log
      [INFO] Upcoming meetings loaded { count: 2, timestamp: '2026-01-30T03:36:50.923Z' }

      at Logger.logMethod [as log] (utils/logger.ts:82:7)

    console.log
      [INFO] Upcoming meetings loaded { count: 2, timestamp: '2026-01-30T03:36:50.924Z' }

      at Logger.logMethod [as log] (utils/logger.ts:82:7)

    console.log
      [INFO] Upcoming meetings loaded { count: 2, timestamp: '2026-01-30T03:36:50.924Z' }

      at Logger.logMethod [as log] (utils/logger.ts:82:7)

    console.log
      [INFO] Upcoming meetings loaded { count: 2, timestamp: '2026-01-30T03:36:50.924Z' }

      at Logger.logMethod [as log] (utils/logger.ts:82:7)

    console.log
      [INFO] Upcoming meetings loaded { count: 2, timestamp: '2026-01-30T03:36:50.925Z' }

      at Logger.logMethod [as log] (utils/logger.ts:82:7)

    console.log
      [INFO] Upcoming meetings loaded { count: 2, timestamp: '2026-01-30T03:36:50.925Z' }

      at Logger.logMethod [as log] (utils/logger.ts:82:7)

    console.log
      [INFO] Upcoming meetings loaded { count: 2, timestamp: '2026-01-30T03:36:50.926Z' }

      at Logger.logMethod [as log] (utils/logger.ts:82:7)

    console.log
      [INFO] Upcoming meetings loaded { count: 2, timestamp: '2026-01-30T03:36:50.926Z' }

      at Logger.logMethod [as log] (utils/logger.ts:82:7)

    console.log
      [INFO] Upcoming meetings loaded { count: 2, timestamp: '2026-01-30T03:36:50.926Z' }

      at Logger.logMethod [as log] (utils/logger.ts:82:7)

    console.log
      [INFO] Upcoming meetings loaded { count: 2, timestamp: '2026-01-30T03:36:50.927Z' }

      at Logger.logMethod [as log] (utils/logger.ts:82:7)

    console.log
      [INFO] Upcoming meetings loaded { count: 2, timestamp: '2026-01-30T03:36:50.927Z' }

      at Logger.logMethod [as log] (utils/logger.ts:82:7)

    console.log
      [INFO] Upcoming meetings loaded { count: 2, timestamp: '2026-01-30T03:36:50.928Z' }

      at Logger.logMethod [as log] (utils/logger.ts:82:7)

    console.log
      [INFO] Upcoming meetings loaded { count: 2, timestamp: '2026-01-30T03:36:50.928Z' }

      at Logger.logMethod [as log] (utils/logger.ts:82:7)

    console.log
      [INFO] Upcoming meetings loaded { count: 2, timestamp: '2026-01-30T03:36:50.928Z' }

      at Logger.logMethod [as log] (utils/logger.ts:82:7)

    console.log
      [INFO] Upcoming meetings loaded { count: 2, timestamp: '2026-01-30T03:36:50.929Z' }

      at Logger.logMethod [as log] (utils/logger.ts:82:7)

    console.log
      [INFO] Upcoming meetings loaded { count: 2, timestamp: '2026-01-30T03:36:50.929Z' }

      at Logger.logMethod [as log] (utils/logger.ts:82:7)

    console.log
      [INFO] Upcoming meetings loaded { count: 2, timestamp: '2026-01-30T03:36:50.929Z' }

      at Logger.logMethod [as log] (utils/logger.ts:82:7)

    console.log
      [INFO] Upcoming meetings loaded { count: 2, timestamp: '2026-01-30T03:36:50.930Z' }

      at Logger.logMethod [as log] (utils/logger.ts:82:7)

    console.log
      [INFO] Upcoming meetings loaded { count: 2, timestamp: '2026-01-30T03:36:50.930Z' }

      at Logger.logMethod [as log] (utils/logger.ts:82:7)

    console.log
      [INFO] Upcoming meetings loaded { count: 2, timestamp: '2026-01-30T03:36:50.930Z' }

      at Logger.logMethod [as log] (utils/logger.ts:82:7)

    console.log
      [INFO] Upcoming meetings loaded { count: 2, timestamp: '2026-01-30T03:36:50.931Z' }

      at Logger.logMethod [as log] (utils/logger.ts:82:7)

    console.log
      [INFO] Upcoming meetings loaded { count: 2, timestamp: '2026-01-30T03:36:50.931Z' }

      at Logger.logMethod [as log] (utils/logger.ts:82:7)

    console.log
      [INFO] Upcoming meetings loaded { count: 2, timestamp: '2026-01-30T03:36:50.931Z' }

      at Logger.logMethod [as log] (utils/logger.ts:82:7)

    console.log
      [INFO] Upcoming meetings loaded { count: 2, timestamp: '2026-01-30T03:36:50.931Z' }

      at Logger.logMethod [as log] (utils/logger.ts:82:7)

    console.log
      [INFO] Upcoming meetings loaded { count: 2, timestamp: '2026-01-30T03:36:50.932Z' }

      at Logger.logMethod [as log] (utils/logger.ts:82:7)

    console.log
      [INFO] Upcoming meetings loaded { count: 2, timestamp: '2026-01-30T03:36:50.932Z' }

      at Logger.logMethod [as log] (utils/logger.ts:82:7)

    console.log
      [INFO] Upcoming meetings loaded { count: 2, timestamp: '2026-01-30T03:36:50.932Z' }

      at Logger.logMethod [as log] (utils/logger.ts:82:7)

    console.log
      [INFO] Upcoming meetings loaded { count: 2, timestamp: '2026-01-30T03:36:50.933Z' }

      at Logger.logMethod [as log] (utils/logger.ts:82:7)

    console.log
      [INFO] Upcoming meetings loaded { count: 2, timestamp: '2026-01-30T03:36:50.933Z' }

      at Logger.logMethod [as log] (utils/logger.ts:82:7)

    console.log
      [INFO] Upcoming meetings loaded { count: 2, timestamp: '2026-01-30T03:36:50.933Z' }

      at Logger.logMethod [as log] (utils/logger.ts:82:7)

    console.log
      [INFO] Upcoming meetings loaded { count: 2, timestamp: '2026-01-30T03:36:50.934Z' }

      at Logger.logMethod [as log] (utils/logger.ts:82:7)

    console.log
      [INFO] Upcoming meetings loaded { count: 2, timestamp: '2026-01-30T03:36:50.934Z' }

      at Logger.logMethod [as log] (utils/logger.ts:82:7)

    console.log
      [INFO] Upcoming meetings loaded { count: 2, timestamp: '2026-01-30T03:36:50.934Z' }

      at Logger.logMethod [as log] (utils/logger.ts:82:7)

    console.log
      [INFO] Upcoming meetings loaded { count: 2, timestamp: '2026-01-30T03:36:50.935Z' }

      at Logger.logMethod [as log] (utils/logger.ts:82:7)

    console.log
      [INFO] Upcoming meetings loaded { count: 2, timestamp: '2026-01-30T03:36:50.935Z' }

      at Logger.logMethod [as log] (utils/logger.ts:82:7)

    console.log
      [INFO] Upcoming meetings loaded { count: 2, timestamp: '2026-01-30T03:36:50.935Z' }

      at Logger.logMethod [as log] (utils/logger.ts:82:7)

    console.log
      [INFO] Upcoming meetings loaded { count: 2, timestamp: '2026-01-30T03:36:50.935Z' }

      at Logger.logMethod [as log] (utils/logger.ts:82:7)

    console.log
      [INFO] Upcoming meetings loaded { count: 2, timestamp: '2026-01-30T03:36:50.936Z' }

      at Logger.logMethod [as log] (utils/logger.ts:82:7)

    console.log
      [INFO] Upcoming meetings loaded { count: 2, timestamp: '2026-01-30T03:36:50.936Z' }

      at Logger.logMethod [as log] (utils/logger.ts:82:7)

    console.log
      [INFO] Upcoming meetings loaded { count: 2, timestamp: '2026-01-30T03:36:50.936Z' }

      at Logger.logMethod [as log] (utils/logger.ts:82:7)

    console.log
      [INFO] Upcoming meetings loaded { count: 2, timestamp: '2026-01-30T03:36:50.936Z' }

      at Logger.logMethod [as log] (utils/logger.ts:82:7)

    console.log
      [INFO] Upcoming meetings loaded { count: 2, timestamp: '2026-01-30T03:36:50.937Z' }

      at Logger.logMethod [as log] (utils/logger.ts:82:7)

    console.log
      [INFO] Upcoming meetings loaded { count: 2, timestamp: '2026-01-30T03:36:50.937Z' }

      at Logger.logMethod [as log] (utils/logger.ts:82:7)

    console.log
      [INFO] Upcoming meetings loaded { count: 2, timestamp: '2026-01-30T03:36:50.937Z' }

      at Logger.logMethod [as log] (utils/logger.ts:82:7)

    console.log
      [INFO] Upcoming meetings loaded { count: 2, timestamp: '2026-01-30T03:36:50.938Z' }

      at Logger.logMethod [as log] (utils/logger.ts:82:7)

    console.log
      [INFO] Upcoming meetings loaded { count: 2, timestamp: '2026-01-30T03:36:50.938Z' }

      at Logger.logMethod [as log] (utils/logger.ts:82:7)

    console.log
      [INFO] Upcoming meetings loaded { count: 2, timestamp: '2026-01-30T03:36:50.938Z' }

      at Logger.logMethod [as log] (utils/logger.ts:82:7)

    console.log
      [INFO] Upcoming meetings loaded { count: 2, timestamp: '2026-01-30T03:36:50.938Z' }

      at Logger.logMethod [as log] (utils/logger.ts:82:7)

    console.log
      [INFO] Upcoming meetings loaded { count: 2, timestamp: '2026-01-30T03:36:50.939Z' }

      at Logger.logMethod [as log] (utils/logger.ts:82:7)

    console.log
      [INFO] Upcoming meetings loaded { count: 2, timestamp: '2026-01-30T03:36:50.939Z' }

      at Logger.logMethod [as log] (utils/logger.ts:82:7)

    console.log
      [INFO] Upcoming meetings loaded { count: 2, timestamp: '2026-01-30T03:36:50.939Z' }

      at Logger.logMethod [as log] (utils/logger.ts:82:7)

    console.log
      [INFO] Upcoming meetings loaded { count: 2, timestamp: '2026-01-30T03:36:50.940Z' }

      at Logger.logMethod [as log] (utils/logger.ts:82:7)

    console.log
      [INFO] Upcoming meetings loaded { count: 2, timestamp: '2026-01-30T03:36:50.940Z' }

      at Logger.logMethod [as log] (utils/logger.ts:82:7)

    console.log
      [INFO] Upcoming meetings loaded { count: 2, timestamp: '2026-01-30T03:36:50.941Z' }

      at Logger.logMethod [as log] (utils/logger.ts:82:7)

    console.log
      [INFO] Upcoming meetings loaded { count: 2, timestamp: '2026-01-30T03:36:50.941Z' }

      at Logger.logMethod [as log] (utils/logger.ts:82:7)

    console.log
      [INFO] Upcoming meetings loaded { count: 2, timestamp: '2026-01-30T03:36:50.942Z' }

      at Logger.logMethod [as log] (utils/logger.ts:82:7)

    console.log
      [INFO] Upcoming meetings loaded { count: 2, timestamp: '2026-01-30T03:36:50.942Z' }

      at Logger.logMethod [as log] (utils/logger.ts:82:7)

    console.log
      [INFO] Upcoming meetings loaded { count: 2, timestamp: '2026-01-30T03:36:50.942Z' }

      at Logger.logMethod [as log] (utils/logger.ts:82:7)

    console.log
      [INFO] Upcoming meetings loaded { count: 2, timestamp: '2026-01-30T03:36:50.943Z' }

      at Logger.logMethod [as log] (utils/logger.ts:82:7)

    console.log
      [INFO] Upcoming meetings loaded { count: 2, timestamp: '2026-01-30T03:36:50.943Z' }

      at Logger.logMethod [as log] (utils/logger.ts:82:7)

    console.log
      [INFO] Upcoming meetings loaded { count: 2, timestamp: '2026-01-30T03:36:50.944Z' }

      at Logger.logMethod [as log] (utils/logger.ts:82:7)

    console.log
      [INFO] Upcoming meetings loaded { count: 2, timestamp: '2026-01-30T03:36:50.944Z' }

      at Logger.logMethod [as log] (utils/logger.ts:82:7)

    console.log
      [INFO] Upcoming meetings loaded { count: 2, timestamp: '2026-01-30T03:36:50.944Z' }

      at Logger.logMethod [as log] (utils/logger.ts:82:7)

    console.log
      [INFO] Upcoming meetings loaded { count: 2, timestamp: '2026-01-30T03:36:50.945Z' }

      at Logger.logMethod [as log] (utils/logger.ts:82:7)

    console.log
      [INFO] Upcoming meetings loaded { count: 2, timestamp: '2026-01-30T03:36:50.945Z' }

      at Logger.logMethod [as log] (utils/logger.ts:82:7)

    console.log
      [INFO] Upcoming meetings loaded { count: 2, timestamp: '2026-01-30T03:36:50.945Z' }

      at Logger.logMethod [as log] (utils/logger.ts:82:7)

    console.log
      [INFO] Upcoming meetings loaded { count: 2, timestamp: '2026-01-30T03:36:50.945Z' }

      at Logger.logMethod [as log] (utils/logger.ts:82:7)

    console.log
      [INFO] Upcoming meetings loaded { count: 2, timestamp: '2026-01-30T03:36:50.946Z' }

      at Logger.logMethod [as log] (utils/logger.ts:82:7)

    console.log
      [INFO] Upcoming meetings loaded { count: 2, timestamp: '2026-01-30T03:36:50.946Z' }

      at Logger.logMethod [as log] (utils/logger.ts:82:7)

    console.log
      [INFO] Upcoming meetings loaded { count: 2, timestamp: '2026-01-30T03:36:50.946Z' }

      at Logger.logMethod [as log] (utils/logger.ts:82:7)

    console.log
      [INFO] Upcoming meetings loaded { count: 2, timestamp: '2026-01-30T03:36:50.946Z' }

      at Logger.logMethod [as log] (utils/logger.ts:82:7)

    console.log
      [INFO] Upcoming meetings loaded { count: 2, timestamp: '2026-01-30T03:36:50.947Z' }

      at Logger.logMethod [as log] (utils/logger.ts:82:7)

    console.log
      [INFO] Upcoming meetings loaded { count: 2, timestamp: '2026-01-30T03:36:50.947Z' }

      at Logger.logMethod [as log] (utils/logger.ts:82:7)

    console.log
      [INFO] Upcoming meetings loaded { count: 2, timestamp: '2026-01-30T03:36:50.947Z' }

      at Logger.logMethod [as log] (utils/logger.ts:82:7)

    console.log
      [INFO] Upcoming meetings loaded { count: 2, timestamp: '2026-01-30T03:36:50.948Z' }

      at Logger.logMethod [as log] (utils/logger.ts:82:7)

    console.log
      [INFO] Upcoming meetings loaded { count: 2, timestamp: '2026-01-30T03:36:50.948Z' }

      at Logger.logMethod [as log] (utils/logger.ts:82:7)

    console.log
      [INFO] Upcoming meetings loaded { count: 2, timestamp: '2026-01-30T03:36:50.948Z' }

      at Logger.logMethod [as log] (utils/logger.ts:82:7)

    console.log
      [INFO] Upcoming meetings loaded { count: 2, timestamp: '2026-01-30T03:36:50.948Z' }

      at Logger.logMethod [as log] (utils/logger.ts:82:7)

    console.log
      [INFO] Upcoming meetings loaded { count: 2, timestamp: '2026-01-30T03:36:50.949Z' }

      at Logger.logMethod [as log] (utils/logger.ts:82:7)

    console.log
      [INFO] Upcoming meetings loaded { count: 2, timestamp: '2026-01-30T03:36:50.949Z' }

      at Logger.logMethod [as log] (utils/logger.ts:82:7)

    console.log
      [INFO] Upcoming meetings loaded { count: 2, timestamp: '2026-01-30T03:36:50.949Z' }

      at Logger.logMethod [as log] (utils/logger.ts:82:7)

    console.log
      [INFO] Upcoming meetings loaded { count: 2, timestamp: '2026-01-30T03:36:50.950Z' }

      at Logger.logMethod [as log] (utils/logger.ts:82:7)

    console.log
      [INFO] Upcoming meetings loaded { count: 2, timestamp: '2026-01-30T03:36:50.950Z' }

      at Logger.logMethod [as log] (utils/logger.ts:82:7)

    console.log
      [INFO] Upcoming meetings loaded { count: 2, timestamp: '2026-01-30T03:36:50.950Z' }

      at Logger.logMethod [as log] (utils/logger.ts:82:7)

    console.log
      [INFO] Upcoming meetings loaded { count: 2, timestamp: '2026-01-30T03:36:50.950Z' }

      at Logger.logMethod [as log] (utils/logger.ts:82:7)

    console.log
      [INFO] Upcoming meetings loaded { count: 2, timestamp: '2026-01-30T03:36:50.951Z' }

      at Logger.logMethod [as log] (utils/logger.ts:82:7)

    console.log
      [INFO] Upcoming meetings loaded { count: 2, timestamp: '2026-01-30T03:36:50.951Z' }

      at Logger.logMethod [as log] (utils/logger.ts:82:7)

    console.log
      [INFO] Upcoming meetings loaded { count: 2, timestamp: '2026-01-30T03:36:50.951Z' }

      at Logger.logMethod [as log] (utils/logger.ts:82:7)

    console.log
      [INFO] Upcoming meetings loaded { count: 2, timestamp: '2026-01-30T03:36:50.951Z' }

      at Logger.logMethod [as log] (utils/logger.ts:82:7)

    console.log
      [INFO] Upcoming meetings loaded { count: 2, timestamp: '2026-01-30T03:36:50.952Z' }

      at Logger.logMethod [as log] (utils/logger.ts:82:7)

    console.log
      [INFO] Upcoming meetings loaded { count: 2, timestamp: '2026-01-30T03:36:50.952Z' }

      at Logger.logMethod [as log] (utils/logger.ts:82:7)

    console.log
      [INFO] Upcoming meetings loaded { count: 2, timestamp: '2026-01-30T03:36:50.952Z' }

      at Logger.logMethod [as log] (utils/logger.ts:82:7)

    console.log
      [INFO] Upcoming meetings loaded { count: 2, timestamp: '2026-01-30T03:36:50.952Z' }

      at Logger.logMethod [as log] (utils/logger.ts:82:7)

    console.log
      [INFO] Upcoming meetings loaded { count: 2, timestamp: '2026-01-30T03:36:50.953Z' }

      at Logger.logMethod [as log] (utils/logger.ts:82:7)

    console.log
      [INFO] Upcoming meetings loaded { count: 2, timestamp: '2026-01-30T03:36:50.953Z' }

      at Logger.logMethod [as log] (utils/logger.ts:82:7)

    console.log
      [INFO] Upcoming meetings loaded { count: 2, timestamp: '2026-01-30T03:36:50.953Z' }

      at Logger.logMethod [as log] (utils/logger.ts:82:7)

    console.log
      [INFO] Upcoming meetings loaded { count: 2, timestamp: '2026-01-30T03:36:50.954Z' }

      at Logger.logMethod [as log] (utils/logger.ts:82:7)

    console.log
      [INFO] Upcoming meetings loaded { count: 2, timestamp: '2026-01-30T03:36:50.954Z' }

      at Logger.logMethod [as log] (utils/logger.ts:82:7)

    console.log
      [INFO] Upcoming meetings loaded { count: 2, timestamp: '2026-01-30T03:36:50.954Z' }

      at Logger.logMethod [as log] (utils/logger.ts:82:7)

    console.log
      [INFO] Upcoming meetings loaded { count: 2, timestamp: '2026-01-30T03:36:50.954Z' }

      at Logger.logMethod [as log] (utils/logger.ts:82:7)

    console.log
      [INFO] Upcoming meetings loaded { count: 2, timestamp: '2026-01-30T03:36:50.955Z' }

      at Logger.logMethod [as log] (utils/logger.ts:82:7)

    console.log
      [INFO] Upcoming meetings loaded { count: 2, timestamp: '2026-01-30T03:36:50.955Z' }

      at Logger.logMethod [as log] (utils/logger.ts:82:7)

    console.log
      [INFO] Upcoming meetings loaded { count: 2, timestamp: '2026-01-30T03:36:50.955Z' }

      at Logger.logMethod [as log] (utils/logger.ts:82:7)

    console.log
      [INFO] Upcoming meetings loaded { count: 2, timestamp: '2026-01-30T03:36:50.957Z' }

      at Logger.logMethod [as log] (utils/logger.ts:82:7)

    console.log
      [INFO] Meeting added to phone calendar { meetingId: 'meeting1', timestamp: '2026-01-30T03:36:50.957Z' }

      at Logger.logMethod [as log] (utils/logger.ts:82:7)

    console.log
      [INFO] Upcoming meetings loaded { count: 2, timestamp: '2026-01-30T03:36:50.959Z' }

      at Logger.logMethod [as log] (utils/logger.ts:82:7)

    console.log
      [INFO] Upcoming meetings loaded { count: 2, timestamp: '2026-01-30T03:36:50.959Z' }

      at Logger.logMethod [as log] (utils/logger.ts:82:7)

    console.log
      [INFO] Upcoming meetings loaded { count: 2, timestamp: '2026-01-30T03:36:50.963Z' }

      at Logger.logMethod [as log] (utils/logger.ts:82:7)

    console.log
      [INFO] Upcoming meetings loaded { count: 2, timestamp: '2026-01-30T03:36:50.968Z' }

      at Logger.logMethod [as log] (utils/logger.ts:82:7)

    console.log
      [INFO] Upcoming meetings loaded { count: 2, timestamp: '2026-01-30T03:36:50.969Z' }

      at Logger.logMethod [as log] (utils/logger.ts:82:7)

    console.log
      [INFO] Upcoming meetings loaded { count: 2, timestamp: '2026-01-30T03:36:50.969Z' }

      at Logger.logMethod [as log] (utils/logger.ts:82:7)

    console.log
      [INFO] Upcoming meetings loaded { count: 2, timestamp: '2026-01-30T03:36:50.969Z' }

      at Logger.logMethod [as log] (utils/logger.ts:82:7)

    console.log
      [INFO] Upcoming meetings loaded { count: 2, timestamp: '2026-01-30T03:36:50.970Z' }

      at Logger.logMethod [as log] (utils/logger.ts:82:7)

    console.log
      [INFO] Upcoming meetings loaded { count: 2, timestamp: '2026-01-30T03:36:50.970Z' }

      at Logger.logMethod [as log] (utils/logger.ts:82:7)

    console.log
      [INFO] Upcoming meetings loaded { count: 2, timestamp: '2026-01-30T03:36:50.970Z' }

      at Logger.logMethod [as log] (utils/logger.ts:82:7)

    console.log
      [INFO] Upcoming meetings loaded { count: 2, timestamp: '2026-01-30T03:36:50.970Z' }

      at Logger.logMethod [as log] (utils/logger.ts:82:7)

    console.log
      [INFO] Upcoming meetings loaded { count: 2, timestamp: '2026-01-30T03:36:50.971Z' }

      at Logger.logMethod [as log] (utils/logger.ts:82:7)

    console.log
      [INFO] Upcoming meetings loaded { count: 2, timestamp: '2026-01-30T03:36:50.971Z' }

      at Logger.logMethod [as log] (utils/logger.ts:82:7)

    console.log
      [INFO] Upcoming meetings loaded { count: 2, timestamp: '2026-01-30T03:36:50.971Z' }

      at Logger.logMethod [as log] (utils/logger.ts:82:7)

    console.log
      [INFO] Upcoming meetings loaded { count: 2, timestamp: '2026-01-30T03:36:50.972Z' }

      at Logger.logMethod [as log] (utils/logger.ts:82:7)

    console.log
      [INFO] Upcoming meetings loaded { count: 2, timestamp: '2026-01-30T03:36:50.972Z' }

      at Logger.logMethod [as log] (utils/logger.ts:82:7)

    console.log
      [INFO] Upcoming meetings loaded { count: 2, timestamp: '2026-01-30T03:36:50.972Z' }

      at Logger.logMethod [as log] (utils/logger.ts:82:7)

    console.log
      [INFO] Upcoming meetings loaded { count: 2, timestamp: '2026-01-30T03:36:50.972Z' }

      at Logger.logMethod [as log] (utils/logger.ts:82:7)

    console.log
      [INFO] Upcoming meetings loaded { count: 2, timestamp: '2026-01-30T03:36:50.973Z' }

      at Logger.logMethod [as log] (utils/logger.ts:82:7)

    console.log
      [INFO] Upcoming meetings loaded { count: 2, timestamp: '2026-01-30T03:36:50.973Z' }

      at Logger.logMethod [as log] (utils/logger.ts:82:7)

    console.log
      [INFO] Upcoming meetings loaded { count: 2, timestamp: '2026-01-30T03:36:50.973Z' }

      at Logger.logMethod [as log] (utils/logger.ts:82:7)

    console.log
      [INFO] Upcoming meetings loaded { count: 2, timestamp: '2026-01-30T03:36:50.974Z' }

      at Logger.logMethod [as log] (utils/logger.ts:82:7)

    console.log
      [INFO] Upcoming meetings loaded { count: 2, timestamp: '2026-01-30T03:36:50.974Z' }

      at Logger.logMethod [as log] (utils/logger.ts:82:7)

    console.log
      [INFO] Upcoming meetings loaded { count: 2, timestamp: '2026-01-30T03:36:50.974Z' }

      at Logger.logMethod [as log] (utils/logger.ts:82:7)

    console.log
      [INFO] Upcoming meetings loaded { count: 2, timestamp: '2026-01-30T03:36:50.974Z' }

      at Logger.logMethod [as log] (utils/logger.ts:82:7)

    console.log
      [INFO] Upcoming meetings loaded { count: 2, timestamp: '2026-01-30T03:36:50.975Z' }

      at Logger.logMethod [as log] (utils/logger.ts:82:7)

    console.log
      [INFO] Upcoming meetings loaded { count: 2, timestamp: '2026-01-30T03:36:50.975Z' }

      at Logger.logMethod [as log] (utils/logger.ts:82:7)

    console.log
      [INFO] Upcoming meetings loaded { count: 2, timestamp: '2026-01-30T03:36:50.975Z' }

      at Logger.logMethod [as log] (utils/logger.ts:82:7)

    console.log
      [INFO] Upcoming meetings loaded { count: 2, timestamp: '2026-01-30T03:36:50.975Z' }

      at Logger.logMethod [as log] (utils/logger.ts:82:7)

    console.log
      [INFO] Upcoming meetings loaded { count: 2, timestamp: '2026-01-30T03:36:50.976Z' }

      at Logger.logMethod [as log] (utils/logger.ts:82:7)

    console.log
      [INFO] Upcoming meetings loaded { count: 2, timestamp: '2026-01-30T03:36:50.976Z' }

      at Logger.logMethod [as log] (utils/logger.ts:82:7)

    console.log
      [INFO] Upcoming meetings loaded { count: 2, timestamp: '2026-01-30T03:36:50.976Z' }

      at Logger.logMethod [as log] (utils/logger.ts:82:7)

    console.log
      [INFO] Upcoming meetings loaded { count: 2, timestamp: '2026-01-30T03:36:50.977Z' }

      at Logger.logMethod [as log] (utils/logger.ts:82:7)

    console.log
      [INFO] Upcoming meetings loaded { count: 2, timestamp: '2026-01-30T03:36:50.977Z' }

      at Logger.logMethod [as log] (utils/logger.ts:82:7)

    console.log
      [INFO] Upcoming meetings loaded { count: 2, timestamp: '2026-01-30T03:36:50.977Z' }

      at Logger.logMethod [as log] (utils/logger.ts:82:7)

    console.log
      [INFO] Upcoming meetings loaded { count: 2, timestamp: '2026-01-30T03:36:50.977Z' }

      at Logger.logMethod [as log] (utils/logger.ts:82:7)

    console.log
      [INFO] Upcoming meetings loaded { count: 2, timestamp: '2026-01-30T03:36:50.978Z' }

      at Logger.logMethod [as log] (utils/logger.ts:82:7)

    console.log
      [INFO] Upcoming meetings loaded { count: 2, timestamp: '2026-01-30T03:36:50.978Z' }

      at Logger.logMethod [as log] (utils/logger.ts:82:7)

    console.log
      [INFO] Upcoming meetings loaded { count: 2, timestamp: '2026-01-30T03:36:50.978Z' }

      at Logger.logMethod [as log] (utils/logger.ts:82:7)

    console.log
      [INFO] Upcoming meetings loaded { count: 2, timestamp: '2026-01-30T03:36:50.979Z' }

      at Logger.logMethod [as log] (utils/logger.ts:82:7)

    console.log
      [INFO] Upcoming meetings loaded { count: 2, timestamp: '2026-01-30T03:36:50.979Z' }

      at Logger.logMethod [as log] (utils/logger.ts:82:7)

    console.log
      [INFO] Upcoming meetings loaded { count: 2, timestamp: '2026-01-30T03:36:50.979Z' }

      at Logger.logMethod [as log] (utils/logger.ts:82:7)

    console.log
      [INFO] Upcoming meetings loaded { count: 2, timestamp: '2026-01-30T03:36:50.979Z' }

      at Logger.logMethod [as log] (utils/logger.ts:82:7)

    console.log
      [INFO] Upcoming meetings loaded { count: 2, timestamp: '2026-01-30T03:36:50.980Z' }

      at Logger.logMethod [as log] (utils/logger.ts:82:7)

    console.log
      [INFO] Upcoming meetings loaded { count: 2, timestamp: '2026-01-30T03:36:50.980Z' }

      at Logger.logMethod [as log] (utils/logger.ts:82:7)

    console.log
      [INFO] Upcoming meetings loaded { count: 2, timestamp: '2026-01-30T03:36:50.980Z' }

      at Logger.logMethod [as log] (utils/logger.ts:82:7)

    console.log
      [INFO] Upcoming meetings loaded { count: 2, timestamp: '2026-01-30T03:36:50.980Z' }

      at Logger.logMethod [as log] (utils/logger.ts:82:7)

    console.log
      [INFO] Upcoming meetings loaded { count: 2, timestamp: '2026-01-30T03:36:50.981Z' }

      at Logger.logMethod [as log] (utils/logger.ts:82:7)

    console.log
      [INFO] Upcoming meetings loaded { count: 2, timestamp: '2026-01-30T03:36:50.981Z' }

      at Logger.logMethod [as log] (utils/logger.ts:82:7)

    console.log
      [INFO] Upcoming meetings loaded { count: 2, timestamp: '2026-01-30T03:36:50.981Z' }

      at Logger.logMethod [as log] (utils/logger.ts:82:7)

    console.log
      [INFO] Upcoming meetings loaded { count: 2, timestamp: '2026-01-30T03:36:50.981Z' }

      at Logger.logMethod [as log] (utils/logger.ts:82:7)

    console.log
      [INFO] Upcoming meetings loaded { count: 2, timestamp: '2026-01-30T03:36:50.982Z' }

      at Logger.logMethod [as log] (utils/logger.ts:82:7)

    console.log
      [INFO] Upcoming meetings loaded { count: 2, timestamp: '2026-01-30T03:36:50.982Z' }

      at Logger.logMethod [as log] (utils/logger.ts:82:7)

    console.log
      [INFO] Upcoming meetings loaded { count: 2, timestamp: '2026-01-30T03:36:50.982Z' }

      at Logger.logMethod [as log] (utils/logger.ts:82:7)

    console.log
      [INFO] Upcoming meetings loaded { count: 2, timestamp: '2026-01-30T03:36:50.983Z' }

      at Logger.logMethod [as log] (utils/logger.ts:82:7)

    console.log
      [INFO] Upcoming meetings loaded { count: 2, timestamp: '2026-01-30T03:36:50.983Z' }

      at Logger.logMethod [as log] (utils/logger.ts:82:7)

    console.log
      [INFO] Upcoming meetings loaded { count: 2, timestamp: '2026-01-30T03:36:50.983Z' }

      at Logger.logMethod [as log] (utils/logger.ts:82:7)

    console.log
      [INFO] Upcoming meetings loaded { count: 2, timestamp: '2026-01-30T03:36:50.983Z' }

      at Logger.logMethod [as log] (utils/logger.ts:82:7)

    console.log
      [INFO] Upcoming meetings loaded { count: 2, timestamp: '2026-01-30T03:36:50.984Z' }

      at Logger.logMethod [as log] (utils/logger.ts:82:7)

    console.log
      [INFO] Upcoming meetings loaded { count: 2, timestamp: '2026-01-30T03:36:50.984Z' }

      at Logger.logMethod [as log] (utils/logger.ts:82:7)

    console.log
      [INFO] Upcoming meetings loaded { count: 2, timestamp: '2026-01-30T03:36:50.984Z' }

      at Logger.logMethod [as log] (utils/logger.ts:82:7)

    console.log
      [INFO] Upcoming meetings loaded { count: 2, timestamp: '2026-01-30T03:36:50.984Z' }

      at Logger.logMethod [as log] (utils/logger.ts:82:7)

    console.log
      [INFO] Upcoming meetings loaded { count: 2, timestamp: '2026-01-30T03:36:50.985Z' }

      at Logger.logMethod [as log] (utils/logger.ts:82:7)

    console.log
      [INFO] Upcoming meetings loaded { count: 2, timestamp: '2026-01-30T03:36:50.985Z' }

      at Logger.logMethod [as log] (utils/logger.ts:82:7)

    console.log
      [INFO] Upcoming meetings loaded { count: 2, timestamp: '2026-01-30T03:36:50.985Z' }

      at Logger.logMethod [as log] (utils/logger.ts:82:7)

    console.log
      [INFO] Upcoming meetings loaded { count: 2, timestamp: '2026-01-30T03:36:50.985Z' }

      at Logger.logMethod [as log] (utils/logger.ts:82:7)

    console.log
      [INFO] Upcoming meetings loaded { count: 2, timestamp: '2026-01-30T03:36:50.986Z' }

      at Logger.logMethod [as log] (utils/logger.ts:82:7)

    console.log
      [INFO] Upcoming meetings loaded { count: 2, timestamp: '2026-01-30T03:36:50.986Z' }

      at Logger.logMethod [as log] (utils/logger.ts:82:7)

    console.log
      [INFO] Upcoming meetings loaded { count: 2, timestamp: '2026-01-30T03:36:50.986Z' }

      at Logger.logMethod [as log] (utils/logger.ts:82:7)

    console.log
      [INFO] Upcoming meetings loaded { count: 2, timestamp: '2026-01-30T03:36:50.986Z' }

      at Logger.logMethod [as log] (utils/logger.ts:82:7)

    console.log
      [INFO] Upcoming meetings loaded { count: 2, timestamp: '2026-01-30T03:36:50.987Z' }

      at Logger.logMethod [as log] (utils/logger.ts:82:7)

    console.log
      [INFO] Upcoming meetings loaded { count: 2, timestamp: '2026-01-30T03:36:50.987Z' }

      at Logger.logMethod [as log] (utils/logger.ts:82:7)

    console.log
      [INFO] Upcoming meetings loaded { count: 2, timestamp: '2026-01-30T03:36:50.988Z' }

      at Logger.logMethod [as log] (utils/logger.ts:82:7)

    console.log
      [INFO] Upcoming meetings loaded { count: 2, timestamp: '2026-01-30T03:36:50.988Z' }

      at Logger.logMethod [as log] (utils/logger.ts:82:7)

    console.log
      [INFO] Upcoming meetings loaded { count: 2, timestamp: '2026-01-30T03:36:50.989Z' }

      at Logger.logMethod [as log] (utils/logger.ts:82:7)

    console.log
      [INFO] Upcoming meetings loaded { count: 2, timestamp: '2026-01-30T03:36:50.990Z' }

      at Logger.logMethod [as log] (utils/logger.ts:82:7)

    console.log
      [INFO] Upcoming meetings loaded { count: 2, timestamp: '2026-01-30T03:36:50.990Z' }

      at Logger.logMethod [as log] (utils/logger.ts:82:7)

    console.log
      [INFO] Upcoming meetings loaded { count: 2, timestamp: '2026-01-30T03:36:50.991Z' }

      at Logger.logMethod [as log] (utils/logger.ts:82:7)

    console.log
      [INFO] Upcoming meetings loaded { count: 2, timestamp: '2026-01-30T03:36:50.998Z' }

      at Logger.logMethod [as log] (utils/logger.ts:82:7)

    console.log
      [INFO] Upcoming meetings loaded { count: 2, timestamp: '2026-01-30T03:36:50.999Z' }

      at Logger.logMethod [as log] (utils/logger.ts:82:7)

    console.log
      [INFO] Upcoming meetings loaded { count: 2, timestamp: '2026-01-30T03:36:50.999Z' }

      at Logger.logMethod [as log] (utils/logger.ts:82:7)

    console.log
      [INFO] Upcoming meetings loaded { count: 2, timestamp: '2026-01-30T03:36:50.999Z' }

      at Logger.logMethod [as log] (utils/logger.ts:82:7)

    console.log
      [INFO] Upcoming meetings loaded { count: 2, timestamp: '2026-01-30T03:36:51.000Z' }

      at Logger.logMethod [as log] (utils/logger.ts:82:7)

    console.log
      [INFO] Upcoming meetings loaded { count: 2, timestamp: '2026-01-30T03:36:51.000Z' }

      at Logger.logMethod [as log] (utils/logger.ts:82:7)

    console.log
      [INFO] Upcoming meetings loaded { count: 2, timestamp: '2026-01-30T03:36:51.000Z' }

      at Logger.logMethod [as log] (utils/logger.ts:82:7)

    console.log
      [INFO] Upcoming meetings loaded { count: 2, timestamp: '2026-01-30T03:36:51.001Z' }

      at Logger.logMethod [as log] (utils/logger.ts:82:7)

    console.log
      [INFO] Upcoming meetings loaded { count: 2, timestamp: '2026-01-30T03:36:51.001Z' }

      at Logger.logMethod [as log] (utils/logger.ts:82:7)

    console.log
      [INFO] Upcoming meetings loaded { count: 2, timestamp: '2026-01-30T03:36:51.001Z' }

      at Logger.logMethod [as log] (utils/logger.ts:82:7)

    console.log
      [INFO] Upcoming meetings loaded { count: 2, timestamp: '2026-01-30T03:36:51.001Z' }

      at Logger.logMethod [as log] (utils/logger.ts:82:7)

    console.log
      [INFO] Upcoming meetings loaded { count: 2, timestamp: '2026-01-30T03:36:51.002Z' }

      at Logger.logMethod [as log] (utils/logger.ts:82:7)

    console.log
      [INFO] Upcoming meetings loaded { count: 2, timestamp: '2026-01-30T03:36:51.002Z' }

      at Logger.logMethod [as log] (utils/logger.ts:82:7)

    console.log
      [INFO] Upcoming meetings loaded { count: 2, timestamp: '2026-01-30T03:36:51.002Z' }

      at Logger.logMethod [as log] (utils/logger.ts:82:7)

    console.log
      [INFO] Upcoming meetings loaded { count: 2, timestamp: '2026-01-30T03:36:51.003Z' }

      at Logger.logMethod [as log] (utils/logger.ts:82:7)

    console.log
      [INFO] Upcoming meetings loaded { count: 2, timestamp: '2026-01-30T03:36:51.003Z' }

      at Logger.logMethod [as log] (utils/logger.ts:82:7)

    console.log
      [INFO] Upcoming meetings loaded { count: 2, timestamp: '2026-01-30T03:36:51.004Z' }

      at Logger.logMethod [as log] (utils/logger.ts:82:7)

    console.log
      [INFO] Upcoming meetings loaded { count: 2, timestamp: '2026-01-30T03:36:51.004Z' }

      at Logger.logMethod [as log] (utils/logger.ts:82:7)

    console.log
      [INFO] Upcoming meetings loaded { count: 2, timestamp: '2026-01-30T03:36:51.004Z' }

      at Logger.logMethod [as log] (utils/logger.ts:82:7)

    console.log
      [INFO] Upcoming meetings loaded { count: 2, timestamp: '2026-01-30T03:36:51.004Z' }

      at Logger.logMethod [as log] (utils/logger.ts:82:7)

    console.log
      [INFO] Upcoming meetings loaded { count: 2, timestamp: '2026-01-30T03:36:51.005Z' }

      at Logger.logMethod [as log] (utils/logger.ts:82:7)

    console.log
      [INFO] Upcoming meetings loaded { count: 2, timestamp: '2026-01-30T03:36:51.005Z' }

      at Logger.logMethod [as log] (utils/logger.ts:82:7)

    console.log
      [INFO] Upcoming meetings loaded { count: 2, timestamp: '2026-01-30T03:36:51.005Z' }

      at Logger.logMethod [as log] (utils/logger.ts:82:7)

    console.log
      [INFO] Upcoming meetings loaded { count: 2, timestamp: '2026-01-30T03:36:51.005Z' }

      at Logger.logMethod [as log] (utils/logger.ts:82:7)

    console.log
      [INFO] Upcoming meetings loaded { count: 2, timestamp: '2026-01-30T03:36:51.006Z' }

      at Logger.logMethod [as log] (utils/logger.ts:82:7)

    console.log
      [INFO] Upcoming meetings loaded { count: 2, timestamp: '2026-01-30T03:36:51.006Z' }

      at Logger.logMethod [as log] (utils/logger.ts:82:7)

    console.log
      [INFO] Upcoming meetings loaded { count: 2, timestamp: '2026-01-30T03:36:51.006Z' }

      at Logger.logMethod [as log] (utils/logger.ts:82:7)

    console.log
      [INFO] Upcoming meetings loaded { count: 2, timestamp: '2026-01-30T03:36:51.007Z' }

      at Logger.logMethod [as log] (utils/logger.ts:82:7)

    console.log
      [INFO] Upcoming meetings loaded { count: 2, timestamp: '2026-01-30T03:36:51.007Z' }

      at Logger.logMethod [as log] (utils/logger.ts:82:7)

    console.log
      [INFO] Upcoming meetings loaded { count: 2, timestamp: '2026-01-30T03:36:51.007Z' }

      at Logger.logMethod [as log] (utils/logger.ts:82:7)

    console.log
      [INFO] Upcoming meetings loaded { count: 2, timestamp: '2026-01-30T03:36:51.008Z' }

      at Logger.logMethod [as log] (utils/logger.ts:82:7)

    console.log
      [INFO] Upcoming meetings loaded { count: 2, timestamp: '2026-01-30T03:36:51.008Z' }

      at Logger.logMethod [as log] (utils/logger.ts:82:7)

    console.log
      [INFO] Upcoming meetings loaded { count: 2, timestamp: '2026-01-30T03:36:51.008Z' }

      at Logger.logMethod [as log] (utils/logger.ts:82:7)

    console.log
      [INFO] Upcoming meetings loaded { count: 2, timestamp: '2026-01-30T03:36:51.008Z' }

      at Logger.logMethod [as log] (utils/logger.ts:82:7)

    console.log
      [INFO] Upcoming meetings loaded { count: 2, timestamp: '2026-01-30T03:36:51.009Z' }

      at Logger.logMethod [as log] (utils/logger.ts:82:7)

    console.log
      [INFO] Upcoming meetings loaded { count: 2, timestamp: '2026-01-30T03:36:51.009Z' }

      at Logger.logMethod [as log] (utils/logger.ts:82:7)

    console.log
      [INFO] Upcoming meetings loaded { count: 2, timestamp: '2026-01-30T03:36:51.009Z' }

      at Logger.logMethod [as log] (utils/logger.ts:82:7)

    console.log
      [INFO] Upcoming meetings loaded { count: 2, timestamp: '2026-01-30T03:36:51.009Z' }

      at Logger.logMethod [as log] (utils/logger.ts:82:7)

    console.log
      [INFO] Upcoming meetings loaded { count: 2, timestamp: '2026-01-30T03:36:51.010Z' }

      at Logger.logMethod [as log] (utils/logger.ts:82:7)

    console.log
      [INFO] Upcoming meetings loaded { count: 2, timestamp: '2026-01-30T03:36:51.010Z' }

      at Logger.logMethod [as log] (utils/logger.ts:82:7)

    console.log
      [INFO] Upcoming meetings loaded { count: 2, timestamp: '2026-01-30T03:36:51.010Z' }

      at Logger.logMethod [as log] (utils/logger.ts:82:7)

    console.log
      [INFO] Upcoming meetings loaded { count: 2, timestamp: '2026-01-30T03:36:51.011Z' }

      at Logger.logMethod [as log] (utils/logger.ts:82:7)

    console.log
      [INFO] Upcoming meetings loaded { count: 2, timestamp: '2026-01-30T03:36:51.011Z' }

      at Logger.logMethod [as log] (utils/logger.ts:82:7)

    console.log
      [INFO] Upcoming meetings loaded { count: 2, timestamp: '2026-01-30T03:36:51.011Z' }

      at Logger.logMethod [as log] (utils/logger.ts:82:7)

    console.log
      [INFO] Upcoming meetings loaded { count: 2, timestamp: '2026-01-30T03:36:51.011Z' }

      at Logger.logMethod [as log] (utils/logger.ts:82:7)

    console.log
      [INFO] Upcoming meetings loaded { count: 2, timestamp: '2026-01-30T03:36:51.012Z' }

      at Logger.logMethod [as log] (utils/logger.ts:82:7)

    console.log
      [INFO] Upcoming meetings loaded { count: 2, timestamp: '2026-01-30T03:36:51.013Z' }

      at Logger.logMethod [as log] (utils/logger.ts:82:7)

    console.log
      [INFO] Upcoming meetings loaded { count: 2, timestamp: '2026-01-30T03:36:51.013Z' }

      at Logger.logMethod [as log] (utils/logger.ts:82:7)

    console.log
      [INFO] Upcoming meetings loaded { count: 2, timestamp: '2026-01-30T03:36:51.014Z' }

      at Logger.logMethod [as log] (utils/logger.ts:82:7)

    console.log
      [INFO] Upcoming meetings loaded { count: 2, timestamp: '2026-01-30T03:36:51.017Z' }

      at Logger.logMethod [as log] (utils/logger.ts:82:7)

    console.log
      [INFO] Upcoming meetings loaded { count: 2, timestamp: '2026-01-30T03:36:51.025Z' }

      at Logger.logMethod [as log] (utils/logger.ts:82:7)

    console.log
      [INFO] Upcoming meetings loaded { count: 2, timestamp: '2026-01-30T03:36:51.026Z' }

      at Logger.logMethod [as log] (utils/logger.ts:82:7)

    console.log
      [INFO] Upcoming meetings loaded { count: 2, timestamp: '2026-01-30T03:36:51.027Z' }

      at Logger.logMethod [as log] (utils/logger.ts:82:7)

    console.log
      [INFO] Upcoming meetings loaded { count: 2, timestamp: '2026-01-30T03:36:51.027Z' }

      at Logger.logMethod [as log] (utils/logger.ts:82:7)

    console.log
      [INFO] Upcoming meetings loaded { count: 2, timestamp: '2026-01-30T03:36:51.028Z' }

      at Logger.logMethod [as log] (utils/logger.ts:82:7)

    console.log
      [INFO] Upcoming meetings loaded { count: 2, timestamp: '2026-01-30T03:36:51.028Z' }

      at Logger.logMethod [as log] (utils/logger.ts:82:7)

    console.log
      [INFO] Upcoming meetings loaded { count: 2, timestamp: '2026-01-30T03:36:51.029Z' }

      at Logger.logMethod [as log] (utils/logger.ts:82:7)

    console.log
      [INFO] Upcoming meetings loaded { count: 2, timestamp: '2026-01-30T03:36:51.029Z' }

      at Logger.logMethod [as log] (utils/logger.ts:82:7)

    console.log
      [INFO] Upcoming meetings loaded { count: 2, timestamp: '2026-01-30T03:36:51.030Z' }

      at Logger.logMethod [as log] (utils/logger.ts:82:7)

    console.log
      [INFO] Upcoming meetings loaded { count: 2, timestamp: '2026-01-30T03:36:51.030Z' }

      at Logger.logMethod [as log] (utils/logger.ts:82:7)

    console.log
      [INFO] Upcoming meetings loaded { count: 2, timestamp: '2026-01-30T03:36:51.031Z' }

      at Logger.logMethod [as log] (utils/logger.ts:82:7)

    console.log
      [INFO] Upcoming meetings loaded { count: 2, timestamp: '2026-01-30T03:36:51.031Z' }

      at Logger.logMethod [as log] (utils/logger.ts:82:7)

    console.log
      [INFO] Upcoming meetings loaded { count: 2, timestamp: '2026-01-30T03:36:51.032Z' }

      at Logger.logMethod [as log] (utils/logger.ts:82:7)

    console.log
      [INFO] Upcoming meetings loaded { count: 2, timestamp: '2026-01-30T03:36:51.032Z' }

      at Logger.logMethod [as log] (utils/logger.ts:82:7)

    console.log
      [INFO] Upcoming meetings loaded { count: 2, timestamp: '2026-01-30T03:36:51.033Z' }

      at Logger.logMethod [as log] (utils/logger.ts:82:7)

    console.log
      [INFO] Upcoming meetings loaded { count: 2, timestamp: '2026-01-30T03:36:51.033Z' }

      at Logger.logMethod [as log] (utils/logger.ts:82:7)

    console.log
      [INFO] Upcoming meetings loaded { count: 2, timestamp: '2026-01-30T03:36:51.033Z' }

      at Logger.logMethod [as log] (utils/logger.ts:82:7)

    console.log
      [INFO] Upcoming meetings loaded { count: 2, timestamp: '2026-01-30T03:36:51.034Z' }

      at Logger.logMethod [as log] (utils/logger.ts:82:7)

    console.log
      [INFO] Upcoming meetings loaded { count: 2, timestamp: '2026-01-30T03:36:51.034Z' }

      at Logger.logMethod [as log] (utils/logger.ts:82:7)

    console.log
      [INFO] Upcoming meetings loaded { count: 2, timestamp: '2026-01-30T03:36:51.034Z' }

      at Logger.logMethod [as log] (utils/logger.ts:82:7)

    console.log
      [INFO] Upcoming meetings loaded { count: 2, timestamp: '2026-01-30T03:36:51.035Z' }

      at Logger.logMethod [as log] (utils/logger.ts:82:7)

    console.log
      [INFO] Upcoming meetings loaded { count: 2, timestamp: '2026-01-30T03:36:51.035Z' }

      at Logger.logMethod [as log] (utils/logger.ts:82:7)

    console.log
      [INFO] Upcoming meetings loaded { count: 2, timestamp: '2026-01-30T03:36:51.035Z' }

      at Logger.logMethod [as log] (utils/logger.ts:82:7)

    console.log
      [INFO] Upcoming meetings loaded { count: 2, timestamp: '2026-01-30T03:36:51.035Z' }

      at Logger.logMethod [as log] (utils/logger.ts:82:7)

    console.log
      [INFO] Upcoming meetings loaded { count: 2, timestamp: '2026-01-30T03:36:51.036Z' }

      at Logger.logMethod [as log] (utils/logger.ts:82:7)

    console.log
      [INFO] Upcoming meetings loaded { count: 2, timestamp: '2026-01-30T03:36:51.036Z' }

      at Logger.logMethod [as log] (utils/logger.ts:82:7)

    console.log
      [INFO] Upcoming meetings loaded { count: 2, timestamp: '2026-01-30T03:36:51.036Z' }

      at Logger.logMethod [as log] (utils/logger.ts:82:7)

    console.log
      [INFO] Upcoming meetings loaded { count: 2, timestamp: '2026-01-30T03:36:51.037Z' }

      at Logger.logMethod [as log] (utils/logger.ts:82:7)

    console.log
      [INFO] Upcoming meetings loaded { count: 2, timestamp: '2026-01-30T03:36:51.037Z' }

      at Logger.logMethod [as log] (utils/logger.ts:82:7)

    console.log
      [INFO] Upcoming meetings loaded { count: 2, timestamp: '2026-01-30T03:36:51.037Z' }

      at Logger.logMethod [as log] (utils/logger.ts:82:7)

    console.log
      [INFO] Upcoming meetings loaded { count: 2, timestamp: '2026-01-30T03:36:51.037Z' }

      at Logger.logMethod [as log] (utils/logger.ts:82:7)

    console.log
      [INFO] Upcoming meetings loaded { count: 2, timestamp: '2026-01-30T03:36:51.038Z' }

      at Logger.logMethod [as log] (utils/logger.ts:82:7)

    console.log
      [INFO] Upcoming meetings loaded { count: 2, timestamp: '2026-01-30T03:36:51.038Z' }

      at Logger.logMethod [as log] (utils/logger.ts:82:7)

    console.log
      [INFO] Upcoming meetings loaded { count: 2, timestamp: '2026-01-30T03:36:51.038Z' }

      at Logger.logMethod [as log] (utils/logger.ts:82:7)

    console.log
      [INFO] Upcoming meetings loaded { count: 2, timestamp: '2026-01-30T03:36:51.039Z' }

      at Logger.logMethod [as log] (utils/logger.ts:82:7)

    console.log
      [INFO] Upcoming meetings loaded { count: 2, timestamp: '2026-01-30T03:36:51.039Z' }

      at Logger.logMethod [as log] (utils/logger.ts:82:7)

    console.log
      [INFO] Upcoming meetings loaded { count: 2, timestamp: '2026-01-30T03:36:51.039Z' }

      at Logger.logMethod [as log] (utils/logger.ts:82:7)

    console.log
      [INFO] Upcoming meetings loaded { count: 2, timestamp: '2026-01-30T03:36:51.039Z' }

      at Logger.logMethod [as log] (utils/logger.ts:82:7)

    console.log
      [INFO] Upcoming meetings loaded { count: 2, timestamp: '2026-01-30T03:36:51.040Z' }

      at Logger.logMethod [as log] (utils/logger.ts:82:7)

    console.log
      [INFO] Upcoming meetings loaded { count: 2, timestamp: '2026-01-30T03:36:51.040Z' }

      at Logger.logMethod [as log] (utils/logger.ts:82:7)

    console.log
      [INFO] Upcoming meetings loaded { count: 2, timestamp: '2026-01-30T03:36:51.040Z' }

      at Logger.logMethod [as log] (utils/logger.ts:82:7)

    console.log
      [INFO] Upcoming meetings loaded { count: 2, timestamp: '2026-01-30T03:36:51.041Z' }

      at Logger.logMethod [as log] (utils/logger.ts:82:7)

    console.log
      [INFO] Upcoming meetings loaded { count: 2, timestamp: '2026-01-30T03:36:51.041Z' }

      at Logger.logMethod [as log] (utils/logger.ts:82:7)

    console.log
      [INFO] Upcoming meetings loaded { count: 2, timestamp: '2026-01-30T03:36:51.041Z' }

      at Logger.logMethod [as log] (utils/logger.ts:82:7)

    console.log
      [INFO] Upcoming meetings loaded { count: 2, timestamp: '2026-01-30T03:36:51.041Z' }

      at Logger.logMethod [as log] (utils/logger.ts:82:7)

    console.log
      [INFO] Upcoming meetings loaded { count: 2, timestamp: '2026-01-30T03:36:51.042Z' }

      at Logger.logMethod [as log] (utils/logger.ts:82:7)

    console.log
      [INFO] Upcoming meetings loaded { count: 2, timestamp: '2026-01-30T03:36:51.042Z' }

      at Logger.logMethod [as log] (utils/logger.ts:82:7)

    console.log
      [INFO] Upcoming meetings loaded { count: 2, timestamp: '2026-01-30T03:36:51.042Z' }

      at Logger.logMethod [as log] (utils/logger.ts:82:7)

    console.log
      [INFO] Upcoming meetings loaded { count: 2, timestamp: '2026-01-30T03:36:51.042Z' }

      at Logger.logMethod [as log] (utils/logger.ts:82:7)

    console.log
      [INFO] Upcoming meetings loaded { count: 2, timestamp: '2026-01-30T03:36:51.043Z' }

      at Logger.logMethod [as log] (utils/logger.ts:82:7)

    console.log
      [INFO] Upcoming meetings loaded { count: 2, timestamp: '2026-01-30T03:36:51.043Z' }

      at Logger.logMethod [as log] (utils/logger.ts:82:7)

    console.log
      [INFO] Upcoming meetings loaded { count: 2, timestamp: '2026-01-30T03:36:51.043Z' }

      at Logger.logMethod [as log] (utils/logger.ts:82:7)

    console.log
      [INFO] Upcoming meetings loaded { count: 2, timestamp: '2026-01-30T03:36:51.043Z' }

      at Logger.logMethod [as log] (utils/logger.ts:82:7)

    console.log
      [INFO] Upcoming meetings loaded { count: 2, timestamp: '2026-01-30T03:36:51.044Z' }

      at Logger.logMethod [as log] (utils/logger.ts:82:7)

    console.log
      [INFO] Upcoming meetings loaded { count: 2, timestamp: '2026-01-30T03:36:51.044Z' }

      at Logger.logMethod [as log] (utils/logger.ts:82:7)

    console.log
      [INFO] Upcoming meetings loaded { count: 2, timestamp: '2026-01-30T03:36:51.044Z' }

      at Logger.logMethod [as log] (utils/logger.ts:82:7)

    console.log
      [INFO] Upcoming meetings loaded { count: 2, timestamp: '2026-01-30T03:36:51.045Z' }

      at Logger.logMethod [as log] (utils/logger.ts:82:7)

    console.log
      [INFO] Upcoming meetings loaded { count: 2, timestamp: '2026-01-30T03:36:51.045Z' }

      at Logger.logMethod [as log] (utils/logger.ts:82:7)

    console.log
      [INFO] Upcoming meetings loaded { count: 2, timestamp: '2026-01-30T03:36:51.045Z' }

      at Logger.logMethod [as log] (utils/logger.ts:82:7)

    console.log
      [INFO] Upcoming meetings loaded { count: 2, timestamp: '2026-01-30T03:36:51.045Z' }

      at Logger.logMethod [as log] (utils/logger.ts:82:7)

    console.log
      [INFO] Upcoming meetings loaded { count: 2, timestamp: '2026-01-30T03:36:51.046Z' }

      at Logger.logMethod [as log] (utils/logger.ts:82:7)

    console.log
      [INFO] Upcoming meetings loaded { count: 2, timestamp: '2026-01-30T03:36:51.046Z' }

      at Logger.logMethod [as log] (utils/logger.ts:82:7)

    console.log
      [INFO] Upcoming meetings loaded { count: 2, timestamp: '2026-01-30T03:36:51.046Z' }

      at Logger.logMethod [as log] (utils/logger.ts:82:7)

    console.log
      [INFO] Upcoming meetings loaded { count: 2, timestamp: '2026-01-30T03:36:51.047Z' }

      at Logger.logMethod [as log] (utils/logger.ts:82:7)

    console.log
      [INFO] Upcoming meetings loaded { count: 2, timestamp: '2026-01-30T03:36:51.047Z' }

      at Logger.logMethod [as log] (utils/logger.ts:82:7)

    console.log
      [INFO] Upcoming meetings loaded { count: 2, timestamp: '2026-01-30T03:36:51.047Z' }

      at Logger.logMethod [as log] (utils/logger.ts:82:7)

    console.log
      [INFO] Upcoming meetings loaded { count: 2, timestamp: '2026-01-30T03:36:51.047Z' }

      at Logger.logMethod [as log] (utils/logger.ts:82:7)

    console.log
      [INFO] Upcoming meetings loaded { count: 2, timestamp: '2026-01-30T03:36:51.048Z' }

      at Logger.logMethod [as log] (utils/logger.ts:82:7)

    console.log
      [INFO] Upcoming meetings loaded { count: 2, timestamp: '2026-01-30T03:36:51.048Z' }

      at Logger.logMethod [as log] (utils/logger.ts:82:7)

    console.log
      [INFO] Upcoming meetings loaded { count: 2, timestamp: '2026-01-30T03:36:51.048Z' }

      at Logger.logMethod [as log] (utils/logger.ts:82:7)

    console.log
      [INFO] Upcoming meetings loaded { count: 2, timestamp: '2026-01-30T03:36:51.049Z' }

      at Logger.logMethod [as log] (utils/logger.ts:82:7)

    console.log
      [INFO] Upcoming meetings loaded { count: 2, timestamp: '2026-01-30T03:36:51.049Z' }

      at Logger.logMethod [as log] (utils/logger.ts:82:7)

    console.log
      [INFO] Upcoming meetings loaded { count: 2, timestamp: '2026-01-30T03:36:51.049Z' }

      at Logger.logMethod [as log] (utils/logger.ts:82:7)

    console.log
      [INFO] Upcoming meetings loaded { count: 2, timestamp: '2026-01-30T03:36:51.049Z' }

      at Logger.logMethod [as log] (utils/logger.ts:82:7)

    console.log
      [INFO] Upcoming meetings loaded { count: 2, timestamp: '2026-01-30T03:36:51.050Z' }

      at Logger.logMethod [as log] (utils/logger.ts:82:7)

    console.log
      [INFO] Upcoming meetings loaded { count: 2, timestamp: '2026-01-30T03:36:51.051Z' }

      at Logger.logMethod [as log] (utils/logger.ts:82:7)

    console.log
      [INFO] Upcoming meetings loaded { count: 2, timestamp: '2026-01-30T03:36:51.051Z' }

      at Logger.logMethod [as log] (utils/logger.ts:82:7)

    console.log
      [INFO] Upcoming meetings loaded { count: 2, timestamp: '2026-01-30T03:36:51.052Z' }

      at Logger.logMethod [as log] (utils/logger.ts:82:7)

    console.log
      [INFO] Upcoming meetings loaded { count: 2, timestamp: '2026-01-30T03:36:51.052Z' }

      at Logger.logMethod [as log] (utils/logger.ts:82:7)

    console.log
      [INFO] Upcoming meetings loaded { count: 2, timestamp: '2026-01-30T03:36:51.052Z' }

      at Logger.logMethod [as log] (utils/logger.ts:82:7)

    console.log
      [INFO] Upcoming meetings loaded { count: 2, timestamp: '2026-01-30T03:36:51.053Z' }

      at Logger.logMethod [as log] (utils/logger.ts:82:7)

    console.log
      [INFO] Upcoming meetings loaded { count: 2, timestamp: '2026-01-30T03:36:51.054Z' }

      at Logger.logMethod [as log] (utils/logger.ts:82:7)

    console.log
      [INFO] Upcoming meetings loaded { count: 2, timestamp: '2026-01-30T03:36:51.054Z' }

      at Logger.logMethod [as log] (utils/logger.ts:82:7)

    console.log
      [INFO] Upcoming meetings loaded { count: 2, timestamp: '2026-01-30T03:36:51.054Z' }

      at Logger.logMethod [as log] (utils/logger.ts:82:7)

    console.log
      [INFO] Upcoming meetings loaded { count: 2, timestamp: '2026-01-30T03:36:51.055Z' }

      at Logger.logMethod [as log] (utils/logger.ts:82:7)

    console.log
      [INFO] Upcoming meetings loaded { count: 2, timestamp: '2026-01-30T03:36:51.055Z' }

      at Logger.logMethod [as log] (utils/logger.ts:82:7)

    console.log
      [INFO] Upcoming meetings loaded { count: 2, timestamp: '2026-01-30T03:36:51.056Z' }

      at Logger.logMethod [as log] (utils/logger.ts:82:7)

    console.log
      [INFO] Upcoming meetings loaded { count: 2, timestamp: '2026-01-30T03:36:51.056Z' }

      at Logger.logMethod [as log] (utils/logger.ts:82:7)

    console.log
      [INFO] Upcoming meetings loaded { count: 2, timestamp: '2026-01-30T03:36:51.057Z' }

      at Logger.logMethod [as log] (utils/logger.ts:82:7)

    console.log
      [INFO] Upcoming meetings loaded { count: 2, timestamp: '2026-01-30T03:36:51.057Z' }

      at Logger.logMethod [as log] (utils/logger.ts:82:7)

    console.log
      [INFO] Upcoming meetings loaded { count: 2, timestamp: '2026-01-30T03:36:51.058Z' }

      at Logger.logMethod [as log] (utils/logger.ts:82:7)

    console.log
      [INFO] Upcoming meetings loaded { count: 2, timestamp: '2026-01-30T03:36:51.058Z' }

      at Logger.logMethod [as log] (utils/logger.ts:82:7)

    console.log
      [INFO] Upcoming meetings loaded { count: 2, timestamp: '2026-01-30T03:36:51.059Z' }

      at Logger.logMethod [as log] (utils/logger.ts:82:7)

    console.log
      [INFO] Upcoming meetings loaded { count: 2, timestamp: '2026-01-30T03:36:51.059Z' }

      at Logger.logMethod [as log] (utils/logger.ts:82:7)

    console.log
      [INFO] Upcoming meetings loaded { count: 2, timestamp: '2026-01-30T03:36:51.059Z' }

      at Logger.logMethod [as log] (utils/logger.ts:82:7)

    console.log
      [INFO] Upcoming meetings loaded { count: 2, timestamp: '2026-01-30T03:36:51.060Z' }

      at Logger.logMethod [as log] (utils/logger.ts:82:7)

    console.log
      [INFO] Upcoming meetings loaded { count: 2, timestamp: '2026-01-30T03:36:51.060Z' }

      at Logger.logMethod [as log] (utils/logger.ts:82:7)

    console.log
      [INFO] Upcoming meetings loaded { count: 2, timestamp: '2026-01-30T03:36:51.061Z' }

      at Logger.logMethod [as log] (utils/logger.ts:82:7)

    console.log
      [INFO] Upcoming meetings loaded { count: 2, timestamp: '2026-01-30T03:36:51.061Z' }

      at Logger.logMethod [as log] (utils/logger.ts:82:7)

    console.log
      [INFO] Upcoming meetings loaded { count: 2, timestamp: '2026-01-30T03:36:51.061Z' }

      at Logger.logMethod [as log] (utils/logger.ts:82:7)

    console.log
      [INFO] Upcoming meetings loaded { count: 2, timestamp: '2026-01-30T03:36:51.062Z' }

      at Logger.logMethod [as log] (utils/logger.ts:82:7)

    console.log
      [INFO] Upcoming meetings loaded { count: 2, timestamp: '2026-01-30T03:36:51.062Z' }

      at Logger.logMethod [as log] (utils/logger.ts:82:7)

    console.log
      [INFO] Upcoming meetings loaded { count: 2, timestamp: '2026-01-30T03:36:51.062Z' }

      at Logger.logMethod [as log] (utils/logger.ts:82:7)

    console.log
      [INFO] Upcoming meetings loaded { count: 2, timestamp: '2026-01-30T03:36:51.063Z' }

      at Logger.logMethod [as log] (utils/logger.ts:82:7)

    console.log
      [INFO] Upcoming meetings loaded { count: 2, timestamp: '2026-01-30T03:36:51.063Z' }

      at Logger.logMethod [as log] (utils/logger.ts:82:7)

    console.log
      [INFO] Upcoming meetings loaded { count: 2, timestamp: '2026-01-30T03:36:51.063Z' }

      at Logger.logMethod [as log] (utils/logger.ts:82:7)

    console.log
      [INFO] Upcoming meetings loaded { count: 2, timestamp: '2026-01-30T03:36:51.063Z' }

      at Logger.logMethod [as log] (utils/logger.ts:82:7)

    console.log
      [INFO] Upcoming meetings loaded { count: 2, timestamp: '2026-01-30T03:36:51.064Z' }

      at Logger.logMethod [as log] (utils/logger.ts:82:7)

    console.log
      [INFO] Upcoming meetings loaded { count: 2, timestamp: '2026-01-30T03:36:51.064Z' }

      at Logger.logMethod [as log] (utils/logger.ts:82:7)

    console.log
      [INFO] Upcoming meetings loaded { count: 2, timestamp: '2026-01-30T03:36:51.064Z' }

      at Logger.logMethod [as log] (utils/logger.ts:82:7)

    console.log
      [INFO] Upcoming meetings loaded { count: 2, timestamp: '2026-01-30T03:36:51.065Z' }

      at Logger.logMethod [as log] (utils/logger.ts:82:7)

    console.log
      [INFO] Upcoming meetings loaded { count: 2, timestamp: '2026-01-30T03:36:51.065Z' }

      at Logger.logMethod [as log] (utils/logger.ts:82:7)

    console.log
      [INFO] Upcoming meetings loaded { count: 2, timestamp: '2026-01-30T03:36:51.066Z' }

      at Logger.logMethod [as log] (utils/logger.ts:82:7)

    console.log
      [INFO] Upcoming meetings loaded { count: 2, timestamp: '2026-01-30T03:36:51.066Z' }

      at Logger.logMethod [as log] (utils/logger.ts:82:7)

    console.log
      [INFO] Upcoming meetings loaded { count: 2, timestamp: '2026-01-30T03:36:51.068Z' }

      at Logger.logMethod [as log] (utils/logger.ts:82:7)

    console.log
      [INFO] Opening Google Calendar link { meetingId: 'meeting1', timestamp: '2026-01-30T03:36:51.068Z' }

      at Logger.logMethod [as log] (utils/logger.ts:82:7)

    console.log
      [INFO] Upcoming meetings loaded { count: 2, timestamp: '2026-01-30T03:36:51.071Z' }

      at Logger.logMethod [as log] (utils/logger.ts:82:7)

    console.log
      [INFO] Upcoming meetings loaded { count: 2, timestamp: '2026-01-30T03:36:51.072Z' }

      at Logger.logMethod [as log] (utils/logger.ts:82:7)

    console.log
      [INFO] Upcoming meetings loaded { count: 2, timestamp: '2026-01-30T03:36:51.075Z' }

      at Logger.logMethod [as log] (utils/logger.ts:82:7)

    console.log
      [INFO] Upcoming meetings loaded { count: 2, timestamp: '2026-01-30T03:36:51.080Z' }

      at Logger.logMethod [as log] (utils/logger.ts:82:7)

    console.log
      [INFO] Upcoming meetings loaded { count: 2, timestamp: '2026-01-30T03:36:51.081Z' }

      at Logger.logMethod [as log] (utils/logger.ts:82:7)

    console.log
      [INFO] Upcoming meetings loaded { count: 2, timestamp: '2026-01-30T03:36:51.081Z' }

      at Logger.logMethod [as log] (utils/logger.ts:82:7)

    console.log
      [INFO] Upcoming meetings loaded { count: 2, timestamp: '2026-01-30T03:36:51.081Z' }

      at Logger.logMethod [as log] (utils/logger.ts:82:7)

    console.log
      [INFO] Upcoming meetings loaded { count: 2, timestamp: '2026-01-30T03:36:51.082Z' }

      at Logger.logMethod [as log] (utils/logger.ts:82:7)

    console.log
      [INFO] Upcoming meetings loaded { count: 2, timestamp: '2026-01-30T03:36:51.083Z' }

      at Logger.logMethod [as log] (utils/logger.ts:82:7)

    console.log
      [INFO] Upcoming meetings loaded { count: 2, timestamp: '2026-01-30T03:36:51.083Z' }

      at Logger.logMethod [as log] (utils/logger.ts:82:7)

    console.log
      [INFO] Upcoming meetings loaded { count: 2, timestamp: '2026-01-30T03:36:51.084Z' }

      at Logger.logMethod [as log] (utils/logger.ts:82:7)

    console.log
      [INFO] Upcoming meetings loaded { count: 2, timestamp: '2026-01-30T03:36:51.084Z' }

      at Logger.logMethod [as log] (utils/logger.ts:82:7)

    console.log
      [INFO] Upcoming meetings loaded { count: 2, timestamp: '2026-01-30T03:36:51.085Z' }

      at Logger.logMethod [as log] (utils/logger.ts:82:7)

    console.log
      [INFO] Upcoming meetings loaded { count: 2, timestamp: '2026-01-30T03:36:51.086Z' }

      at Logger.logMethod [as log] (utils/logger.ts:82:7)

    console.log
      [INFO] Upcoming meetings loaded { count: 2, timestamp: '2026-01-30T03:36:51.086Z' }

      at Logger.logMethod [as log] (utils/logger.ts:82:7)

    console.log
      [INFO] Upcoming meetings loaded { count: 2, timestamp: '2026-01-30T03:36:51.087Z' }

      at Logger.logMethod [as log] (utils/logger.ts:82:7)

    console.log
      [INFO] Upcoming meetings loaded { count: 2, timestamp: '2026-01-30T03:36:51.087Z' }

      at Logger.logMethod [as log] (utils/logger.ts:82:7)

    console.log
      [INFO] Upcoming meetings loaded { count: 2, timestamp: '2026-01-30T03:36:51.088Z' }

      at Logger.logMethod [as log] (utils/logger.ts:82:7)

    console.log
      [INFO] Upcoming meetings loaded { count: 2, timestamp: '2026-01-30T03:36:51.088Z' }

      at Logger.logMethod [as log] (utils/logger.ts:82:7)

    console.log
      [INFO] Upcoming meetings loaded { count: 2, timestamp: '2026-01-30T03:36:51.089Z' }

      at Logger.logMethod [as log] (utils/logger.ts:82:7)

    console.log
      [INFO] Upcoming meetings loaded { count: 2, timestamp: '2026-01-30T03:36:51.089Z' }

      at Logger.logMethod [as log] (utils/logger.ts:82:7)

    console.log
      [INFO] Upcoming meetings loaded { count: 2, timestamp: '2026-01-30T03:36:51.089Z' }

      at Logger.logMethod [as log] (utils/logger.ts:82:7)

    console.log
      [INFO] Upcoming meetings loaded { count: 2, timestamp: '2026-01-30T03:36:51.090Z' }

      at Logger.logMethod [as log] (utils/logger.ts:82:7)

    console.log
      [INFO] Upcoming meetings loaded { count: 2, timestamp: '2026-01-30T03:36:51.090Z' }

      at Logger.logMethod [as log] (utils/logger.ts:82:7)

    console.log
      [INFO] Upcoming meetings loaded { count: 2, timestamp: '2026-01-30T03:36:51.090Z' }

      at Logger.logMethod [as log] (utils/logger.ts:82:7)

    console.log
      [INFO] Upcoming meetings loaded { count: 2, timestamp: '2026-01-30T03:36:51.090Z' }

      at Logger.logMethod [as log] (utils/logger.ts:82:7)

    console.log
      [INFO] Upcoming meetings loaded { count: 2, timestamp: '2026-01-30T03:36:51.091Z' }

      at Logger.logMethod [as log] (utils/logger.ts:82:7)

    console.log
      [INFO] Upcoming meetings loaded { count: 2, timestamp: '2026-01-30T03:36:51.091Z' }

      at Logger.logMethod [as log] (utils/logger.ts:82:7)

    console.log
      [INFO] Upcoming meetings loaded { count: 2, timestamp: '2026-01-30T03:36:51.091Z' }

      at Logger.logMethod [as log] (utils/logger.ts:82:7)

    console.log
      [INFO] Upcoming meetings loaded { count: 2, timestamp: '2026-01-30T03:36:51.092Z' }

      at Logger.logMethod [as log] (utils/logger.ts:82:7)

    console.log
      [INFO] Upcoming meetings loaded { count: 2, timestamp: '2026-01-30T03:36:51.092Z' }

      at Logger.logMethod [as log] (utils/logger.ts:82:7)

    console.log
      [INFO] Upcoming meetings loaded { count: 2, timestamp: '2026-01-30T03:36:51.093Z' }

      at Logger.logMethod [as log] (utils/logger.ts:82:7)

    console.log
      [INFO] Upcoming meetings loaded { count: 2, timestamp: '2026-01-30T03:36:51.093Z' }

      at Logger.logMethod [as log] (utils/logger.ts:82:7)

    console.log
      [INFO] Upcoming meetings loaded { count: 2, timestamp: '2026-01-30T03:36:51.093Z' }

      at Logger.logMethod [as log] (utils/logger.ts:82:7)

    console.log
      [INFO] Upcoming meetings loaded { count: 2, timestamp: '2026-01-30T03:36:51.094Z' }

      at Logger.logMethod [as log] (utils/logger.ts:82:7)

    console.log
      [INFO] Upcoming meetings loaded { count: 2, timestamp: '2026-01-30T03:36:51.094Z' }

      at Logger.logMethod [as log] (utils/logger.ts:82:7)

    console.log
      [INFO] Upcoming meetings loaded { count: 2, timestamp: '2026-01-30T03:36:51.095Z' }

      at Logger.logMethod [as log] (utils/logger.ts:82:7)

    console.log
      [INFO] Upcoming meetings loaded { count: 2, timestamp: '2026-01-30T03:36:51.095Z' }

      at Logger.logMethod [as log] (utils/logger.ts:82:7)

    console.log
      [INFO] Upcoming meetings loaded { count: 2, timestamp: '2026-01-30T03:36:51.095Z' }

      at Logger.logMethod [as log] (utils/logger.ts:82:7)

    console.log
      [INFO] Upcoming meetings loaded { count: 2, timestamp: '2026-01-30T03:36:51.095Z' }

      at Logger.logMethod [as log] (utils/logger.ts:82:7)

    console.log
      [INFO] Upcoming meetings loaded { count: 2, timestamp: '2026-01-30T03:36:51.096Z' }

      at Logger.logMethod [as log] (utils/logger.ts:82:7)

    console.log
      [INFO] Upcoming meetings loaded { count: 2, timestamp: '2026-01-30T03:36:51.096Z' }

      at Logger.logMethod [as log] (utils/logger.ts:82:7)

    console.log
      [INFO] Upcoming meetings loaded { count: 2, timestamp: '2026-01-30T03:36:51.096Z' }

      at Logger.logMethod [as log] (utils/logger.ts:82:7)

    console.log
      [INFO] Upcoming meetings loaded { count: 2, timestamp: '2026-01-30T03:36:51.096Z' }

      at Logger.logMethod [as log] (utils/logger.ts:82:7)

    console.log
      [INFO] Upcoming meetings loaded { count: 2, timestamp: '2026-01-30T03:36:51.097Z' }

      at Logger.logMethod [as log] (utils/logger.ts:82:7)

    console.log
      [INFO] Upcoming meetings loaded { count: 2, timestamp: '2026-01-30T03:36:51.097Z' }

      at Logger.logMethod [as log] (utils/logger.ts:82:7)

    console.log
      [INFO] Upcoming meetings loaded { count: 2, timestamp: '2026-01-30T03:36:51.098Z' }

      at Logger.logMethod [as log] (utils/logger.ts:82:7)

    console.log
      [INFO] Upcoming meetings loaded { count: 2, timestamp: '2026-01-30T03:36:51.098Z' }

      at Logger.logMethod [as log] (utils/logger.ts:82:7)

    console.log
      [INFO] Upcoming meetings loaded { count: 2, timestamp: '2026-01-30T03:36:51.099Z' }

      at Logger.logMethod [as log] (utils/logger.ts:82:7)

    console.log
      [INFO] Upcoming meetings loaded { count: 2, timestamp: '2026-01-30T03:36:51.099Z' }

      at Logger.logMethod [as log] (utils/logger.ts:82:7)

    console.log
      [INFO] Upcoming meetings loaded { count: 2, timestamp: '2026-01-30T03:36:51.100Z' }

      at Logger.logMethod [as log] (utils/logger.ts:82:7)

    console.log
      [INFO] Upcoming meetings loaded { count: 2, timestamp: '2026-01-30T03:36:51.100Z' }

      at Logger.logMethod [as log] (utils/logger.ts:82:7)

    console.log
      [INFO] Upcoming meetings loaded { count: 2, timestamp: '2026-01-30T03:36:51.101Z' }

      at Logger.logMethod [as log] (utils/logger.ts:82:7)

    console.log
      [INFO] Upcoming meetings loaded { count: 2, timestamp: '2026-01-30T03:36:51.101Z' }

      at Logger.logMethod [as log] (utils/logger.ts:82:7)

    console.log
      [INFO] Upcoming meetings loaded { count: 2, timestamp: '2026-01-30T03:36:51.102Z' }

      at Logger.logMethod [as log] (utils/logger.ts:82:7)

    console.log
      [INFO] Upcoming meetings loaded { count: 2, timestamp: '2026-01-30T03:36:51.102Z' }

      at Logger.logMethod [as log] (utils/logger.ts:82:7)

    console.log
      [INFO] Upcoming meetings loaded { count: 2, timestamp: '2026-01-30T03:36:51.103Z' }

      at Logger.logMethod [as log] (utils/logger.ts:82:7)

    console.log
      [INFO] Upcoming meetings loaded { count: 2, timestamp: '2026-01-30T03:36:51.103Z' }

      at Logger.logMethod [as log] (utils/logger.ts:82:7)

    console.log
      [INFO] Upcoming meetings loaded { count: 2, timestamp: '2026-01-30T03:36:51.104Z' }

      at Logger.logMethod [as log] (utils/logger.ts:82:7)

    console.log
      [INFO] Upcoming meetings loaded { count: 2, timestamp: '2026-01-30T03:36:51.104Z' }

      at Logger.logMethod [as log] (utils/logger.ts:82:7)

    console.log
      [INFO] Upcoming meetings loaded { count: 2, timestamp: '2026-01-30T03:36:51.105Z' }

      at Logger.logMethod [as log] (utils/logger.ts:82:7)

    console.log
      [INFO] Upcoming meetings loaded { count: 2, timestamp: '2026-01-30T03:36:51.105Z' }

      at Logger.logMethod [as log] (utils/logger.ts:82:7)

    console.log
      [INFO] Upcoming meetings loaded { count: 2, timestamp: '2026-01-30T03:36:51.106Z' }

      at Logger.logMethod [as log] (utils/logger.ts:82:7)

    console.log
      [INFO] Upcoming meetings loaded { count: 2, timestamp: '2026-01-30T03:36:51.106Z' }

      at Logger.logMethod [as log] (utils/logger.ts:82:7)

    console.log
      [INFO] Upcoming meetings loaded { count: 2, timestamp: '2026-01-30T03:36:51.107Z' }

      at Logger.logMethod [as log] (utils/logger.ts:82:7)

    console.log
      [INFO] Upcoming meetings loaded { count: 2, timestamp: '2026-01-30T03:36:51.107Z' }

      at Logger.logMethod [as log] (utils/logger.ts:82:7)

    console.log
      [INFO] Upcoming meetings loaded { count: 2, timestamp: '2026-01-30T03:36:51.108Z' }

      at Logger.logMethod [as log] (utils/logger.ts:82:7)

    console.log
      [INFO] Upcoming meetings loaded { count: 2, timestamp: '2026-01-30T03:36:51.109Z' }

      at Logger.logMethod [as log] (utils/logger.ts:82:7)

    console.log
      [INFO] Upcoming meetings loaded { count: 2, timestamp: '2026-01-30T03:36:51.109Z' }

      at Logger.logMethod [as log] (utils/logger.ts:82:7)

    console.log
      [INFO] Upcoming meetings loaded { count: 2, timestamp: '2026-01-30T03:36:51.110Z' }

      at Logger.logMethod [as log] (utils/logger.ts:82:7)

    console.log
      [INFO] Upcoming meetings loaded { count: 2, timestamp: '2026-01-30T03:36:51.110Z' }

      at Logger.logMethod [as log] (utils/logger.ts:82:7)

    console.log
      [INFO] Upcoming meetings loaded { count: 2, timestamp: '2026-01-30T03:36:51.111Z' }

      at Logger.logMethod [as log] (utils/logger.ts:82:7)

    console.log
      [INFO] Upcoming meetings loaded { count: 2, timestamp: '2026-01-30T03:36:51.111Z' }

      at Logger.logMethod [as log] (utils/logger.ts:82:7)

    console.log
      [INFO] Upcoming meetings loaded { count: 2, timestamp: '2026-01-30T03:36:51.112Z' }

      at Logger.logMethod [as log] (utils/logger.ts:82:7)

    console.log
      [INFO] Upcoming meetings loaded { count: 2, timestamp: '2026-01-30T03:36:51.112Z' }

      at Logger.logMethod [as log] (utils/logger.ts:82:7)

    console.log
      [INFO] Upcoming meetings loaded { count: 2, timestamp: '2026-01-30T03:36:51.113Z' }

      at Logger.logMethod [as log] (utils/logger.ts:82:7)

    console.log
      [INFO] Upcoming meetings loaded { count: 2, timestamp: '2026-01-30T03:36:51.113Z' }

      at Logger.logMethod [as log] (utils/logger.ts:82:7)

    console.log
      [INFO] Upcoming meetings loaded { count: 2, timestamp: '2026-01-30T03:36:51.114Z' }

      at Logger.logMethod [as log] (utils/logger.ts:82:7)

    console.log
      [INFO] Upcoming meetings loaded { count: 2, timestamp: '2026-01-30T03:36:51.114Z' }

      at Logger.logMethod [as log] (utils/logger.ts:82:7)

    console.log
      [INFO] Upcoming meetings loaded { count: 2, timestamp: '2026-01-30T03:36:51.115Z' }

      at Logger.logMethod [as log] (utils/logger.ts:82:7)

    console.log
      [INFO] Upcoming meetings loaded { count: 2, timestamp: '2026-01-30T03:36:51.115Z' }

      at Logger.logMethod [as log] (utils/logger.ts:82:7)

    console.log
      [INFO] Upcoming meetings loaded { count: 2, timestamp: '2026-01-30T03:36:51.115Z' }

      at Logger.logMethod [as log] (utils/logger.ts:82:7)

    console.log
      [INFO] Upcoming meetings loaded { count: 2, timestamp: '2026-01-30T03:36:51.116Z' }

      at Logger.logMethod [as log] (utils/logger.ts:82:7)

    console.log
      [INFO] Upcoming meetings loaded { count: 2, timestamp: '2026-01-30T03:36:51.116Z' }

      at Logger.logMethod [as log] (utils/logger.ts:82:7)

    console.log
      [INFO] Upcoming meetings loaded { count: 2, timestamp: '2026-01-30T03:36:51.117Z' }

      at Logger.logMethod [as log] (utils/logger.ts:82:7)

    console.log
      [INFO] Upcoming meetings loaded { count: 2, timestamp: '2026-01-30T03:36:51.117Z' }

      at Logger.logMethod [as log] (utils/logger.ts:82:7)

    console.log
      [INFO] Upcoming meetings loaded { count: 2, timestamp: '2026-01-30T03:36:51.117Z' }

      at Logger.logMethod [as log] (utils/logger.ts:82:7)

    console.log
      [INFO] Upcoming meetings loaded { count: 2, timestamp: '2026-01-30T03:36:51.118Z' }

      at Logger.logMethod [as log] (utils/logger.ts:82:7)

    console.log
      [INFO] Upcoming meetings loaded { count: 2, timestamp: '2026-01-30T03:36:51.118Z' }

      at Logger.logMethod [as log] (utils/logger.ts:82:7)

    console.log
      [INFO] Upcoming meetings loaded { count: 2, timestamp: '2026-01-30T03:36:51.119Z' }

      at Logger.logMethod [as log] (utils/logger.ts:82:7)

    console.log
      [INFO] Upcoming meetings loaded { count: 2, timestamp: '2026-01-30T03:36:51.119Z' }

      at Logger.logMethod [as log] (utils/logger.ts:82:7)

    console.log
      [INFO] Upcoming meetings loaded { count: 2, timestamp: '2026-01-30T03:36:51.120Z' }

      at Logger.logMethod [as log] (utils/logger.ts:82:7)

    console.log
      [INFO] Upcoming meetings loaded { count: 2, timestamp: '2026-01-30T03:36:51.120Z' }

      at Logger.logMethod [as log] (utils/logger.ts:82:7)

    console.log
      [INFO] Upcoming meetings loaded { count: 2, timestamp: '2026-01-30T03:36:51.120Z' }

      at Logger.logMethod [as log] (utils/logger.ts:82:7)

    console.log
      [INFO] Upcoming meetings loaded { count: 2, timestamp: '2026-01-30T03:36:51.121Z' }

      at Logger.logMethod [as log] (utils/logger.ts:82:7)

    console.log
      [INFO] Upcoming meetings loaded { count: 2, timestamp: '2026-01-30T03:36:51.121Z' }

      at Logger.logMethod [as log] (utils/logger.ts:82:7)

    console.log
      [INFO] Upcoming meetings loaded { count: 2, timestamp: '2026-01-30T03:36:51.121Z' }

      at Logger.logMethod [as log] (utils/logger.ts:82:7)

    console.log
      [INFO] Upcoming meetings loaded { count: 2, timestamp: '2026-01-30T03:36:51.122Z' }

      at Logger.logMethod [as log] (utils/logger.ts:82:7)

    console.log
      [INFO] Upcoming meetings loaded { count: 2, timestamp: '2026-01-30T03:36:51.122Z' }

      at Logger.logMethod [as log] (utils/logger.ts:82:7)

    console.log
      [INFO] Upcoming meetings loaded { count: 2, timestamp: '2026-01-30T03:36:51.122Z' }

      at Logger.logMethod [as log] (utils/logger.ts:82:7)

    console.log
      [INFO] Upcoming meetings loaded { count: 2, timestamp: '2026-01-30T03:36:51.123Z' }

      at Logger.logMethod [as log] (utils/logger.ts:82:7)

    console.log
      [INFO] Upcoming meetings loaded { count: 2, timestamp: '2026-01-30T03:36:51.123Z' }

      at Logger.logMethod [as log] (utils/logger.ts:82:7)

    console.log
      [INFO] Upcoming meetings loaded { count: 2, timestamp: '2026-01-30T03:36:51.123Z' }

      at Logger.logMethod [as log] (utils/logger.ts:82:7)

    console.log
      [INFO] Upcoming meetings loaded { count: 2, timestamp: '2026-01-30T03:36:51.124Z' }

      at Logger.logMethod [as log] (utils/logger.ts:82:7)

    console.log
      [INFO] Upcoming meetings loaded { count: 2, timestamp: '2026-01-30T03:36:51.124Z' }

      at Logger.logMethod [as log] (utils/logger.ts:82:7)

    console.log
      [INFO] Upcoming meetings loaded { count: 2, timestamp: '2026-01-30T03:36:51.124Z' }

      at Logger.logMethod [as log] (utils/logger.ts:82:7)

    console.log
      [INFO] Upcoming meetings loaded { count: 2, timestamp: '2026-01-30T03:36:51.126Z' }

      at Logger.logMethod [as log] (utils/logger.ts:82:7)

    console.log
      [INFO] Opening Outlook Calendar link { meetingId: 'meeting1', timestamp: '2026-01-30T03:36:51.126Z' }

      at Logger.logMethod [as log] (utils/logger.ts:82:7)

    console.log
      [INFO] Upcoming meetings loaded { count: 2, timestamp: '2026-01-30T03:36:51.127Z' }

      at Logger.logMethod [as log] (utils/logger.ts:82:7)

    console.log
      [INFO] Upcoming meetings loaded { count: 2, timestamp: '2026-01-30T03:36:51.128Z' }

      at Logger.logMethod [as log] (utils/logger.ts:82:7)

    console.log
      [INFO] Upcoming meetings loaded { count: 1, timestamp: '2026-01-30T03:36:51.133Z' }

      at Logger.logMethod [as log] (utils/logger.ts:82:7)

    console.log
      [INFO] Upcoming meetings loaded { count: 1, timestamp: '2026-01-30T03:36:51.139Z' }

      at Logger.logMethod [as log] (utils/logger.ts:82:7)

    console.log
      [INFO] Upcoming meetings loaded { count: 1, timestamp: '2026-01-30T03:36:51.140Z' }

      at Logger.logMethod [as log] (utils/logger.ts:82:7)

    console.log
      [INFO] Upcoming meetings loaded { count: 1, timestamp: '2026-01-30T03:36:51.140Z' }

      at Logger.logMethod [as log] (utils/logger.ts:82:7)

    console.log
      [INFO] Upcoming meetings loaded { count: 1, timestamp: '2026-01-30T03:36:51.141Z' }

      at Logger.logMethod [as log] (utils/logger.ts:82:7)

    console.log
      [INFO] Upcoming meetings loaded { count: 1, timestamp: '2026-01-30T03:36:51.142Z' }

      at Logger.logMethod [as log] (utils/logger.ts:82:7)

    console.log
      [INFO] Upcoming meetings loaded { count: 1, timestamp: '2026-01-30T03:36:51.142Z' }

      at Logger.logMethod [as log] (utils/logger.ts:82:7)

    console.log
      [INFO] Upcoming meetings loaded { count: 1, timestamp: '2026-01-30T03:36:51.142Z' }

      at Logger.logMethod [as log] (utils/logger.ts:82:7)

    console.log
      [INFO] Upcoming meetings loaded { count: 1, timestamp: '2026-01-30T03:36:51.150Z' }

      at Logger.logMethod [as log] (utils/logger.ts:82:7)

    console.log
      [INFO] Upcoming meetings loaded { count: 1, timestamp: '2026-01-30T03:36:51.151Z' }

      at Logger.logMethod [as log] (utils/logger.ts:82:7)

    console.log
      [INFO] Upcoming meetings loaded { count: 1, timestamp: '2026-01-30T03:36:51.152Z' }

      at Logger.logMethod [as log] (utils/logger.ts:82:7)

    console.log
      [INFO] Upcoming meetings loaded { count: 1, timestamp: '2026-01-30T03:36:51.152Z' }

      at Logger.logMethod [as log] (utils/logger.ts:82:7)

    console.log
      [INFO] Upcoming meetings loaded { count: 1, timestamp: '2026-01-30T03:36:51.152Z' }

      at Logger.logMethod [as log] (utils/logger.ts:82:7)

    console.log
      [INFO] Upcoming meetings loaded { count: 1, timestamp: '2026-01-30T03:36:51.153Z' }

      at Logger.logMethod [as log] (utils/logger.ts:82:7)

    console.log
      [INFO] Upcoming meetings loaded { count: 1, timestamp: '2026-01-30T03:36:51.153Z' }

      at Logger.logMethod [as log] (utils/logger.ts:82:7)

    console.log
      [INFO] Upcoming meetings loaded { count: 1, timestamp: '2026-01-30T03:36:51.153Z' }

      at Logger.logMethod [as log] (utils/logger.ts:82:7)

    console.log
      [INFO] Upcoming meetings loaded { count: 1, timestamp: '2026-01-30T03:36:51.154Z' }

      at Logger.logMethod [as log] (utils/logger.ts:82:7)

    console.log
      [INFO] Upcoming meetings loaded { count: 1, timestamp: '2026-01-30T03:36:51.154Z' }

      at Logger.logMethod [as log] (utils/logger.ts:82:7)

    console.log
      [INFO] Upcoming meetings loaded { count: 1, timestamp: '2026-01-30T03:36:51.154Z' }

      at Logger.logMethod [as log] (utils/logger.ts:82:7)

    console.log
      [INFO] Upcoming meetings loaded { count: 1, timestamp: '2026-01-30T03:36:51.155Z' }

      at Logger.logMethod [as log] (utils/logger.ts:82:7)

    console.log
      [INFO] Upcoming meetings loaded { count: 1, timestamp: '2026-01-30T03:36:51.155Z' }

      at Logger.logMethod [as log] (utils/logger.ts:82:7)

    console.log
      [INFO] Upcoming meetings loaded { count: 1, timestamp: '2026-01-30T03:36:51.155Z' }

      at Logger.logMethod [as log] (utils/logger.ts:82:7)

    console.log
      [INFO] Upcoming meetings loaded { count: 1, timestamp: '2026-01-30T03:36:51.156Z' }

      at Logger.logMethod [as log] (utils/logger.ts:82:7)

    console.log
      [INFO] Upcoming meetings loaded { count: 1, timestamp: '2026-01-30T03:36:51.156Z' }

      at Logger.logMethod [as log] (utils/logger.ts:82:7)

    console.log
      [INFO] Upcoming meetings loaded { count: 1, timestamp: '2026-01-30T03:36:51.156Z' }

      at Logger.logMethod [as log] (utils/logger.ts:82:7)

    console.log
      [INFO] Upcoming meetings loaded { count: 1, timestamp: '2026-01-30T03:36:51.156Z' }

      at Logger.logMethod [as log] (utils/logger.ts:82:7)

    console.log
      [INFO] Upcoming meetings loaded { count: 1, timestamp: '2026-01-30T03:36:51.157Z' }

      at Logger.logMethod [as log] (utils/logger.ts:82:7)

    console.log
      [INFO] Upcoming meetings loaded { count: 1, timestamp: '2026-01-30T03:36:51.157Z' }

      at Logger.logMethod [as log] (utils/logger.ts:82:7)

    console.log
      [INFO] Upcoming meetings loaded { count: 1, timestamp: '2026-01-30T03:36:51.157Z' }

      at Logger.logMethod [as log] (utils/logger.ts:82:7)

    console.log
      [INFO] Upcoming meetings loaded { count: 1, timestamp: '2026-01-30T03:36:51.157Z' }

      at Logger.logMethod [as log] (utils/logger.ts:82:7)

    console.log
      [INFO] Upcoming meetings loaded { count: 1, timestamp: '2026-01-30T03:36:51.158Z' }

      at Logger.logMethod [as log] (utils/logger.ts:82:7)

    console.log
      [INFO] Upcoming meetings loaded { count: 1, timestamp: '2026-01-30T03:36:51.158Z' }

      at Logger.logMethod [as log] (utils/logger.ts:82:7)

    console.log
      [INFO] Upcoming meetings loaded { count: 1, timestamp: '2026-01-30T03:36:51.158Z' }

      at Logger.logMethod [as log] (utils/logger.ts:82:7)

    console.log
      [INFO] Upcoming meetings loaded { count: 1, timestamp: '2026-01-30T03:36:51.159Z' }

      at Logger.logMethod [as log] (utils/logger.ts:82:7)

    console.log
      [INFO] Upcoming meetings loaded { count: 1, timestamp: '2026-01-30T03:36:51.159Z' }

      at Logger.logMethod [as log] (utils/logger.ts:82:7)

    console.log
      [INFO] Upcoming meetings loaded { count: 1, timestamp: '2026-01-30T03:36:51.159Z' }

      at Logger.logMethod [as log] (utils/logger.ts:82:7)

    console.log
      [INFO] Upcoming meetings loaded { count: 1, timestamp: '2026-01-30T03:36:51.160Z' }

      at Logger.logMethod [as log] (utils/logger.ts:82:7)

    console.log
      [INFO] Upcoming meetings loaded { count: 1, timestamp: '2026-01-30T03:36:51.160Z' }

      at Logger.logMethod [as log] (utils/logger.ts:82:7)

    console.log
      [INFO] Upcoming meetings loaded { count: 1, timestamp: '2026-01-30T03:36:51.161Z' }

      at Logger.logMethod [as log] (utils/logger.ts:82:7)

    console.log
      [INFO] Upcoming meetings loaded { count: 1, timestamp: '2026-01-30T03:36:51.161Z' }

      at Logger.logMethod [as log] (utils/logger.ts:82:7)

    console.log
      [INFO] Upcoming meetings loaded { count: 1, timestamp: '2026-01-30T03:36:51.162Z' }

      at Logger.logMethod [as log] (utils/logger.ts:82:7)

    console.log
      [INFO] Upcoming meetings loaded { count: 1, timestamp: '2026-01-30T03:36:51.162Z' }

      at Logger.logMethod [as log] (utils/logger.ts:82:7)

    console.log
      [INFO] Upcoming meetings loaded { count: 1, timestamp: '2026-01-30T03:36:51.163Z' }

      at Logger.logMethod [as log] (utils/logger.ts:82:7)

    console.log
      [INFO] Upcoming meetings loaded { count: 1, timestamp: '2026-01-30T03:36:51.163Z' }

      at Logger.logMethod [as log] (utils/logger.ts:82:7)

    console.log
      [INFO] Upcoming meetings loaded { count: 1, timestamp: '2026-01-30T03:36:51.164Z' }

      at Logger.logMethod [as log] (utils/logger.ts:82:7)

    console.log
      [INFO] Upcoming meetings loaded { count: 1, timestamp: '2026-01-30T03:36:51.164Z' }

      at Logger.logMethod [as log] (utils/logger.ts:82:7)

    console.log
      [INFO] Upcoming meetings loaded { count: 1, timestamp: '2026-01-30T03:36:51.165Z' }

      at Logger.logMethod [as log] (utils/logger.ts:82:7)

    console.log
      [INFO] Upcoming meetings loaded { count: 1, timestamp: '2026-01-30T03:36:51.165Z' }

      at Logger.logMethod [as log] (utils/logger.ts:82:7)

    console.log
      [INFO] Upcoming meetings loaded { count: 1, timestamp: '2026-01-30T03:36:51.166Z' }

      at Logger.logMethod [as log] (utils/logger.ts:82:7)

    console.log
      [INFO] Upcoming meetings loaded { count: 1, timestamp: '2026-01-30T03:36:51.166Z' }

      at Logger.logMethod [as log] (utils/logger.ts:82:7)

    console.log
      [INFO] Upcoming meetings loaded { count: 1, timestamp: '2026-01-30T03:36:51.167Z' }

      at Logger.logMethod [as log] (utils/logger.ts:82:7)

    console.log
      [INFO] Upcoming meetings loaded { count: 1, timestamp: '2026-01-30T03:36:51.167Z' }

      at Logger.logMethod [as log] (utils/logger.ts:82:7)

    console.log
      [INFO] Upcoming meetings loaded { count: 1, timestamp: '2026-01-30T03:36:51.168Z' }

      at Logger.logMethod [as log] (utils/logger.ts:82:7)

    console.log
      [INFO] Upcoming meetings loaded { count: 1, timestamp: '2026-01-30T03:36:51.168Z' }

      at Logger.logMethod [as log] (utils/logger.ts:82:7)

    console.log
      [INFO] Upcoming meetings loaded { count: 1, timestamp: '2026-01-30T03:36:51.169Z' }

      at Logger.logMethod [as log] (utils/logger.ts:82:7)

    console.log
      [INFO] Upcoming meetings loaded { count: 1, timestamp: '2026-01-30T03:36:51.169Z' }

      at Logger.logMethod [as log] (utils/logger.ts:82:7)

    console.log
      [INFO] Upcoming meetings loaded { count: 1, timestamp: '2026-01-30T03:36:51.170Z' }

      at Logger.logMethod [as log] (utils/logger.ts:82:7)

    console.log
      [INFO] Upcoming meetings loaded { count: 1, timestamp: '2026-01-30T03:36:51.170Z' }

      at Logger.logMethod [as log] (utils/logger.ts:82:7)

    console.log
      [INFO] Upcoming meetings loaded { count: 1, timestamp: '2026-01-30T03:36:51.171Z' }

      at Logger.logMethod [as log] (utils/logger.ts:82:7)

    console.log
      [INFO] Upcoming meetings loaded { count: 1, timestamp: '2026-01-30T03:36:51.171Z' }

      at Logger.logMethod [as log] (utils/logger.ts:82:7)

    console.log
      [INFO] Upcoming meetings loaded { count: 1, timestamp: '2026-01-30T03:36:51.172Z' }

      at Logger.logMethod [as log] (utils/logger.ts:82:7)

    console.log
      [INFO] Upcoming meetings loaded { count: 1, timestamp: '2026-01-30T03:36:51.172Z' }

      at Logger.logMethod [as log] (utils/logger.ts:82:7)

    console.log
      [INFO] Upcoming meetings loaded { count: 1, timestamp: '2026-01-30T03:36:51.173Z' }

      at Logger.logMethod [as log] (utils/logger.ts:82:7)

    console.log
      [INFO] Upcoming meetings loaded { count: 1, timestamp: '2026-01-30T03:36:51.173Z' }

      at Logger.logMethod [as log] (utils/logger.ts:82:7)

    console.log
      [INFO] Upcoming meetings loaded { count: 1, timestamp: '2026-01-30T03:36:51.174Z' }

      at Logger.logMethod [as log] (utils/logger.ts:82:7)

    console.log
      [INFO] Upcoming meetings loaded { count: 1, timestamp: '2026-01-30T03:36:51.174Z' }

      at Logger.logMethod [as log] (utils/logger.ts:82:7)

    console.log
      [INFO] Upcoming meetings loaded { count: 1, timestamp: '2026-01-30T03:36:51.175Z' }

      at Logger.logMethod [as log] (utils/logger.ts:82:7)

    console.log
      [INFO] Upcoming meetings loaded { count: 1, timestamp: '2026-01-30T03:36:51.175Z' }

      at Logger.logMethod [as log] (utils/logger.ts:82:7)

    console.log
      [INFO] Upcoming meetings loaded { count: 1, timestamp: '2026-01-30T03:36:51.176Z' }

      at Logger.logMethod [as log] (utils/logger.ts:82:7)

    console.log
      [INFO] Upcoming meetings loaded { count: 1, timestamp: '2026-01-30T03:36:51.176Z' }

      at Logger.logMethod [as log] (utils/logger.ts:82:7)

    console.log
      [INFO] Upcoming meetings loaded { count: 1, timestamp: '2026-01-30T03:36:51.177Z' }

      at Logger.logMethod [as log] (utils/logger.ts:82:7)

    console.log
      [INFO] Upcoming meetings loaded { count: 1, timestamp: '2026-01-30T03:36:51.177Z' }

      at Logger.logMethod [as log] (utils/logger.ts:82:7)

    console.log
      [INFO] Upcoming meetings loaded { count: 1, timestamp: '2026-01-30T03:36:51.178Z' }

      at Logger.logMethod [as log] (utils/logger.ts:82:7)

    console.log
      [INFO] Upcoming meetings loaded { count: 1, timestamp: '2026-01-30T03:36:51.178Z' }

      at Logger.logMethod [as log] (utils/logger.ts:82:7)

    console.log
      [INFO] Upcoming meetings loaded { count: 1, timestamp: '2026-01-30T03:36:51.179Z' }

      at Logger.logMethod [as log] (utils/logger.ts:82:7)

    console.log
      [INFO] Upcoming meetings loaded { count: 1, timestamp: '2026-01-30T03:36:51.179Z' }

      at Logger.logMethod [as log] (utils/logger.ts:82:7)

    console.log
      [INFO] Upcoming meetings loaded { count: 1, timestamp: '2026-01-30T03:36:51.180Z' }

      at Logger.logMethod [as log] (utils/logger.ts:82:7)

    console.log
      [INFO] Upcoming meetings loaded { count: 1, timestamp: '2026-01-30T03:36:51.180Z' }

      at Logger.logMethod [as log] (utils/logger.ts:82:7)

    console.log
      [INFO] Upcoming meetings loaded { count: 1, timestamp: '2026-01-30T03:36:51.181Z' }

      at Logger.logMethod [as log] (utils/logger.ts:82:7)

    console.log
      [INFO] Upcoming meetings loaded { count: 1, timestamp: '2026-01-30T03:36:51.181Z' }

      at Logger.logMethod [as log] (utils/logger.ts:82:7)

    console.log
      [INFO] Upcoming meetings loaded { count: 1, timestamp: '2026-01-30T03:36:51.181Z' }

      at Logger.logMethod [as log] (utils/logger.ts:82:7)

    console.log
      [INFO] Upcoming meetings loaded { count: 1, timestamp: '2026-01-30T03:36:51.182Z' }

      at Logger.logMethod [as log] (utils/logger.ts:82:7)

    console.log
      [INFO] Upcoming meetings loaded { count: 1, timestamp: '2026-01-30T03:36:51.182Z' }

      at Logger.logMethod [as log] (utils/logger.ts:82:7)

    console.log
      [INFO] Upcoming meetings loaded { count: 1, timestamp: '2026-01-30T03:36:51.182Z' }

      at Logger.logMethod [as log] (utils/logger.ts:82:7)

    console.log
      [INFO] Upcoming meetings loaded { count: 1, timestamp: '2026-01-30T03:36:51.184Z' }

      at Logger.logMethod [as log] (utils/logger.ts:82:7)

    console.log
      [INFO] Upcoming meetings loaded { count: 1, timestamp: '2026-01-30T03:36:51.184Z' }

      at Logger.logMethod [as log] (utils/logger.ts:82:7)

    console.log
      [INFO] Upcoming meetings loaded { count: 1, timestamp: '2026-01-30T03:36:51.187Z' }

      at Logger.logMethod [as log] (utils/logger.ts:82:7)

    console.log
      [INFO] Upcoming meetings loaded { count: 1, timestamp: '2026-01-30T03:36:51.190Z' }

      at Logger.logMethod [as log] (utils/logger.ts:82:7)

    console.log
      [INFO] Upcoming meetings loaded { count: 1, timestamp: '2026-01-30T03:36:51.190Z' }

      at Logger.logMethod [as log] (utils/logger.ts:82:7)

    console.log
      [INFO] Upcoming meetings loaded { count: 1, timestamp: '2026-01-30T03:36:51.190Z' }

      at Logger.logMethod [as log] (utils/logger.ts:82:7)

    console.log
      [INFO] Upcoming meetings loaded { count: 1, timestamp: '2026-01-30T03:36:51.190Z' }

      at Logger.logMethod [as log] (utils/logger.ts:82:7)

    console.log
      [INFO] Upcoming meetings loaded { count: 1, timestamp: '2026-01-30T03:36:51.191Z' }

      at Logger.logMethod [as log] (utils/logger.ts:82:7)

    console.log
      [INFO] Upcoming meetings loaded { count: 1, timestamp: '2026-01-30T03:36:51.191Z' }

      at Logger.logMethod [as log] (utils/logger.ts:82:7)

    console.log
      [INFO] Upcoming meetings loaded { count: 1, timestamp: '2026-01-30T03:36:51.191Z' }

      at Logger.logMethod [as log] (utils/logger.ts:82:7)

    console.log
      [INFO] Upcoming meetings loaded { count: 1, timestamp: '2026-01-30T03:36:51.191Z' }

      at Logger.logMethod [as log] (utils/logger.ts:82:7)

    console.log
      [INFO] Upcoming meetings loaded { count: 1, timestamp: '2026-01-30T03:36:51.191Z' }

      at Logger.logMethod [as log] (utils/logger.ts:82:7)

    console.log
      [INFO] Upcoming meetings loaded { count: 1, timestamp: '2026-01-30T03:36:51.192Z' }

      at Logger.logMethod [as log] (utils/logger.ts:82:7)

    console.log
      [INFO] Upcoming meetings loaded { count: 1, timestamp: '2026-01-30T03:36:51.192Z' }

      at Logger.logMethod [as log] (utils/logger.ts:82:7)

    console.log
      [INFO] Upcoming meetings loaded { count: 1, timestamp: '2026-01-30T03:36:51.192Z' }

      at Logger.logMethod [as log] (utils/logger.ts:82:7)

    console.log
      [INFO] Upcoming meetings loaded { count: 1, timestamp: '2026-01-30T03:36:51.192Z' }

      at Logger.logMethod [as log] (utils/logger.ts:82:7)

    console.log
      [INFO] Upcoming meetings loaded { count: 1, timestamp: '2026-01-30T03:36:51.193Z' }

      at Logger.logMethod [as log] (utils/logger.ts:82:7)

    console.log
      [INFO] Upcoming meetings loaded { count: 1, timestamp: '2026-01-30T03:36:51.193Z' }

      at Logger.logMethod [as log] (utils/logger.ts:82:7)

    console.log
      [INFO] Upcoming meetings loaded { count: 1, timestamp: '2026-01-30T03:36:51.193Z' }

      at Logger.logMethod [as log] (utils/logger.ts:82:7)

    console.log
      [INFO] Upcoming meetings loaded { count: 1, timestamp: '2026-01-30T03:36:51.193Z' }

      at Logger.logMethod [as log] (utils/logger.ts:82:7)

    console.log
      [INFO] Upcoming meetings loaded { count: 1, timestamp: '2026-01-30T03:36:51.193Z' }

      at Logger.logMethod [as log] (utils/logger.ts:82:7)

    console.log
      [INFO] Upcoming meetings loaded { count: 1, timestamp: '2026-01-30T03:36:51.194Z' }

      at Logger.logMethod [as log] (utils/logger.ts:82:7)

    console.log
      [INFO] Upcoming meetings loaded { count: 1, timestamp: '2026-01-30T03:36:51.194Z' }

      at Logger.logMethod [as log] (utils/logger.ts:82:7)

    console.log
      [INFO] Upcoming meetings loaded { count: 1, timestamp: '2026-01-30T03:36:51.194Z' }

      at Logger.logMethod [as log] (utils/logger.ts:82:7)

    console.log
      [INFO] Upcoming meetings loaded { count: 1, timestamp: '2026-01-30T03:36:51.194Z' }

      at Logger.logMethod [as log] (utils/logger.ts:82:7)

    console.log
      [INFO] Upcoming meetings loaded { count: 1, timestamp: '2026-01-30T03:36:51.194Z' }

      at Logger.logMethod [as log] (utils/logger.ts:82:7)

    console.log
      [INFO] Upcoming meetings loaded { count: 1, timestamp: '2026-01-30T03:36:51.195Z' }

      at Logger.logMethod [as log] (utils/logger.ts:82:7)

    console.log
      [INFO] Upcoming meetings loaded { count: 1, timestamp: '2026-01-30T03:36:51.195Z' }

      at Logger.logMethod [as log] (utils/logger.ts:82:7)

    console.log
      [INFO] Upcoming meetings loaded { count: 1, timestamp: '2026-01-30T03:36:51.195Z' }

      at Logger.logMethod [as log] (utils/logger.ts:82:7)

    console.log
      [INFO] Upcoming meetings loaded { count: 1, timestamp: '2026-01-30T03:36:51.195Z' }

      at Logger.logMethod [as log] (utils/logger.ts:82:7)

    console.log
      [INFO] Upcoming meetings loaded { count: 1, timestamp: '2026-01-30T03:36:51.195Z' }

      at Logger.logMethod [as log] (utils/logger.ts:82:7)

    console.log
      [INFO] Upcoming meetings loaded { count: 1, timestamp: '2026-01-30T03:36:51.195Z' }

      at Logger.logMethod [as log] (utils/logger.ts:82:7)

    console.log
      [INFO] Upcoming meetings loaded { count: 1, timestamp: '2026-01-30T03:36:51.196Z' }

      at Logger.logMethod [as log] (utils/logger.ts:82:7)

    console.log
      [INFO] Upcoming meetings loaded { count: 1, timestamp: '2026-01-30T03:36:51.196Z' }

      at Logger.logMethod [as log] (utils/logger.ts:82:7)

    console.log
      [INFO] Upcoming meetings loaded { count: 1, timestamp: '2026-01-30T03:36:51.196Z' }

      at Logger.logMethod [as log] (utils/logger.ts:82:7)

    console.log
      [INFO] Upcoming meetings loaded { count: 1, timestamp: '2026-01-30T03:36:51.196Z' }

      at Logger.logMethod [as log] (utils/logger.ts:82:7)

    console.log
      [INFO] Upcoming meetings loaded { count: 1, timestamp: '2026-01-30T03:36:51.196Z' }

      at Logger.logMethod [as log] (utils/logger.ts:82:7)

    console.log
      [INFO] Upcoming meetings loaded { count: 1, timestamp: '2026-01-30T03:36:51.196Z' }

      at Logger.logMethod [as log] (utils/logger.ts:82:7)

    console.log
      [INFO] Upcoming meetings loaded { count: 1, timestamp: '2026-01-30T03:36:51.197Z' }

      at Logger.logMethod [as log] (utils/logger.ts:82:7)

    console.log
      [INFO] Upcoming meetings loaded { count: 1, timestamp: '2026-01-30T03:36:51.197Z' }

      at Logger.logMethod [as log] (utils/logger.ts:82:7)

    console.log
      [INFO] Upcoming meetings loaded { count: 1, timestamp: '2026-01-30T03:36:51.197Z' }

      at Logger.logMethod [as log] (utils/logger.ts:82:7)

    console.log
      [INFO] Upcoming meetings loaded { count: 1, timestamp: '2026-01-30T03:36:51.197Z' }

      at Logger.logMethod [as log] (utils/logger.ts:82:7)

    console.log
      [INFO] Upcoming meetings loaded { count: 1, timestamp: '2026-01-30T03:36:51.197Z' }

      at Logger.logMethod [as log] (utils/logger.ts:82:7)

    console.log
      [INFO] Upcoming meetings loaded { count: 1, timestamp: '2026-01-30T03:36:51.197Z' }

      at Logger.logMethod [as log] (utils/logger.ts:82:7)

    console.log
      [INFO] Upcoming meetings loaded { count: 1, timestamp: '2026-01-30T03:36:51.197Z' }

      at Logger.logMethod [as log] (utils/logger.ts:82:7)

    console.log
      [INFO] Upcoming meetings loaded { count: 1, timestamp: '2026-01-30T03:36:51.197Z' }

      at Logger.logMethod [as log] (utils/logger.ts:82:7)

    console.log
      [INFO] Upcoming meetings loaded { count: 1, timestamp: '2026-01-30T03:36:51.198Z' }

      at Logger.logMethod [as log] (utils/logger.ts:82:7)

    console.log
      [INFO] Upcoming meetings loaded { count: 1, timestamp: '2026-01-30T03:36:51.198Z' }

      at Logger.logMethod [as log] (utils/logger.ts:82:7)

    console.log
      [INFO] Upcoming meetings loaded { count: 1, timestamp: '2026-01-30T03:36:51.198Z' }

      at Logger.logMethod [as log] (utils/logger.ts:82:7)

    console.log
      [INFO] Upcoming meetings loaded { count: 1, timestamp: '2026-01-30T03:36:51.198Z' }

      at Logger.logMethod [as log] (utils/logger.ts:82:7)

    console.log
      [INFO] Upcoming meetings loaded { count: 1, timestamp: '2026-01-30T03:36:51.198Z' }

      at Logger.logMethod [as log] (utils/logger.ts:82:7)

    console.log
      [INFO] Upcoming meetings loaded { count: 1, timestamp: '2026-01-30T03:36:51.198Z' }

      at Logger.logMethod [as log] (utils/logger.ts:82:7)

    console.log
      [INFO] Upcoming meetings loaded { count: 1, timestamp: '2026-01-30T03:36:51.198Z' }

      at Logger.logMethod [as log] (utils/logger.ts:82:7)

    console.log
      [INFO] Upcoming meetings loaded { count: 1, timestamp: '2026-01-30T03:36:51.199Z' }

      at Logger.logMethod [as log] (utils/logger.ts:82:7)

    console.log
      [INFO] Upcoming meetings loaded { count: 1, timestamp: '2026-01-30T03:36:51.199Z' }

      at Logger.logMethod [as log] (utils/logger.ts:82:7)

    console.log
      [INFO] Upcoming meetings loaded { count: 1, timestamp: '2026-01-30T03:36:51.199Z' }

      at Logger.logMethod [as log] (utils/logger.ts:82:7)

    console.log
      [INFO] Upcoming meetings loaded { count: 1, timestamp: '2026-01-30T03:36:51.199Z' }

      at Logger.logMethod [as log] (utils/logger.ts:82:7)

    console.log
      [INFO] Upcoming meetings loaded { count: 1, timestamp: '2026-01-30T03:36:51.199Z' }

      at Logger.logMethod [as log] (utils/logger.ts:82:7)

    console.log
      [INFO] Upcoming meetings loaded { count: 1, timestamp: '2026-01-30T03:36:51.199Z' }

      at Logger.logMethod [as log] (utils/logger.ts:82:7)

    console.log
      [INFO] Upcoming meetings loaded { count: 1, timestamp: '2026-01-30T03:36:51.199Z' }

      at Logger.logMethod [as log] (utils/logger.ts:82:7)

    console.log
      [INFO] Upcoming meetings loaded { count: 1, timestamp: '2026-01-30T03:36:51.200Z' }

      at Logger.logMethod [as log] (utils/logger.ts:82:7)

    console.log
      [INFO] Upcoming meetings loaded { count: 1, timestamp: '2026-01-30T03:36:51.200Z' }

      at Logger.logMethod [as log] (utils/logger.ts:82:7)

    console.log
      [INFO] Upcoming meetings loaded { count: 1, timestamp: '2026-01-30T03:36:51.200Z' }

      at Logger.logMethod [as log] (utils/logger.ts:82:7)

    console.log
      [INFO] Upcoming meetings loaded { count: 1, timestamp: '2026-01-30T03:36:51.200Z' }

      at Logger.logMethod [as log] (utils/logger.ts:82:7)

    console.log
      [INFO] Upcoming meetings loaded { count: 1, timestamp: '2026-01-30T03:36:51.200Z' }

      at Logger.logMethod [as log] (utils/logger.ts:82:7)

    console.log
      [INFO] Upcoming meetings loaded { count: 1, timestamp: '2026-01-30T03:36:51.200Z' }

      at Logger.logMethod [as log] (utils/logger.ts:82:7)

    console.log
      [INFO] Upcoming meetings loaded { count: 1, timestamp: '2026-01-30T03:36:51.200Z' }

      at Logger.logMethod [as log] (utils/logger.ts:82:7)

    console.log
      [INFO] Upcoming meetings loaded { count: 1, timestamp: '2026-01-30T03:36:51.200Z' }

      at Logger.logMethod [as log] (utils/logger.ts:82:7)

    console.log
      [INFO] Upcoming meetings loaded { count: 1, timestamp: '2026-01-30T03:36:51.201Z' }

      at Logger.logMethod [as log] (utils/logger.ts:82:7)

    console.log
      [INFO] Upcoming meetings loaded { count: 1, timestamp: '2026-01-30T03:36:51.201Z' }

      at Logger.logMethod [as log] (utils/logger.ts:82:7)

    console.log
      [INFO] Upcoming meetings loaded { count: 1, timestamp: '2026-01-30T03:36:51.201Z' }

      at Logger.logMethod [as log] (utils/logger.ts:82:7)

    console.log
      [INFO] Upcoming meetings loaded { count: 1, timestamp: '2026-01-30T03:36:51.201Z' }

      at Logger.logMethod [as log] (utils/logger.ts:82:7)

    console.log
      [INFO] Upcoming meetings loaded { count: 1, timestamp: '2026-01-30T03:36:51.201Z' }

      at Logger.logMethod [as log] (utils/logger.ts:82:7)

    console.log
      [INFO] Upcoming meetings loaded { count: 1, timestamp: '2026-01-30T03:36:51.201Z' }

      at Logger.logMethod [as log] (utils/logger.ts:82:7)

    console.log
      [INFO] Upcoming meetings loaded { count: 1, timestamp: '2026-01-30T03:36:51.201Z' }

      at Logger.logMethod [as log] (utils/logger.ts:82:7)

    console.log
      [INFO] Upcoming meetings loaded { count: 1, timestamp: '2026-01-30T03:36:51.201Z' }

      at Logger.logMethod [as log] (utils/logger.ts:82:7)

    console.log
      [INFO] Upcoming meetings loaded { count: 1, timestamp: '2026-01-30T03:36:51.202Z' }

      at Logger.logMethod [as log] (utils/logger.ts:82:7)

    console.log
      [INFO] Upcoming meetings loaded { count: 1, timestamp: '2026-01-30T03:36:51.202Z' }

      at Logger.logMethod [as log] (utils/logger.ts:82:7)

    console.log
      [INFO] Upcoming meetings loaded { count: 1, timestamp: '2026-01-30T03:36:51.202Z' }

      at Logger.logMethod [as log] (utils/logger.ts:82:7)

    console.log
      [INFO] Upcoming meetings loaded { count: 1, timestamp: '2026-01-30T03:36:51.202Z' }

      at Logger.logMethod [as log] (utils/logger.ts:82:7)

    console.log
      [INFO] Upcoming meetings loaded { count: 1, timestamp: '2026-01-30T03:36:51.202Z' }

      at Logger.logMethod [as log] (utils/logger.ts:82:7)

    console.log
      [INFO] Upcoming meetings loaded { count: 1, timestamp: '2026-01-30T03:36:51.202Z' }

      at Logger.logMethod [as log] (utils/logger.ts:82:7)

    console.log
      [INFO] Upcoming meetings loaded { count: 1, timestamp: '2026-01-30T03:36:51.202Z' }

      at Logger.logMethod [as log] (utils/logger.ts:82:7)

    console.log
      [INFO] Upcoming meetings loaded { count: 1, timestamp: '2026-01-30T03:36:51.202Z' }

      at Logger.logMethod [as log] (utils/logger.ts:82:7)

    console.log
      [INFO] Upcoming meetings loaded { count: 1, timestamp: '2026-01-30T03:36:51.203Z' }

      at Logger.logMethod [as log] (utils/logger.ts:82:7)

    console.log
      [INFO] Upcoming meetings loaded { count: 1, timestamp: '2026-01-30T03:36:51.203Z' }

      at Logger.logMethod [as log] (utils/logger.ts:82:7)

    console.log
      [INFO] Upcoming meetings loaded { count: 1, timestamp: '2026-01-30T03:36:51.203Z' }

      at Logger.logMethod [as log] (utils/logger.ts:82:7)

    console.log
      [INFO] Upcoming meetings loaded { count: 1, timestamp: '2026-01-30T03:36:51.203Z' }

      at Logger.logMethod [as log] (utils/logger.ts:82:7)

    console.log
      [INFO] Upcoming meetings loaded { count: 1, timestamp: '2026-01-30T03:36:51.203Z' }

      at Logger.logMethod [as log] (utils/logger.ts:82:7)

    console.log
      [INFO] Upcoming meetings loaded { count: 1, timestamp: '2026-01-30T03:36:51.203Z' }

      at Logger.logMethod [as log] (utils/logger.ts:82:7)

    console.log
      [INFO] Upcoming meetings loaded { count: 1, timestamp: '2026-01-30T03:36:51.203Z' }

      at Logger.logMethod [as log] (utils/logger.ts:82:7)

    console.log
      [INFO] Upcoming meetings loaded { count: 1, timestamp: '2026-01-30T03:36:51.203Z' }

      at Logger.logMethod [as log] (utils/logger.ts:82:7)

    console.log
      [INFO] Upcoming meetings loaded { count: 1, timestamp: '2026-01-30T03:36:51.204Z' }

      at Logger.logMethod [as log] (utils/logger.ts:82:7)

    console.log
      [INFO] Upcoming meetings loaded { count: 1, timestamp: '2026-01-30T03:36:51.204Z' }

      at Logger.logMethod [as log] (utils/logger.ts:82:7)

    console.log
      [INFO] Upcoming meetings loaded { count: 1, timestamp: '2026-01-30T03:36:51.204Z' }

      at Logger.logMethod [as log] (utils/logger.ts:82:7)

    console.log
      [INFO] Upcoming meetings loaded { count: 1, timestamp: '2026-01-30T03:36:51.204Z' }

      at Logger.logMethod [as log] (utils/logger.ts:82:7)

    console.log
      [INFO] Upcoming meetings loaded { count: 1, timestamp: '2026-01-30T03:36:51.204Z' }

      at Logger.logMethod [as log] (utils/logger.ts:82:7)

    console.log
      [INFO] Upcoming meetings loaded { count: 1, timestamp: '2026-01-30T03:36:51.204Z' }

      at Logger.logMethod [as log] (utils/logger.ts:82:7)

    console.log
      [INFO] Upcoming meetings loaded { count: 1, timestamp: '2026-01-30T03:36:51.205Z' }

      at Logger.logMethod [as log] (utils/logger.ts:82:7)

    console.log
      [INFO] Upcoming meetings loaded { count: 1, timestamp: '2026-01-30T03:36:51.205Z' }

      at Logger.logMethod [as log] (utils/logger.ts:82:7)

    console.log
      [INFO] Upcoming meetings loaded { count: 1, timestamp: '2026-01-30T03:36:51.205Z' }

      at Logger.logMethod [as log] (utils/logger.ts:82:7)

    console.log
      [INFO] Upcoming meetings loaded { count: 1, timestamp: '2026-01-30T03:36:51.205Z' }

      at Logger.logMethod [as log] (utils/logger.ts:82:7)

    console.log
      [INFO] Upcoming meetings loaded { count: 1, timestamp: '2026-01-30T03:36:51.205Z' }

      at Logger.logMethod [as log] (utils/logger.ts:82:7)

    console.log
      [INFO] Upcoming meetings loaded { count: 1, timestamp: '2026-01-30T03:36:51.205Z' }

      at Logger.logMethod [as log] (utils/logger.ts:82:7)

    console.log
      [INFO] Upcoming meetings loaded { count: 1, timestamp: '2026-01-30T03:36:51.206Z' }

      at Logger.logMethod [as log] (utils/logger.ts:82:7)

    console.log
      [INFO] Upcoming meetings loaded { count: 1, timestamp: '2026-01-30T03:36:51.206Z' }

      at Logger.logMethod [as log] (utils/logger.ts:82:7)

    console.log
      [INFO] Upcoming meetings loaded { count: 1, timestamp: '2026-01-30T03:36:51.206Z' }

      at Logger.logMethod [as log] (utils/logger.ts:82:7)

    console.log
      [INFO] Upcoming meetings loaded { count: 1, timestamp: '2026-01-30T03:36:51.206Z' }

      at Logger.logMethod [as log] (utils/logger.ts:82:7)

    console.log
      [INFO] Upcoming meetings loaded { count: 1, timestamp: '2026-01-30T03:36:51.206Z' }

      at Logger.logMethod [as log] (utils/logger.ts:82:7)

    console.log
      [INFO] Upcoming meetings loaded { count: 1, timestamp: '2026-01-30T03:36:51.206Z' }

      at Logger.logMethod [as log] (utils/logger.ts:82:7)

    console.log
      [INFO] Upcoming meetings loaded { count: 1, timestamp: '2026-01-30T03:36:51.206Z' }

      at Logger.logMethod [as log] (utils/logger.ts:82:7)

    console.log
      [INFO] Upcoming meetings loaded { count: 1, timestamp: '2026-01-30T03:36:51.206Z' }

      at Logger.logMethod [as log] (utils/logger.ts:82:7)

    console.log
      [INFO] Upcoming meetings loaded { count: 1, timestamp: '2026-01-30T03:36:51.207Z' }

      at Logger.logMethod [as log] (utils/logger.ts:82:7)

    console.log
      [INFO] Upcoming meetings loaded { count: 1, timestamp: '2026-01-30T03:36:51.207Z' }

      at Logger.logMethod [as log] (utils/logger.ts:82:7)

    console.log
      [INFO] Upcoming meetings loaded { count: 1, timestamp: '2026-01-30T03:36:51.207Z' }

      at Logger.logMethod [as log] (utils/logger.ts:82:7)

    console.log
      [INFO] Upcoming meetings loaded { count: 1, timestamp: '2026-01-30T03:36:51.207Z' }

      at Logger.logMethod [as log] (utils/logger.ts:82:7)

    console.log
      [INFO] Upcoming meetings loaded { count: 1, timestamp: '2026-01-30T03:36:51.208Z' }

      at Logger.logMethod [as log] (utils/logger.ts:82:7)

    console.log
      [INFO] Upcoming meetings loaded { count: 1, timestamp: '2026-01-30T03:36:51.208Z' }

      at Logger.logMethod [as log] (utils/logger.ts:82:7)

    console.log
      [INFO] Upcoming meetings loaded { count: 1, timestamp: '2026-01-30T03:36:51.208Z' }

      at Logger.logMethod [as log] (utils/logger.ts:82:7)

    console.log
      [INFO] Upcoming meetings loaded { count: 1, timestamp: '2026-01-30T03:36:51.208Z' }

      at Logger.logMethod [as log] (utils/logger.ts:82:7)

    console.log
      [INFO] Upcoming meetings loaded { count: 1, timestamp: '2026-01-30T03:36:51.209Z' }

      at Logger.logMethod [as log] (utils/logger.ts:82:7)

    console.log
      [INFO] Upcoming meetings loaded { count: 1, timestamp: '2026-01-30T03:36:51.209Z' }

      at Logger.logMethod [as log] (utils/logger.ts:82:7)

    console.log
      [INFO] Upcoming meetings loaded { count: 1, timestamp: '2026-01-30T03:36:51.209Z' }

      at Logger.logMethod [as log] (utils/logger.ts:82:7)

    console.log
      [INFO] Upcoming meetings loaded { count: 1, timestamp: '2026-01-30T03:36:51.209Z' }

      at Logger.logMethod [as log] (utils/logger.ts:82:7)

    console.log
      [INFO] Upcoming meetings loaded { count: 1, timestamp: '2026-01-30T03:36:51.210Z' }

      at Logger.logMethod [as log] (utils/logger.ts:82:7)

    console.log
      [INFO] Upcoming meetings loaded { count: 1, timestamp: '2026-01-30T03:36:51.210Z' }

      at Logger.logMethod [as log] (utils/logger.ts:82:7)

    console.log
      [INFO] Upcoming meetings loaded { count: 1, timestamp: '2026-01-30T03:36:51.210Z' }

      at Logger.logMethod [as log] (utils/logger.ts:82:7)

    console.log
      [INFO] Upcoming meetings loaded { count: 1, timestamp: '2026-01-30T03:36:51.210Z' }

      at Logger.logMethod [as log] (utils/logger.ts:82:7)

    console.log
      [INFO] Upcoming meetings loaded { count: 1, timestamp: '2026-01-30T03:36:51.211Z' }

      at Logger.logMethod [as log] (utils/logger.ts:82:7)

    console.log
      [INFO] Upcoming meetings loaded { count: 1, timestamp: '2026-01-30T03:36:51.211Z' }

      at Logger.logMethod [as log] (utils/logger.ts:82:7)

    console.log
      [INFO] Upcoming meetings loaded { count: 1, timestamp: '2026-01-30T03:36:51.211Z' }

      at Logger.logMethod [as log] (utils/logger.ts:82:7)

    console.log
      [INFO] Upcoming meetings loaded { count: 1, timestamp: '2026-01-30T03:36:51.211Z' }

      at Logger.logMethod [as log] (utils/logger.ts:82:7)

    console.log
      [INFO] Upcoming meetings loaded { count: 1, timestamp: '2026-01-30T03:36:51.212Z' }

      at Logger.logMethod [as log] (utils/logger.ts:82:7)

    console.log
      [INFO] Upcoming meetings loaded { count: 1, timestamp: '2026-01-30T03:36:51.212Z' }

      at Logger.logMethod [as log] (utils/logger.ts:82:7)

    console.log
      [INFO] Upcoming meetings loaded { count: 1, timestamp: '2026-01-30T03:36:51.212Z' }

      at Logger.logMethod [as log] (utils/logger.ts:82:7)

    console.log
      [INFO] Upcoming meetings loaded { count: 1, timestamp: '2026-01-30T03:36:51.212Z' }

      at Logger.logMethod [as log] (utils/logger.ts:82:7)

    console.log
      [INFO] Upcoming meetings loaded { count: 1, timestamp: '2026-01-30T03:36:51.212Z' }

      at Logger.logMethod [as log] (utils/logger.ts:82:7)

    console.log
      [INFO] Upcoming meetings loaded { count: 1, timestamp: '2026-01-30T03:36:51.213Z' }

      at Logger.logMethod [as log] (utils/logger.ts:82:7)

    console.log
      [INFO] Upcoming meetings loaded { count: 1, timestamp: '2026-01-30T03:36:51.213Z' }

      at Logger.logMethod [as log] (utils/logger.ts:82:7)

    console.log
      [INFO] Upcoming meetings loaded { count: 1, timestamp: '2026-01-30T03:36:51.213Z' }

      at Logger.logMethod [as log] (utils/logger.ts:82:7)

    console.log
      [INFO] Upcoming meetings loaded { count: 1, timestamp: '2026-01-30T03:36:51.213Z' }

      at Logger.logMethod [as log] (utils/logger.ts:82:7)

    console.log
      [INFO] Upcoming meetings loaded { count: 1, timestamp: '2026-01-30T03:36:51.214Z' }

      at Logger.logMethod [as log] (utils/logger.ts:82:7)

    console.log
      [INFO] Upcoming meetings loaded { count: 1, timestamp: '2026-01-30T03:36:51.214Z' }

      at Logger.logMethod [as log] (utils/logger.ts:82:7)

    console.log
      [INFO] Upcoming meetings loaded { count: 1, timestamp: '2026-01-30T03:36:51.214Z' }

      at Logger.logMethod [as log] (utils/logger.ts:82:7)

    console.log
      [INFO] Upcoming meetings loaded { count: 1, timestamp: '2026-01-30T03:36:51.214Z' }

      at Logger.logMethod [as log] (utils/logger.ts:82:7)

    console.log
      [INFO] Upcoming meetings loaded { count: 1, timestamp: '2026-01-30T03:36:51.215Z' }

      at Logger.logMethod [as log] (utils/logger.ts:82:7)

    console.log
      [INFO] Upcoming meetings loaded { count: 1, timestamp: '2026-01-30T03:36:51.215Z' }

      at Logger.logMethod [as log] (utils/logger.ts:82:7)

    console.log
      [INFO] Upcoming meetings loaded { count: 1, timestamp: '2026-01-30T03:36:51.215Z' }

      at Logger.logMethod [as log] (utils/logger.ts:82:7)

    console.log
      [INFO] Upcoming meetings loaded { count: 1, timestamp: '2026-01-30T03:36:51.215Z' }

      at Logger.logMethod [as log] (utils/logger.ts:82:7)

    console.log
      [INFO] Upcoming meetings loaded { count: 1, timestamp: '2026-01-30T03:36:51.215Z' }

      at Logger.logMethod [as log] (utils/logger.ts:82:7)

    console.log
      [INFO] Upcoming meetings loaded { count: 1, timestamp: '2026-01-30T03:36:51.216Z' }

      at Logger.logMethod [as log] (utils/logger.ts:82:7)

    console.log
      [INFO] Upcoming meetings loaded { count: 1, timestamp: '2026-01-30T03:36:51.216Z' }

      at Logger.logMethod [as log] (utils/logger.ts:82:7)

    console.log
      [INFO] Upcoming meetings loaded { count: 1, timestamp: '2026-01-30T03:36:51.216Z' }

      at Logger.logMethod [as log] (utils/logger.ts:82:7)

    console.log
      [INFO] Upcoming meetings loaded { count: 1, timestamp: '2026-01-30T03:36:51.216Z' }

      at Logger.logMethod [as log] (utils/logger.ts:82:7)

    console.log
      [INFO] Upcoming meetings loaded { count: 1, timestamp: '2026-01-30T03:36:51.217Z' }

      at Logger.logMethod [as log] (utils/logger.ts:82:7)

    console.log
      [INFO] Upcoming meetings loaded { count: 1, timestamp: '2026-01-30T03:36:51.217Z' }

      at Logger.logMethod [as log] (utils/logger.ts:82:7)

    console.log
      [INFO] Upcoming meetings loaded { count: 1, timestamp: '2026-01-30T03:36:51.217Z' }

      at Logger.logMethod [as log] (utils/logger.ts:82:7)

    console.log
      [INFO] Upcoming meetings loaded { count: 1, timestamp: '2026-01-30T03:36:51.217Z' }

      at Logger.logMethod [as log] (utils/logger.ts:82:7)

    console.log
      [INFO] Upcoming meetings loaded { count: 1, timestamp: '2026-01-30T03:36:51.217Z' }

      at Logger.logMethod [as log] (utils/logger.ts:82:7)

    console.log
      [INFO] Upcoming meetings loaded { count: 1, timestamp: '2026-01-30T03:36:51.218Z' }

      at Logger.logMethod [as log] (utils/logger.ts:82:7)

    console.log
      [INFO] Upcoming meetings loaded { count: 1, timestamp: '2026-01-30T03:36:51.218Z' }

      at Logger.logMethod [as log] (utils/logger.ts:82:7)

    console.log
      [INFO] Upcoming meetings loaded { count: 1, timestamp: '2026-01-30T03:36:51.218Z' }

      at Logger.logMethod [as log] (utils/logger.ts:82:7)

    console.log
      [INFO] Upcoming meetings loaded { count: 1, timestamp: '2026-01-30T03:36:51.219Z' }

      at Logger.logMethod [as log] (utils/logger.ts:82:7)

    console.log
      [INFO] Upcoming meetings loaded { count: 1, timestamp: '2026-01-30T03:36:51.219Z' }

      at Logger.logMethod [as log] (utils/logger.ts:82:7)

    console.log
      [INFO] Upcoming meetings loaded { count: 1, timestamp: '2026-01-30T03:36:51.219Z' }

      at Logger.logMethod [as log] (utils/logger.ts:82:7)

    console.log
      [INFO] Upcoming meetings loaded { count: 1, timestamp: '2026-01-30T03:36:51.219Z' }

      at Logger.logMethod [as log] (utils/logger.ts:82:7)

    console.log
      [INFO] Upcoming meetings loaded { count: 1, timestamp: '2026-01-30T03:36:51.219Z' }

      at Logger.logMethod [as log] (utils/logger.ts:82:7)

    console.log
      [INFO] Upcoming meetings loaded { count: 1, timestamp: '2026-01-30T03:36:51.220Z' }

      at Logger.logMethod [as log] (utils/logger.ts:82:7)

    console.log
      [INFO] Upcoming meetings loaded { count: 1, timestamp: '2026-01-30T03:36:51.220Z' }

      at Logger.logMethod [as log] (utils/logger.ts:82:7)

    console.log
      [INFO] Upcoming meetings loaded { count: 1, timestamp: '2026-01-30T03:36:51.220Z' }

      at Logger.logMethod [as log] (utils/logger.ts:82:7)

    console.log
      [INFO] Upcoming meetings loaded { count: 1, timestamp: '2026-01-30T03:36:51.220Z' }

      at Logger.logMethod [as log] (utils/logger.ts:82:7)

    console.log
      [INFO] Upcoming meetings loaded { count: 1, timestamp: '2026-01-30T03:36:51.220Z' }

      at Logger.logMethod [as log] (utils/logger.ts:82:7)

    console.log
      [INFO] Upcoming meetings loaded { count: 1, timestamp: '2026-01-30T03:36:51.220Z' }

      at Logger.logMethod [as log] (utils/logger.ts:82:7)

    console.log
      [INFO] Upcoming meetings loaded { count: 1, timestamp: '2026-01-30T03:36:51.220Z' }

      at Logger.logMethod [as log] (utils/logger.ts:82:7)

    console.log
      [INFO] Upcoming meetings loaded { count: 1, timestamp: '2026-01-30T03:36:51.221Z' }

      at Logger.logMethod [as log] (utils/logger.ts:82:7)

    console.log
      [INFO] Upcoming meetings loaded { count: 1, timestamp: '2026-01-30T03:36:51.221Z' }

      at Logger.logMethod [as log] (utils/logger.ts:82:7)

    console.log
      [INFO] Upcoming meetings loaded { count: 1, timestamp: '2026-01-30T03:36:51.221Z' }

      at Logger.logMethod [as log] (utils/logger.ts:82:7)

    console.log
      [INFO] Upcoming meetings loaded { count: 1, timestamp: '2026-01-30T03:36:51.221Z' }

      at Logger.logMethod [as log] (utils/logger.ts:82:7)

    console.log
      [INFO] Upcoming meetings loaded { count: 1, timestamp: '2026-01-30T03:36:51.221Z' }

      at Logger.logMethod [as log] (utils/logger.ts:82:7)

    console.log
      [INFO] Upcoming meetings loaded { count: 1, timestamp: '2026-01-30T03:36:51.221Z' }

      at Logger.logMethod [as log] (utils/logger.ts:82:7)

    console.log
      [INFO] Upcoming meetings loaded { count: 1, timestamp: '2026-01-30T03:36:51.221Z' }

      at Logger.logMethod [as log] (utils/logger.ts:82:7)

    console.log
      [INFO] Upcoming meetings loaded { count: 1, timestamp: '2026-01-30T03:36:51.222Z' }

      at Logger.logMethod [as log] (utils/logger.ts:82:7)

    console.log
      [INFO] Upcoming meetings loaded { count: 1, timestamp: '2026-01-30T03:36:51.222Z' }

      at Logger.logMethod [as log] (utils/logger.ts:82:7)

    console.log
      [INFO] Upcoming meetings loaded { count: 1, timestamp: '2026-01-30T03:36:51.222Z' }

      at Logger.logMethod [as log] (utils/logger.ts:82:7)

    console.log
      [INFO] Upcoming meetings loaded { count: 1, timestamp: '2026-01-30T03:36:51.222Z' }

      at Logger.logMethod [as log] (utils/logger.ts:82:7)

    console.log
      [INFO] Upcoming meetings loaded { count: 1, timestamp: '2026-01-30T03:36:51.222Z' }

      at Logger.logMethod [as log] (utils/logger.ts:82:7)

    console.log
      [INFO] Upcoming meetings loaded { count: 1, timestamp: '2026-01-30T03:36:51.222Z' }

      at Logger.logMethod [as log] (utils/logger.ts:82:7)

    console.log
      [INFO] Upcoming meetings loaded { count: 1, timestamp: '2026-01-30T03:36:51.222Z' }

      at Logger.logMethod [as log] (utils/logger.ts:82:7)

    console.log
      [INFO] Upcoming meetings loaded { count: 1, timestamp: '2026-01-30T03:36:51.223Z' }

      at Logger.logMethod [as log] (utils/logger.ts:82:7)

    console.log
      [INFO] Upcoming meetings loaded { count: 1, timestamp: '2026-01-30T03:36:51.223Z' }

      at Logger.logMethod [as log] (utils/logger.ts:82:7)

    console.log
      [INFO] Upcoming meetings loaded { count: 1, timestamp: '2026-01-30T03:36:51.223Z' }

      at Logger.logMethod [as log] (utils/logger.ts:82:7)

    console.log
      [INFO] Upcoming meetings loaded { count: 1, timestamp: '2026-01-30T03:36:51.223Z' }

      at Logger.logMethod [as log] (utils/logger.ts:82:7)

    console.log
      [INFO] Upcoming meetings loaded { count: 1, timestamp: '2026-01-30T03:36:51.223Z' }

      at Logger.logMethod [as log] (utils/logger.ts:82:7)

    console.log
      [INFO] Upcoming meetings loaded { count: 1, timestamp: '2026-01-30T03:36:51.223Z' }

      at Logger.logMethod [as log] (utils/logger.ts:82:7)

    console.log
      [INFO] Upcoming meetings loaded { count: 1, timestamp: '2026-01-30T03:36:51.224Z' }

      at Logger.logMethod [as log] (utils/logger.ts:82:7)

    console.log
      [INFO] Upcoming meetings loaded { count: 1, timestamp: '2026-01-30T03:36:51.224Z' }

      at Logger.logMethod [as log] (utils/logger.ts:82:7)

    console.log
      [INFO] Upcoming meetings loaded { count: 1, timestamp: '2026-01-30T03:36:51.224Z' }

      at Logger.logMethod [as log] (utils/logger.ts:82:7)

    console.log
      [INFO] Upcoming meetings loaded { count: 1, timestamp: '2026-01-30T03:36:51.224Z' }

      at Logger.logMethod [as log] (utils/logger.ts:82:7)

    console.log
      [INFO] Upcoming meetings loaded { count: 1, timestamp: '2026-01-30T03:36:51.225Z' }

      at Logger.logMethod [as log] (utils/logger.ts:82:7)

    console.log
      [INFO] Upcoming meetings loaded { count: 1, timestamp: '2026-01-30T03:36:51.225Z' }

      at Logger.logMethod [as log] (utils/logger.ts:82:7)

    console.log
      [INFO] Upcoming meetings loaded { count: 1, timestamp: '2026-01-30T03:36:51.225Z' }

      at Logger.logMethod [as log] (utils/logger.ts:82:7)

    console.log
      [INFO] Upcoming meetings loaded { count: 1, timestamp: '2026-01-30T03:36:51.225Z' }

      at Logger.logMethod [as log] (utils/logger.ts:82:7)

    console.log
      [INFO] Upcoming meetings loaded { count: 1, timestamp: '2026-01-30T03:36:51.225Z' }

      at Logger.logMethod [as log] (utils/logger.ts:82:7)

    console.log
      [INFO] Upcoming meetings loaded { count: 1, timestamp: '2026-01-30T03:36:51.226Z' }

      at Logger.logMethod [as log] (utils/logger.ts:82:7)

    console.log
      [INFO] Upcoming meetings loaded { count: 1, timestamp: '2026-01-30T03:36:51.226Z' }

      at Logger.logMethod [as log] (utils/logger.ts:82:7)

    console.log
      [INFO] Upcoming meetings loaded { count: 1, timestamp: '2026-01-30T03:36:51.226Z' }

      at Logger.logMethod [as log] (utils/logger.ts:82:7)

    console.log
      [INFO] Upcoming meetings loaded { count: 1, timestamp: '2026-01-30T03:36:51.226Z' }

      at Logger.logMethod [as log] (utils/logger.ts:82:7)

    console.log
      [INFO] Upcoming meetings loaded { count: 1, timestamp: '2026-01-30T03:36:51.226Z' }

      at Logger.logMethod [as log] (utils/logger.ts:82:7)

    console.log
      [INFO] Upcoming meetings loaded { count: 1, timestamp: '2026-01-30T03:36:51.227Z' }

      at Logger.logMethod [as log] (utils/logger.ts:82:7)

    console.log
      [INFO] Upcoming meetings loaded { count: 1, timestamp: '2026-01-30T03:36:51.227Z' }

      at Logger.logMethod [as log] (utils/logger.ts:82:7)

    console.log
      [INFO] Upcoming meetings loaded { count: 1, timestamp: '2026-01-30T03:36:51.227Z' }

      at Logger.logMethod [as log] (utils/logger.ts:82:7)

    console.log
      [INFO] Upcoming meetings loaded { count: 1, timestamp: '2026-01-30T03:36:51.227Z' }

      at Logger.logMethod [as log] (utils/logger.ts:82:7)

    console.log
      [INFO] Upcoming meetings loaded { count: 1, timestamp: '2026-01-30T03:36:51.228Z' }

      at Logger.logMethod [as log] (utils/logger.ts:82:7)

    console.log
      [INFO] Upcoming meetings loaded { count: 1, timestamp: '2026-01-30T03:36:51.228Z' }

      at Logger.logMethod [as log] (utils/logger.ts:82:7)

    console.log
      [INFO] Upcoming meetings loaded { count: 1, timestamp: '2026-01-30T03:36:51.228Z' }

      at Logger.logMethod [as log] (utils/logger.ts:82:7)

    console.log
      [INFO] Upcoming meetings loaded { count: 1, timestamp: '2026-01-30T03:36:51.228Z' }

      at Logger.logMethod [as log] (utils/logger.ts:82:7)

    console.log
      [INFO] Upcoming meetings loaded { count: 1, timestamp: '2026-01-30T03:36:51.228Z' }

      at Logger.logMethod [as log] (utils/logger.ts:82:7)

    console.log
      [INFO] Upcoming meetings loaded { count: 1, timestamp: '2026-01-30T03:36:51.229Z' }

      at Logger.logMethod [as log] (utils/logger.ts:82:7)

    console.log
      [INFO] Upcoming meetings loaded { count: 1, timestamp: '2026-01-30T03:36:51.229Z' }

      at Logger.logMethod [as log] (utils/logger.ts:82:7)

    console.log
      [INFO] Upcoming meetings loaded { count: 1, timestamp: '2026-01-30T03:36:51.229Z' }

      at Logger.logMethod [as log] (utils/logger.ts:82:7)

    console.log
      [INFO] Upcoming meetings loaded { count: 1, timestamp: '2026-01-30T03:36:51.229Z' }

      at Logger.logMethod [as log] (utils/logger.ts:82:7)

    console.log
      [INFO] Upcoming meetings loaded { count: 1, timestamp: '2026-01-30T03:36:51.229Z' }

      at Logger.logMethod [as log] (utils/logger.ts:82:7)

    console.log
      [INFO] Upcoming meetings loaded { count: 1, timestamp: '2026-01-30T03:36:51.230Z' }

      at Logger.logMethod [as log] (utils/logger.ts:82:7)

    console.log
      [INFO] Upcoming meetings loaded { count: 1, timestamp: '2026-01-30T03:36:51.230Z' }

      at Logger.logMethod [as log] (utils/logger.ts:82:7)

    console.log
      [INFO] Upcoming meetings loaded { count: 1, timestamp: '2026-01-30T03:36:51.230Z' }

      at Logger.logMethod [as log] (utils/logger.ts:82:7)

    console.log
      [INFO] Upcoming meetings loaded { count: 1, timestamp: '2026-01-30T03:36:51.230Z' }

      at Logger.logMethod [as log] (utils/logger.ts:82:7)

    console.log
      [INFO] Upcoming meetings loaded { count: 1, timestamp: '2026-01-30T03:36:51.230Z' }

      at Logger.logMethod [as log] (utils/logger.ts:82:7)

    console.log
      [INFO] Upcoming meetings loaded { count: 1, timestamp: '2026-01-30T03:36:51.231Z' }

      at Logger.logMethod [as log] (utils/logger.ts:82:7)

    console.log
      [INFO] Upcoming meetings loaded { count: 1, timestamp: '2026-01-30T03:36:51.231Z' }

      at Logger.logMethod [as log] (utils/logger.ts:82:7)

    console.log
      [INFO] Upcoming meetings loaded { count: 1, timestamp: '2026-01-30T03:36:51.231Z' }

      at Logger.logMethod [as log] (utils/logger.ts:82:7)

    console.log
      [INFO] Upcoming meetings loaded { count: 1, timestamp: '2026-01-30T03:36:51.231Z' }

      at Logger.logMethod [as log] (utils/logger.ts:82:7)

    console.log
      [INFO] Upcoming meetings loaded { count: 1, timestamp: '2026-01-30T03:36:51.231Z' }

      at Logger.logMethod [as log] (utils/logger.ts:82:7)

    console.log
      [INFO] Upcoming meetings loaded { count: 1, timestamp: '2026-01-30T03:36:51.232Z' }

      at Logger.logMethod [as log] (utils/logger.ts:82:7)

    console.log
      [INFO] Upcoming meetings loaded { count: 1, timestamp: '2026-01-30T03:36:51.232Z' }

      at Logger.logMethod [as log] (utils/logger.ts:82:7)

    console.log
      [INFO] Upcoming meetings loaded { count: 1, timestamp: '2026-01-30T03:36:51.232Z' }

      at Logger.logMethod [as log] (utils/logger.ts:82:7)

    console.log
      [INFO] Upcoming meetings loaded { count: 1, timestamp: '2026-01-30T03:36:51.232Z' }

      at Logger.logMethod [as log] (utils/logger.ts:82:7)

    console.log
      [INFO] Upcoming meetings loaded { count: 1, timestamp: '2026-01-30T03:36:51.232Z' }

      at Logger.logMethod [as log] (utils/logger.ts:82:7)

    console.log
      [INFO] Upcoming meetings loaded { count: 1, timestamp: '2026-01-30T03:36:51.232Z' }

      at Logger.logMethod [as log] (utils/logger.ts:82:7)

    console.log
      [INFO] Upcoming meetings loaded { count: 1, timestamp: '2026-01-30T03:36:51.233Z' }

      at Logger.logMethod [as log] (utils/logger.ts:82:7)

    console.log
      [INFO] Upcoming meetings loaded { count: 1, timestamp: '2026-01-30T03:36:51.233Z' }

      at Logger.logMethod [as log] (utils/logger.ts:82:7)

    console.log
      [INFO] Upcoming meetings loaded { count: 1, timestamp: '2026-01-30T03:36:51.233Z' }

      at Logger.logMethod [as log] (utils/logger.ts:82:7)

    console.log
      [INFO] Upcoming meetings loaded { count: 1, timestamp: '2026-01-30T03:36:51.233Z' }

      at Logger.logMethod [as log] (utils/logger.ts:82:7)

    console.log
      [INFO] Upcoming meetings loaded { count: 1, timestamp: '2026-01-30T03:36:51.233Z' }

      at Logger.logMethod [as log] (utils/logger.ts:82:7)

    console.log
      [INFO] Upcoming meetings loaded { count: 1, timestamp: '2026-01-30T03:36:51.234Z' }

      at Logger.logMethod [as log] (utils/logger.ts:82:7)

    console.log
      [INFO] Upcoming meetings loaded { count: 1, timestamp: '2026-01-30T03:36:51.234Z' }

      at Logger.logMethod [as log] (utils/logger.ts:82:7)

    console.log
      [INFO] Upcoming meetings loaded { count: 1, timestamp: '2026-01-30T03:36:51.234Z' }

      at Logger.logMethod [as log] (utils/logger.ts:82:7)

    console.log
      [INFO] Upcoming meetings loaded { count: 1, timestamp: '2026-01-30T03:36:51.234Z' }

      at Logger.logMethod [as log] (utils/logger.ts:82:7)

    console.log
      [INFO] Upcoming meetings loaded { count: 1, timestamp: '2026-01-30T03:36:51.234Z' }

      at Logger.logMethod [as log] (utils/logger.ts:82:7)

    console.log
      [INFO] Upcoming meetings loaded { count: 1, timestamp: '2026-01-30T03:36:51.234Z' }

      at Logger.logMethod [as log] (utils/logger.ts:82:7)

    console.log
      [INFO] Upcoming meetings loaded { count: 1, timestamp: '2026-01-30T03:36:51.234Z' }

      at Logger.logMethod [as log] (utils/logger.ts:82:7)

    console.log
      [INFO] Upcoming meetings loaded { count: 1, timestamp: '2026-01-30T03:36:51.235Z' }

      at Logger.logMethod [as log] (utils/logger.ts:82:7)

    console.log
      [INFO] Upcoming meetings loaded { count: 1, timestamp: '2026-01-30T03:36:51.235Z' }

      at Logger.logMethod [as log] (utils/logger.ts:82:7)

    console.log
      [INFO] Upcoming meetings loaded { count: 1, timestamp: '2026-01-30T03:36:51.235Z' }

      at Logger.logMethod [as log] (utils/logger.ts:82:7)

    console.log
      [INFO] Upcoming meetings loaded { count: 1, timestamp: '2026-01-30T03:36:51.235Z' }

      at Logger.logMethod [as log] (utils/logger.ts:82:7)

    console.log
      [INFO] Upcoming meetings loaded { count: 1, timestamp: '2026-01-30T03:36:51.235Z' }

      at Logger.logMethod [as log] (utils/logger.ts:82:7)

    console.log
      [INFO] Upcoming meetings loaded { count: 1, timestamp: '2026-01-30T03:36:51.235Z' }

      at Logger.logMethod [as log] (utils/logger.ts:82:7)

    console.log
      [INFO] Upcoming meetings loaded { count: 1, timestamp: '2026-01-30T03:36:51.235Z' }

      at Logger.logMethod [as log] (utils/logger.ts:82:7)

    console.log
      [INFO] Upcoming meetings loaded { count: 1, timestamp: '2026-01-30T03:36:51.235Z' }

      at Logger.logMethod [as log] (utils/logger.ts:82:7)

    console.log
      [INFO] Upcoming meetings loaded { count: 1, timestamp: '2026-01-30T03:36:51.236Z' }

      at Logger.logMethod [as log] (utils/logger.ts:82:7)

    console.log
      [INFO] Upcoming meetings loaded { count: 1, timestamp: '2026-01-30T03:36:51.236Z' }

      at Logger.logMethod [as log] (utils/logger.ts:82:7)

    console.log
      [INFO] Upcoming meetings loaded { count: 1, timestamp: '2026-01-30T03:36:51.236Z' }

      at Logger.logMethod [as log] (utils/logger.ts:82:7)

    console.log
      [INFO] Upcoming meetings loaded { count: 1, timestamp: '2026-01-30T03:36:51.236Z' }

      at Logger.logMethod [as log] (utils/logger.ts:82:7)

    console.log
      [INFO] Upcoming meetings loaded { count: 1, timestamp: '2026-01-30T03:36:51.236Z' }

      at Logger.logMethod [as log] (utils/logger.ts:82:7)

    console.log
      [INFO] Upcoming meetings loaded { count: 1, timestamp: '2026-01-30T03:36:51.236Z' }

      at Logger.logMethod [as log] (utils/logger.ts:82:7)

    console.log
      [INFO] Upcoming meetings loaded { count: 1, timestamp: '2026-01-30T03:36:51.237Z' }

      at Logger.logMethod [as log] (utils/logger.ts:82:7)

    console.log
      [INFO] Upcoming meetings loaded { count: 1, timestamp: '2026-01-30T03:36:51.237Z' }

      at Logger.logMethod [as log] (utils/logger.ts:82:7)

    console.log
      [INFO] Upcoming meetings loaded { count: 2, timestamp: '2026-01-30T03:36:51.240Z' }

      at Logger.logMethod [as log] (utils/logger.ts:82:7)

    console.log
      [INFO] Upcoming meetings loaded { count: 2, timestamp: '2026-01-30T03:36:51.242Z' }

      at Logger.logMethod [as log] (utils/logger.ts:82:7)

    console.log
      [INFO] Upcoming meetings loaded { count: 2, timestamp: '2026-01-30T03:36:51.250Z' }

      at Logger.logMethod [as log] (utils/logger.ts:82:7)

    console.log
      [INFO] Upcoming meetings loaded { count: 2, timestamp: '2026-01-30T03:36:51.250Z' }

      at Logger.logMethod [as log] (utils/logger.ts:82:7)

    console.log
      [INFO] Upcoming meetings loaded { count: 2, timestamp: '2026-01-30T03:36:51.250Z' }

      at Logger.logMethod [as log] (utils/logger.ts:82:7)

    console.log
      [INFO] Upcoming meetings loaded { count: 2, timestamp: '2026-01-30T03:36:51.250Z' }

      at Logger.logMethod [as log] (utils/logger.ts:82:7)

    console.log
      [INFO] Upcoming meetings loaded { count: 2, timestamp: '2026-01-30T03:36:51.250Z' }

      at Logger.logMethod [as log] (utils/logger.ts:82:7)

    console.log
      [INFO] Upcoming meetings loaded { count: 2, timestamp: '2026-01-30T03:36:51.250Z' }

      at Logger.logMethod [as log] (utils/logger.ts:82:7)

    console.log
      [INFO] Upcoming meetings loaded { count: 2, timestamp: '2026-01-30T03:36:51.251Z' }

      at Logger.logMethod [as log] (utils/logger.ts:82:7)

    console.log
      [INFO] Upcoming meetings loaded { count: 2, timestamp: '2026-01-30T03:36:51.251Z' }

      at Logger.logMethod [as log] (utils/logger.ts:82:7)

    console.log
      [INFO] Upcoming meetings loaded { count: 2, timestamp: '2026-01-30T03:36:51.251Z' }

      at Logger.logMethod [as log] (utils/logger.ts:82:7)

    console.log
      [INFO] Upcoming meetings loaded { count: 2, timestamp: '2026-01-30T03:36:51.251Z' }

      at Logger.logMethod [as log] (utils/logger.ts:82:7)

    console.log
      [INFO] Upcoming meetings loaded { count: 2, timestamp: '2026-01-30T03:36:51.251Z' }

      at Logger.logMethod [as log] (utils/logger.ts:82:7)

    console.log
      [INFO] Upcoming meetings loaded { count: 2, timestamp: '2026-01-30T03:36:51.251Z' }

      at Logger.logMethod [as log] (utils/logger.ts:82:7)

    console.log
      [INFO] Upcoming meetings loaded { count: 2, timestamp: '2026-01-30T03:36:51.251Z' }

      at Logger.logMethod [as log] (utils/logger.ts:82:7)

    console.log
      [INFO] Upcoming meetings loaded { count: 2, timestamp: '2026-01-30T03:36:51.252Z' }

      at Logger.logMethod [as log] (utils/logger.ts:82:7)

    console.log
      [INFO] Upcoming meetings loaded { count: 2, timestamp: '2026-01-30T03:36:51.252Z' }

      at Logger.logMethod [as log] (utils/logger.ts:82:7)

    console.log
      [INFO] Upcoming meetings loaded { count: 2, timestamp: '2026-01-30T03:36:51.252Z' }

      at Logger.logMethod [as log] (utils/logger.ts:82:7)

    console.log
      [INFO] Upcoming meetings loaded { count: 2, timestamp: '2026-01-30T03:36:51.252Z' }

      at Logger.logMethod [as log] (utils/logger.ts:82:7)

    console.log
      [INFO] Upcoming meetings loaded { count: 2, timestamp: '2026-01-30T03:36:51.252Z' }

      at Logger.logMethod [as log] (utils/logger.ts:82:7)

    console.log
      [INFO] Upcoming meetings loaded { count: 2, timestamp: '2026-01-30T03:36:51.252Z' }

      at Logger.logMethod [as log] (utils/logger.ts:82:7)

    console.log
      [INFO] Upcoming meetings loaded { count: 2, timestamp: '2026-01-30T03:36:51.252Z' }

      at Logger.logMethod [as log] (utils/logger.ts:82:7)

    console.log
      [INFO] Upcoming meetings loaded { count: 2, timestamp: '2026-01-30T03:36:51.252Z' }

      at Logger.logMethod [as log] (utils/logger.ts:82:7)

    console.log
      [INFO] Upcoming meetings loaded { count: 2, timestamp: '2026-01-30T03:36:51.253Z' }

      at Logger.logMethod [as log] (utils/logger.ts:82:7)

    console.log
      [INFO] Upcoming meetings loaded { count: 2, timestamp: '2026-01-30T03:36:51.253Z' }

      at Logger.logMethod [as log] (utils/logger.ts:82:7)

    console.log
      [INFO] Upcoming meetings loaded { count: 2, timestamp: '2026-01-30T03:36:51.253Z' }

      at Logger.logMethod [as log] (utils/logger.ts:82:7)

    console.log
      [INFO] Upcoming meetings loaded { count: 2, timestamp: '2026-01-30T03:36:51.253Z' }

      at Logger.logMethod [as log] (utils/logger.ts:82:7)

    console.log
      [INFO] Upcoming meetings loaded { count: 2, timestamp: '2026-01-30T03:36:51.253Z' }

      at Logger.logMethod [as log] (utils/logger.ts:82:7)

    console.log
      [INFO] Upcoming meetings loaded { count: 2, timestamp: '2026-01-30T03:36:51.253Z' }

      at Logger.logMethod [as log] (utils/logger.ts:82:7)

    console.log
      [INFO] Upcoming meetings loaded { count: 2, timestamp: '2026-01-30T03:36:51.253Z' }

      at Logger.logMethod [as log] (utils/logger.ts:82:7)

    console.log
      [INFO] Upcoming meetings loaded { count: 2, timestamp: '2026-01-30T03:36:51.254Z' }

      at Logger.logMethod [as log] (utils/logger.ts:82:7)

    console.log
      [INFO] Upcoming meetings loaded { count: 2, timestamp: '2026-01-30T03:36:51.254Z' }

      at Logger.logMethod [as log] (utils/logger.ts:82:7)

    console.log
      [INFO] Upcoming meetings loaded { count: 2, timestamp: '2026-01-30T03:36:51.254Z' }

      at Logger.logMethod [as log] (utils/logger.ts:82:7)

    console.log
      [INFO] Upcoming meetings loaded { count: 2, timestamp: '2026-01-30T03:36:51.254Z' }

      at Logger.logMethod [as log] (utils/logger.ts:82:7)

    console.log
      [INFO] Upcoming meetings loaded { count: 2, timestamp: '2026-01-30T03:36:51.255Z' }

      at Logger.logMethod [as log] (utils/logger.ts:82:7)

    console.log
      [INFO] Upcoming meetings loaded { count: 2, timestamp: '2026-01-30T03:36:51.255Z' }

      at Logger.logMethod [as log] (utils/logger.ts:82:7)

    console.log
      [INFO] Upcoming meetings loaded { count: 2, timestamp: '2026-01-30T03:36:51.255Z' }

      at Logger.logMethod [as log] (utils/logger.ts:82:7)

    console.log
      [INFO] Upcoming meetings loaded { count: 2, timestamp: '2026-01-30T03:36:51.255Z' }

      at Logger.logMethod [as log] (utils/logger.ts:82:7)

    console.log
      [INFO] Upcoming meetings loaded { count: 2, timestamp: '2026-01-30T03:36:51.256Z' }

      at Logger.logMethod [as log] (utils/logger.ts:82:7)

    console.log
      [INFO] Upcoming meetings loaded { count: 2, timestamp: '2026-01-30T03:36:51.256Z' }

      at Logger.logMethod [as log] (utils/logger.ts:82:7)

    console.log
      [INFO] Upcoming meetings loaded { count: 2, timestamp: '2026-01-30T03:36:51.256Z' }

      at Logger.logMethod [as log] (utils/logger.ts:82:7)

    console.log
      [INFO] Upcoming meetings loaded { count: 2, timestamp: '2026-01-30T03:36:51.256Z' }

      at Logger.logMethod [as log] (utils/logger.ts:82:7)

    console.log
      [INFO] Upcoming meetings loaded { count: 2, timestamp: '2026-01-30T03:36:51.256Z' }

      at Logger.logMethod [as log] (utils/logger.ts:82:7)

    console.log
      [INFO] Upcoming meetings loaded { count: 2, timestamp: '2026-01-30T03:36:51.257Z' }

      at Logger.logMethod [as log] (utils/logger.ts:82:7)

    console.log
      [INFO] Upcoming meetings loaded { count: 2, timestamp: '2026-01-30T03:36:51.257Z' }

      at Logger.logMethod [as log] (utils/logger.ts:82:7)

    console.log
      [INFO] Upcoming meetings loaded { count: 2, timestamp: '2026-01-30T03:36:51.257Z' }

      at Logger.logMethod [as log] (utils/logger.ts:82:7)

    console.log
      [INFO] Upcoming meetings loaded { count: 2, timestamp: '2026-01-30T03:36:51.257Z' }

      at Logger.logMethod [as log] (utils/logger.ts:82:7)

    console.log
      [INFO] Upcoming meetings loaded { count: 2, timestamp: '2026-01-30T03:36:51.258Z' }

      at Logger.logMethod [as log] (utils/logger.ts:82:7)

    console.log
      [INFO] Upcoming meetings loaded { count: 2, timestamp: '2026-01-30T03:36:51.258Z' }

      at Logger.logMethod [as log] (utils/logger.ts:82:7)

    console.log
      [INFO] Upcoming meetings loaded { count: 2, timestamp: '2026-01-30T03:36:51.258Z' }

      at Logger.logMethod [as log] (utils/logger.ts:82:7)

    console.log
      [INFO] Upcoming meetings loaded { count: 2, timestamp: '2026-01-30T03:36:51.258Z' }

      at Logger.logMethod [as log] (utils/logger.ts:82:7)

    console.log
      [INFO] Upcoming meetings loaded { count: 2, timestamp: '2026-01-30T03:36:51.258Z' }

      at Logger.logMethod [as log] (utils/logger.ts:82:7)

    console.log
      [INFO] Upcoming meetings loaded { count: 2, timestamp: '2026-01-30T03:36:51.259Z' }

      at Logger.logMethod [as log] (utils/logger.ts:82:7)

    console.log
      [INFO] Upcoming meetings loaded { count: 2, timestamp: '2026-01-30T03:36:51.259Z' }

      at Logger.logMethod [as log] (utils/logger.ts:82:7)

    console.log
      [INFO] Upcoming meetings loaded { count: 2, timestamp: '2026-01-30T03:36:51.259Z' }

      at Logger.logMethod [as log] (utils/logger.ts:82:7)

    console.log
      [INFO] Upcoming meetings loaded { count: 2, timestamp: '2026-01-30T03:36:51.259Z' }

      at Logger.logMethod [as log] (utils/logger.ts:82:7)

    console.log
      [INFO] Upcoming meetings loaded { count: 2, timestamp: '2026-01-30T03:36:51.259Z' }

      at Logger.logMethod [as log] (utils/logger.ts:82:7)

    console.log
      [INFO] Upcoming meetings loaded { count: 2, timestamp: '2026-01-30T03:36:51.260Z' }

      at Logger.logMethod [as log] (utils/logger.ts:82:7)

    console.log
      [INFO] Upcoming meetings loaded { count: 2, timestamp: '2026-01-30T03:36:51.260Z' }

      at Logger.logMethod [as log] (utils/logger.ts:82:7)

    console.log
      [INFO] Upcoming meetings loaded { count: 2, timestamp: '2026-01-30T03:36:51.260Z' }

      at Logger.logMethod [as log] (utils/logger.ts:82:7)

    console.log
      [INFO] Upcoming meetings loaded { count: 2, timestamp: '2026-01-30T03:36:51.260Z' }

      at Logger.logMethod [as log] (utils/logger.ts:82:7)

    console.log
      [INFO] Upcoming meetings loaded { count: 2, timestamp: '2026-01-30T03:36:51.260Z' }

      at Logger.logMethod [as log] (utils/logger.ts:82:7)

    console.log
      [INFO] Upcoming meetings loaded { count: 2, timestamp: '2026-01-30T03:36:51.260Z' }

      at Logger.logMethod [as log] (utils/logger.ts:82:7)

    console.log
      [INFO] Upcoming meetings loaded { count: 2, timestamp: '2026-01-30T03:36:51.261Z' }

      at Logger.logMethod [as log] (utils/logger.ts:82:7)

    console.log
      [INFO] Upcoming meetings loaded { count: 2, timestamp: '2026-01-30T03:36:51.261Z' }

      at Logger.logMethod [as log] (utils/logger.ts:82:7)

    console.log
      [INFO] Upcoming meetings loaded { count: 2, timestamp: '2026-01-30T03:36:51.261Z' }

      at Logger.logMethod [as log] (utils/logger.ts:82:7)

    console.log
      [INFO] Upcoming meetings loaded { count: 2, timestamp: '2026-01-30T03:36:51.261Z' }

      at Logger.logMethod [as log] (utils/logger.ts:82:7)

    console.log
      [INFO] Upcoming meetings loaded { count: 2, timestamp: '2026-01-30T03:36:51.261Z' }

      at Logger.logMethod [as log] (utils/logger.ts:82:7)

    console.log
      [INFO] Upcoming meetings loaded { count: 2, timestamp: '2026-01-30T03:36:51.262Z' }

      at Logger.logMethod [as log] (utils/logger.ts:82:7)

    console.log
      [INFO] Upcoming meetings loaded { count: 2, timestamp: '2026-01-30T03:36:51.262Z' }

      at Logger.logMethod [as log] (utils/logger.ts:82:7)

    console.log
      [INFO] Upcoming meetings loaded { count: 2, timestamp: '2026-01-30T03:36:51.262Z' }

      at Logger.logMethod [as log] (utils/logger.ts:82:7)

    console.log
      [INFO] Upcoming meetings loaded { count: 2, timestamp: '2026-01-30T03:36:51.262Z' }

      at Logger.logMethod [as log] (utils/logger.ts:82:7)

    console.log
      [INFO] Upcoming meetings loaded { count: 2, timestamp: '2026-01-30T03:36:51.262Z' }

      at Logger.logMethod [as log] (utils/logger.ts:82:7)

    console.log
      [INFO] Upcoming meetings loaded { count: 2, timestamp: '2026-01-30T03:36:51.262Z' }

      at Logger.logMethod [as log] (utils/logger.ts:82:7)

    console.log
      [INFO] Upcoming meetings loaded { count: 2, timestamp: '2026-01-30T03:36:51.262Z' }

      at Logger.logMethod [as log] (utils/logger.ts:82:7)

    console.log
      [INFO] Upcoming meetings loaded { count: 2, timestamp: '2026-01-30T03:36:51.263Z' }

      at Logger.logMethod [as log] (utils/logger.ts:82:7)

    console.log
      [INFO] Upcoming meetings loaded { count: 2, timestamp: '2026-01-30T03:36:51.263Z' }

      at Logger.logMethod [as log] (utils/logger.ts:82:7)

    console.log
      [INFO] Upcoming meetings loaded { count: 2, timestamp: '2026-01-30T03:36:51.263Z' }

      at Logger.logMethod [as log] (utils/logger.ts:82:7)

    console.log
      [INFO] Upcoming meetings loaded { count: 2, timestamp: '2026-01-30T03:36:51.263Z' }

      at Logger.logMethod [as log] (utils/logger.ts:82:7)

    console.log
      [INFO] Upcoming meetings loaded { count: 2, timestamp: '2026-01-30T03:36:51.263Z' }

      at Logger.logMethod [as log] (utils/logger.ts:82:7)

    console.log
      [INFO] Upcoming meetings loaded { count: 2, timestamp: '2026-01-30T03:36:51.263Z' }

      at Logger.logMethod [as log] (utils/logger.ts:82:7)

    console.log
      [INFO] Upcoming meetings loaded { count: 2, timestamp: '2026-01-30T03:36:51.264Z' }

      at Logger.logMethod [as log] (utils/logger.ts:82:7)

    console.log
      [INFO] Upcoming meetings loaded { count: 2, timestamp: '2026-01-30T03:36:51.264Z' }

      at Logger.logMethod [as log] (utils/logger.ts:82:7)

    console.log
      [INFO] Upcoming meetings loaded { count: 2, timestamp: '2026-01-30T03:36:51.264Z' }

      at Logger.logMethod [as log] (utils/logger.ts:82:7)

    console.log
      [INFO] Upcoming meetings loaded { count: 2, timestamp: '2026-01-30T03:36:51.264Z' }

      at Logger.logMethod [as log] (utils/logger.ts:82:7)

    console.log
      [INFO] Upcoming meetings loaded { count: 2, timestamp: '2026-01-30T03:36:51.264Z' }

      at Logger.logMethod [as log] (utils/logger.ts:82:7)

    console.log
      [INFO] Upcoming meetings loaded { count: 2, timestamp: '2026-01-30T03:36:51.264Z' }

      at Logger.logMethod [as log] (utils/logger.ts:82:7)

    console.log
      [INFO] Upcoming meetings loaded { count: 2, timestamp: '2026-01-30T03:36:51.264Z' }

      at Logger.logMethod [as log] (utils/logger.ts:82:7)

    console.log
      [INFO] Upcoming meetings loaded { count: 2, timestamp: '2026-01-30T03:36:51.265Z' }

      at Logger.logMethod [as log] (utils/logger.ts:82:7)

    console.log
      [INFO] Upcoming meetings loaded { count: 2, timestamp: '2026-01-30T03:36:51.265Z' }

      at Logger.logMethod [as log] (utils/logger.ts:82:7)

    console.log
      [INFO] Upcoming meetings loaded { count: 2, timestamp: '2026-01-30T03:36:51.265Z' }

      at Logger.logMethod [as log] (utils/logger.ts:82:7)

    console.log
      [INFO] Upcoming meetings loaded { count: 2, timestamp: '2026-01-30T03:36:51.265Z' }

      at Logger.logMethod [as log] (utils/logger.ts:82:7)

    console.log
      [INFO] Upcoming meetings loaded { count: 2, timestamp: '2026-01-30T03:36:51.265Z' }

      at Logger.logMethod [as log] (utils/logger.ts:82:7)

    console.log
      [INFO] Upcoming meetings loaded { count: 2, timestamp: '2026-01-30T03:36:51.265Z' }

      at Logger.logMethod [as log] (utils/logger.ts:82:7)

    console.log
      [INFO] Upcoming meetings loaded { count: 2, timestamp: '2026-01-30T03:36:51.265Z' }

      at Logger.logMethod [as log] (utils/logger.ts:82:7)

    console.log
      [INFO] Upcoming meetings loaded { count: 2, timestamp: '2026-01-30T03:36:51.265Z' }

      at Logger.logMethod [as log] (utils/logger.ts:82:7)

    console.log
      [INFO] Upcoming meetings loaded { count: 2, timestamp: '2026-01-30T03:36:51.266Z' }

      at Logger.logMethod [as log] (utils/logger.ts:82:7)

    console.log
      [INFO] Upcoming meetings loaded { count: 2, timestamp: '2026-01-30T03:36:51.266Z' }

      at Logger.logMethod [as log] (utils/logger.ts:82:7)

    console.log
      [INFO] Upcoming meetings loaded { count: 2, timestamp: '2026-01-30T03:36:51.266Z' }

      at Logger.logMethod [as log] (utils/logger.ts:82:7)

    console.log
      [INFO] Upcoming meetings loaded { count: 2, timestamp: '2026-01-30T03:36:51.266Z' }

      at Logger.logMethod [as log] (utils/logger.ts:82:7)

    console.log
      [INFO] Upcoming meetings loaded { count: 2, timestamp: '2026-01-30T03:36:51.266Z' }

      at Logger.logMethod [as log] (utils/logger.ts:82:7)

    console.log
      [INFO] Upcoming meetings loaded { count: 2, timestamp: '2026-01-30T03:36:51.266Z' }

      at Logger.logMethod [as log] (utils/logger.ts:82:7)

    console.log
      [INFO] Upcoming meetings loaded { count: 2, timestamp: '2026-01-30T03:36:51.266Z' }

      at Logger.logMethod [as log] (utils/logger.ts:82:7)

    console.log
      [INFO] Upcoming meetings loaded { count: 2, timestamp: '2026-01-30T03:36:51.266Z' }

      at Logger.logMethod [as log] (utils/logger.ts:82:7)

    console.log
      [INFO] Upcoming meetings loaded { count: 2, timestamp: '2026-01-30T03:36:51.267Z' }

      at Logger.logMethod [as log] (utils/logger.ts:82:7)

    console.log
      [INFO] Upcoming meetings loaded { count: 2, timestamp: '2026-01-30T03:36:51.267Z' }

      at Logger.logMethod [as log] (utils/logger.ts:82:7)

    console.log
      [INFO] Upcoming meetings loaded { count: 2, timestamp: '2026-01-30T03:36:51.267Z' }

      at Logger.logMethod [as log] (utils/logger.ts:82:7)

    console.log
      [INFO] Upcoming meetings loaded { count: 2, timestamp: '2026-01-30T03:36:51.267Z' }

      at Logger.logMethod [as log] (utils/logger.ts:82:7)

    console.log
      [INFO] Upcoming meetings loaded { count: 2, timestamp: '2026-01-30T03:36:51.267Z' }

      at Logger.logMethod [as log] (utils/logger.ts:82:7)

    console.log
      [INFO] Upcoming meetings loaded { count: 2, timestamp: '2026-01-30T03:36:51.267Z' }

      at Logger.logMethod [as log] (utils/logger.ts:82:7)

    console.log
      [INFO] Upcoming meetings loaded { count: 2, timestamp: '2026-01-30T03:36:51.267Z' }

      at Logger.logMethod [as log] (utils/logger.ts:82:7)

    console.log
      [INFO] Upcoming meetings loaded { count: 2, timestamp: '2026-01-30T03:36:51.267Z' }

      at Logger.logMethod [as log] (utils/logger.ts:82:7)

    console.log
      [INFO] Upcoming meetings loaded { count: 2, timestamp: '2026-01-30T03:36:51.267Z' }

      at Logger.logMethod [as log] (utils/logger.ts:82:7)

    console.log
      [INFO] Upcoming meetings loaded { count: 2, timestamp: '2026-01-30T03:36:51.268Z' }

      at Logger.logMethod [as log] (utils/logger.ts:82:7)

    console.log
      [INFO] Upcoming meetings loaded { count: 2, timestamp: '2026-01-30T03:36:51.268Z' }

      at Logger.logMethod [as log] (utils/logger.ts:82:7)

    console.log
      [INFO] Upcoming meetings loaded { count: 2, timestamp: '2026-01-30T03:36:51.268Z' }

      at Logger.logMethod [as log] (utils/logger.ts:82:7)

    console.log
      [INFO] Upcoming meetings loaded { count: 2, timestamp: '2026-01-30T03:36:51.268Z' }

      at Logger.logMethod [as log] (utils/logger.ts:82:7)

    console.log
      [INFO] Upcoming meetings loaded { count: 2, timestamp: '2026-01-30T03:36:51.268Z' }

      at Logger.logMethod [as log] (utils/logger.ts:82:7)

    console.log
      [INFO] Upcoming meetings loaded { count: 2, timestamp: '2026-01-30T03:36:51.268Z' }

      at Logger.logMethod [as log] (utils/logger.ts:82:7)

    console.log
      [INFO] Upcoming meetings loaded { count: 2, timestamp: '2026-01-30T03:36:51.268Z' }

      at Logger.logMethod [as log] (utils/logger.ts:82:7)

    console.log
      [INFO] Upcoming meetings loaded { count: 2, timestamp: '2026-01-30T03:36:51.268Z' }

      at Logger.logMethod [as log] (utils/logger.ts:82:7)

    console.log
      [INFO] Upcoming meetings loaded { count: 2, timestamp: '2026-01-30T03:36:51.268Z' }

      at Logger.logMethod [as log] (utils/logger.ts:82:7)

    console.log
      [INFO] Upcoming meetings loaded { count: 2, timestamp: '2026-01-30T03:36:51.269Z' }

      at Logger.logMethod [as log] (utils/logger.ts:82:7)

    console.log
      [INFO] Upcoming meetings loaded { count: 2, timestamp: '2026-01-30T03:36:51.269Z' }

      at Logger.logMethod [as log] (utils/logger.ts:82:7)

    console.log
      [INFO] Upcoming meetings loaded { count: 2, timestamp: '2026-01-30T03:36:51.269Z' }

      at Logger.logMethod [as log] (utils/logger.ts:82:7)

    console.log
      [INFO] Upcoming meetings loaded { count: 2, timestamp: '2026-01-30T03:36:51.269Z' }

      at Logger.logMethod [as log] (utils/logger.ts:82:7)

    console.log
      [INFO] Upcoming meetings loaded { count: 2, timestamp: '2026-01-30T03:36:51.269Z' }

      at Logger.logMethod [as log] (utils/logger.ts:82:7)

    console.log
      [INFO] Upcoming meetings loaded { count: 2, timestamp: '2026-01-30T03:36:51.269Z' }

      at Logger.logMethod [as log] (utils/logger.ts:82:7)

    console.log
      [INFO] Upcoming meetings loaded { count: 2, timestamp: '2026-01-30T03:36:51.270Z' }

      at Logger.logMethod [as log] (utils/logger.ts:82:7)

    console.log
      [INFO] Upcoming meetings loaded { count: 2, timestamp: '2026-01-30T03:36:51.270Z' }

      at Logger.logMethod [as log] (utils/logger.ts:82:7)

    console.log
      [INFO] Upcoming meetings loaded { count: 2, timestamp: '2026-01-30T03:36:51.270Z' }

      at Logger.logMethod [as log] (utils/logger.ts:82:7)

    console.log
      [INFO] Upcoming meetings loaded { count: 2, timestamp: '2026-01-30T03:36:51.270Z' }

      at Logger.logMethod [as log] (utils/logger.ts:82:7)

    console.log
      [INFO] Upcoming meetings loaded { count: 2, timestamp: '2026-01-30T03:36:51.270Z' }

      at Logger.logMethod [as log] (utils/logger.ts:82:7)

    console.log
      [INFO] Upcoming meetings loaded { count: 2, timestamp: '2026-01-30T03:36:51.271Z' }

      at Logger.logMethod [as log] (utils/logger.ts:82:7)

    console.log
      [INFO] Upcoming meetings loaded { count: 2, timestamp: '2026-01-30T03:36:51.271Z' }

      at Logger.logMethod [as log] (utils/logger.ts:82:7)

    console.log
      [INFO] Upcoming meetings loaded { count: 2, timestamp: '2026-01-30T03:36:51.271Z' }

      at Logger.logMethod [as log] (utils/logger.ts:82:7)

    console.log
      [INFO] Upcoming meetings loaded { count: 2, timestamp: '2026-01-30T03:36:51.271Z' }

      at Logger.logMethod [as log] (utils/logger.ts:82:7)

    console.log
      [INFO] Upcoming meetings loaded { count: 2, timestamp: '2026-01-30T03:36:51.271Z' }

      at Logger.logMethod [as log] (utils/logger.ts:82:7)

    console.log
      [INFO] Upcoming meetings loaded { count: 2, timestamp: '2026-01-30T03:36:51.272Z' }

      at Logger.logMethod [as log] (utils/logger.ts:82:7)

    console.log
      [INFO] Upcoming meetings loaded { count: 2, timestamp: '2026-01-30T03:36:51.272Z' }

      at Logger.logMethod [as log] (utils/logger.ts:82:7)

    console.log
      [INFO] Upcoming meetings loaded { count: 2, timestamp: '2026-01-30T03:36:51.272Z' }

      at Logger.logMethod [as log] (utils/logger.ts:82:7)

    console.log
      [INFO] Upcoming meetings loaded { count: 2, timestamp: '2026-01-30T03:36:51.272Z' }

      at Logger.logMethod [as log] (utils/logger.ts:82:7)

    console.log
      [INFO] Upcoming meetings loaded { count: 2, timestamp: '2026-01-30T03:36:51.273Z' }

      at Logger.logMethod [as log] (utils/logger.ts:82:7)

    console.log
      [INFO] Upcoming meetings loaded { count: 2, timestamp: '2026-01-30T03:36:51.273Z' }

      at Logger.logMethod [as log] (utils/logger.ts:82:7)

    console.log
      [INFO] Upcoming meetings loaded { count: 2, timestamp: '2026-01-30T03:36:51.273Z' }

      at Logger.logMethod [as log] (utils/logger.ts:82:7)

    console.log
      [INFO] Upcoming meetings loaded { count: 2, timestamp: '2026-01-30T03:36:51.273Z' }

      at Logger.logMethod [as log] (utils/logger.ts:82:7)

    console.log
      [INFO] Upcoming meetings loaded { count: 2, timestamp: '2026-01-30T03:36:51.273Z' }

      at Logger.logMethod [as log] (utils/logger.ts:82:7)

    console.log
      [INFO] Upcoming meetings loaded { count: 2, timestamp: '2026-01-30T03:36:51.274Z' }

      at Logger.logMethod [as log] (utils/logger.ts:82:7)

    console.log
      [INFO] Upcoming meetings loaded { count: 2, timestamp: '2026-01-30T03:36:51.274Z' }

      at Logger.logMethod [as log] (utils/logger.ts:82:7)

    console.log
      [INFO] Upcoming meetings loaded { count: 2, timestamp: '2026-01-30T03:36:51.274Z' }

      at Logger.logMethod [as log] (utils/logger.ts:82:7)

    console.log
      [INFO] Upcoming meetings loaded { count: 2, timestamp: '2026-01-30T03:36:51.274Z' }

      at Logger.logMethod [as log] (utils/logger.ts:82:7)

    console.log
      [INFO] Upcoming meetings loaded { count: 2, timestamp: '2026-01-30T03:36:51.274Z' }

      at Logger.logMethod [as log] (utils/logger.ts:82:7)

    console.log
      [INFO] Upcoming meetings loaded { count: 2, timestamp: '2026-01-30T03:36:51.274Z' }

      at Logger.logMethod [as log] (utils/logger.ts:82:7)

    console.log
      [INFO] Upcoming meetings loaded { count: 2, timestamp: '2026-01-30T03:36:51.275Z' }

      at Logger.logMethod [as log] (utils/logger.ts:82:7)

    console.log
      [INFO] Upcoming meetings loaded { count: 2, timestamp: '2026-01-30T03:36:51.275Z' }

      at Logger.logMethod [as log] (utils/logger.ts:82:7)

    console.log
      [INFO] Upcoming meetings loaded { count: 2, timestamp: '2026-01-30T03:36:51.275Z' }

      at Logger.logMethod [as log] (utils/logger.ts:82:7)

    console.log
      [INFO] Upcoming meetings loaded { count: 2, timestamp: '2026-01-30T03:36:51.275Z' }

      at Logger.logMethod [as log] (utils/logger.ts:82:7)

    console.log
      [INFO] Upcoming meetings loaded { count: 2, timestamp: '2026-01-30T03:36:51.275Z' }

      at Logger.logMethod [as log] (utils/logger.ts:82:7)

    console.log
      [INFO] Upcoming meetings loaded { count: 2, timestamp: '2026-01-30T03:36:51.276Z' }

      at Logger.logMethod [as log] (utils/logger.ts:82:7)

    console.log
      [INFO] Upcoming meetings loaded { count: 2, timestamp: '2026-01-30T03:36:51.276Z' }

      at Logger.logMethod [as log] (utils/logger.ts:82:7)

    console.log
      [INFO] Upcoming meetings loaded { count: 2, timestamp: '2026-01-30T03:36:51.276Z' }

      at Logger.logMethod [as log] (utils/logger.ts:82:7)

    console.log
      [INFO] Upcoming meetings loaded { count: 2, timestamp: '2026-01-30T03:36:51.276Z' }

      at Logger.logMethod [as log] (utils/logger.ts:82:7)

    console.log
      [INFO] Upcoming meetings loaded { count: 2, timestamp: '2026-01-30T03:36:51.276Z' }

      at Logger.logMethod [as log] (utils/logger.ts:82:7)

    console.log
      [INFO] Upcoming meetings loaded { count: 2, timestamp: '2026-01-30T03:36:51.276Z' }

      at Logger.logMethod [as log] (utils/logger.ts:82:7)

    console.log
      [INFO] Upcoming meetings loaded { count: 2, timestamp: '2026-01-30T03:36:51.277Z' }

      at Logger.logMethod [as log] (utils/logger.ts:82:7)

    console.log
      [INFO] Upcoming meetings loaded { count: 2, timestamp: '2026-01-30T03:36:51.277Z' }

      at Logger.logMethod [as log] (utils/logger.ts:82:7)

    console.log
      [INFO] Upcoming meetings loaded { count: 2, timestamp: '2026-01-30T03:36:51.277Z' }

      at Logger.logMethod [as log] (utils/logger.ts:82:7)

    console.log
      [INFO] Upcoming meetings loaded { count: 2, timestamp: '2026-01-30T03:36:51.277Z' }

      at Logger.logMethod [as log] (utils/logger.ts:82:7)

    console.log
      [INFO] Upcoming meetings loaded { count: 2, timestamp: '2026-01-30T03:36:51.277Z' }

      at Logger.logMethod [as log] (utils/logger.ts:82:7)

    console.log
      [INFO] Upcoming meetings loaded { count: 2, timestamp: '2026-01-30T03:36:51.278Z' }

      at Logger.logMethod [as log] (utils/logger.ts:82:7)

    console.log
      [INFO] Upcoming meetings loaded { count: 2, timestamp: '2026-01-30T03:36:51.278Z' }

      at Logger.logMethod [as log] (utils/logger.ts:82:7)

    console.log
      [INFO] Upcoming meetings loaded { count: 2, timestamp: '2026-01-30T03:36:51.278Z' }

      at Logger.logMethod [as log] (utils/logger.ts:82:7)

    console.log
      [INFO] Upcoming meetings loaded { count: 2, timestamp: '2026-01-30T03:36:51.278Z' }

      at Logger.logMethod [as log] (utils/logger.ts:82:7)

    console.log
      [INFO] Upcoming meetings loaded { count: 2, timestamp: '2026-01-30T03:36:51.278Z' }

      at Logger.logMethod [as log] (utils/logger.ts:82:7)

    console.log
      [INFO] Upcoming meetings loaded { count: 2, timestamp: '2026-01-30T03:36:51.279Z' }

      at Logger.logMethod [as log] (utils/logger.ts:82:7)

    console.log
      [INFO] Upcoming meetings loaded { count: 2, timestamp: '2026-01-30T03:36:51.279Z' }

      at Logger.logMethod [as log] (utils/logger.ts:82:7)

    console.log
      [INFO] Upcoming meetings loaded { count: 2, timestamp: '2026-01-30T03:36:51.279Z' }

      at Logger.logMethod [as log] (utils/logger.ts:82:7)

    console.log
      [INFO] Upcoming meetings loaded { count: 2, timestamp: '2026-01-30T03:36:51.279Z' }

      at Logger.logMethod [as log] (utils/logger.ts:82:7)

    console.log
      [INFO] Upcoming meetings loaded { count: 2, timestamp: '2026-01-30T03:36:51.279Z' }

      at Logger.logMethod [as log] (utils/logger.ts:82:7)

    console.log
      [INFO] Upcoming meetings loaded { count: 2, timestamp: '2026-01-30T03:36:51.279Z' }

      at Logger.logMethod [as log] (utils/logger.ts:82:7)

    console.log
      [INFO] Upcoming meetings loaded { count: 2, timestamp: '2026-01-30T03:36:51.280Z' }

      at Logger.logMethod [as log] (utils/logger.ts:82:7)

    console.log
      [INFO] Upcoming meetings loaded { count: 2, timestamp: '2026-01-30T03:36:51.280Z' }

      at Logger.logMethod [as log] (utils/logger.ts:82:7)

    console.log
      [INFO] Upcoming meetings loaded { count: 2, timestamp: '2026-01-30T03:36:51.280Z' }

      at Logger.logMethod [as log] (utils/logger.ts:82:7)

    console.log
      [INFO] Upcoming meetings loaded { count: 2, timestamp: '2026-01-30T03:36:51.280Z' }

      at Logger.logMethod [as log] (utils/logger.ts:82:7)

    console.log
      [INFO] Upcoming meetings loaded { count: 2, timestamp: '2026-01-30T03:36:51.280Z' }

      at Logger.logMethod [as log] (utils/logger.ts:82:7)

    console.log
      [INFO] Upcoming meetings loaded { count: 2, timestamp: '2026-01-30T03:36:51.280Z' }

      at Logger.logMethod [as log] (utils/logger.ts:82:7)

    console.log
      [INFO] Upcoming meetings loaded { count: 2, timestamp: '2026-01-30T03:36:51.280Z' }

      at Logger.logMethod [as log] (utils/logger.ts:82:7)

    console.log
      [INFO] Upcoming meetings loaded { count: 2, timestamp: '2026-01-30T03:36:51.281Z' }

      at Logger.logMethod [as log] (utils/logger.ts:82:7)

    console.log
      [INFO] Upcoming meetings loaded { count: 2, timestamp: '2026-01-30T03:36:51.281Z' }

      at Logger.logMethod [as log] (utils/logger.ts:82:7)

    console.log
      [INFO] Upcoming meetings loaded { count: 2, timestamp: '2026-01-30T03:36:51.281Z' }

      at Logger.logMethod [as log] (utils/logger.ts:82:7)

    console.log
      [INFO] Upcoming meetings loaded { count: 2, timestamp: '2026-01-30T03:36:51.281Z' }

      at Logger.logMethod [as log] (utils/logger.ts:82:7)

    console.log
      [INFO] Upcoming meetings loaded { count: 2, timestamp: '2026-01-30T03:36:51.281Z' }

      at Logger.logMethod [as log] (utils/logger.ts:82:7)

    console.log
      [INFO] Upcoming meetings loaded { count: 2, timestamp: '2026-01-30T03:36:51.281Z' }

      at Logger.logMethod [as log] (utils/logger.ts:82:7)

    console.log
      [INFO] Upcoming meetings loaded { count: 2, timestamp: '2026-01-30T03:36:51.282Z' }

      at Logger.logMethod [as log] (utils/logger.ts:82:7)

    console.log
      [INFO] Upcoming meetings loaded { count: 2, timestamp: '2026-01-30T03:36:51.282Z' }

      at Logger.logMethod [as log] (utils/logger.ts:82:7)

    console.log
      [INFO] Upcoming meetings loaded { count: 2, timestamp: '2026-01-30T03:36:51.282Z' }

      at Logger.logMethod [as log] (utils/logger.ts:82:7)

    console.log
      [INFO] Upcoming meetings loaded { count: 2, timestamp: '2026-01-30T03:36:51.282Z' }

      at Logger.logMethod [as log] (utils/logger.ts:82:7)

    console.log
      [INFO] Upcoming meetings loaded { count: 2, timestamp: '2026-01-30T03:36:51.282Z' }

      at Logger.logMethod [as log] (utils/logger.ts:82:7)

    console.log
      [INFO] Upcoming meetings loaded { count: 2, timestamp: '2026-01-30T03:36:51.283Z' }

      at Logger.logMethod [as log] (utils/logger.ts:82:7)

    console.log
      [INFO] Upcoming meetings loaded { count: 2, timestamp: '2026-01-30T03:36:51.283Z' }

      at Logger.logMethod [as log] (utils/logger.ts:82:7)

    console.log
      [INFO] Upcoming meetings loaded { count: 2, timestamp: '2026-01-30T03:36:51.283Z' }

      at Logger.logMethod [as log] (utils/logger.ts:82:7)

    console.log
      [INFO] Upcoming meetings loaded { count: 2, timestamp: '2026-01-30T03:36:51.283Z' }

      at Logger.logMethod [as log] (utils/logger.ts:82:7)

    console.log
      [INFO] Upcoming meetings loaded { count: 2, timestamp: '2026-01-30T03:36:51.283Z' }

      at Logger.logMethod [as log] (utils/logger.ts:82:7)

    console.log
      [INFO] Upcoming meetings loaded { count: 2, timestamp: '2026-01-30T03:36:51.283Z' }

      at Logger.logMethod [as log] (utils/logger.ts:82:7)

    console.log
      [INFO] Upcoming meetings loaded { count: 2, timestamp: '2026-01-30T03:36:51.283Z' }

      at Logger.logMethod [as log] (utils/logger.ts:82:7)

    console.log
      [INFO] Upcoming meetings loaded { count: 2, timestamp: '2026-01-30T03:36:51.284Z' }

      at Logger.logMethod [as log] (utils/logger.ts:82:7)

    console.log
      [INFO] Upcoming meetings loaded { count: 2, timestamp: '2026-01-30T03:36:51.284Z' }

      at Logger.logMethod [as log] (utils/logger.ts:82:7)

    console.log
      [INFO] Upcoming meetings loaded { count: 2, timestamp: '2026-01-30T03:36:51.284Z' }

      at Logger.logMethod [as log] (utils/logger.ts:82:7)

    console.log
      [INFO] Upcoming meetings loaded { count: 2, timestamp: '2026-01-30T03:36:51.284Z' }

      at Logger.logMethod [as log] (utils/logger.ts:82:7)

    console.log
      [INFO] Upcoming meetings loaded { count: 2, timestamp: '2026-01-30T03:36:51.284Z' }

      at Logger.logMethod [as log] (utils/logger.ts:82:7)

    console.log
      [INFO] Upcoming meetings loaded { count: 2, timestamp: '2026-01-30T03:36:51.284Z' }

      at Logger.logMethod [as log] (utils/logger.ts:82:7)

    console.log
      [INFO] Upcoming meetings loaded { count: 2, timestamp: '2026-01-30T03:36:51.284Z' }

      at Logger.logMethod [as log] (utils/logger.ts:82:7)

    console.log
      [INFO] Upcoming meetings loaded { count: 2, timestamp: '2026-01-30T03:36:51.284Z' }

      at Logger.logMethod [as log] (utils/logger.ts:82:7)

    console.log
      [INFO] Upcoming meetings loaded { count: 2, timestamp: '2026-01-30T03:36:51.285Z' }

      at Logger.logMethod [as log] (utils/logger.ts:82:7)

    console.log
      [INFO] Upcoming meetings loaded { count: 2, timestamp: '2026-01-30T03:36:51.285Z' }

      at Logger.logMethod [as log] (utils/logger.ts:82:7)

    console.log
      [INFO] Upcoming meetings loaded { count: 2, timestamp: '2026-01-30T03:36:51.285Z' }

      at Logger.logMethod [as log] (utils/logger.ts:82:7)

    console.log
      [INFO] Upcoming meetings loaded { count: 2, timestamp: '2026-01-30T03:36:51.285Z' }

      at Logger.logMethod [as log] (utils/logger.ts:82:7)

    console.log
      [INFO] Upcoming meetings loaded { count: 2, timestamp: '2026-01-30T03:36:51.285Z' }

      at Logger.logMethod [as log] (utils/logger.ts:82:7)

    console.log
      [INFO] Upcoming meetings loaded { count: 2, timestamp: '2026-01-30T03:36:51.285Z' }

      at Logger.logMethod [as log] (utils/logger.ts:82:7)

    console.log
      [INFO] Upcoming meetings loaded { count: 2, timestamp: '2026-01-30T03:36:51.286Z' }

      at Logger.logMethod [as log] (utils/logger.ts:82:7)

    console.log
      [INFO] Upcoming meetings loaded { count: 2, timestamp: '2026-01-30T03:36:51.286Z' }

      at Logger.logMethod [as log] (utils/logger.ts:82:7)

    console.log
      [INFO] Upcoming meetings loaded { count: 2, timestamp: '2026-01-30T03:36:51.286Z' }

      at Logger.logMethod [as log] (utils/logger.ts:82:7)

    console.log
      [INFO] Upcoming meetings loaded { count: 2, timestamp: '2026-01-30T03:36:51.286Z' }

      at Logger.logMethod [as log] (utils/logger.ts:82:7)

    console.log
      [INFO] Upcoming meetings loaded { count: 2, timestamp: '2026-01-30T03:36:51.286Z' }

      at Logger.logMethod [as log] (utils/logger.ts:82:7)

    console.log
      [INFO] Upcoming meetings loaded { count: 2, timestamp: '2026-01-30T03:36:51.287Z' }

      at Logger.logMethod [as log] (utils/logger.ts:82:7)

    console.log
      [INFO] Upcoming meetings loaded { count: 2, timestamp: '2026-01-30T03:36:51.287Z' }

      at Logger.logMethod [as log] (utils/logger.ts:82:7)

    console.log
      [INFO] Upcoming meetings loaded { count: 2, timestamp: '2026-01-30T03:36:51.287Z' }

      at Logger.logMethod [as log] (utils/logger.ts:82:7)

    console.log
      [INFO] Upcoming meetings loaded { count: 2, timestamp: '2026-01-30T03:36:51.287Z' }

      at Logger.logMethod [as log] (utils/logger.ts:82:7)

    console.log
      [INFO] Upcoming meetings loaded { count: 2, timestamp: '2026-01-30T03:36:51.287Z' }

      at Logger.logMethod [as log] (utils/logger.ts:82:7)

    console.log
      [INFO] Upcoming meetings loaded { count: 2, timestamp: '2026-01-30T03:36:51.288Z' }

      at Logger.logMethod [as log] (utils/logger.ts:82:7)

    console.log
      [INFO] Upcoming meetings loaded { count: 2, timestamp: '2026-01-30T03:36:51.288Z' }

      at Logger.logMethod [as log] (utils/logger.ts:82:7)

    console.log
      [INFO] Upcoming meetings loaded { count: 2, timestamp: '2026-01-30T03:36:51.288Z' }

      at Logger.logMethod [as log] (utils/logger.ts:82:7)

    console.log
      [INFO] Upcoming meetings loaded { count: 2, timestamp: '2026-01-30T03:36:51.288Z' }

      at Logger.logMethod [as log] (utils/logger.ts:82:7)

    console.log
      [INFO] Upcoming meetings loaded { count: 2, timestamp: '2026-01-30T03:36:51.288Z' }

      at Logger.logMethod [as log] (utils/logger.ts:82:7)

    console.log
      [INFO] Upcoming meetings loaded { count: 2, timestamp: '2026-01-30T03:36:51.289Z' }

      at Logger.logMethod [as log] (utils/logger.ts:82:7)

    console.log
      [INFO] Upcoming meetings loaded { count: 2, timestamp: '2026-01-30T03:36:51.289Z' }

      at Logger.logMethod [as log] (utils/logger.ts:82:7)

    console.log
      [INFO] Upcoming meetings loaded { count: 2, timestamp: '2026-01-30T03:36:51.289Z' }

      at Logger.logMethod [as log] (utils/logger.ts:82:7)

    console.log
      [INFO] Upcoming meetings loaded { count: 2, timestamp: '2026-01-30T03:36:51.289Z' }

      at Logger.logMethod [as log] (utils/logger.ts:82:7)

    console.log
      [INFO] Upcoming meetings loaded { count: 2, timestamp: '2026-01-30T03:36:51.289Z' }

      at Logger.logMethod [as log] (utils/logger.ts:82:7)

    console.log
      [INFO] Upcoming meetings loaded { count: 2, timestamp: '2026-01-30T03:36:51.290Z' }

      at Logger.logMethod [as log] (utils/logger.ts:82:7)

    console.log
      [INFO] Upcoming meetings loaded { count: 2, timestamp: '2026-01-30T03:36:51.290Z' }

      at Logger.logMethod [as log] (utils/logger.ts:82:7)

    console.log
      [INFO] Upcoming meetings loaded { count: 2, timestamp: '2026-01-30T03:36:51.397Z' }

      at Logger.logMethod [as log] (utils/logger.ts:82:7)

    console.log
      [INFO] Upcoming meetings loaded { count: 2, timestamp: '2026-01-30T03:36:51.403Z' }

      at Logger.logMethod [as log] (utils/logger.ts:82:7)

    console.log
      [INFO] Upcoming meetings loaded { count: 2, timestamp: '2026-01-30T03:36:51.403Z' }

      at Logger.logMethod [as log] (utils/logger.ts:82:7)

    console.log
      [INFO] Upcoming meetings loaded { count: 2, timestamp: '2026-01-30T03:36:51.405Z' }

      at Logger.logMethod [as log] (utils/logger.ts:82:7)

    console.log
      [INFO] Upcoming meetings loaded { count: 2, timestamp: '2026-01-30T03:36:51.407Z' }

      at Logger.logMethod [as log] (utils/logger.ts:82:7)

    console.log
      [INFO] Upcoming meetings loaded { count: 2, timestamp: '2026-01-30T03:36:51.407Z' }

      at Logger.logMethod [as log] (utils/logger.ts:82:7)

    console.log
      [INFO] Upcoming meetings loaded { count: 2, timestamp: '2026-01-30T03:36:51.408Z' }

      at Logger.logMethod [as log] (utils/logger.ts:82:7)

    console.log
      [INFO] Upcoming meetings loaded { count: 2, timestamp: '2026-01-30T03:36:51.408Z' }

      at Logger.logMethod [as log] (utils/logger.ts:82:7)

    console.log
      [INFO] Upcoming meetings loaded { count: 2, timestamp: '2026-01-30T03:36:51.408Z' }

      at Logger.logMethod [as log] (utils/logger.ts:82:7)

    console.log
      [INFO] Upcoming meetings loaded { count: 2, timestamp: '2026-01-30T03:36:51.408Z' }

      at Logger.logMethod [as log] (utils/logger.ts:82:7)

    console.log
      [INFO] Upcoming meetings loaded { count: 2, timestamp: '2026-01-30T03:36:51.408Z' }

      at Logger.logMethod [as log] (utils/logger.ts:82:7)

    console.log
      [INFO] Upcoming meetings loaded { count: 2, timestamp: '2026-01-30T03:36:51.408Z' }

      at Logger.logMethod [as log] (utils/logger.ts:82:7)

    console.log
      [INFO] Upcoming meetings loaded { count: 2, timestamp: '2026-01-30T03:36:51.408Z' }

      at Logger.logMethod [as log] (utils/logger.ts:82:7)

    console.log
      [INFO] Upcoming meetings loaded { count: 2, timestamp: '2026-01-30T03:36:51.408Z' }

      at Logger.logMethod [as log] (utils/logger.ts:82:7)

    console.log
      [INFO] Upcoming meetings loaded { count: 2, timestamp: '2026-01-30T03:36:51.409Z' }

      at Logger.logMethod [as log] (utils/logger.ts:82:7)

    console.log
      [INFO] Upcoming meetings loaded { count: 2, timestamp: '2026-01-30T03:36:51.409Z' }

      at Logger.logMethod [as log] (utils/logger.ts:82:7)

    console.log
      [INFO] Upcoming meetings loaded { count: 2, timestamp: '2026-01-30T03:36:51.409Z' }

      at Logger.logMethod [as log] (utils/logger.ts:82:7)

    console.log
      [INFO] Upcoming meetings loaded { count: 2, timestamp: '2026-01-30T03:36:51.409Z' }

      at Logger.logMethod [as log] (utils/logger.ts:82:7)

    console.log
      [INFO] Upcoming meetings loaded { count: 2, timestamp: '2026-01-30T03:36:51.409Z' }

      at Logger.logMethod [as log] (utils/logger.ts:82:7)

    console.log
      [INFO] Upcoming meetings loaded { count: 2, timestamp: '2026-01-30T03:36:51.409Z' }

      at Logger.logMethod [as log] (utils/logger.ts:82:7)

    console.log
      [INFO] Upcoming meetings loaded { count: 2, timestamp: '2026-01-30T03:36:51.409Z' }

      at Logger.logMethod [as log] (utils/logger.ts:82:7)

    console.log
      [INFO] Upcoming meetings loaded { count: 2, timestamp: '2026-01-30T03:36:51.409Z' }

      at Logger.logMethod [as log] (utils/logger.ts:82:7)

    console.log
      [INFO] Upcoming meetings loaded { count: 2, timestamp: '2026-01-30T03:36:51.410Z' }

      at Logger.logMethod [as log] (utils/logger.ts:82:7)

    console.log
      [INFO] Upcoming meetings loaded { count: 2, timestamp: '2026-01-30T03:36:51.410Z' }

      at Logger.logMethod [as log] (utils/logger.ts:82:7)

    console.log
      [INFO] Upcoming meetings loaded { count: 2, timestamp: '2026-01-30T03:36:51.410Z' }

      at Logger.logMethod [as log] (utils/logger.ts:82:7)

    console.log
      [INFO] Upcoming meetings loaded { count: 2, timestamp: '2026-01-30T03:36:51.410Z' }

      at Logger.logMethod [as log] (utils/logger.ts:82:7)

    console.log
      [INFO] Upcoming meetings loaded { count: 2, timestamp: '2026-01-30T03:36:51.410Z' }

      at Logger.logMethod [as log] (utils/logger.ts:82:7)

    console.log
      [INFO] Upcoming meetings loaded { count: 2, timestamp: '2026-01-30T03:36:51.410Z' }

      at Logger.logMethod [as log] (utils/logger.ts:82:7)

    console.log
      [INFO] Upcoming meetings loaded { count: 2, timestamp: '2026-01-30T03:36:51.411Z' }

      at Logger.logMethod [as log] (utils/logger.ts:82:7)

    console.log
      [INFO] Upcoming meetings loaded { count: 2, timestamp: '2026-01-30T03:36:51.411Z' }

      at Logger.logMethod [as log] (utils/logger.ts:82:7)

    console.log
      [INFO] Upcoming meetings loaded { count: 2, timestamp: '2026-01-30T03:36:51.411Z' }

      at Logger.logMethod [as log] (utils/logger.ts:82:7)

    console.log
      [INFO] Upcoming meetings loaded { count: 2, timestamp: '2026-01-30T03:36:51.411Z' }

      at Logger.logMethod [as log] (utils/logger.ts:82:7)

    console.log
      [INFO] Upcoming meetings loaded { count: 2, timestamp: '2026-01-30T03:36:51.411Z' }

      at Logger.logMethod [as log] (utils/logger.ts:82:7)

    console.log
      [INFO] Upcoming meetings loaded { count: 2, timestamp: '2026-01-30T03:36:51.411Z' }

      at Logger.logMethod [as log] (utils/logger.ts:82:7)

    console.log
      [INFO] Upcoming meetings loaded { count: 2, timestamp: '2026-01-30T03:36:51.411Z' }

      at Logger.logMethod [as log] (utils/logger.ts:82:7)

    console.log
      [INFO] Upcoming meetings loaded { count: 2, timestamp: '2026-01-30T03:36:51.411Z' }

      at Logger.logMethod [as log] (utils/logger.ts:82:7)

    console.log
      [INFO] Upcoming meetings loaded { count: 2, timestamp: '2026-01-30T03:36:51.412Z' }

      at Logger.logMethod [as log] (utils/logger.ts:82:7)

    console.log
      [INFO] Upcoming meetings loaded { count: 2, timestamp: '2026-01-30T03:36:51.412Z' }

      at Logger.logMethod [as log] (utils/logger.ts:82:7)

    console.log
      [INFO] Upcoming meetings loaded { count: 2, timestamp: '2026-01-30T03:36:51.412Z' }

      at Logger.logMethod [as log] (utils/logger.ts:82:7)

    console.log
      [INFO] Upcoming meetings loaded { count: 2, timestamp: '2026-01-30T03:36:51.412Z' }

      at Logger.logMethod [as log] (utils/logger.ts:82:7)

    console.log
      [INFO] Upcoming meetings loaded { count: 2, timestamp: '2026-01-30T03:36:51.412Z' }

      at Logger.logMethod [as log] (utils/logger.ts:82:7)

    console.log
      [INFO] Upcoming meetings loaded { count: 2, timestamp: '2026-01-30T03:36:51.413Z' }

      at Logger.logMethod [as log] (utils/logger.ts:82:7)

    console.log
      [INFO] Upcoming meetings loaded { count: 2, timestamp: '2026-01-30T03:36:51.413Z' }

      at Logger.logMethod [as log] (utils/logger.ts:82:7)

    console.log
      [INFO] Upcoming meetings loaded { count: 2, timestamp: '2026-01-30T03:36:51.413Z' }

      at Logger.logMethod [as log] (utils/logger.ts:82:7)

    console.log
      [INFO] Upcoming meetings loaded { count: 2, timestamp: '2026-01-30T03:36:51.413Z' }

      at Logger.logMethod [as log] (utils/logger.ts:82:7)

    console.log
      [INFO] Upcoming meetings loaded { count: 2, timestamp: '2026-01-30T03:36:51.413Z' }

      at Logger.logMethod [as log] (utils/logger.ts:82:7)

    console.log
      [INFO] Upcoming meetings loaded { count: 2, timestamp: '2026-01-30T03:36:51.414Z' }

      at Logger.logMethod [as log] (utils/logger.ts:82:7)

    console.log
      [INFO] Upcoming meetings loaded { count: 2, timestamp: '2026-01-30T03:36:51.414Z' }

      at Logger.logMethod [as log] (utils/logger.ts:82:7)

    console.log
      [INFO] Upcoming meetings loaded { count: 2, timestamp: '2026-01-30T03:36:51.414Z' }

      at Logger.logMethod [as log] (utils/logger.ts:82:7)

    console.log
      [INFO] Upcoming meetings loaded { count: 2, timestamp: '2026-01-30T03:36:51.414Z' }

      at Logger.logMethod [as log] (utils/logger.ts:82:7)

    console.log
      [INFO] Upcoming meetings loaded { count: 2, timestamp: '2026-01-30T03:36:51.414Z' }

      at Logger.logMethod [as log] (utils/logger.ts:82:7)

    console.log
      [INFO] Upcoming meetings loaded { count: 2, timestamp: '2026-01-30T03:36:51.414Z' }

      at Logger.logMethod [as log] (utils/logger.ts:82:7)

    console.log
      [INFO] Upcoming meetings loaded { count: 2, timestamp: '2026-01-30T03:36:51.415Z' }

      at Logger.logMethod [as log] (utils/logger.ts:82:7)

    console.log
      [INFO] Upcoming meetings loaded { count: 2, timestamp: '2026-01-30T03:36:51.415Z' }

      at Logger.logMethod [as log] (utils/logger.ts:82:7)

    console.log
      [INFO] Upcoming meetings loaded { count: 2, timestamp: '2026-01-30T03:36:51.415Z' }

      at Logger.logMethod [as log] (utils/logger.ts:82:7)

    console.log
      [INFO] Upcoming meetings loaded { count: 2, timestamp: '2026-01-30T03:36:51.415Z' }

      at Logger.logMethod [as log] (utils/logger.ts:82:7)

    console.log
      [INFO] Upcoming meetings loaded { count: 2, timestamp: '2026-01-30T03:36:51.415Z' }

      at Logger.logMethod [as log] (utils/logger.ts:82:7)

    console.log
      [INFO] Upcoming meetings loaded { count: 2, timestamp: '2026-01-30T03:36:51.415Z' }

      at Logger.logMethod [as log] (utils/logger.ts:82:7)

    console.log
      [INFO] Upcoming meetings loaded { count: 2, timestamp: '2026-01-30T03:36:51.415Z' }

      at Logger.logMethod [as log] (utils/logger.ts:82:7)

    console.log
      [INFO] Upcoming meetings loaded { count: 2, timestamp: '2026-01-30T03:36:51.416Z' }

      at Logger.logMethod [as log] (utils/logger.ts:82:7)

    console.log
      [INFO] Upcoming meetings loaded { count: 2, timestamp: '2026-01-30T03:36:51.416Z' }

      at Logger.logMethod [as log] (utils/logger.ts:82:7)

    console.log
      [INFO] Upcoming meetings loaded { count: 2, timestamp: '2026-01-30T03:36:51.416Z' }

      at Logger.logMethod [as log] (utils/logger.ts:82:7)

    console.log
      [INFO] Upcoming meetings loaded { count: 2, timestamp: '2026-01-30T03:36:51.416Z' }

      at Logger.logMethod [as log] (utils/logger.ts:82:7)

    console.log
      [INFO] Upcoming meetings loaded { count: 2, timestamp: '2026-01-30T03:36:51.416Z' }

      at Logger.logMethod [as log] (utils/logger.ts:82:7)

    console.log
      [INFO] Upcoming meetings loaded { count: 2, timestamp: '2026-01-30T03:36:51.416Z' }

      at Logger.logMethod [as log] (utils/logger.ts:82:7)

    console.log
      [INFO] Upcoming meetings loaded { count: 2, timestamp: '2026-01-30T03:36:51.417Z' }

      at Logger.logMethod [as log] (utils/logger.ts:82:7)

    console.log
      [INFO] Upcoming meetings loaded { count: 2, timestamp: '2026-01-30T03:36:51.417Z' }

      at Logger.logMethod [as log] (utils/logger.ts:82:7)

    console.log
      [INFO] Upcoming meetings loaded { count: 2, timestamp: '2026-01-30T03:36:51.417Z' }

      at Logger.logMethod [as log] (utils/logger.ts:82:7)

    console.log
      [INFO] Upcoming meetings loaded { count: 2, timestamp: '2026-01-30T03:36:51.417Z' }

      at Logger.logMethod [as log] (utils/logger.ts:82:7)

    console.log
      [INFO] Upcoming meetings loaded { count: 2, timestamp: '2026-01-30T03:36:51.417Z' }

      at Logger.logMethod [as log] (utils/logger.ts:82:7)

    console.log
      [INFO] Upcoming meetings loaded { count: 2, timestamp: '2026-01-30T03:36:51.417Z' }

      at Logger.logMethod [as log] (utils/logger.ts:82:7)

    console.log
      [INFO] Upcoming meetings loaded { count: 2, timestamp: '2026-01-30T03:36:51.417Z' }

      at Logger.logMethod [as log] (utils/logger.ts:82:7)

    console.log
      [INFO] Upcoming meetings loaded { count: 2, timestamp: '2026-01-30T03:36:51.418Z' }

      at Logger.logMethod [as log] (utils/logger.ts:82:7)

    console.log
      [INFO] Upcoming meetings loaded { count: 2, timestamp: '2026-01-30T03:36:51.418Z' }

      at Logger.logMethod [as log] (utils/logger.ts:82:7)

    console.log
      [INFO] Upcoming meetings loaded { count: 2, timestamp: '2026-01-30T03:36:51.418Z' }

      at Logger.logMethod [as log] (utils/logger.ts:82:7)

    console.log
      [INFO] Upcoming meetings loaded { count: 2, timestamp: '2026-01-30T03:36:51.418Z' }

      at Logger.logMethod [as log] (utils/logger.ts:82:7)

    console.log
      [INFO] Upcoming meetings loaded { count: 2, timestamp: '2026-01-30T03:36:51.418Z' }

      at Logger.logMethod [as log] (utils/logger.ts:82:7)

    console.log
      [INFO] Upcoming meetings loaded { count: 2, timestamp: '2026-01-30T03:36:51.418Z' }

      at Logger.logMethod [as log] (utils/logger.ts:82:7)

    console.log
      [INFO] Upcoming meetings loaded { count: 2, timestamp: '2026-01-30T03:36:51.418Z' }

      at Logger.logMethod [as log] (utils/logger.ts:82:7)

    console.log
      [INFO] Upcoming meetings loaded { count: 2, timestamp: '2026-01-30T03:36:51.418Z' }

      at Logger.logMethod [as log] (utils/logger.ts:82:7)

    console.log
      [INFO] Upcoming meetings loaded { count: 2, timestamp: '2026-01-30T03:36:51.419Z' }

      at Logger.logMethod [as log] (utils/logger.ts:82:7)

    console.log
      [INFO] Upcoming meetings loaded { count: 2, timestamp: '2026-01-30T03:36:51.419Z' }

      at Logger.logMethod [as log] (utils/logger.ts:82:7)

    console.log
      [INFO] Upcoming meetings loaded { count: 2, timestamp: '2026-01-30T03:36:51.419Z' }

      at Logger.logMethod [as log] (utils/logger.ts:82:7)

    console.log
      [INFO] Upcoming meetings loaded { count: 2, timestamp: '2026-01-30T03:36:51.419Z' }

      at Logger.logMethod [as log] (utils/logger.ts:82:7)

    console.log
      [INFO] Upcoming meetings loaded { count: 2, timestamp: '2026-01-30T03:36:51.419Z' }

      at Logger.logMethod [as log] (utils/logger.ts:82:7)

    console.log
      [INFO] Upcoming meetings loaded { count: 2, timestamp: '2026-01-30T03:36:51.419Z' }

      at Logger.logMethod [as log] (utils/logger.ts:82:7)

    console.log
      [INFO] Upcoming meetings loaded { count: 2, timestamp: '2026-01-30T03:36:51.420Z' }

      at Logger.logMethod [as log] (utils/logger.ts:82:7)

    console.log
      [INFO] Upcoming meetings loaded { count: 2, timestamp: '2026-01-30T03:36:51.420Z' }

      at Logger.logMethod [as log] (utils/logger.ts:82:7)

    console.log
      [INFO] Upcoming meetings loaded { count: 2, timestamp: '2026-01-30T03:36:51.420Z' }

      at Logger.logMethod [as log] (utils/logger.ts:82:7)

    console.log
      [INFO] Upcoming meetings loaded { count: 2, timestamp: '2026-01-30T03:36:51.420Z' }

      at Logger.logMethod [as log] (utils/logger.ts:82:7)

    console.log
      [INFO] Upcoming meetings loaded { count: 2, timestamp: '2026-01-30T03:36:51.420Z' }

      at Logger.logMethod [as log] (utils/logger.ts:82:7)

    console.log
      [INFO] Upcoming meetings loaded { count: 2, timestamp: '2026-01-30T03:36:51.420Z' }

      at Logger.logMethod [as log] (utils/logger.ts:82:7)

    console.log
      [INFO] Upcoming meetings loaded { count: 2, timestamp: '2026-01-30T03:36:51.420Z' }

      at Logger.logMethod [as log] (utils/logger.ts:82:7)

    console.log
      [INFO] Upcoming meetings loaded { count: 2, timestamp: '2026-01-30T03:36:51.421Z' }

      at Logger.logMethod [as log] (utils/logger.ts:82:7)

    console.log
      [INFO] Upcoming meetings loaded { count: 2, timestamp: '2026-01-30T03:36:51.421Z' }

      at Logger.logMethod [as log] (utils/logger.ts:82:7)

    console.log
      [INFO] Upcoming meetings loaded { count: 2, timestamp: '2026-01-30T03:36:51.421Z' }

      at Logger.logMethod [as log] (utils/logger.ts:82:7)

    console.log
      [INFO] Upcoming meetings loaded { count: 2, timestamp: '2026-01-30T03:36:51.421Z' }

      at Logger.logMethod [as log] (utils/logger.ts:82:7)

    console.log
      [INFO] Upcoming meetings loaded { count: 2, timestamp: '2026-01-30T03:36:51.421Z' }

      at Logger.logMethod [as log] (utils/logger.ts:82:7)

    console.log
      [INFO] Upcoming meetings loaded { count: 2, timestamp: '2026-01-30T03:36:51.421Z' }

      at Logger.logMethod [as log] (utils/logger.ts:82:7)

    console.log
      [INFO] Upcoming meetings loaded { count: 2, timestamp: '2026-01-30T03:36:51.421Z' }

      at Logger.logMethod [as log] (utils/logger.ts:82:7)

    console.log
      [INFO] Upcoming meetings loaded { count: 2, timestamp: '2026-01-30T03:36:51.421Z' }

      at Logger.logMethod [as log] (utils/logger.ts:82:7)

    console.log
      [INFO] Upcoming meetings loaded { count: 2, timestamp: '2026-01-30T03:36:51.422Z' }

      at Logger.logMethod [as log] (utils/logger.ts:82:7)

    console.log
      [INFO] Upcoming meetings loaded { count: 2, timestamp: '2026-01-30T03:36:51.422Z' }

      at Logger.logMethod [as log] (utils/logger.ts:82:7)

    console.log
      [INFO] Upcoming meetings loaded { count: 2, timestamp: '2026-01-30T03:36:51.422Z' }

      at Logger.logMethod [as log] (utils/logger.ts:82:7)

    console.log
      [INFO] Upcoming meetings loaded { count: 2, timestamp: '2026-01-30T03:36:51.422Z' }

      at Logger.logMethod [as log] (utils/logger.ts:82:7)

    console.log
      [INFO] Upcoming meetings loaded { count: 2, timestamp: '2026-01-30T03:36:51.422Z' }

      at Logger.logMethod [as log] (utils/logger.ts:82:7)

    console.log
      [INFO] Upcoming meetings loaded { count: 2, timestamp: '2026-01-30T03:36:51.422Z' }

      at Logger.logMethod [as log] (utils/logger.ts:82:7)

    console.log
      [INFO] Upcoming meetings loaded { count: 2, timestamp: '2026-01-30T03:36:51.422Z' }

      at Logger.logMethod [as log] (utils/logger.ts:82:7)

    console.log
      [INFO] Upcoming meetings loaded { count: 2, timestamp: '2026-01-30T03:36:51.422Z' }

      at Logger.logMethod [as log] (utils/logger.ts:82:7)

    console.log
      [INFO] Upcoming meetings loaded { count: 2, timestamp: '2026-01-30T03:36:51.423Z' }

      at Logger.logMethod [as log] (utils/logger.ts:82:7)

    console.log
      [INFO] Upcoming meetings loaded { count: 2, timestamp: '2026-01-30T03:36:51.423Z' }

      at Logger.logMethod [as log] (utils/logger.ts:82:7)

    console.log
      [INFO] Upcoming meetings loaded { count: 2, timestamp: '2026-01-30T03:36:51.423Z' }

      at Logger.logMethod [as log] (utils/logger.ts:82:7)

    console.log
      [INFO] Upcoming meetings loaded { count: 2, timestamp: '2026-01-30T03:36:51.423Z' }

      at Logger.logMethod [as log] (utils/logger.ts:82:7)

    console.log
      [INFO] Upcoming meetings loaded { count: 2, timestamp: '2026-01-30T03:36:51.423Z' }

      at Logger.logMethod [as log] (utils/logger.ts:82:7)

    console.log
      [INFO] Upcoming meetings loaded { count: 2, timestamp: '2026-01-30T03:36:51.423Z' }

      at Logger.logMethod [as log] (utils/logger.ts:82:7)

    console.log
      [INFO] Upcoming meetings loaded { count: 2, timestamp: '2026-01-30T03:36:51.423Z' }

      at Logger.logMethod [as log] (utils/logger.ts:82:7)

    console.log
      [INFO] Upcoming meetings loaded { count: 2, timestamp: '2026-01-30T03:36:51.424Z' }

      at Logger.logMethod [as log] (utils/logger.ts:82:7)

    console.log
      [INFO] Upcoming meetings loaded { count: 2, timestamp: '2026-01-30T03:36:51.424Z' }

      at Logger.logMethod [as log] (utils/logger.ts:82:7)

    console.log
      [INFO] Upcoming meetings loaded { count: 2, timestamp: '2026-01-30T03:36:51.424Z' }

      at Logger.logMethod [as log] (utils/logger.ts:82:7)

    console.log
      [INFO] Upcoming meetings loaded { count: 2, timestamp: '2026-01-30T03:36:51.424Z' }

      at Logger.logMethod [as log] (utils/logger.ts:82:7)

    console.log
      [INFO] Upcoming meetings loaded { count: 2, timestamp: '2026-01-30T03:36:51.424Z' }

      at Logger.logMethod [as log] (utils/logger.ts:82:7)

    console.log
      [INFO] Upcoming meetings loaded { count: 2, timestamp: '2026-01-30T03:36:51.424Z' }

      at Logger.logMethod [as log] (utils/logger.ts:82:7)

    console.log
      [INFO] Upcoming meetings loaded { count: 2, timestamp: '2026-01-30T03:36:51.424Z' }

      at Logger.logMethod [as log] (utils/logger.ts:82:7)

    console.log
      [INFO] Upcoming meetings loaded { count: 2, timestamp: '2026-01-30T03:36:51.424Z' }

      at Logger.logMethod [as log] (utils/logger.ts:82:7)

    console.log
      [INFO] Upcoming meetings loaded { count: 2, timestamp: '2026-01-30T03:36:51.425Z' }

      at Logger.logMethod [as log] (utils/logger.ts:82:7)

    console.log
      [INFO] Upcoming meetings loaded { count: 2, timestamp: '2026-01-30T03:36:51.425Z' }

      at Logger.logMethod [as log] (utils/logger.ts:82:7)

    console.log
      [INFO] Upcoming meetings loaded { count: 2, timestamp: '2026-01-30T03:36:51.425Z' }

      at Logger.logMethod [as log] (utils/logger.ts:82:7)

    console.log
      [INFO] Upcoming meetings loaded { count: 2, timestamp: '2026-01-30T03:36:51.425Z' }

      at Logger.logMethod [as log] (utils/logger.ts:82:7)

    console.log
      [INFO] Upcoming meetings loaded { count: 2, timestamp: '2026-01-30T03:36:51.425Z' }

      at Logger.logMethod [as log] (utils/logger.ts:82:7)

    console.log
      [INFO] Upcoming meetings loaded { count: 2, timestamp: '2026-01-30T03:36:51.425Z' }

      at Logger.logMethod [as log] (utils/logger.ts:82:7)

    console.log
      [INFO] Upcoming meetings loaded { count: 2, timestamp: '2026-01-30T03:36:51.426Z' }

      at Logger.logMethod [as log] (utils/logger.ts:82:7)

    console.log
      [INFO] Upcoming meetings loaded { count: 2, timestamp: '2026-01-30T03:36:51.426Z' }

      at Logger.logMethod [as log] (utils/logger.ts:82:7)

    console.log
      [INFO] Upcoming meetings loaded { count: 2, timestamp: '2026-01-30T03:36:51.426Z' }

      at Logger.logMethod [as log] (utils/logger.ts:82:7)

    console.log
      [INFO] Upcoming meetings loaded { count: 2, timestamp: '2026-01-30T03:36:51.426Z' }

      at Logger.logMethod [as log] (utils/logger.ts:82:7)

    console.log
      [INFO] Upcoming meetings loaded { count: 2, timestamp: '2026-01-30T03:36:51.426Z' }

      at Logger.logMethod [as log] (utils/logger.ts:82:7)

    console.log
      [INFO] Upcoming meetings loaded { count: 2, timestamp: '2026-01-30T03:36:51.427Z' }

      at Logger.logMethod [as log] (utils/logger.ts:82:7)

    console.log
      [INFO] Upcoming meetings loaded { count: 2, timestamp: '2026-01-30T03:36:51.427Z' }

      at Logger.logMethod [as log] (utils/logger.ts:82:7)

    console.log
      [INFO] Upcoming meetings loaded { count: 2, timestamp: '2026-01-30T03:36:51.427Z' }

      at Logger.logMethod [as log] (utils/logger.ts:82:7)

    console.log
      [INFO] Upcoming meetings loaded { count: 2, timestamp: '2026-01-30T03:36:51.427Z' }

      at Logger.logMethod [as log] (utils/logger.ts:82:7)

    console.log
      [INFO] Upcoming meetings loaded { count: 2, timestamp: '2026-01-30T03:36:51.428Z' }

      at Logger.logMethod [as log] (utils/logger.ts:82:7)

    console.log
      [INFO] Upcoming meetings loaded { count: 2, timestamp: '2026-01-30T03:36:51.428Z' }

      at Logger.logMethod [as log] (utils/logger.ts:82:7)

    console.log
      [INFO] Upcoming meetings loaded { count: 2, timestamp: '2026-01-30T03:36:51.428Z' }

      at Logger.logMethod [as log] (utils/logger.ts:82:7)

    console.log
      [INFO] Upcoming meetings loaded { count: 2, timestamp: '2026-01-30T03:36:51.429Z' }

      at Logger.logMethod [as log] (utils/logger.ts:82:7)

    console.log
      [INFO] Upcoming meetings loaded { count: 2, timestamp: '2026-01-30T03:36:51.429Z' }

      at Logger.logMethod [as log] (utils/logger.ts:82:7)

    console.log
      [INFO] Upcoming meetings loaded { count: 2, timestamp: '2026-01-30T03:36:51.429Z' }

      at Logger.logMethod [as log] (utils/logger.ts:82:7)

    console.log
      [INFO] Upcoming meetings loaded { count: 2, timestamp: '2026-01-30T03:36:51.429Z' }

      at Logger.logMethod [as log] (utils/logger.ts:82:7)

    console.log
      [INFO] Upcoming meetings loaded { count: 2, timestamp: '2026-01-30T03:36:51.430Z' }

      at Logger.logMethod [as log] (utils/logger.ts:82:7)

    console.log
      [INFO] Upcoming meetings loaded { count: 2, timestamp: '2026-01-30T03:36:51.430Z' }

      at Logger.logMethod [as log] (utils/logger.ts:82:7)

    console.log
      [INFO] Upcoming meetings loaded { count: 2, timestamp: '2026-01-30T03:36:51.430Z' }

      at Logger.logMethod [as log] (utils/logger.ts:82:7)

    console.log
      [INFO] Upcoming meetings loaded { count: 2, timestamp: '2026-01-30T03:36:51.431Z' }

      at Logger.logMethod [as log] (utils/logger.ts:82:7)

    console.log
      [INFO] Upcoming meetings loaded { count: 2, timestamp: '2026-01-30T03:36:51.431Z' }

      at Logger.logMethod [as log] (utils/logger.ts:82:7)

    console.log
      [INFO] Upcoming meetings loaded { count: 2, timestamp: '2026-01-30T03:36:51.431Z' }

      at Logger.logMethod [as log] (utils/logger.ts:82:7)

    console.log
      [INFO] Upcoming meetings loaded { count: 2, timestamp: '2026-01-30T03:36:51.432Z' }

      at Logger.logMethod [as log] (utils/logger.ts:82:7)

    console.log
      [INFO] Upcoming meetings loaded { count: 2, timestamp: '2026-01-30T03:36:51.432Z' }

      at Logger.logMethod [as log] (utils/logger.ts:82:7)

    console.log
      [INFO] Upcoming meetings loaded { count: 2, timestamp: '2026-01-30T03:36:51.433Z' }

      at Logger.logMethod [as log] (utils/logger.ts:82:7)

    console.log
      [INFO] Upcoming meetings loaded { count: 2, timestamp: '2026-01-30T03:36:51.433Z' }

      at Logger.logMethod [as log] (utils/logger.ts:82:7)

    console.log
      [INFO] Upcoming meetings loaded { count: 2, timestamp: '2026-01-30T03:36:51.433Z' }

      at Logger.logMethod [as log] (utils/logger.ts:82:7)

    console.log
      [INFO] Upcoming meetings loaded { count: 2, timestamp: '2026-01-30T03:36:51.433Z' }

      at Logger.logMethod [as log] (utils/logger.ts:82:7)

    console.log
      [INFO] Upcoming meetings loaded { count: 2, timestamp: '2026-01-30T03:36:51.434Z' }

      at Logger.logMethod [as log] (utils/logger.ts:82:7)

    console.log
      [INFO] Upcoming meetings loaded { count: 2, timestamp: '2026-01-30T03:36:51.434Z' }

      at Logger.logMethod [as log] (utils/logger.ts:82:7)

    console.log
      [INFO] Upcoming meetings loaded { count: 2, timestamp: '2026-01-30T03:36:51.434Z' }

      at Logger.logMethod [as log] (utils/logger.ts:82:7)

    console.log
      [INFO] Upcoming meetings loaded { count: 2, timestamp: '2026-01-30T03:36:51.434Z' }

      at Logger.logMethod [as log] (utils/logger.ts:82:7)

    console.log
      [INFO] Upcoming meetings loaded { count: 2, timestamp: '2026-01-30T03:36:51.434Z' }

      at Logger.logMethod [as log] (utils/logger.ts:82:7)

    console.log
      [INFO] Upcoming meetings loaded { count: 2, timestamp: '2026-01-30T03:36:51.435Z' }

      at Logger.logMethod [as log] (utils/logger.ts:82:7)

    console.log
      [INFO] Upcoming meetings loaded { count: 2, timestamp: '2026-01-30T03:36:51.435Z' }

      at Logger.logMethod [as log] (utils/logger.ts:82:7)

    console.log
      [INFO] Upcoming meetings loaded { count: 2, timestamp: '2026-01-30T03:36:51.435Z' }

      at Logger.logMethod [as log] (utils/logger.ts:82:7)

    console.log
      [INFO] Upcoming meetings loaded { count: 2, timestamp: '2026-01-30T03:36:51.435Z' }

      at Logger.logMethod [as log] (utils/logger.ts:82:7)

    console.log
      [INFO] Upcoming meetings loaded { count: 2, timestamp: '2026-01-30T03:36:51.435Z' }

      at Logger.logMethod [as log] (utils/logger.ts:82:7)

    console.log
      [INFO] Upcoming meetings loaded { count: 2, timestamp: '2026-01-30T03:36:51.436Z' }

      at Logger.logMethod [as log] (utils/logger.ts:82:7)

    console.log
      [INFO] Upcoming meetings loaded { count: 2, timestamp: '2026-01-30T03:36:51.436Z' }

      at Logger.logMethod [as log] (utils/logger.ts:82:7)

    console.log
      [INFO] Upcoming meetings loaded { count: 2, timestamp: '2026-01-30T03:36:51.436Z' }

      at Logger.logMethod [as log] (utils/logger.ts:82:7)

    console.log
      [INFO] Upcoming meetings loaded { count: 2, timestamp: '2026-01-30T03:36:51.437Z' }

      at Logger.logMethod [as log] (utils/logger.ts:82:7)

    console.log
      [INFO] Upcoming meetings loaded { count: 2, timestamp: '2026-01-30T03:36:51.437Z' }

      at Logger.logMethod [as log] (utils/logger.ts:82:7)

    console.log
      [INFO] Upcoming meetings loaded { count: 2, timestamp: '2026-01-30T03:36:51.437Z' }

      at Logger.logMethod [as log] (utils/logger.ts:82:7)

    console.log
      [INFO] Upcoming meetings loaded { count: 2, timestamp: '2026-01-30T03:36:51.437Z' }

      at Logger.logMethod [as log] (utils/logger.ts:82:7)

    console.log
      [INFO] Upcoming meetings loaded { count: 2, timestamp: '2026-01-30T03:36:51.438Z' }

      at Logger.logMethod [as log] (utils/logger.ts:82:7)

    console.log
      [INFO] Upcoming meetings loaded { count: 2, timestamp: '2026-01-30T03:36:51.438Z' }

      at Logger.logMethod [as log] (utils/logger.ts:82:7)

    console.log
      [INFO] Upcoming meetings loaded { count: 2, timestamp: '2026-01-30T03:36:51.438Z' }

      at Logger.logMethod [as log] (utils/logger.ts:82:7)

    console.log
      [INFO] Upcoming meetings loaded { count: 2, timestamp: '2026-01-30T03:36:51.438Z' }

      at Logger.logMethod [as log] (utils/logger.ts:82:7)

    console.log
      [INFO] Upcoming meetings loaded { count: 2, timestamp: '2026-01-30T03:36:51.438Z' }

      at Logger.logMethod [as log] (utils/logger.ts:82:7)

    console.log
      [INFO] Upcoming meetings loaded { count: 2, timestamp: '2026-01-30T03:36:51.439Z' }

      at Logger.logMethod [as log] (utils/logger.ts:82:7)

    console.log
      [INFO] Upcoming meetings loaded { count: 2, timestamp: '2026-01-30T03:36:51.439Z' }

      at Logger.logMethod [as log] (utils/logger.ts:82:7)

    console.log
      [INFO] Upcoming meetings loaded { count: 2, timestamp: '2026-01-30T03:36:51.439Z' }

      at Logger.logMethod [as log] (utils/logger.ts:82:7)

    console.log
      [INFO] Upcoming meetings loaded { count: 2, timestamp: '2026-01-30T03:36:51.439Z' }

      at Logger.logMethod [as log] (utils/logger.ts:82:7)

    console.log
      [INFO] Upcoming meetings loaded { count: 2, timestamp: '2026-01-30T03:36:51.439Z' }

      at Logger.logMethod [as log] (utils/logger.ts:82:7)

    console.log
      [INFO] Upcoming meetings loaded { count: 2, timestamp: '2026-01-30T03:36:51.440Z' }

      at Logger.logMethod [as log] (utils/logger.ts:82:7)

    console.log
      [INFO] Upcoming meetings loaded { count: 2, timestamp: '2026-01-30T03:36:51.440Z' }

      at Logger.logMethod [as log] (utils/logger.ts:82:7)

    console.log
      [INFO] Upcoming meetings loaded { count: 2, timestamp: '2026-01-30T03:36:51.440Z' }

      at Logger.logMethod [as log] (utils/logger.ts:82:7)

    console.log
      [INFO] Upcoming meetings loaded { count: 2, timestamp: '2026-01-30T03:36:51.440Z' }

      at Logger.logMethod [as log] (utils/logger.ts:82:7)

    console.log
      [INFO] Upcoming meetings loaded { count: 2, timestamp: '2026-01-30T03:36:51.440Z' }

      at Logger.logMethod [as log] (utils/logger.ts:82:7)

    console.log
      [INFO] Upcoming meetings loaded { count: 2, timestamp: '2026-01-30T03:36:51.440Z' }

      at Logger.logMethod [as log] (utils/logger.ts:82:7)

    console.log
      [INFO] Upcoming meetings loaded { count: 2, timestamp: '2026-01-30T03:36:51.440Z' }

      at Logger.logMethod [as log] (utils/logger.ts:82:7)

    console.log
      [INFO] Upcoming meetings loaded { count: 2, timestamp: '2026-01-30T03:36:51.441Z' }

      at Logger.logMethod [as log] (utils/logger.ts:82:7)

    console.log
      [INFO] Upcoming meetings loaded { count: 2, timestamp: '2026-01-30T03:36:51.441Z' }

      at Logger.logMethod [as log] (utils/logger.ts:82:7)

    console.log
      [INFO] Upcoming meetings loaded { count: 2, timestamp: '2026-01-30T03:36:51.441Z' }

      at Logger.logMethod [as log] (utils/logger.ts:82:7)

    console.log
      [INFO] Upcoming meetings loaded { count: 2, timestamp: '2026-01-30T03:36:51.441Z' }

      at Logger.logMethod [as log] (utils/logger.ts:82:7)

    console.log
      [INFO] Upcoming meetings loaded { count: 2, timestamp: '2026-01-30T03:36:51.441Z' }

      at Logger.logMethod [as log] (utils/logger.ts:82:7)

    console.log
      [INFO] Upcoming meetings loaded { count: 2, timestamp: '2026-01-30T03:36:51.441Z' }

      at Logger.logMethod [as log] (utils/logger.ts:82:7)

    console.log
      [INFO] Upcoming meetings loaded { count: 2, timestamp: '2026-01-30T03:36:51.442Z' }

      at Logger.logMethod [as log] (utils/logger.ts:82:7)

    console.log
      [INFO] Upcoming meetings loaded { count: 2, timestamp: '2026-01-30T03:36:51.442Z' }

      at Logger.logMethod [as log] (utils/logger.ts:82:7)

    console.log
      [INFO] Upcoming meetings loaded { count: 2, timestamp: '2026-01-30T03:36:51.442Z' }

      at Logger.logMethod [as log] (utils/logger.ts:82:7)

    console.log
      [INFO] Upcoming meetings loaded { count: 2, timestamp: '2026-01-30T03:36:51.442Z' }

      at Logger.logMethod [as log] (utils/logger.ts:82:7)

    console.log
      [INFO] Upcoming meetings loaded { count: 2, timestamp: '2026-01-30T03:36:51.443Z' }

      at Logger.logMethod [as log] (utils/logger.ts:82:7)

    console.log
      [INFO] Upcoming meetings loaded { count: 2, timestamp: '2026-01-30T03:36:51.443Z' }

      at Logger.logMethod [as log] (utils/logger.ts:82:7)

    console.log
      [INFO] Upcoming meetings loaded { count: 2, timestamp: '2026-01-30T03:36:51.443Z' }

      at Logger.logMethod [as log] (utils/logger.ts:82:7)

    console.log
      [INFO] Upcoming meetings loaded { count: 2, timestamp: '2026-01-30T03:36:51.443Z' }

      at Logger.logMethod [as log] (utils/logger.ts:82:7)

    console.log
      [INFO] Upcoming meetings loaded { count: 2, timestamp: '2026-01-30T03:36:51.443Z' }

      at Logger.logMethod [as log] (utils/logger.ts:82:7)

    console.log
      [INFO] Upcoming meetings loaded { count: 2, timestamp: '2026-01-30T03:36:51.444Z' }

      at Logger.logMethod [as log] (utils/logger.ts:82:7)

    console.log
      [INFO] Upcoming meetings loaded { count: 2, timestamp: '2026-01-30T03:36:51.444Z' }

      at Logger.logMethod [as log] (utils/logger.ts:82:7)

    console.log
      [INFO] Upcoming meetings loaded { count: 2, timestamp: '2026-01-30T03:36:51.444Z' }

      at Logger.logMethod [as log] (utils/logger.ts:82:7)

    console.log
      [INFO] Upcoming meetings loaded { count: 2, timestamp: '2026-01-30T03:36:51.444Z' }

      at Logger.logMethod [as log] (utils/logger.ts:82:7)

    console.log
      [INFO] Upcoming meetings loaded { count: 2, timestamp: '2026-01-30T03:36:51.445Z' }

      at Logger.logMethod [as log] (utils/logger.ts:82:7)

    console.log
      [INFO] Upcoming meetings loaded { count: 2, timestamp: '2026-01-30T03:36:51.445Z' }

      at Logger.logMethod [as log] (utils/logger.ts:82:7)

    console.log
      [INFO] Upcoming meetings loaded { count: 2, timestamp: '2026-01-30T03:36:51.445Z' }

      at Logger.logMethod [as log] (utils/logger.ts:82:7)

    console.log
      [INFO] Upcoming meetings loaded { count: 2, timestamp: '2026-01-30T03:36:51.445Z' }

      at Logger.logMethod [as log] (utils/logger.ts:82:7)

    console.log
      [INFO] Upcoming meetings loaded { count: 2, timestamp: '2026-01-30T03:36:51.446Z' }

      at Logger.logMethod [as log] (utils/logger.ts:82:7)

    console.log
      [INFO] Upcoming meetings loaded { count: 2, timestamp: '2026-01-30T03:36:51.446Z' }

      at Logger.logMethod [as log] (utils/logger.ts:82:7)

    console.log
      [INFO] Upcoming meetings loaded { count: 2, timestamp: '2026-01-30T03:36:51.446Z' }

      at Logger.logMethod [as log] (utils/logger.ts:82:7)

    console.log
      [INFO] Upcoming meetings loaded { count: 2, timestamp: '2026-01-30T03:36:51.447Z' }

      at Logger.logMethod [as log] (utils/logger.ts:82:7)

    console.log
      [INFO] Upcoming meetings loaded { count: 2, timestamp: '2026-01-30T03:36:51.447Z' }

      at Logger.logMethod [as log] (utils/logger.ts:82:7)

    console.log
      [INFO] Upcoming meetings loaded { count: 2, timestamp: '2026-01-30T03:36:51.447Z' }

      at Logger.logMethod [as log] (utils/logger.ts:82:7)

    console.log
      [INFO] Upcoming meetings loaded { count: 2, timestamp: '2026-01-30T03:36:51.447Z' }

      at Logger.logMethod [as log] (utils/logger.ts:82:7)

    console.log
      [INFO] Upcoming meetings loaded { count: 2, timestamp: '2026-01-30T03:36:51.448Z' }

      at Logger.logMethod [as log] (utils/logger.ts:82:7)

    console.log
      [INFO] Upcoming meetings loaded { count: 2, timestamp: '2026-01-30T03:36:51.448Z' }

      at Logger.logMethod [as log] (utils/logger.ts:82:7)

    console.log
      [INFO] Upcoming meetings loaded { count: 2, timestamp: '2026-01-30T03:36:51.448Z' }

      at Logger.logMethod [as log] (utils/logger.ts:82:7)

    console.log
      [INFO] Upcoming meetings loaded { count: 2, timestamp: '2026-01-30T03:36:51.448Z' }

      at Logger.logMethod [as log] (utils/logger.ts:82:7)

    console.log
      [INFO] Upcoming meetings loaded { count: 2, timestamp: '2026-01-30T03:36:51.449Z' }

      at Logger.logMethod [as log] (utils/logger.ts:82:7)

    console.log
      [INFO] Upcoming meetings loaded { count: 2, timestamp: '2026-01-30T03:36:51.449Z' }

      at Logger.logMethod [as log] (utils/logger.ts:82:7)

    console.log
      [INFO] Upcoming meetings loaded { count: 2, timestamp: '2026-01-30T03:36:51.449Z' }

      at Logger.logMethod [as log] (utils/logger.ts:82:7)

    console.log
      [INFO] Upcoming meetings loaded { count: 2, timestamp: '2026-01-30T03:36:51.449Z' }

      at Logger.logMethod [as log] (utils/logger.ts:82:7)

    console.log
      [INFO] Upcoming meetings loaded { count: 2, timestamp: '2026-01-30T03:36:51.450Z' }

      at Logger.logMethod [as log] (utils/logger.ts:82:7)

    console.log
      [INFO] Upcoming meetings loaded { count: 2, timestamp: '2026-01-30T03:36:51.450Z' }

      at Logger.logMethod [as log] (utils/logger.ts:82:7)

    console.log
      [INFO] Upcoming meetings loaded { count: 2, timestamp: '2026-01-30T03:36:51.450Z' }

      at Logger.logMethod [as log] (utils/logger.ts:82:7)

    console.log
      [INFO] Upcoming meetings loaded { count: 2, timestamp: '2026-01-30T03:36:51.450Z' }

      at Logger.logMethod [as log] (utils/logger.ts:82:7)

    console.log
      [INFO] Upcoming meetings loaded { count: 2, timestamp: '2026-01-30T03:36:51.450Z' }

      at Logger.logMethod [as log] (utils/logger.ts:82:7)

    console.log
      [INFO] Upcoming meetings loaded { count: 2, timestamp: '2026-01-30T03:36:51.451Z' }

      at Logger.logMethod [as log] (utils/logger.ts:82:7)

    console.log
      [INFO] Upcoming meetings loaded { count: 2, timestamp: '2026-01-30T03:36:51.451Z' }

      at Logger.logMethod [as log] (utils/logger.ts:82:7)

    console.log
      [INFO] Upcoming meetings loaded { count: 2, timestamp: '2026-01-30T03:36:51.451Z' }

      at Logger.logMethod [as log] (utils/logger.ts:82:7)

    console.log
      [INFO] Upcoming meetings loaded { count: 2, timestamp: '2026-01-30T03:36:51.451Z' }

      at Logger.logMethod [as log] (utils/logger.ts:82:7)

    console.log
      [INFO] Upcoming meetings loaded { count: 2, timestamp: '2026-01-30T03:36:51.452Z' }

      at Logger.logMethod [as log] (utils/logger.ts:82:7)

    console.log
      [INFO] Upcoming meetings loaded { count: 2, timestamp: '2026-01-30T03:36:51.452Z' }

      at Logger.logMethod [as log] (utils/logger.ts:82:7)

    console.log
      [INFO] Upcoming meetings loaded { count: 2, timestamp: '2026-01-30T03:36:51.452Z' }

      at Logger.logMethod [as log] (utils/logger.ts:82:7)

    console.log
      [INFO] Upcoming meetings loaded { count: 2, timestamp: '2026-01-30T03:36:51.452Z' }

      at Logger.logMethod [as log] (utils/logger.ts:82:7)

    console.log
      [INFO] Upcoming meetings loaded { count: 2, timestamp: '2026-01-30T03:36:51.453Z' }

      at Logger.logMethod [as log] (utils/logger.ts:82:7)

    console.log
      [INFO] Upcoming meetings loaded { count: 2, timestamp: '2026-01-30T03:36:51.453Z' }

      at Logger.logMethod [as log] (utils/logger.ts:82:7)

    console.log
      [INFO] Upcoming meetings loaded { count: 2, timestamp: '2026-01-30T03:36:51.453Z' }

      at Logger.logMethod [as log] (utils/logger.ts:82:7)

    console.log
      [INFO] Upcoming meetings loaded { count: 2, timestamp: '2026-01-30T03:36:51.453Z' }

      at Logger.logMethod [as log] (utils/logger.ts:82:7)

    console.log
      [INFO] Upcoming meetings loaded { count: 2, timestamp: '2026-01-30T03:36:51.454Z' }

      at Logger.logMethod [as log] (utils/logger.ts:82:7)

    console.log
      [INFO] Upcoming meetings loaded { count: 2, timestamp: '2026-01-30T03:36:51.454Z' }

      at Logger.logMethod [as log] (utils/logger.ts:82:7)

    console.log
      [INFO] Upcoming meetings loaded { count: 2, timestamp: '2026-01-30T03:36:51.454Z' }

      at Logger.logMethod [as log] (utils/logger.ts:82:7)

    console.log
      [INFO] Upcoming meetings loaded { count: 2, timestamp: '2026-01-30T03:36:51.454Z' }

      at Logger.logMethod [as log] (utils/logger.ts:82:7)

    console.log
      [INFO] Upcoming meetings loaded { count: 2, timestamp: '2026-01-30T03:36:51.454Z' }

      at Logger.logMethod [as log] (utils/logger.ts:82:7)

    console.log
      [INFO] Upcoming meetings loaded { count: 2, timestamp: '2026-01-30T03:36:51.455Z' }

      at Logger.logMethod [as log] (utils/logger.ts:82:7)

    console.log
      [INFO] Upcoming meetings loaded { count: 2, timestamp: '2026-01-30T03:36:51.456Z' }

      at Logger.logMethod [as log] (utils/logger.ts:82:7)

    console.log
      [INFO] Upcoming meetings loaded { count: 1, timestamp: '2026-01-30T03:36:51.458Z' }

      at Logger.logMethod [as log] (utils/logger.ts:82:7)

    console.log
      [INFO] Upcoming meetings loaded { count: 1, timestamp: '2026-01-30T03:36:51.461Z' }

      at Logger.logMethod [as log] (utils/logger.ts:82:7)

    console.log
      [INFO] Upcoming meetings loaded { count: 1, timestamp: '2026-01-30T03:36:51.462Z' }

      at Logger.logMethod [as log] (utils/logger.ts:82:7)

    console.log
      [INFO] Upcoming meetings loaded { count: 1, timestamp: '2026-01-30T03:36:51.462Z' }

      at Logger.logMethod [as log] (utils/logger.ts:82:7)

    console.log
      [INFO] Upcoming meetings loaded { count: 1, timestamp: '2026-01-30T03:36:51.462Z' }

      at Logger.logMethod [as log] (utils/logger.ts:82:7)

    console.log
      [INFO] Upcoming meetings loaded { count: 1, timestamp: '2026-01-30T03:36:51.462Z' }

      at Logger.logMethod [as log] (utils/logger.ts:82:7)

    console.log
      [INFO] Upcoming meetings loaded { count: 1, timestamp: '2026-01-30T03:36:51.463Z' }

      at Logger.logMethod [as log] (utils/logger.ts:82:7)

    console.log
      [INFO] Upcoming meetings loaded { count: 1, timestamp: '2026-01-30T03:36:51.463Z' }

      at Logger.logMethod [as log] (utils/logger.ts:82:7)

    console.log
      [INFO] Upcoming meetings loaded { count: 1, timestamp: '2026-01-30T03:36:51.463Z' }

      at Logger.logMethod [as log] (utils/logger.ts:82:7)

    console.log
      [INFO] Upcoming meetings loaded { count: 1, timestamp: '2026-01-30T03:36:51.463Z' }

      at Logger.logMethod [as log] (utils/logger.ts:82:7)

    console.log
      [INFO] Upcoming meetings loaded { count: 1, timestamp: '2026-01-30T03:36:51.464Z' }

      at Logger.logMethod [as log] (utils/logger.ts:82:7)

    console.log
      [INFO] Upcoming meetings loaded { count: 1, timestamp: '2026-01-30T03:36:51.464Z' }

      at Logger.logMethod [as log] (utils/logger.ts:82:7)

    console.log
      [INFO] Upcoming meetings loaded { count: 1, timestamp: '2026-01-30T03:36:51.464Z' }

      at Logger.logMethod [as log] (utils/logger.ts:82:7)

    console.log
      [INFO] Upcoming meetings loaded { count: 1, timestamp: '2026-01-30T03:36:51.464Z' }

      at Logger.logMethod [as log] (utils/logger.ts:82:7)

    console.log
      [INFO] Upcoming meetings loaded { count: 1, timestamp: '2026-01-30T03:36:51.465Z' }

      at Logger.logMethod [as log] (utils/logger.ts:82:7)

    console.log
      [INFO] Upcoming meetings loaded { count: 1, timestamp: '2026-01-30T03:36:51.465Z' }

      at Logger.logMethod [as log] (utils/logger.ts:82:7)

    console.log
      [INFO] Upcoming meetings loaded { count: 1, timestamp: '2026-01-30T03:36:51.465Z' }

      at Logger.logMethod [as log] (utils/logger.ts:82:7)

    console.log
      [INFO] Upcoming meetings loaded { count: 1, timestamp: '2026-01-30T03:36:51.465Z' }

      at Logger.logMethod [as log] (utils/logger.ts:82:7)

    console.log
      [INFO] Upcoming meetings loaded { count: 1, timestamp: '2026-01-30T03:36:51.465Z' }

      at Logger.logMethod [as log] (utils/logger.ts:82:7)

    console.log
      [INFO] Upcoming meetings loaded { count: 1, timestamp: '2026-01-30T03:36:51.466Z' }

      at Logger.logMethod [as log] (utils/logger.ts:82:7)

    console.log
      [INFO] Upcoming meetings loaded { count: 1, timestamp: '2026-01-30T03:36:51.466Z' }

      at Logger.logMethod [as log] (utils/logger.ts:82:7)

    console.log
      [INFO] Upcoming meetings loaded { count: 1, timestamp: '2026-01-30T03:36:51.466Z' }

      at Logger.logMethod [as log] (utils/logger.ts:82:7)

    console.log
      [INFO] Upcoming meetings loaded { count: 1, timestamp: '2026-01-30T03:36:51.466Z' }

      at Logger.logMethod [as log] (utils/logger.ts:82:7)

    console.log
      [INFO] Upcoming meetings loaded { count: 1, timestamp: '2026-01-30T03:36:51.467Z' }

      at Logger.logMethod [as log] (utils/logger.ts:82:7)

    console.log
      [INFO] Upcoming meetings loaded { count: 1, timestamp: '2026-01-30T03:36:51.467Z' }

      at Logger.logMethod [as log] (utils/logger.ts:82:7)

    console.log
      [INFO] Upcoming meetings loaded { count: 1, timestamp: '2026-01-30T03:36:51.467Z' }

      at Logger.logMethod [as log] (utils/logger.ts:82:7)

    console.log
      [INFO] Upcoming meetings loaded { count: 1, timestamp: '2026-01-30T03:36:51.467Z' }

      at Logger.logMethod [as log] (utils/logger.ts:82:7)

    console.log
      [INFO] Upcoming meetings loaded { count: 1, timestamp: '2026-01-30T03:36:51.467Z' }

      at Logger.logMethod [as log] (utils/logger.ts:82:7)

    console.log
      [INFO] Upcoming meetings loaded { count: 1, timestamp: '2026-01-30T03:36:51.467Z' }

      at Logger.logMethod [as log] (utils/logger.ts:82:7)

    console.log
      [INFO] Upcoming meetings loaded { count: 1, timestamp: '2026-01-30T03:36:51.467Z' }

      at Logger.logMethod [as log] (utils/logger.ts:82:7)

    console.log
      [INFO] Upcoming meetings loaded { count: 1, timestamp: '2026-01-30T03:36:51.468Z' }

      at Logger.logMethod [as log] (utils/logger.ts:82:7)

    console.log
      [INFO] Upcoming meetings loaded { count: 1, timestamp: '2026-01-30T03:36:51.468Z' }

      at Logger.logMethod [as log] (utils/logger.ts:82:7)

    console.log
      [INFO] Upcoming meetings loaded { count: 1, timestamp: '2026-01-30T03:36:51.468Z' }

      at Logger.logMethod [as log] (utils/logger.ts:82:7)

    console.log
      [INFO] Upcoming meetings loaded { count: 1, timestamp: '2026-01-30T03:36:51.468Z' }

      at Logger.logMethod [as log] (utils/logger.ts:82:7)

    console.log
      [INFO] Upcoming meetings loaded { count: 1, timestamp: '2026-01-30T03:36:51.468Z' }

      at Logger.logMethod [as log] (utils/logger.ts:82:7)

    console.log
      [INFO] Upcoming meetings loaded { count: 1, timestamp: '2026-01-30T03:36:51.468Z' }

      at Logger.logMethod [as log] (utils/logger.ts:82:7)

    console.log
      [INFO] Upcoming meetings loaded { count: 1, timestamp: '2026-01-30T03:36:51.468Z' }

      at Logger.logMethod [as log] (utils/logger.ts:82:7)

    console.log
      [INFO] Upcoming meetings loaded { count: 1, timestamp: '2026-01-30T03:36:51.469Z' }

      at Logger.logMethod [as log] (utils/logger.ts:82:7)

    console.log
      [INFO] Upcoming meetings loaded { count: 1, timestamp: '2026-01-30T03:36:51.469Z' }

      at Logger.logMethod [as log] (utils/logger.ts:82:7)

    console.log
      [INFO] Upcoming meetings loaded { count: 1, timestamp: '2026-01-30T03:36:51.469Z' }

      at Logger.logMethod [as log] (utils/logger.ts:82:7)

    console.log
      [INFO] Upcoming meetings loaded { count: 1, timestamp: '2026-01-30T03:36:51.469Z' }

      at Logger.logMethod [as log] (utils/logger.ts:82:7)

    console.log
      [INFO] Upcoming meetings loaded { count: 1, timestamp: '2026-01-30T03:36:51.469Z' }

      at Logger.logMethod [as log] (utils/logger.ts:82:7)

    console.log
      [INFO] Upcoming meetings loaded { count: 1, timestamp: '2026-01-30T03:36:51.469Z' }

      at Logger.logMethod [as log] (utils/logger.ts:82:7)

    console.log
      [INFO] Upcoming meetings loaded { count: 1, timestamp: '2026-01-30T03:36:51.469Z' }

      at Logger.logMethod [as log] (utils/logger.ts:82:7)

    console.log
      [INFO] Upcoming meetings loaded { count: 1, timestamp: '2026-01-30T03:36:51.470Z' }

      at Logger.logMethod [as log] (utils/logger.ts:82:7)

    console.log
      [INFO] Upcoming meetings loaded { count: 1, timestamp: '2026-01-30T03:36:51.470Z' }

      at Logger.logMethod [as log] (utils/logger.ts:82:7)

    console.log
      [INFO] Upcoming meetings loaded { count: 1, timestamp: '2026-01-30T03:36:51.470Z' }

      at Logger.logMethod [as log] (utils/logger.ts:82:7)

    console.log
      [INFO] Upcoming meetings loaded { count: 1, timestamp: '2026-01-30T03:36:51.470Z' }

      at Logger.logMethod [as log] (utils/logger.ts:82:7)

    console.log
      [INFO] Upcoming meetings loaded { count: 1, timestamp: '2026-01-30T03:36:51.470Z' }

      at Logger.logMethod [as log] (utils/logger.ts:82:7)

    console.log
      [INFO] Upcoming meetings loaded { count: 1, timestamp: '2026-01-30T03:36:51.470Z' }

      at Logger.logMethod [as log] (utils/logger.ts:82:7)

    console.log
      [INFO] Upcoming meetings loaded { count: 1, timestamp: '2026-01-30T03:36:51.470Z' }

      at Logger.logMethod [as log] (utils/logger.ts:82:7)

    console.log
      [INFO] Upcoming meetings loaded { count: 1, timestamp: '2026-01-30T03:36:51.471Z' }

      at Logger.logMethod [as log] (utils/logger.ts:82:7)

    console.log
      [INFO] Upcoming meetings loaded { count: 1, timestamp: '2026-01-30T03:36:51.471Z' }

      at Logger.logMethod [as log] (utils/logger.ts:82:7)

    console.log
      [INFO] Upcoming meetings loaded { count: 1, timestamp: '2026-01-30T03:36:51.471Z' }

      at Logger.logMethod [as log] (utils/logger.ts:82:7)

    console.log
      [INFO] Upcoming meetings loaded { count: 1, timestamp: '2026-01-30T03:36:51.471Z' }

      at Logger.logMethod [as log] (utils/logger.ts:82:7)

    console.log
      [INFO] Upcoming meetings loaded { count: 1, timestamp: '2026-01-30T03:36:51.471Z' }

      at Logger.logMethod [as log] (utils/logger.ts:82:7)

    console.log
      [INFO] Upcoming meetings loaded { count: 1, timestamp: '2026-01-30T03:36:51.471Z' }

      at Logger.logMethod [as log] (utils/logger.ts:82:7)

    console.log
      [INFO] Upcoming meetings loaded { count: 1, timestamp: '2026-01-30T03:36:51.471Z' }

      at Logger.logMethod [as log] (utils/logger.ts:82:7)

    console.log
      [INFO] Upcoming meetings loaded { count: 1, timestamp: '2026-01-30T03:36:51.472Z' }

      at Logger.logMethod [as log] (utils/logger.ts:82:7)

    console.log
      [INFO] Upcoming meetings loaded { count: 1, timestamp: '2026-01-30T03:36:51.472Z' }

      at Logger.logMethod [as log] (utils/logger.ts:82:7)

    console.log
      [INFO] Upcoming meetings loaded { count: 1, timestamp: '2026-01-30T03:36:51.472Z' }

      at Logger.logMethod [as log] (utils/logger.ts:82:7)

    console.log
      [INFO] Upcoming meetings loaded { count: 1, timestamp: '2026-01-30T03:36:51.472Z' }

      at Logger.logMethod [as log] (utils/logger.ts:82:7)

    console.log
      [INFO] Upcoming meetings loaded { count: 1, timestamp: '2026-01-30T03:36:51.472Z' }

      at Logger.logMethod [as log] (utils/logger.ts:82:7)

    console.log
      [INFO] Upcoming meetings loaded { count: 1, timestamp: '2026-01-30T03:36:51.472Z' }

      at Logger.logMethod [as log] (utils/logger.ts:82:7)

    console.log
      [INFO] Upcoming meetings loaded { count: 1, timestamp: '2026-01-30T03:36:51.472Z' }

      at Logger.logMethod [as log] (utils/logger.ts:82:7)

    console.log
      [INFO] Upcoming meetings loaded { count: 1, timestamp: '2026-01-30T03:36:51.472Z' }

      at Logger.logMethod [as log] (utils/logger.ts:82:7)

    console.log
      [INFO] Upcoming meetings loaded { count: 1, timestamp: '2026-01-30T03:36:51.473Z' }

      at Logger.logMethod [as log] (utils/logger.ts:82:7)

    console.log
      [INFO] Upcoming meetings loaded { count: 1, timestamp: '2026-01-30T03:36:51.473Z' }

      at Logger.logMethod [as log] (utils/logger.ts:82:7)

    console.log
      [INFO] Upcoming meetings loaded { count: 1, timestamp: '2026-01-30T03:36:51.473Z' }

      at Logger.logMethod [as log] (utils/logger.ts:82:7)

    console.log
      [INFO] Upcoming meetings loaded { count: 1, timestamp: '2026-01-30T03:36:51.473Z' }

      at Logger.logMethod [as log] (utils/logger.ts:82:7)

    console.log
      [INFO] Upcoming meetings loaded { count: 1, timestamp: '2026-01-30T03:36:51.473Z' }

      at Logger.logMethod [as log] (utils/logger.ts:82:7)

    console.log
      [INFO] Upcoming meetings loaded { count: 1, timestamp: '2026-01-30T03:36:51.473Z' }

      at Logger.logMethod [as log] (utils/logger.ts:82:7)

    console.log
      [INFO] Upcoming meetings loaded { count: 1, timestamp: '2026-01-30T03:36:51.473Z' }

      at Logger.logMethod [as log] (utils/logger.ts:82:7)

    console.log
      [INFO] Upcoming meetings loaded { count: 1, timestamp: '2026-01-30T03:36:51.473Z' }

      at Logger.logMethod [as log] (utils/logger.ts:82:7)

    console.log
      [INFO] Upcoming meetings loaded { count: 1, timestamp: '2026-01-30T03:36:51.474Z' }

      at Logger.logMethod [as log] (utils/logger.ts:82:7)

    console.log
      [INFO] Upcoming meetings loaded { count: 1, timestamp: '2026-01-30T03:36:51.474Z' }

      at Logger.logMethod [as log] (utils/logger.ts:82:7)

    console.log
      [INFO] Upcoming meetings loaded { count: 1, timestamp: '2026-01-30T03:36:51.474Z' }

      at Logger.logMethod [as log] (utils/logger.ts:82:7)

    console.log
      [INFO] Upcoming meetings loaded { count: 1, timestamp: '2026-01-30T03:36:51.474Z' }

      at Logger.logMethod [as log] (utils/logger.ts:82:7)

    console.log
      [INFO] Upcoming meetings loaded { count: 1, timestamp: '2026-01-30T03:36:51.474Z' }

      at Logger.logMethod [as log] (utils/logger.ts:82:7)

    console.log
      [INFO] Upcoming meetings loaded { count: 1, timestamp: '2026-01-30T03:36:51.474Z' }

      at Logger.logMethod [as log] (utils/logger.ts:82:7)

    console.log
      [INFO] Upcoming meetings loaded { count: 1, timestamp: '2026-01-30T03:36:51.474Z' }

      at Logger.logMethod [as log] (utils/logger.ts:82:7)

    console.log
      [INFO] Upcoming meetings loaded { count: 1, timestamp: '2026-01-30T03:36:51.474Z' }

      at Logger.logMethod [as log] (utils/logger.ts:82:7)

    console.log
      [INFO] Upcoming meetings loaded { count: 1, timestamp: '2026-01-30T03:36:51.475Z' }

      at Logger.logMethod [as log] (utils/logger.ts:82:7)

    console.log
      [INFO] Upcoming meetings loaded { count: 1, timestamp: '2026-01-30T03:36:51.475Z' }

      at Logger.logMethod [as log] (utils/logger.ts:82:7)

    console.log
      [INFO] Upcoming meetings loaded { count: 1, timestamp: '2026-01-30T03:36:51.475Z' }

      at Logger.logMethod [as log] (utils/logger.ts:82:7)

    console.log
      [INFO] Upcoming meetings loaded { count: 1, timestamp: '2026-01-30T03:36:51.475Z' }

      at Logger.logMethod [as log] (utils/logger.ts:82:7)

    console.log
      [INFO] Upcoming meetings loaded { count: 1, timestamp: '2026-01-30T03:36:51.475Z' }

      at Logger.logMethod [as log] (utils/logger.ts:82:7)

    console.log
      [INFO] Upcoming meetings loaded { count: 1, timestamp: '2026-01-30T03:36:51.475Z' }

      at Logger.logMethod [as log] (utils/logger.ts:82:7)

    console.log
      [INFO] Upcoming meetings loaded { count: 1, timestamp: '2026-01-30T03:36:51.476Z' }

      at Logger.logMethod [as log] (utils/logger.ts:82:7)

    console.log
      [INFO] Upcoming meetings loaded { count: 1, timestamp: '2026-01-30T03:36:51.476Z' }

      at Logger.logMethod [as log] (utils/logger.ts:82:7)

    console.log
      [INFO] Upcoming meetings loaded { count: 1, timestamp: '2026-01-30T03:36:51.476Z' }

      at Logger.logMethod [as log] (utils/logger.ts:82:7)

    console.log
      [INFO] Upcoming meetings loaded { count: 1, timestamp: '2026-01-30T03:36:51.476Z' }

      at Logger.logMethod [as log] (utils/logger.ts:82:7)

    console.log
      [INFO] Upcoming meetings loaded { count: 1, timestamp: '2026-01-30T03:36:51.476Z' }

      at Logger.logMethod [as log] (utils/logger.ts:82:7)

    console.log
      [INFO] Upcoming meetings loaded { count: 1, timestamp: '2026-01-30T03:36:51.476Z' }

      at Logger.logMethod [as log] (utils/logger.ts:82:7)

    console.log
      [INFO] Upcoming meetings loaded { count: 1, timestamp: '2026-01-30T03:36:51.476Z' }

      at Logger.logMethod [as log] (utils/logger.ts:82:7)

    console.log
      [INFO] Upcoming meetings loaded { count: 1, timestamp: '2026-01-30T03:36:51.477Z' }

      at Logger.logMethod [as log] (utils/logger.ts:82:7)

    console.log
      [INFO] Upcoming meetings loaded { count: 1, timestamp: '2026-01-30T03:36:51.477Z' }

      at Logger.logMethod [as log] (utils/logger.ts:82:7)

    console.log
      [INFO] Upcoming meetings loaded { count: 1, timestamp: '2026-01-30T03:36:51.477Z' }

      at Logger.logMethod [as log] (utils/logger.ts:82:7)

    console.log
      [INFO] Upcoming meetings loaded { count: 1, timestamp: '2026-01-30T03:36:51.477Z' }

      at Logger.logMethod [as log] (utils/logger.ts:82:7)

    console.log
      [INFO] Upcoming meetings loaded { count: 1, timestamp: '2026-01-30T03:36:51.477Z' }

      at Logger.logMethod [as log] (utils/logger.ts:82:7)

    console.log
      [INFO] Upcoming meetings loaded { count: 1, timestamp: '2026-01-30T03:36:51.477Z' }

      at Logger.logMethod [as log] (utils/logger.ts:82:7)

    console.log
      [INFO] Upcoming meetings loaded { count: 1, timestamp: '2026-01-30T03:36:51.477Z' }

      at Logger.logMethod [as log] (utils/logger.ts:82:7)

    console.log
      [INFO] Upcoming meetings loaded { count: 1, timestamp: '2026-01-30T03:36:51.478Z' }

      at Logger.logMethod [as log] (utils/logger.ts:82:7)

    console.log
      [INFO] Upcoming meetings loaded { count: 1, timestamp: '2026-01-30T03:36:51.478Z' }

      at Logger.logMethod [as log] (utils/logger.ts:82:7)

    console.log
      [INFO] Upcoming meetings loaded { count: 1, timestamp: '2026-01-30T03:36:51.478Z' }

      at Logger.logMethod [as log] (utils/logger.ts:82:7)

    console.log
      [INFO] Upcoming meetings loaded { count: 1, timestamp: '2026-01-30T03:36:51.478Z' }

      at Logger.logMethod [as log] (utils/logger.ts:82:7)

    console.log
      [INFO] Upcoming meetings loaded { count: 1, timestamp: '2026-01-30T03:36:51.478Z' }

      at Logger.logMethod [as log] (utils/logger.ts:82:7)

    console.log
      [INFO] Upcoming meetings loaded { count: 1, timestamp: '2026-01-30T03:36:51.478Z' }

      at Logger.logMethod [as log] (utils/logger.ts:82:7)

    console.log
      [INFO] Upcoming meetings loaded { count: 1, timestamp: '2026-01-30T03:36:51.478Z' }

      at Logger.logMethod [as log] (utils/logger.ts:82:7)

    console.log
      [INFO] Upcoming meetings loaded { count: 1, timestamp: '2026-01-30T03:36:51.478Z' }

      at Logger.logMethod [as log] (utils/logger.ts:82:7)

    console.log
      [INFO] Upcoming meetings loaded { count: 1, timestamp: '2026-01-30T03:36:51.479Z' }

      at Logger.logMethod [as log] (utils/logger.ts:82:7)

    console.log
      [INFO] Upcoming meetings loaded { count: 1, timestamp: '2026-01-30T03:36:51.479Z' }

      at Logger.logMethod [as log] (utils/logger.ts:82:7)

    console.log
      [INFO] Upcoming meetings loaded { count: 1, timestamp: '2026-01-30T03:36:51.479Z' }

      at Logger.logMethod [as log] (utils/logger.ts:82:7)

    console.log
      [INFO] Upcoming meetings loaded { count: 1, timestamp: '2026-01-30T03:36:51.479Z' }

      at Logger.logMethod [as log] (utils/logger.ts:82:7)

    console.log
      [INFO] Upcoming meetings loaded { count: 1, timestamp: '2026-01-30T03:36:51.479Z' }

      at Logger.logMethod [as log] (utils/logger.ts:82:7)

    console.log
      [INFO] Upcoming meetings loaded { count: 1, timestamp: '2026-01-30T03:36:51.479Z' }

      at Logger.logMethod [as log] (utils/logger.ts:82:7)

    console.log
      [INFO] Upcoming meetings loaded { count: 1, timestamp: '2026-01-30T03:36:51.479Z' }

      at Logger.logMethod [as log] (utils/logger.ts:82:7)

    console.log
      [INFO] Upcoming meetings loaded { count: 1, timestamp: '2026-01-30T03:36:51.479Z' }

      at Logger.logMethod [as log] (utils/logger.ts:82:7)

    console.log
      [INFO] Upcoming meetings loaded { count: 1, timestamp: '2026-01-30T03:36:51.480Z' }

      at Logger.logMethod [as log] (utils/logger.ts:82:7)

    console.log
      [INFO] Upcoming meetings loaded { count: 1, timestamp: '2026-01-30T03:36:51.480Z' }

      at Logger.logMethod [as log] (utils/logger.ts:82:7)

    console.log
      [INFO] Upcoming meetings loaded { count: 1, timestamp: '2026-01-30T03:36:51.480Z' }

      at Logger.logMethod [as log] (utils/logger.ts:82:7)

    console.log
      [INFO] Upcoming meetings loaded { count: 1, timestamp: '2026-01-30T03:36:51.480Z' }

      at Logger.logMethod [as log] (utils/logger.ts:82:7)

    console.log
      [INFO] Upcoming meetings loaded { count: 1, timestamp: '2026-01-30T03:36:51.480Z' }

      at Logger.logMethod [as log] (utils/logger.ts:82:7)

    console.log
      [INFO] Upcoming meetings loaded { count: 1, timestamp: '2026-01-30T03:36:51.480Z' }

      at Logger.logMethod [as log] (utils/logger.ts:82:7)

    console.log
      [INFO] Upcoming meetings loaded { count: 1, timestamp: '2026-01-30T03:36:51.480Z' }

      at Logger.logMethod [as log] (utils/logger.ts:82:7)

    console.log
      [INFO] Upcoming meetings loaded { count: 1, timestamp: '2026-01-30T03:36:51.480Z' }

      at Logger.logMethod [as log] (utils/logger.ts:82:7)

    console.log
      [INFO] Upcoming meetings loaded { count: 1, timestamp: '2026-01-30T03:36:51.481Z' }

      at Logger.logMethod [as log] (utils/logger.ts:82:7)

    console.log
      [INFO] Upcoming meetings loaded { count: 1, timestamp: '2026-01-30T03:36:51.481Z' }

      at Logger.logMethod [as log] (utils/logger.ts:82:7)

    console.log
      [INFO] Upcoming meetings loaded { count: 1, timestamp: '2026-01-30T03:36:51.481Z' }

      at Logger.logMethod [as log] (utils/logger.ts:82:7)

    console.log
      [INFO] Upcoming meetings loaded { count: 1, timestamp: '2026-01-30T03:36:51.481Z' }

      at Logger.logMethod [as log] (utils/logger.ts:82:7)

    console.log
      [INFO] Upcoming meetings loaded { count: 1, timestamp: '2026-01-30T03:36:51.481Z' }

      at Logger.logMethod [as log] (utils/logger.ts:82:7)

    console.log
      [INFO] Upcoming meetings loaded { count: 1, timestamp: '2026-01-30T03:36:51.481Z' }

      at Logger.logMethod [as log] (utils/logger.ts:82:7)

    console.log
      [INFO] Upcoming meetings loaded { count: 1, timestamp: '2026-01-30T03:36:51.481Z' }

      at Logger.logMethod [as log] (utils/logger.ts:82:7)

    console.log
      [INFO] Upcoming meetings loaded { count: 1, timestamp: '2026-01-30T03:36:51.481Z' }

      at Logger.logMethod [as log] (utils/logger.ts:82:7)

    console.log
      [INFO] Upcoming meetings loaded { count: 1, timestamp: '2026-01-30T03:36:51.482Z' }

      at Logger.logMethod [as log] (utils/logger.ts:82:7)

    console.log
      [INFO] Upcoming meetings loaded { count: 1, timestamp: '2026-01-30T03:36:51.482Z' }

      at Logger.logMethod [as log] (utils/logger.ts:82:7)

    console.log
      [INFO] Upcoming meetings loaded { count: 1, timestamp: '2026-01-30T03:36:51.482Z' }

      at Logger.logMethod [as log] (utils/logger.ts:82:7)

    console.log
      [INFO] Upcoming meetings loaded { count: 1, timestamp: '2026-01-30T03:36:51.482Z' }

      at Logger.logMethod [as log] (utils/logger.ts:82:7)

    console.log
      [INFO] Upcoming meetings loaded { count: 1, timestamp: '2026-01-30T03:36:51.482Z' }

      at Logger.logMethod [as log] (utils/logger.ts:82:7)

    console.log
      [INFO] Upcoming meetings loaded { count: 1, timestamp: '2026-01-30T03:36:51.482Z' }

      at Logger.logMethod [as log] (utils/logger.ts:82:7)

    console.log
      [INFO] Upcoming meetings loaded { count: 1, timestamp: '2026-01-30T03:36:51.482Z' }

      at Logger.logMethod [as log] (utils/logger.ts:82:7)

    console.log
      [INFO] Upcoming meetings loaded { count: 1, timestamp: '2026-01-30T03:36:51.482Z' }

      at Logger.logMethod [as log] (utils/logger.ts:82:7)

    console.log
      [INFO] Upcoming meetings loaded { count: 1, timestamp: '2026-01-30T03:36:51.483Z' }

      at Logger.logMethod [as log] (utils/logger.ts:82:7)

    console.log
      [INFO] Upcoming meetings loaded { count: 1, timestamp: '2026-01-30T03:36:51.483Z' }

      at Logger.logMethod [as log] (utils/logger.ts:82:7)

    console.log
      [INFO] Upcoming meetings loaded { count: 1, timestamp: '2026-01-30T03:36:51.483Z' }

      at Logger.logMethod [as log] (utils/logger.ts:82:7)

    console.log
      [INFO] Upcoming meetings loaded { count: 1, timestamp: '2026-01-30T03:36:51.483Z' }

      at Logger.logMethod [as log] (utils/logger.ts:82:7)

    console.log
      [INFO] Upcoming meetings loaded { count: 1, timestamp: '2026-01-30T03:36:51.483Z' }

      at Logger.logMethod [as log] (utils/logger.ts:82:7)

    console.log
      [INFO] Upcoming meetings loaded { count: 1, timestamp: '2026-01-30T03:36:51.483Z' }

      at Logger.logMethod [as log] (utils/logger.ts:82:7)

    console.log
      [INFO] Upcoming meetings loaded { count: 1, timestamp: '2026-01-30T03:36:51.483Z' }

      at Logger.logMethod [as log] (utils/logger.ts:82:7)

    console.log
      [INFO] Upcoming meetings loaded { count: 1, timestamp: '2026-01-30T03:36:51.484Z' }

      at Logger.logMethod [as log] (utils/logger.ts:82:7)

    console.log
      [INFO] Upcoming meetings loaded { count: 1, timestamp: '2026-01-30T03:36:51.484Z' }

      at Logger.logMethod [as log] (utils/logger.ts:82:7)

    console.log
      [INFO] Upcoming meetings loaded { count: 1, timestamp: '2026-01-30T03:36:51.484Z' }

      at Logger.logMethod [as log] (utils/logger.ts:82:7)

    console.log
      [INFO] Upcoming meetings loaded { count: 1, timestamp: '2026-01-30T03:36:51.484Z' }

      at Logger.logMethod [as log] (utils/logger.ts:82:7)

    console.log
      [INFO] Upcoming meetings loaded { count: 1, timestamp: '2026-01-30T03:36:51.484Z' }

      at Logger.logMethod [as log] (utils/logger.ts:82:7)

    console.log
      [INFO] Upcoming meetings loaded { count: 1, timestamp: '2026-01-30T03:36:51.484Z' }

      at Logger.logMethod [as log] (utils/logger.ts:82:7)

    console.log
      [INFO] Upcoming meetings loaded { count: 1, timestamp: '2026-01-30T03:36:51.484Z' }

      at Logger.logMethod [as log] (utils/logger.ts:82:7)

    console.log
      [INFO] Upcoming meetings loaded { count: 1, timestamp: '2026-01-30T03:36:51.484Z' }

      at Logger.logMethod [as log] (utils/logger.ts:82:7)

    console.log
      [INFO] Upcoming meetings loaded { count: 1, timestamp: '2026-01-30T03:36:51.485Z' }

      at Logger.logMethod [as log] (utils/logger.ts:82:7)

    console.log
      [INFO] Upcoming meetings loaded { count: 1, timestamp: '2026-01-30T03:36:51.485Z' }

      at Logger.logMethod [as log] (utils/logger.ts:82:7)

    console.log
      [INFO] Upcoming meetings loaded { count: 1, timestamp: '2026-01-30T03:36:51.485Z' }

      at Logger.logMethod [as log] (utils/logger.ts:82:7)

    console.log
      [INFO] Upcoming meetings loaded { count: 1, timestamp: '2026-01-30T03:36:51.485Z' }

      at Logger.logMethod [as log] (utils/logger.ts:82:7)

    console.log
      [INFO] Upcoming meetings loaded { count: 1, timestamp: '2026-01-30T03:36:51.485Z' }

      at Logger.logMethod [as log] (utils/logger.ts:82:7)

    console.log
      [INFO] Upcoming meetings loaded { count: 1, timestamp: '2026-01-30T03:36:51.485Z' }

      at Logger.logMethod [as log] (utils/logger.ts:82:7)

    console.log
      [INFO] Upcoming meetings loaded { count: 1, timestamp: '2026-01-30T03:36:51.485Z' }

      at Logger.logMethod [as log] (utils/logger.ts:82:7)

    console.log
      [INFO] Upcoming meetings loaded { count: 1, timestamp: '2026-01-30T03:36:51.485Z' }

      at Logger.logMethod [as log] (utils/logger.ts:82:7)

    console.log
      [INFO] Upcoming meetings loaded { count: 1, timestamp: '2026-01-30T03:36:51.485Z' }

      at Logger.logMethod [as log] (utils/logger.ts:82:7)

    console.log
      [INFO] Upcoming meetings loaded { count: 1, timestamp: '2026-01-30T03:36:51.486Z' }

      at Logger.logMethod [as log] (utils/logger.ts:82:7)

    console.log
      [INFO] Upcoming meetings loaded { count: 1, timestamp: '2026-01-30T03:36:51.486Z' }

      at Logger.logMethod [as log] (utils/logger.ts:82:7)

    console.log
      [INFO] Upcoming meetings loaded { count: 1, timestamp: '2026-01-30T03:36:51.486Z' }

      at Logger.logMethod [as log] (utils/logger.ts:82:7)

    console.log
      [INFO] Upcoming meetings loaded { count: 1, timestamp: '2026-01-30T03:36:51.486Z' }

      at Logger.logMethod [as log] (utils/logger.ts:82:7)

    console.log
      [INFO] Upcoming meetings loaded { count: 1, timestamp: '2026-01-30T03:36:51.494Z' }

      at Logger.logMethod [as log] (utils/logger.ts:82:7)

    console.log
      [INFO] Upcoming meetings loaded { count: 1, timestamp: '2026-01-30T03:36:51.494Z' }

      at Logger.logMethod [as log] (utils/logger.ts:82:7)

    console.log
      [INFO] Upcoming meetings loaded { count: 1, timestamp: '2026-01-30T03:36:51.495Z' }

      at Logger.logMethod [as log] (utils/logger.ts:82:7)

    console.log
      [INFO] Upcoming meetings loaded { count: 1, timestamp: '2026-01-30T03:36:51.495Z' }

      at Logger.logMethod [as log] (utils/logger.ts:82:7)

    console.log
      [INFO] Upcoming meetings loaded { count: 1, timestamp: '2026-01-30T03:36:51.496Z' }

      at Logger.logMethod [as log] (utils/logger.ts:82:7)

    console.log
      [INFO] Upcoming meetings loaded { count: 1, timestamp: '2026-01-30T03:36:51.496Z' }

      at Logger.logMethod [as log] (utils/logger.ts:82:7)

    console.log
      [INFO] Upcoming meetings loaded { count: 1, timestamp: '2026-01-30T03:36:51.496Z' }

      at Logger.logMethod [as log] (utils/logger.ts:82:7)

    console.log
      [INFO] Upcoming meetings loaded { count: 1, timestamp: '2026-01-30T03:36:51.496Z' }

      at Logger.logMethod [as log] (utils/logger.ts:82:7)

    console.log
      [INFO] Upcoming meetings loaded { count: 1, timestamp: '2026-01-30T03:36:51.497Z' }

      at Logger.logMethod [as log] (utils/logger.ts:82:7)

    console.log
      [INFO] Upcoming meetings loaded { count: 1, timestamp: '2026-01-30T03:36:51.497Z' }

      at Logger.logMethod [as log] (utils/logger.ts:82:7)

    console.log
      [INFO] Upcoming meetings loaded { count: 1, timestamp: '2026-01-30T03:36:51.497Z' }

      at Logger.logMethod [as log] (utils/logger.ts:82:7)

    console.log
      [INFO] Upcoming meetings loaded { count: 1, timestamp: '2026-01-30T03:36:51.497Z' }

      at Logger.logMethod [as log] (utils/logger.ts:82:7)

    console.log
      [INFO] Upcoming meetings loaded { count: 1, timestamp: '2026-01-30T03:36:51.498Z' }

      at Logger.logMethod [as log] (utils/logger.ts:82:7)

    console.log
      [INFO] Upcoming meetings loaded { count: 1, timestamp: '2026-01-30T03:36:51.498Z' }

      at Logger.logMethod [as log] (utils/logger.ts:82:7)

    console.log
      [INFO] Upcoming meetings loaded { count: 1, timestamp: '2026-01-30T03:36:51.498Z' }

      at Logger.logMethod [as log] (utils/logger.ts:82:7)

    console.log
      [INFO] Upcoming meetings loaded { count: 1, timestamp: '2026-01-30T03:36:51.498Z' }

      at Logger.logMethod [as log] (utils/logger.ts:82:7)

    console.log
      [INFO] Upcoming meetings loaded { count: 1, timestamp: '2026-01-30T03:36:51.499Z' }

      at Logger.logMethod [as log] (utils/logger.ts:82:7)

    console.log
      [INFO] Upcoming meetings loaded { count: 1, timestamp: '2026-01-30T03:36:51.499Z' }

      at Logger.logMethod [as log] (utils/logger.ts:82:7)

    console.log
      [INFO] Upcoming meetings loaded { count: 1, timestamp: '2026-01-30T03:36:51.499Z' }

      at Logger.logMethod [as log] (utils/logger.ts:82:7)

    console.log
      [INFO] Upcoming meetings loaded { count: 1, timestamp: '2026-01-30T03:36:51.499Z' }

      at Logger.logMethod [as log] (utils/logger.ts:82:7)

    console.log
      [INFO] Upcoming meetings loaded { count: 1, timestamp: '2026-01-30T03:36:51.499Z' }

      at Logger.logMethod [as log] (utils/logger.ts:82:7)

    console.log
      [INFO] Upcoming meetings loaded { count: 1, timestamp: '2026-01-30T03:36:51.500Z' }

      at Logger.logMethod [as log] (utils/logger.ts:82:7)

    console.log
      [INFO] Upcoming meetings loaded { count: 1, timestamp: '2026-01-30T03:36:51.500Z' }

      at Logger.logMethod [as log] (utils/logger.ts:82:7)

    console.log
      [INFO] Upcoming meetings loaded { count: 1, timestamp: '2026-01-30T03:36:51.500Z' }

      at Logger.logMethod [as log] (utils/logger.ts:82:7)

    console.log
      [INFO] Upcoming meetings loaded { count: 1, timestamp: '2026-01-30T03:36:51.500Z' }

      at Logger.logMethod [as log] (utils/logger.ts:82:7)

    console.log
      [INFO] Upcoming meetings loaded { count: 1, timestamp: '2026-01-30T03:36:51.500Z' }

      at Logger.logMethod [as log] (utils/logger.ts:82:7)

    console.log
      [INFO] Upcoming meetings loaded { count: 1, timestamp: '2026-01-30T03:36:51.501Z' }

      at Logger.logMethod [as log] (utils/logger.ts:82:7)

    console.log
      [INFO] Upcoming meetings loaded { count: 1, timestamp: '2026-01-30T03:36:51.501Z' }

      at Logger.logMethod [as log] (utils/logger.ts:82:7)

    console.log
      [INFO] Upcoming meetings loaded { count: 1, timestamp: '2026-01-30T03:36:51.501Z' }

      at Logger.logMethod [as log] (utils/logger.ts:82:7)

    console.log
      [INFO] Upcoming meetings loaded { count: 1, timestamp: '2026-01-30T03:36:51.501Z' }

      at Logger.logMethod [as log] (utils/logger.ts:82:7)

    console.log
      [INFO] Upcoming meetings loaded { count: 1, timestamp: '2026-01-30T03:36:51.502Z' }

      at Logger.logMethod [as log] (utils/logger.ts:82:7)

    console.log
      [INFO] Upcoming meetings loaded { count: 1, timestamp: '2026-01-30T03:36:51.502Z' }

      at Logger.logMethod [as log] (utils/logger.ts:82:7)

    console.log
      [INFO] Upcoming meetings loaded { count: 1, timestamp: '2026-01-30T03:36:51.502Z' }

      at Logger.logMethod [as log] (utils/logger.ts:82:7)

    console.log
      [INFO] Upcoming meetings loaded { count: 1, timestamp: '2026-01-30T03:36:51.502Z' }

      at Logger.logMethod [as log] (utils/logger.ts:82:7)

    console.log
      [INFO] Upcoming meetings loaded { count: 1, timestamp: '2026-01-30T03:36:51.502Z' }

      at Logger.logMethod [as log] (utils/logger.ts:82:7)

    console.log
      [INFO] Upcoming meetings loaded { count: 1, timestamp: '2026-01-30T03:36:51.503Z' }

      at Logger.logMethod [as log] (utils/logger.ts:82:7)

    console.log
      [INFO] Upcoming meetings loaded { count: 1, timestamp: '2026-01-30T03:36:51.503Z' }

      at Logger.logMethod [as log] (utils/logger.ts:82:7)

    console.log
      [INFO] Upcoming meetings loaded { count: 1, timestamp: '2026-01-30T03:36:51.503Z' }

      at Logger.logMethod [as log] (utils/logger.ts:82:7)

    console.log
      [INFO] Upcoming meetings loaded { count: 1, timestamp: '2026-01-30T03:36:51.503Z' }

      at Logger.logMethod [as log] (utils/logger.ts:82:7)

    console.log
      [INFO] Upcoming meetings loaded { count: 1, timestamp: '2026-01-30T03:36:51.504Z' }

      at Logger.logMethod [as log] (utils/logger.ts:82:7)

    console.log
      [INFO] Upcoming meetings loaded { count: 1, timestamp: '2026-01-30T03:36:51.504Z' }

      at Logger.logMethod [as log] (utils/logger.ts:82:7)

    console.log
      [INFO] Upcoming meetings loaded { count: 1, timestamp: '2026-01-30T03:36:51.504Z' }

      at Logger.logMethod [as log] (utils/logger.ts:82:7)

    console.log
      [INFO] Upcoming meetings loaded { count: 1, timestamp: '2026-01-30T03:36:51.504Z' }

      at Logger.logMethod [as log] (utils/logger.ts:82:7)

    console.log
      [INFO] Upcoming meetings loaded { count: 1, timestamp: '2026-01-30T03:36:51.504Z' }

      at Logger.logMethod [as log] (utils/logger.ts:82:7)

    console.log
      [INFO] Upcoming meetings loaded { count: 1, timestamp: '2026-01-30T03:36:51.505Z' }

      at Logger.logMethod [as log] (utils/logger.ts:82:7)

    console.log
      [INFO] Upcoming meetings loaded { count: 1, timestamp: '2026-01-30T03:36:51.505Z' }

      at Logger.logMethod [as log] (utils/logger.ts:82:7)

    console.log
      [INFO] Upcoming meetings loaded { count: 1, timestamp: '2026-01-30T03:36:51.505Z' }

      at Logger.logMethod [as log] (utils/logger.ts:82:7)

    console.log
      [INFO] Upcoming meetings loaded { count: 1, timestamp: '2026-01-30T03:36:51.505Z' }

      at Logger.logMethod [as log] (utils/logger.ts:82:7)

    console.log
      [INFO] Upcoming meetings loaded { count: 1, timestamp: '2026-01-30T03:36:51.505Z' }

      at Logger.logMethod [as log] (utils/logger.ts:82:7)

    console.log
      [INFO] Upcoming meetings loaded { count: 1, timestamp: '2026-01-30T03:36:51.506Z' }

      at Logger.logMethod [as log] (utils/logger.ts:82:7)

    console.log
      [INFO] Upcoming meetings loaded { count: 1, timestamp: '2026-01-30T03:36:51.506Z' }

      at Logger.logMethod [as log] (utils/logger.ts:82:7)

    console.log
      [INFO] Upcoming meetings loaded { count: 1, timestamp: '2026-01-30T03:36:51.506Z' }

      at Logger.logMethod [as log] (utils/logger.ts:82:7)

    console.log
      [INFO] Upcoming meetings loaded { count: 1, timestamp: '2026-01-30T03:36:51.506Z' }

      at Logger.logMethod [as log] (utils/logger.ts:82:7)

    console.log
      [INFO] Upcoming meetings loaded { count: 1, timestamp: '2026-01-30T03:36:51.506Z' }

      at Logger.logMethod [as log] (utils/logger.ts:82:7)

    console.log
      [INFO] Upcoming meetings loaded { count: 1, timestamp: '2026-01-30T03:36:51.507Z' }

      at Logger.logMethod [as log] (utils/logger.ts:82:7)

    console.log
      [INFO] Upcoming meetings loaded { count: 1, timestamp: '2026-01-30T03:36:51.507Z' }

      at Logger.logMethod [as log] (utils/logger.ts:82:7)

    console.log
      [INFO] Upcoming meetings loaded { count: 1, timestamp: '2026-01-30T03:36:51.507Z' }

      at Logger.logMethod [as log] (utils/logger.ts:82:7)

    console.log
      [INFO] Upcoming meetings loaded { count: 1, timestamp: '2026-01-30T03:36:51.507Z' }

      at Logger.logMethod [as log] (utils/logger.ts:82:7)

    console.log
      [INFO] Upcoming meetings loaded { count: 1, timestamp: '2026-01-30T03:36:51.508Z' }

      at Logger.logMethod [as log] (utils/logger.ts:82:7)

    console.log
      [INFO] Upcoming meetings loaded { count: 1, timestamp: '2026-01-30T03:36:51.509Z' }

      at Logger.logMethod [as log] (utils/logger.ts:82:7)

    console.log
      [INFO] Upcoming meetings loaded { count: 2, timestamp: '2026-01-30T03:36:51.512Z' }

      at Logger.logMethod [as log] (utils/logger.ts:82:7)

    console.log
      [INFO] Upcoming meetings loaded { count: 2, timestamp: '2026-01-30T03:36:51.515Z' }

      at Logger.logMethod [as log] (utils/logger.ts:82:7)

    console.log
      [INFO] Upcoming meetings loaded { count: 2, timestamp: '2026-01-30T03:36:51.516Z' }

      at Logger.logMethod [as log] (utils/logger.ts:82:7)

    console.log
      [INFO] Upcoming meetings loaded { count: 2, timestamp: '2026-01-30T03:36:51.516Z' }

      at Logger.logMethod [as log] (utils/logger.ts:82:7)

    console.log
      [INFO] Upcoming meetings loaded { count: 2, timestamp: '2026-01-30T03:36:51.516Z' }

      at Logger.logMethod [as log] (utils/logger.ts:82:7)

    console.log
      [INFO] Upcoming meetings loaded { count: 2, timestamp: '2026-01-30T03:36:51.516Z' }

      at Logger.logMethod [as log] (utils/logger.ts:82:7)

    console.log
      [INFO] Upcoming meetings loaded { count: 2, timestamp: '2026-01-30T03:36:51.517Z' }

      at Logger.logMethod [as log] (utils/logger.ts:82:7)

    console.log
      [INFO] Upcoming meetings loaded { count: 2, timestamp: '2026-01-30T03:36:51.517Z' }

      at Logger.logMethod [as log] (utils/logger.ts:82:7)

    console.log
      [INFO] Upcoming meetings loaded { count: 2, timestamp: '2026-01-30T03:36:51.517Z' }

      at Logger.logMethod [as log] (utils/logger.ts:82:7)

    console.log
      [INFO] Upcoming meetings loaded { count: 2, timestamp: '2026-01-30T03:36:51.517Z' }

      at Logger.logMethod [as log] (utils/logger.ts:82:7)

    console.log
      [INFO] Upcoming meetings loaded { count: 2, timestamp: '2026-01-30T03:36:51.518Z' }

      at Logger.logMethod [as log] (utils/logger.ts:82:7)

    console.log
      [INFO] Upcoming meetings loaded { count: 2, timestamp: '2026-01-30T03:36:51.518Z' }

      at Logger.logMethod [as log] (utils/logger.ts:82:7)

    console.log
      [INFO] Upcoming meetings loaded { count: 2, timestamp: '2026-01-30T03:36:51.518Z' }

      at Logger.logMethod [as log] (utils/logger.ts:82:7)

    console.log
      [INFO] Upcoming meetings loaded { count: 2, timestamp: '2026-01-30T03:36:51.518Z' }

      at Logger.logMethod [as log] (utils/logger.ts:82:7)

    console.log
      [INFO] Upcoming meetings loaded { count: 2, timestamp: '2026-01-30T03:36:51.518Z' }

      at Logger.logMethod [as log] (utils/logger.ts:82:7)

    console.log
      [INFO] Upcoming meetings loaded { count: 2, timestamp: '2026-01-30T03:36:51.519Z' }

      at Logger.logMethod [as log] (utils/logger.ts:82:7)

    console.log
      [INFO] Upcoming meetings loaded { count: 2, timestamp: '2026-01-30T03:36:51.519Z' }

      at Logger.logMethod [as log] (utils/logger.ts:82:7)

    console.log
      [INFO] Upcoming meetings loaded { count: 2, timestamp: '2026-01-30T03:36:51.519Z' }

      at Logger.logMethod [as log] (utils/logger.ts:82:7)

    console.log
      [INFO] Upcoming meetings loaded { count: 2, timestamp: '2026-01-30T03:36:51.519Z' }

      at Logger.logMethod [as log] (utils/logger.ts:82:7)

    console.log
      [INFO] Upcoming meetings loaded { count: 2, timestamp: '2026-01-30T03:36:51.520Z' }

      at Logger.logMethod [as log] (utils/logger.ts:82:7)

    console.log
      [INFO] Upcoming meetings loaded { count: 2, timestamp: '2026-01-30T03:36:51.520Z' }

      at Logger.logMethod [as log] (utils/logger.ts:82:7)

    console.log
      [INFO] Upcoming meetings loaded { count: 2, timestamp: '2026-01-30T03:36:51.520Z' }

      at Logger.logMethod [as log] (utils/logger.ts:82:7)

    console.log
      [INFO] Upcoming meetings loaded { count: 2, timestamp: '2026-01-30T03:36:51.520Z' }

      at Logger.logMethod [as log] (utils/logger.ts:82:7)

    console.log
      [INFO] Upcoming meetings loaded { count: 2, timestamp: '2026-01-30T03:36:51.521Z' }

      at Logger.logMethod [as log] (utils/logger.ts:82:7)

    console.log
      [INFO] Upcoming meetings loaded { count: 2, timestamp: '2026-01-30T03:36:51.521Z' }

      at Logger.logMethod [as log] (utils/logger.ts:82:7)

    console.log
      [INFO] Upcoming meetings loaded { count: 2, timestamp: '2026-01-30T03:36:51.521Z' }

      at Logger.logMethod [as log] (utils/logger.ts:82:7)

    console.log
      [INFO] Upcoming meetings loaded { count: 2, timestamp: '2026-01-30T03:36:51.521Z' }

      at Logger.logMethod [as log] (utils/logger.ts:82:7)

    console.log
      [INFO] Upcoming meetings loaded { count: 2, timestamp: '2026-01-30T03:36:51.521Z' }

      at Logger.logMethod [as log] (utils/logger.ts:82:7)

    console.log
      [INFO] Upcoming meetings loaded { count: 2, timestamp: '2026-01-30T03:36:51.522Z' }

      at Logger.logMethod [as log] (utils/logger.ts:82:7)

    console.log
      [INFO] Upcoming meetings loaded { count: 2, timestamp: '2026-01-30T03:36:51.522Z' }

      at Logger.logMethod [as log] (utils/logger.ts:82:7)

    console.log
      [INFO] Upcoming meetings loaded { count: 2, timestamp: '2026-01-30T03:36:51.522Z' }

      at Logger.logMethod [as log] (utils/logger.ts:82:7)

    console.log
      [INFO] Upcoming meetings loaded { count: 2, timestamp: '2026-01-30T03:36:51.522Z' }

      at Logger.logMethod [as log] (utils/logger.ts:82:7)

    console.log
      [INFO] Upcoming meetings loaded { count: 2, timestamp: '2026-01-30T03:36:51.523Z' }

      at Logger.logMethod [as log] (utils/logger.ts:82:7)

    console.log
      [INFO] Upcoming meetings loaded { count: 2, timestamp: '2026-01-30T03:36:51.523Z' }

      at Logger.logMethod [as log] (utils/logger.ts:82:7)

    console.log
      [INFO] Upcoming meetings loaded { count: 2, timestamp: '2026-01-30T03:36:51.523Z' }

      at Logger.logMethod [as log] (utils/logger.ts:82:7)

    console.log
      [INFO] Upcoming meetings loaded { count: 2, timestamp: '2026-01-30T03:36:51.524Z' }

      at Logger.logMethod [as log] (utils/logger.ts:82:7)

    console.log
      [INFO] Upcoming meetings loaded { count: 2, timestamp: '2026-01-30T03:36:51.524Z' }

      at Logger.logMethod [as log] (utils/logger.ts:82:7)

    console.log
      [INFO] Upcoming meetings loaded { count: 2, timestamp: '2026-01-30T03:36:51.524Z' }

      at Logger.logMethod [as log] (utils/logger.ts:82:7)

    console.log
      [INFO] Upcoming meetings loaded { count: 2, timestamp: '2026-01-30T03:36:51.525Z' }

      at Logger.logMethod [as log] (utils/logger.ts:82:7)

    console.log
      [INFO] Upcoming meetings loaded { count: 2, timestamp: '2026-01-30T03:36:51.525Z' }

      at Logger.logMethod [as log] (utils/logger.ts:82:7)

    console.log
      [INFO] Upcoming meetings loaded { count: 2, timestamp: '2026-01-30T03:36:51.525Z' }

      at Logger.logMethod [as log] (utils/logger.ts:82:7)

    console.log
      [INFO] Upcoming meetings loaded { count: 2, timestamp: '2026-01-30T03:36:51.525Z' }

      at Logger.logMethod [as log] (utils/logger.ts:82:7)

    console.log
      [INFO] Upcoming meetings loaded { count: 2, timestamp: '2026-01-30T03:36:51.525Z' }

      at Logger.logMethod [as log] (utils/logger.ts:82:7)

    console.log
      [INFO] Upcoming meetings loaded { count: 2, timestamp: '2026-01-30T03:36:51.526Z' }

      at Logger.logMethod [as log] (utils/logger.ts:82:7)

    console.log
      [INFO] Upcoming meetings loaded { count: 2, timestamp: '2026-01-30T03:36:51.526Z' }

      at Logger.logMethod [as log] (utils/logger.ts:82:7)

    console.log
      [INFO] Upcoming meetings loaded { count: 2, timestamp: '2026-01-30T03:36:51.526Z' }

      at Logger.logMethod [as log] (utils/logger.ts:82:7)

    console.log
      [INFO] Upcoming meetings loaded { count: 2, timestamp: '2026-01-30T03:36:51.526Z' }

      at Logger.logMethod [as log] (utils/logger.ts:82:7)

    console.log
      [INFO] Upcoming meetings loaded { count: 2, timestamp: '2026-01-30T03:36:51.527Z' }

      at Logger.logMethod [as log] (utils/logger.ts:82:7)

    console.log
      [INFO] Upcoming meetings loaded { count: 2, timestamp: '2026-01-30T03:36:51.527Z' }

      at Logger.logMethod [as log] (utils/logger.ts:82:7)

    console.log
      [INFO] Upcoming meetings loaded { count: 2, timestamp: '2026-01-30T03:36:51.527Z' }

      at Logger.logMethod [as log] (utils/logger.ts:82:7)

    console.log
      [INFO] Upcoming meetings loaded { count: 2, timestamp: '2026-01-30T03:36:51.527Z' }

      at Logger.logMethod [as log] (utils/logger.ts:82:7)

    console.log
      [INFO] Upcoming meetings loaded { count: 2, timestamp: '2026-01-30T03:36:51.527Z' }

      at Logger.logMethod [as log] (utils/logger.ts:82:7)

    console.log
      [INFO] Upcoming meetings loaded { count: 2, timestamp: '2026-01-30T03:36:51.528Z' }

      at Logger.logMethod [as log] (utils/logger.ts:82:7)

    console.log
      [INFO] Upcoming meetings loaded { count: 2, timestamp: '2026-01-30T03:36:51.528Z' }

      at Logger.logMethod [as log] (utils/logger.ts:82:7)

    console.log
      [INFO] Upcoming meetings loaded { count: 2, timestamp: '2026-01-30T03:36:51.528Z' }

      at Logger.logMethod [as log] (utils/logger.ts:82:7)

    console.log
      [INFO] Upcoming meetings loaded { count: 2, timestamp: '2026-01-30T03:36:51.528Z' }

      at Logger.logMethod [as log] (utils/logger.ts:82:7)

    console.log
      [INFO] Upcoming meetings loaded { count: 2, timestamp: '2026-01-30T03:36:51.529Z' }

      at Logger.logMethod [as log] (utils/logger.ts:82:7)

    console.log
      [INFO] Upcoming meetings loaded { count: 2, timestamp: '2026-01-30T03:36:51.529Z' }

      at Logger.logMethod [as log] (utils/logger.ts:82:7)

    console.log
      [INFO] Upcoming meetings loaded { count: 2, timestamp: '2026-01-30T03:36:51.529Z' }

      at Logger.logMethod [as log] (utils/logger.ts:82:7)

    console.log
      [INFO] Upcoming meetings loaded { count: 2, timestamp: '2026-01-30T03:36:51.530Z' }

      at Logger.logMethod [as log] (utils/logger.ts:82:7)

    console.log
      [INFO] Upcoming meetings loaded { count: 2, timestamp: '2026-01-30T03:36:51.530Z' }

      at Logger.logMethod [as log] (utils/logger.ts:82:7)

    console.log
      [INFO] Upcoming meetings loaded { count: 2, timestamp: '2026-01-30T03:36:51.530Z' }

      at Logger.logMethod [as log] (utils/logger.ts:82:7)

    console.log
      [INFO] Upcoming meetings loaded { count: 2, timestamp: '2026-01-30T03:36:51.530Z' }

      at Logger.logMethod [as log] (utils/logger.ts:82:7)

    console.log
      [INFO] Upcoming meetings loaded { count: 2, timestamp: '2026-01-30T03:36:51.530Z' }

      at Logger.logMethod [as log] (utils/logger.ts:82:7)

    console.log
      [INFO] Upcoming meetings loaded { count: 2, timestamp: '2026-01-30T03:36:51.531Z' }

      at Logger.logMethod [as log] (utils/logger.ts:82:7)

    console.log
      [INFO] Upcoming meetings loaded { count: 2, timestamp: '2026-01-30T03:36:51.531Z' }

      at Logger.logMethod [as log] (utils/logger.ts:82:7)

    console.log
      [INFO] Upcoming meetings loaded { count: 2, timestamp: '2026-01-30T03:36:51.531Z' }

      at Logger.logMethod [as log] (utils/logger.ts:82:7)

    console.log
      [INFO] Upcoming meetings loaded { count: 2, timestamp: '2026-01-30T03:36:51.531Z' }

      at Logger.logMethod [as log] (utils/logger.ts:82:7)

    console.log
      [INFO] Upcoming meetings loaded { count: 2, timestamp: '2026-01-30T03:36:51.531Z' }

      at Logger.logMethod [as log] (utils/logger.ts:82:7)

    console.log
      [INFO] Upcoming meetings loaded { count: 2, timestamp: '2026-01-30T03:36:51.532Z' }

      at Logger.logMethod [as log] (utils/logger.ts:82:7)

    console.log
      [INFO] Upcoming meetings loaded { count: 2, timestamp: '2026-01-30T03:36:51.532Z' }

      at Logger.logMethod [as log] (utils/logger.ts:82:7)

    console.log
      [INFO] Upcoming meetings loaded { count: 2, timestamp: '2026-01-30T03:36:51.532Z' }

      at Logger.logMethod [as log] (utils/logger.ts:82:7)

    console.log
      [INFO] Upcoming meetings loaded { count: 2, timestamp: '2026-01-30T03:36:51.532Z' }

      at Logger.logMethod [as log] (utils/logger.ts:82:7)

    console.log
      [INFO] Upcoming meetings loaded { count: 2, timestamp: '2026-01-30T03:36:51.533Z' }

      at Logger.logMethod [as log] (utils/logger.ts:82:7)

    console.log
      [INFO] Upcoming meetings loaded { count: 2, timestamp: '2026-01-30T03:36:51.533Z' }

      at Logger.logMethod [as log] (utils/logger.ts:82:7)

    console.log
      [INFO] Upcoming meetings loaded { count: 2, timestamp: '2026-01-30T03:36:51.534Z' }

      at Logger.logMethod [as log] (utils/logger.ts:82:7)

    console.log
      [INFO] Upcoming meetings loaded { count: 2, timestamp: '2026-01-30T03:36:51.534Z' }

      at Logger.logMethod [as log] (utils/logger.ts:82:7)

    console.log
      [INFO] Upcoming meetings loaded { count: 2, timestamp: '2026-01-30T03:36:51.535Z' }

      at Logger.logMethod [as log] (utils/logger.ts:82:7)

    console.log
      [INFO] Upcoming meetings loaded { count: 2, timestamp: '2026-01-30T03:36:51.535Z' }

      at Logger.logMethod [as log] (utils/logger.ts:82:7)

    console.log
      [INFO] Upcoming meetings loaded { count: 2, timestamp: '2026-01-30T03:36:51.535Z' }

      at Logger.logMethod [as log] (utils/logger.ts:82:7)

    console.log
      [INFO] Upcoming meetings loaded { count: 2, timestamp: '2026-01-30T03:36:51.535Z' }

      at Logger.logMethod [as log] (utils/logger.ts:82:7)

    console.log
      [INFO] Upcoming meetings loaded { count: 2, timestamp: '2026-01-30T03:36:51.535Z' }

      at Logger.logMethod [as log] (utils/logger.ts:82:7)

    console.log
      [INFO] Upcoming meetings loaded { count: 2, timestamp: '2026-01-30T03:36:51.536Z' }

      at Logger.logMethod [as log] (utils/logger.ts:82:7)

    console.log
      [INFO] Upcoming meetings loaded { count: 2, timestamp: '2026-01-30T03:36:51.536Z' }

      at Logger.logMethod [as log] (utils/logger.ts:82:7)

    console.log
      [INFO] Upcoming meetings loaded { count: 2, timestamp: '2026-01-30T03:36:51.536Z' }

      at Logger.logMethod [as log] (utils/logger.ts:82:7)

    console.log
      [INFO] Upcoming meetings loaded { count: 2, timestamp: '2026-01-30T03:36:51.536Z' }

      at Logger.logMethod [as log] (utils/logger.ts:82:7)

    console.log
      [INFO] Upcoming meetings loaded { count: 2, timestamp: '2026-01-30T03:36:51.536Z' }

      at Logger.logMethod [as log] (utils/logger.ts:82:7)

    console.log
      [INFO] Upcoming meetings loaded { count: 2, timestamp: '2026-01-30T03:36:51.537Z' }

      at Logger.logMethod [as log] (utils/logger.ts:82:7)

    console.log
      [INFO] Upcoming meetings loaded { count: 2, timestamp: '2026-01-30T03:36:51.537Z' }

      at Logger.logMethod [as log] (utils/logger.ts:82:7)

    console.log
      [INFO] Upcoming meetings loaded { count: 2, timestamp: '2026-01-30T03:36:51.537Z' }

      at Logger.logMethod [as log] (utils/logger.ts:82:7)

    console.log
      [INFO] Upcoming meetings loaded { count: 2, timestamp: '2026-01-30T03:36:51.537Z' }

      at Logger.logMethod [as log] (utils/logger.ts:82:7)

    console.log
      [INFO] Upcoming meetings loaded { count: 2, timestamp: '2026-01-30T03:36:51.538Z' }

      at Logger.logMethod [as log] (utils/logger.ts:82:7)

    console.log
      [INFO] Upcoming meetings loaded { count: 2, timestamp: '2026-01-30T03:36:51.538Z' }

      at Logger.logMethod [as log] (utils/logger.ts:82:7)

    console.log
      [INFO] Upcoming meetings loaded { count: 2, timestamp: '2026-01-30T03:36:51.538Z' }

      at Logger.logMethod [as log] (utils/logger.ts:82:7)

    console.log
      [INFO] Upcoming meetings loaded { count: 2, timestamp: '2026-01-30T03:36:51.538Z' }

      at Logger.logMethod [as log] (utils/logger.ts:82:7)

    console.log
      [INFO] Upcoming meetings loaded { count: 2, timestamp: '2026-01-30T03:36:51.539Z' }

      at Logger.logMethod [as log] (utils/logger.ts:82:7)

    console.log
      [INFO] Upcoming meetings loaded { count: 2, timestamp: '2026-01-30T03:36:51.539Z' }

      at Logger.logMethod [as log] (utils/logger.ts:82:7)

    console.log
      [INFO] Upcoming meetings loaded { count: 2, timestamp: '2026-01-30T03:36:51.539Z' }

      at Logger.logMethod [as log] (utils/logger.ts:82:7)

    console.log
      [INFO] Upcoming meetings loaded { count: 2, timestamp: '2026-01-30T03:36:51.539Z' }

      at Logger.logMethod [as log] (utils/logger.ts:82:7)

    console.log
      [INFO] Upcoming meetings loaded { count: 2, timestamp: '2026-01-30T03:36:51.540Z' }

      at Logger.logMethod [as log] (utils/logger.ts:82:7)

    console.log
      [INFO] Upcoming meetings loaded { count: 2, timestamp: '2026-01-30T03:36:51.540Z' }

      at Logger.logMethod [as log] (utils/logger.ts:82:7)

    console.log
      [INFO] Upcoming meetings loaded { count: 2, timestamp: '2026-01-30T03:36:51.540Z' }

      at Logger.logMethod [as log] (utils/logger.ts:82:7)

    console.log
      [INFO] Upcoming meetings loaded { count: 2, timestamp: '2026-01-30T03:36:51.540Z' }

      at Logger.logMethod [as log] (utils/logger.ts:82:7)

    console.log
      [INFO] Upcoming meetings loaded { count: 2, timestamp: '2026-01-30T03:36:51.541Z' }

      at Logger.logMethod [as log] (utils/logger.ts:82:7)

    console.log
      [INFO] Upcoming meetings loaded { count: 2, timestamp: '2026-01-30T03:36:51.541Z' }

      at Logger.logMethod [as log] (utils/logger.ts:82:7)

    console.log
      [INFO] Upcoming meetings loaded { count: 2, timestamp: '2026-01-30T03:36:51.541Z' }

      at Logger.logMethod [as log] (utils/logger.ts:82:7)

    console.log
      [INFO] Upcoming meetings loaded { count: 2, timestamp: '2026-01-30T03:36:51.541Z' }

      at Logger.logMethod [as log] (utils/logger.ts:82:7)

    console.log
      [INFO] Upcoming meetings loaded { count: 2, timestamp: '2026-01-30T03:36:51.542Z' }

      at Logger.logMethod [as log] (utils/logger.ts:82:7)

    console.log
      [INFO] Upcoming meetings loaded { count: 2, timestamp: '2026-01-30T03:36:51.542Z' }

      at Logger.logMethod [as log] (utils/logger.ts:82:7)

    console.log
      [INFO] Upcoming meetings loaded { count: 2, timestamp: '2026-01-30T03:36:51.542Z' }

      at Logger.logMethod [as log] (utils/logger.ts:82:7)

    console.log
      [INFO] Upcoming meetings loaded { count: 2, timestamp: '2026-01-30T03:36:51.542Z' }

      at Logger.logMethod [as log] (utils/logger.ts:82:7)

    console.log
      [INFO] Upcoming meetings loaded { count: 2, timestamp: '2026-01-30T03:36:51.542Z' }

      at Logger.logMethod [as log] (utils/logger.ts:82:7)

    console.log
      [INFO] Upcoming meetings loaded { count: 2, timestamp: '2026-01-30T03:36:51.543Z' }

      at Logger.logMethod [as log] (utils/logger.ts:82:7)

    console.log
      [INFO] Upcoming meetings loaded { count: 2, timestamp: '2026-01-30T03:36:51.543Z' }

      at Logger.logMethod [as log] (utils/logger.ts:82:7)

    console.log
      [INFO] Upcoming meetings loaded { count: 2, timestamp: '2026-01-30T03:36:51.543Z' }

      at Logger.logMethod [as log] (utils/logger.ts:82:7)

    console.log
      [INFO] Upcoming meetings loaded { count: 2, timestamp: '2026-01-30T03:36:51.543Z' }

      at Logger.logMethod [as log] (utils/logger.ts:82:7)

    console.log
      [INFO] Upcoming meetings loaded { count: 2, timestamp: '2026-01-30T03:36:51.544Z' }

      at Logger.logMethod [as log] (utils/logger.ts:82:7)

    console.log
      [INFO] Upcoming meetings loaded { count: 2, timestamp: '2026-01-30T03:36:51.544Z' }

      at Logger.logMethod [as log] (utils/logger.ts:82:7)

    console.log
      [INFO] Upcoming meetings loaded { count: 2, timestamp: '2026-01-30T03:36:51.544Z' }

      at Logger.logMethod [as log] (utils/logger.ts:82:7)

    console.log
      [INFO] Upcoming meetings loaded { count: 2, timestamp: '2026-01-30T03:36:51.544Z' }

      at Logger.logMethod [as log] (utils/logger.ts:82:7)

    console.log
      [INFO] Upcoming meetings loaded { count: 2, timestamp: '2026-01-30T03:36:51.545Z' }

      at Logger.logMethod [as log] (utils/logger.ts:82:7)

    console.log
      [INFO] Upcoming meetings loaded { count: 2, timestamp: '2026-01-30T03:36:51.545Z' }

      at Logger.logMethod [as log] (utils/logger.ts:82:7)

    console.log
      [INFO] Upcoming meetings loaded { count: 2, timestamp: '2026-01-30T03:36:51.545Z' }

      at Logger.logMethod [as log] (utils/logger.ts:82:7)

    console.log
      [INFO] Upcoming meetings loaded { count: 2, timestamp: '2026-01-30T03:36:51.545Z' }

      at Logger.logMethod [as log] (utils/logger.ts:82:7)

    console.log
      [INFO] Upcoming meetings loaded { count: 2, timestamp: '2026-01-30T03:36:51.545Z' }

      at Logger.logMethod [as log] (utils/logger.ts:82:7)

    console.log
      [INFO] Upcoming meetings loaded { count: 2, timestamp: '2026-01-30T03:36:51.546Z' }

      at Logger.logMethod [as log] (utils/logger.ts:82:7)

    console.log
      [INFO] Upcoming meetings loaded { count: 2, timestamp: '2026-01-30T03:36:51.546Z' }

      at Logger.logMethod [as log] (utils/logger.ts:82:7)

    console.log
      [INFO] Upcoming meetings loaded { count: 2, timestamp: '2026-01-30T03:36:51.546Z' }

      at Logger.logMethod [as log] (utils/logger.ts:82:7)

    console.log
      [INFO] Upcoming meetings loaded { count: 2, timestamp: '2026-01-30T03:36:51.546Z' }

      at Logger.logMethod [as log] (utils/logger.ts:82:7)

    console.log
      [INFO] Upcoming meetings loaded { count: 2, timestamp: '2026-01-30T03:36:51.547Z' }

      at Logger.logMethod [as log] (utils/logger.ts:82:7)

    console.log
      [INFO] Upcoming meetings loaded { count: 2, timestamp: '2026-01-30T03:36:51.547Z' }

      at Logger.logMethod [as log] (utils/logger.ts:82:7)

    console.log
      [INFO] Upcoming meetings loaded { count: 2, timestamp: '2026-01-30T03:36:51.547Z' }

      at Logger.logMethod [as log] (utils/logger.ts:82:7)

    console.log
      [INFO] Upcoming meetings loaded { count: 2, timestamp: '2026-01-30T03:36:51.547Z' }

      at Logger.logMethod [as log] (utils/logger.ts:82:7)

    console.log
      [INFO] Upcoming meetings loaded { count: 2, timestamp: '2026-01-30T03:36:51.547Z' }

      at Logger.logMethod [as log] (utils/logger.ts:82:7)

    console.log
      [INFO] Upcoming meetings loaded { count: 2, timestamp: '2026-01-30T03:36:51.548Z' }

      at Logger.logMethod [as log] (utils/logger.ts:82:7)

    console.log
      [INFO] Upcoming meetings loaded { count: 2, timestamp: '2026-01-30T03:36:51.548Z' }

      at Logger.logMethod [as log] (utils/logger.ts:82:7)

    console.log
      [INFO] Upcoming meetings loaded { count: 2, timestamp: '2026-01-30T03:36:51.548Z' }

      at Logger.logMethod [as log] (utils/logger.ts:82:7)

    console.log
      [INFO] Upcoming meetings loaded { count: 2, timestamp: '2026-01-30T03:36:51.548Z' }

      at Logger.logMethod [as log] (utils/logger.ts:82:7)

    console.log
      [INFO] Upcoming meetings loaded { count: 2, timestamp: '2026-01-30T03:36:51.548Z' }

      at Logger.logMethod [as log] (utils/logger.ts:82:7)

    console.log
      [INFO] Upcoming meetings loaded { count: 2, timestamp: '2026-01-30T03:36:51.549Z' }

      at Logger.logMethod [as log] (utils/logger.ts:82:7)

    console.log
      [INFO] Upcoming meetings loaded { count: 2, timestamp: '2026-01-30T03:36:51.549Z' }

      at Logger.logMethod [as log] (utils/logger.ts:82:7)

    console.log
      [INFO] Upcoming meetings loaded { count: 2, timestamp: '2026-01-30T03:36:51.549Z' }

      at Logger.logMethod [as log] (utils/logger.ts:82:7)

    console.log
      [INFO] Upcoming meetings loaded { count: 2, timestamp: '2026-01-30T03:36:51.549Z' }

      at Logger.logMethod [as log] (utils/logger.ts:82:7)

    console.log
      [INFO] Upcoming meetings loaded { count: 2, timestamp: '2026-01-30T03:36:51.550Z' }

      at Logger.logMethod [as log] (utils/logger.ts:82:7)

    console.log
      [INFO] Upcoming meetings loaded { count: 2, timestamp: '2026-01-30T03:36:51.550Z' }

      at Logger.logMethod [as log] (utils/logger.ts:82:7)

    console.log
      [INFO] Upcoming meetings loaded { count: 2, timestamp: '2026-01-30T03:36:51.550Z' }

      at Logger.logMethod [as log] (utils/logger.ts:82:7)

    console.log
      [INFO] Upcoming meetings loaded { count: 2, timestamp: '2026-01-30T03:36:51.550Z' }

      at Logger.logMethod [as log] (utils/logger.ts:82:7)

    console.log
      [INFO] Upcoming meetings loaded { count: 2, timestamp: '2026-01-30T03:36:51.550Z' }

      at Logger.logMethod [as log] (utils/logger.ts:82:7)

    console.log
      [INFO] Upcoming meetings loaded { count: 2, timestamp: '2026-01-30T03:36:51.551Z' }

      at Logger.logMethod [as log] (utils/logger.ts:82:7)

    console.log
      [INFO] Upcoming meetings loaded { count: 2, timestamp: '2026-01-30T03:36:51.551Z' }

      at Logger.logMethod [as log] (utils/logger.ts:82:7)

    console.log
      [INFO] Upcoming meetings loaded { count: 2, timestamp: '2026-01-30T03:36:51.551Z' }

      at Logger.logMethod [as log] (utils/logger.ts:82:7)

    console.log
      [INFO] Upcoming meetings loaded { count: 2, timestamp: '2026-01-30T03:36:51.551Z' }

      at Logger.logMethod [as log] (utils/logger.ts:82:7)

    console.log
      [INFO] Upcoming meetings loaded { count: 2, timestamp: '2026-01-30T03:36:51.551Z' }

      at Logger.logMethod [as log] (utils/logger.ts:82:7)

    console.log
      [INFO] Upcoming meetings loaded { count: 2, timestamp: '2026-01-30T03:36:51.552Z' }

      at Logger.logMethod [as log] (utils/logger.ts:82:7)

    console.log
      [INFO] Upcoming meetings loaded { count: 2, timestamp: '2026-01-30T03:36:51.552Z' }

      at Logger.logMethod [as log] (utils/logger.ts:82:7)

    console.log
      [INFO] Upcoming meetings loaded { count: 2, timestamp: '2026-01-30T03:36:51.552Z' }

      at Logger.logMethod [as log] (utils/logger.ts:82:7)

    console.log
      [INFO] Upcoming meetings loaded { count: 2, timestamp: '2026-01-30T03:36:51.552Z' }

      at Logger.logMethod [as log] (utils/logger.ts:82:7)

    console.log
      [INFO] Upcoming meetings loaded { count: 2, timestamp: '2026-01-30T03:36:51.552Z' }

      at Logger.logMethod [as log] (utils/logger.ts:82:7)

    console.log
      [INFO] Upcoming meetings loaded { count: 2, timestamp: '2026-01-30T03:36:51.553Z' }

      at Logger.logMethod [as log] (utils/logger.ts:82:7)

    console.log
      [INFO] Upcoming meetings loaded { count: 2, timestamp: '2026-01-30T03:36:51.553Z' }

      at Logger.logMethod [as log] (utils/logger.ts:82:7)

    console.log
      [INFO] Upcoming meetings loaded { count: 2, timestamp: '2026-01-30T03:36:51.553Z' }

      at Logger.logMethod [as log] (utils/logger.ts:82:7)

    console.log
      [INFO] Upcoming meetings loaded { count: 2, timestamp: '2026-01-30T03:36:51.553Z' }

      at Logger.logMethod [as log] (utils/logger.ts:82:7)

    console.log
      [INFO] Upcoming meetings loaded { count: 2, timestamp: '2026-01-30T03:36:51.554Z' }

      at Logger.logMethod [as log] (utils/logger.ts:82:7)

    console.log
      [INFO] Upcoming meetings loaded { count: 2, timestamp: '2026-01-30T03:36:51.554Z' }

      at Logger.logMethod [as log] (utils/logger.ts:82:7)

    console.log
      [INFO] Upcoming meetings loaded { count: 2, timestamp: '2026-01-30T03:36:51.554Z' }

      at Logger.logMethod [as log] (utils/logger.ts:82:7)

    console.log
      [INFO] Upcoming meetings loaded { count: 2, timestamp: '2026-01-30T03:36:51.554Z' }

      at Logger.logMethod [as log] (utils/logger.ts:82:7)

    console.log
      [INFO] Upcoming meetings loaded { count: 2, timestamp: '2026-01-30T03:36:51.554Z' }

      at Logger.logMethod [as log] (utils/logger.ts:82:7)

    console.log
      [INFO] Upcoming meetings loaded { count: 2, timestamp: '2026-01-30T03:36:51.555Z' }

      at Logger.logMethod [as log] (utils/logger.ts:82:7)

    console.log
      [INFO] Upcoming meetings loaded { count: 2, timestamp: '2026-01-30T03:36:51.555Z' }

      at Logger.logMethod [as log] (utils/logger.ts:82:7)

    console.log
      [INFO] Upcoming meetings loaded { count: 2, timestamp: '2026-01-30T03:36:51.555Z' }

      at Logger.logMethod [as log] (utils/logger.ts:82:7)

    console.log
      [INFO] Upcoming meetings loaded { count: 2, timestamp: '2026-01-30T03:36:51.555Z' }

      at Logger.logMethod [as log] (utils/logger.ts:82:7)

    console.log
      [INFO] Upcoming meetings loaded { count: 2, timestamp: '2026-01-30T03:36:51.556Z' }

      at Logger.logMethod [as log] (utils/logger.ts:82:7)

    console.log
      [INFO] Upcoming meetings loaded { count: 2, timestamp: '2026-01-30T03:36:51.556Z' }

      at Logger.logMethod [as log] (utils/logger.ts:82:7)

    console.log
      [INFO] Upcoming meetings loaded { count: 2, timestamp: '2026-01-30T03:36:51.556Z' }

      at Logger.logMethod [as log] (utils/logger.ts:82:7)

    console.log
      [INFO] Upcoming meetings loaded { count: 2, timestamp: '2026-01-30T03:36:51.556Z' }

      at Logger.logMethod [as log] (utils/logger.ts:82:7)

    console.log
      [INFO] Upcoming meetings loaded { count: 2, timestamp: '2026-01-30T03:36:51.557Z' }

      at Logger.logMethod [as log] (utils/logger.ts:82:7)

    console.log
      [INFO] Upcoming meetings loaded { count: 2, timestamp: '2026-01-30T03:36:51.557Z' }

      at Logger.logMethod [as log] (utils/logger.ts:82:7)

    console.log
      [INFO] Upcoming meetings loaded { count: 2, timestamp: '2026-01-30T03:36:51.557Z' }

      at Logger.logMethod [as log] (utils/logger.ts:82:7)

    console.log
      [INFO] Upcoming meetings loaded { count: 2, timestamp: '2026-01-30T03:36:51.557Z' }

      at Logger.logMethod [as log] (utils/logger.ts:82:7)

    console.log
      [INFO] Upcoming meetings loaded { count: 2, timestamp: '2026-01-30T03:36:51.558Z' }

      at Logger.logMethod [as log] (utils/logger.ts:82:7)

    console.log
      [INFO] Upcoming meetings loaded { count: 2, timestamp: '2026-01-30T03:36:51.558Z' }

      at Logger.logMethod [as log] (utils/logger.ts:82:7)

    console.log
      [INFO] Upcoming meetings loaded { count: 2, timestamp: '2026-01-30T03:36:51.558Z' }

      at Logger.logMethod [as log] (utils/logger.ts:82:7)

    console.log
      [INFO] Upcoming meetings loaded { count: 2, timestamp: '2026-01-30T03:36:51.558Z' }

      at Logger.logMethod [as log] (utils/logger.ts:82:7)

    console.log
      [INFO] Upcoming meetings loaded { count: 2, timestamp: '2026-01-30T03:36:51.559Z' }

      at Logger.logMethod [as log] (utils/logger.ts:82:7)

    console.log
      [INFO] Upcoming meetings loaded { count: 2, timestamp: '2026-01-30T03:36:51.560Z' }

      at Logger.logMethod [as log] (utils/logger.ts:82:7)

    console.log
      [INFO] Upcoming meetings loaded { count: 2, timestamp: '2026-01-30T03:36:51.560Z' }

      at Logger.logMethod [as log] (utils/logger.ts:82:7)

    console.log
      [INFO] Upcoming meetings loaded { count: 2, timestamp: '2026-01-30T03:36:51.561Z' }

      at Logger.logMethod [as log] (utils/logger.ts:82:7)

    console.log
      [INFO] Upcoming meetings loaded { count: 2, timestamp: '2026-01-30T03:36:51.562Z' }

      at Logger.logMethod [as log] (utils/logger.ts:82:7)

    console.log
      [INFO] Upcoming meetings loaded { count: 2, timestamp: '2026-01-30T03:36:51.563Z' }

      at Logger.logMethod [as log] (utils/logger.ts:82:7)

    console.log
      [INFO] Upcoming meetings loaded { count: 2, timestamp: '2026-01-30T03:36:51.571Z' }

      at Logger.logMethod [as log] (utils/logger.ts:82:7)

    console.log
      [INFO] Upcoming meetings loaded { count: 2, timestamp: '2026-01-30T03:36:51.585Z' }

      at Logger.logMethod [as log] (utils/logger.ts:82:7)

    console.log
      [INFO] Upcoming meetings loaded { count: 2, timestamp: '2026-01-30T03:36:51.586Z' }

      at Logger.logMethod [as log] (utils/logger.ts:82:7)

    console.log
      [INFO] Upcoming meetings loaded { count: 2, timestamp: '2026-01-30T03:36:51.587Z' }

      at Logger.logMethod [as log] (utils/logger.ts:82:7)

    console.log
      [INFO] Upcoming meetings loaded { count: 2, timestamp: '2026-01-30T03:36:51.587Z' }

      at Logger.logMethod [as log] (utils/logger.ts:82:7)

    console.log
      [INFO] Upcoming meetings loaded { count: 2, timestamp: '2026-01-30T03:36:51.588Z' }

      at Logger.logMethod [as log] (utils/logger.ts:82:7)

    console.log
      [INFO] Upcoming meetings loaded { count: 2, timestamp: '2026-01-30T03:36:51.589Z' }

      at Logger.logMethod [as log] (utils/logger.ts:82:7)

    console.log
      [INFO] Upcoming meetings loaded { count: 2, timestamp: '2026-01-30T03:36:51.589Z' }

      at Logger.logMethod [as log] (utils/logger.ts:82:7)

    console.log
      [INFO] Upcoming meetings loaded { count: 2, timestamp: '2026-01-30T03:36:51.590Z' }

      at Logger.logMethod [as log] (utils/logger.ts:82:7)

    console.log
      [INFO] Upcoming meetings loaded { count: 2, timestamp: '2026-01-30T03:36:51.591Z' }

      at Logger.logMethod [as log] (utils/logger.ts:82:7)

    console.log
      [INFO] Upcoming meetings loaded { count: 2, timestamp: '2026-01-30T03:36:51.591Z' }

      at Logger.logMethod [as log] (utils/logger.ts:82:7)

    console.log
      [INFO] Upcoming meetings loaded { count: 2, timestamp: '2026-01-30T03:36:51.592Z' }

      at Logger.logMethod [as log] (utils/logger.ts:82:7)

    console.log
      [INFO] Upcoming meetings loaded { count: 2, timestamp: '2026-01-30T03:36:51.592Z' }

      at Logger.logMethod [as log] (utils/logger.ts:82:7)

    console.log
      [INFO] Upcoming meetings loaded { count: 2, timestamp: '2026-01-30T03:36:51.592Z' }

      at Logger.logMethod [as log] (utils/logger.ts:82:7)

    console.log
      [INFO] Upcoming meetings loaded { count: 2, timestamp: '2026-01-30T03:36:51.593Z' }

      at Logger.logMethod [as log] (utils/logger.ts:82:7)

    console.log
      [INFO] Upcoming meetings loaded { count: 2, timestamp: '2026-01-30T03:36:51.593Z' }

      at Logger.logMethod [as log] (utils/logger.ts:82:7)

    console.log
      [INFO] Upcoming meetings loaded { count: 2, timestamp: '2026-01-30T03:36:51.594Z' }

      at Logger.logMethod [as log] (utils/logger.ts:82:7)

    console.log
      [INFO] Upcoming meetings loaded { count: 2, timestamp: '2026-01-30T03:36:51.594Z' }

      at Logger.logMethod [as log] (utils/logger.ts:82:7)

    console.log
      [INFO] Upcoming meetings loaded { count: 2, timestamp: '2026-01-30T03:36:51.595Z' }

      at Logger.logMethod [as log] (utils/logger.ts:82:7)

    console.log
      [INFO] Upcoming meetings loaded { count: 2, timestamp: '2026-01-30T03:36:51.595Z' }

      at Logger.logMethod [as log] (utils/logger.ts:82:7)

    console.log
      [INFO] Upcoming meetings loaded { count: 2, timestamp: '2026-01-30T03:36:51.596Z' }

      at Logger.logMethod [as log] (utils/logger.ts:82:7)

    console.log
      [INFO] Upcoming meetings loaded { count: 2, timestamp: '2026-01-30T03:36:51.597Z' }

      at Logger.logMethod [as log] (utils/logger.ts:82:7)

    console.log
      [INFO] Upcoming meetings loaded { count: 2, timestamp: '2026-01-30T03:36:51.597Z' }

      at Logger.logMethod [as log] (utils/logger.ts:82:7)

    console.log
      [INFO] Upcoming meetings loaded { count: 2, timestamp: '2026-01-30T03:36:51.598Z' }

      at Logger.logMethod [as log] (utils/logger.ts:82:7)

    console.log
      [INFO] Upcoming meetings loaded { count: 2, timestamp: '2026-01-30T03:36:51.598Z' }

      at Logger.logMethod [as log] (utils/logger.ts:82:7)

    console.log
      [INFO] Upcoming meetings loaded { count: 2, timestamp: '2026-01-30T03:36:51.599Z' }

      at Logger.logMethod [as log] (utils/logger.ts:82:7)

    console.log
      [INFO] Upcoming meetings loaded { count: 2, timestamp: '2026-01-30T03:36:51.599Z' }

      at Logger.logMethod [as log] (utils/logger.ts:82:7)

    console.log
      [INFO] Upcoming meetings loaded { count: 2, timestamp: '2026-01-30T03:36:51.600Z' }

      at Logger.logMethod [as log] (utils/logger.ts:82:7)

    console.log
      [INFO] Upcoming meetings loaded { count: 2, timestamp: '2026-01-30T03:36:51.600Z' }

      at Logger.logMethod [as log] (utils/logger.ts:82:7)

    console.log
      [INFO] Upcoming meetings loaded { count: 2, timestamp: '2026-01-30T03:36:51.601Z' }

      at Logger.logMethod [as log] (utils/logger.ts:82:7)

    console.log
      [INFO] Upcoming meetings loaded { count: 2, timestamp: '2026-01-30T03:36:51.602Z' }

      at Logger.logMethod [as log] (utils/logger.ts:82:7)

    console.log
      [INFO] Upcoming meetings loaded { count: 2, timestamp: '2026-01-30T03:36:51.602Z' }

      at Logger.logMethod [as log] (utils/logger.ts:82:7)

    console.log
      [INFO] Upcoming meetings loaded { count: 2, timestamp: '2026-01-30T03:36:51.602Z' }

      at Logger.logMethod [as log] (utils/logger.ts:82:7)

    console.log
      [INFO] Upcoming meetings loaded { count: 2, timestamp: '2026-01-30T03:36:51.603Z' }

      at Logger.logMethod [as log] (utils/logger.ts:82:7)

    console.log
      [INFO] Upcoming meetings loaded { count: 2, timestamp: '2026-01-30T03:36:51.603Z' }

      at Logger.logMethod [as log] (utils/logger.ts:82:7)

    console.log
      [INFO] Upcoming meetings loaded { count: 2, timestamp: '2026-01-30T03:36:51.603Z' }

      at Logger.logMethod [as log] (utils/logger.ts:82:7)

    console.log
      [INFO] Upcoming meetings loaded { count: 2, timestamp: '2026-01-30T03:36:51.604Z' }

      at Logger.logMethod [as log] (utils/logger.ts:82:7)

    console.log
      [INFO] Upcoming meetings loaded { count: 2, timestamp: '2026-01-30T03:36:51.604Z' }

      at Logger.logMethod [as log] (utils/logger.ts:82:7)

    console.log
      [INFO] Upcoming meetings loaded { count: 2, timestamp: '2026-01-30T03:36:51.605Z' }

      at Logger.logMethod [as log] (utils/logger.ts:82:7)

    console.log
      [INFO] Upcoming meetings loaded { count: 2, timestamp: '2026-01-30T03:36:51.605Z' }

      at Logger.logMethod [as log] (utils/logger.ts:82:7)

    console.log
      [INFO] Upcoming meetings loaded { count: 2, timestamp: '2026-01-30T03:36:51.605Z' }

      at Logger.logMethod [as log] (utils/logger.ts:82:7)

    console.log
      [INFO] Upcoming meetings loaded { count: 2, timestamp: '2026-01-30T03:36:51.606Z' }

      at Logger.logMethod [as log] (utils/logger.ts:82:7)

    console.log
      [INFO] Upcoming meetings loaded { count: 2, timestamp: '2026-01-30T03:36:51.606Z' }

      at Logger.logMethod [as log] (utils/logger.ts:82:7)

    console.log
      [INFO] Upcoming meetings loaded { count: 2, timestamp: '2026-01-30T03:36:51.606Z' }

      at Logger.logMethod [as log] (utils/logger.ts:82:7)

    console.log
      [INFO] Upcoming meetings loaded { count: 2, timestamp: '2026-01-30T03:36:51.607Z' }

      at Logger.logMethod [as log] (utils/logger.ts:82:7)

    console.log
      [INFO] Upcoming meetings loaded { count: 2, timestamp: '2026-01-30T03:36:51.607Z' }

      at Logger.logMethod [as log] (utils/logger.ts:82:7)

    console.log
      [INFO] Upcoming meetings loaded { count: 2, timestamp: '2026-01-30T03:36:51.608Z' }

      at Logger.logMethod [as log] (utils/logger.ts:82:7)

    console.log
      [INFO] Upcoming meetings loaded { count: 2, timestamp: '2026-01-30T03:36:51.609Z' }

      at Logger.logMethod [as log] (utils/logger.ts:82:7)

    console.log
      [INFO] Upcoming meetings loaded { count: 2, timestamp: '2026-01-30T03:36:51.609Z' }

      at Logger.logMethod [as log] (utils/logger.ts:82:7)

    console.log
      [INFO] Upcoming meetings loaded { count: 2, timestamp: '2026-01-30T03:36:51.610Z' }

      at Logger.logMethod [as log] (utils/logger.ts:82:7)

    console.log
      [INFO] Upcoming meetings loaded { count: 2, timestamp: '2026-01-30T03:36:51.611Z' }

      at Logger.logMethod [as log] (utils/logger.ts:82:7)

    console.log
      [INFO] Upcoming meetings loaded { count: 2, timestamp: '2026-01-30T03:36:51.611Z' }

      at Logger.logMethod [as log] (utils/logger.ts:82:7)

    console.log
      [INFO] Upcoming meetings loaded { count: 2, timestamp: '2026-01-30T03:36:51.612Z' }

      at Logger.logMethod [as log] (utils/logger.ts:82:7)

    console.log
      [INFO] Upcoming meetings loaded { count: 2, timestamp: '2026-01-30T03:36:51.612Z' }

      at Logger.logMethod [as log] (utils/logger.ts:82:7)

    console.log
      [INFO] Upcoming meetings loaded { count: 2, timestamp: '2026-01-30T03:36:51.613Z' }

      at Logger.logMethod [as log] (utils/logger.ts:82:7)

    console.log
      [INFO] Upcoming meetings loaded { count: 2, timestamp: '2026-01-30T03:36:51.613Z' }

      at Logger.logMethod [as log] (utils/logger.ts:82:7)

    console.log
      [INFO] Upcoming meetings loaded { count: 2, timestamp: '2026-01-30T03:36:51.614Z' }

      at Logger.logMethod [as log] (utils/logger.ts:82:7)

    console.log
      [INFO] Upcoming meetings loaded { count: 2, timestamp: '2026-01-30T03:36:51.614Z' }

      at Logger.logMethod [as log] (utils/logger.ts:82:7)

    console.log
      [INFO] Upcoming meetings loaded { count: 2, timestamp: '2026-01-30T03:36:51.615Z' }

      at Logger.logMethod [as log] (utils/logger.ts:82:7)

    console.log
      [INFO] Upcoming meetings loaded { count: 2, timestamp: '2026-01-30T03:36:51.615Z' }

      at Logger.logMethod [as log] (utils/logger.ts:82:7)

    console.log
      [INFO] Upcoming meetings loaded { count: 2, timestamp: '2026-01-30T03:36:51.616Z' }

      at Logger.logMethod [as log] (utils/logger.ts:82:7)

    console.log
      [INFO] Upcoming meetings loaded { count: 2, timestamp: '2026-01-30T03:36:51.616Z' }

      at Logger.logMethod [as log] (utils/logger.ts:82:7)

    console.log
      [INFO] Upcoming meetings loaded { count: 2, timestamp: '2026-01-30T03:36:51.617Z' }

      at Logger.logMethod [as log] (utils/logger.ts:82:7)

    console.log
      [INFO] Upcoming meetings loaded { count: 2, timestamp: '2026-01-30T03:36:51.617Z' }

      at Logger.logMethod [as log] (utils/logger.ts:82:7)

    console.log
      [INFO] Upcoming meetings loaded { count: 2, timestamp: '2026-01-30T03:36:51.618Z' }

      at Logger.logMethod [as log] (utils/logger.ts:82:7)

    console.log
      [INFO] Upcoming meetings loaded { count: 2, timestamp: '2026-01-30T03:36:51.618Z' }

      at Logger.logMethod [as log] (utils/logger.ts:82:7)

    console.log
      [INFO] Upcoming meetings loaded { count: 2, timestamp: '2026-01-30T03:36:51.625Z' }

      at Logger.logMethod [as log] (utils/logger.ts:82:7)

    console.log
      [INFO] Upcoming meetings loaded { count: 2, timestamp: '2026-01-30T03:36:51.626Z' }

      at Logger.logMethod [as log] (utils/logger.ts:82:7)

    console.log
      [INFO] Upcoming meetings loaded { count: 2, timestamp: '2026-01-30T03:36:51.627Z' }

      at Logger.logMethod [as log] (utils/logger.ts:82:7)

    console.log
      [INFO] Upcoming meetings loaded { count: 2, timestamp: '2026-01-30T03:36:51.627Z' }

      at Logger.logMethod [as log] (utils/logger.ts:82:7)

    console.log
      [INFO] Upcoming meetings loaded { count: 2, timestamp: '2026-01-30T03:36:51.630Z' }

      at Logger.logMethod [as log] (utils/logger.ts:82:7)

    console.log
      [INFO] Upcoming meetings loaded { count: 2, timestamp: '2026-01-30T03:36:51.636Z' }

      at Logger.logMethod [as log] (utils/logger.ts:82:7)

    console.log
      [INFO] Upcoming meetings loaded { count: 2, timestamp: '2026-01-30T03:36:51.637Z' }

      at Logger.logMethod [as log] (utils/logger.ts:82:7)

    console.log
      [INFO] Upcoming meetings loaded { count: 2, timestamp: '2026-01-30T03:36:51.637Z' }

      at Logger.logMethod [as log] (utils/logger.ts:82:7)

    console.log
      [INFO] Upcoming meetings loaded { count: 2, timestamp: '2026-01-30T03:36:51.638Z' }

      at Logger.logMethod [as log] (utils/logger.ts:82:7)

    console.log
      [INFO] Upcoming meetings loaded { count: 2, timestamp: '2026-01-30T03:36:51.638Z' }

      at Logger.logMethod [as log] (utils/logger.ts:82:7)

    console.log
      [INFO] Upcoming meetings loaded { count: 2, timestamp: '2026-01-30T03:36:51.639Z' }

      at Logger.logMethod [as log] (utils/logger.ts:82:7)

    console.log
      [INFO] Upcoming meetings loaded { count: 2, timestamp: '2026-01-30T03:36:51.639Z' }

      at Logger.logMethod [as log] (utils/logger.ts:82:7)

    console.log
      [INFO] Upcoming meetings loaded { count: 2, timestamp: '2026-01-30T03:36:51.639Z' }

      at Logger.logMethod [as log] (utils/logger.ts:82:7)

    console.log
      [INFO] Upcoming meetings loaded { count: 2, timestamp: '2026-01-30T03:36:51.640Z' }

      at Logger.logMethod [as log] (utils/logger.ts:82:7)

    console.log
      [INFO] Upcoming meetings loaded { count: 2, timestamp: '2026-01-30T03:36:51.640Z' }

      at Logger.logMethod [as log] (utils/logger.ts:82:7)

    console.log
      [INFO] Upcoming meetings loaded { count: 2, timestamp: '2026-01-30T03:36:51.640Z' }

      at Logger.logMethod [as log] (utils/logger.ts:82:7)

    console.log
      [INFO] Upcoming meetings loaded { count: 2, timestamp: '2026-01-30T03:36:51.640Z' }

      at Logger.logMethod [as log] (utils/logger.ts:82:7)

    console.log
      [INFO] Upcoming meetings loaded { count: 2, timestamp: '2026-01-30T03:36:51.641Z' }

      at Logger.logMethod [as log] (utils/logger.ts:82:7)

    console.log
      [INFO] Upcoming meetings loaded { count: 2, timestamp: '2026-01-30T03:36:51.641Z' }

      at Logger.logMethod [as log] (utils/logger.ts:82:7)

    console.log
      [INFO] Upcoming meetings loaded { count: 2, timestamp: '2026-01-30T03:36:51.641Z' }

      at Logger.logMethod [as log] (utils/logger.ts:82:7)

    console.log
      [INFO] Upcoming meetings loaded { count: 2, timestamp: '2026-01-30T03:36:51.641Z' }

      at Logger.logMethod [as log] (utils/logger.ts:82:7)

    console.log
      [INFO] Upcoming meetings loaded { count: 2, timestamp: '2026-01-30T03:36:51.642Z' }

      at Logger.logMethod [as log] (utils/logger.ts:82:7)

    console.log
      [INFO] Upcoming meetings loaded { count: 2, timestamp: '2026-01-30T03:36:51.642Z' }

      at Logger.logMethod [as log] (utils/logger.ts:82:7)

    console.log
      [INFO] Upcoming meetings loaded { count: 2, timestamp: '2026-01-30T03:36:51.642Z' }

      at Logger.logMethod [as log] (utils/logger.ts:82:7)

    console.log
      [INFO] Upcoming meetings loaded { count: 2, timestamp: '2026-01-30T03:36:51.643Z' }

      at Logger.logMethod [as log] (utils/logger.ts:82:7)

    console.log
      [INFO] Upcoming meetings loaded { count: 2, timestamp: '2026-01-30T03:36:51.643Z' }

      at Logger.logMethod [as log] (utils/logger.ts:82:7)

    console.log
      [INFO] Upcoming meetings loaded { count: 2, timestamp: '2026-01-30T03:36:51.643Z' }

      at Logger.logMethod [as log] (utils/logger.ts:82:7)

    console.log
      [INFO] Upcoming meetings loaded { count: 2, timestamp: '2026-01-30T03:36:51.643Z' }

      at Logger.logMethod [as log] (utils/logger.ts:82:7)

    console.log
      [INFO] Upcoming meetings loaded { count: 2, timestamp: '2026-01-30T03:36:51.644Z' }

      at Logger.logMethod [as log] (utils/logger.ts:82:7)

    console.log
      [INFO] Upcoming meetings loaded { count: 2, timestamp: '2026-01-30T03:36:51.644Z' }

      at Logger.logMethod [as log] (utils/logger.ts:82:7)

    console.log
      [INFO] Upcoming meetings loaded { count: 2, timestamp: '2026-01-30T03:36:51.644Z' }

      at Logger.logMethod [as log] (utils/logger.ts:82:7)

    console.log
      [INFO] Upcoming meetings loaded { count: 2, timestamp: '2026-01-30T03:36:51.644Z' }

      at Logger.logMethod [as log] (utils/logger.ts:82:7)

    console.log
      [INFO] Upcoming meetings loaded { count: 2, timestamp: '2026-01-30T03:36:51.645Z' }

      at Logger.logMethod [as log] (utils/logger.ts:82:7)

    console.log
      [INFO] Upcoming meetings loaded { count: 2, timestamp: '2026-01-30T03:36:51.645Z' }

      at Logger.logMethod [as log] (utils/logger.ts:82:7)

    console.log
      [INFO] Upcoming meetings loaded { count: 2, timestamp: '2026-01-30T03:36:51.645Z' }

      at Logger.logMethod [as log] (utils/logger.ts:82:7)

    console.log
      [INFO] Upcoming meetings loaded { count: 2, timestamp: '2026-01-30T03:36:51.645Z' }

      at Logger.logMethod [as log] (utils/logger.ts:82:7)

    console.log
      [INFO] Upcoming meetings loaded { count: 2, timestamp: '2026-01-30T03:36:51.646Z' }

      at Logger.logMethod [as log] (utils/logger.ts:82:7)

    console.log
      [INFO] Upcoming meetings loaded { count: 2, timestamp: '2026-01-30T03:36:51.646Z' }

      at Logger.logMethod [as log] (utils/logger.ts:82:7)

    console.log
      [INFO] Upcoming meetings loaded { count: 2, timestamp: '2026-01-30T03:36:51.646Z' }

      at Logger.logMethod [as log] (utils/logger.ts:82:7)

    console.log
      [INFO] Upcoming meetings loaded { count: 2, timestamp: '2026-01-30T03:36:51.647Z' }

      at Logger.logMethod [as log] (utils/logger.ts:82:7)

    console.log
      [INFO] Upcoming meetings loaded { count: 2, timestamp: '2026-01-30T03:36:51.647Z' }

      at Logger.logMethod [as log] (utils/logger.ts:82:7)

    console.log
      [INFO] Upcoming meetings loaded { count: 2, timestamp: '2026-01-30T03:36:51.647Z' }

      at Logger.logMethod [as log] (utils/logger.ts:82:7)

    console.log
      [INFO] Upcoming meetings loaded { count: 2, timestamp: '2026-01-30T03:36:51.647Z' }

      at Logger.logMethod [as log] (utils/logger.ts:82:7)

    console.log
      [INFO] Upcoming meetings loaded { count: 2, timestamp: '2026-01-30T03:36:51.648Z' }

      at Logger.logMethod [as log] (utils/logger.ts:82:7)

    console.log
      [INFO] Upcoming meetings loaded { count: 2, timestamp: '2026-01-30T03:36:51.648Z' }

      at Logger.logMethod [as log] (utils/logger.ts:82:7)

    console.log
      [INFO] Upcoming meetings loaded { count: 2, timestamp: '2026-01-30T03:36:51.648Z' }

      at Logger.logMethod [as log] (utils/logger.ts:82:7)

    console.log
      [INFO] Upcoming meetings loaded { count: 2, timestamp: '2026-01-30T03:36:51.648Z' }

      at Logger.logMethod [as log] (utils/logger.ts:82:7)

    console.log
      [INFO] Upcoming meetings loaded { count: 2, timestamp: '2026-01-30T03:36:51.649Z' }

      at Logger.logMethod [as log] (utils/logger.ts:82:7)

    console.log
      [INFO] Upcoming meetings loaded { count: 2, timestamp: '2026-01-30T03:36:51.649Z' }

      at Logger.logMethod [as log] (utils/logger.ts:82:7)

    console.log
      [INFO] Upcoming meetings loaded { count: 2, timestamp: '2026-01-30T03:36:51.649Z' }

      at Logger.logMethod [as log] (utils/logger.ts:82:7)

    console.log
      [INFO] Upcoming meetings loaded { count: 2, timestamp: '2026-01-30T03:36:51.650Z' }

      at Logger.logMethod [as log] (utils/logger.ts:82:7)

    console.log
      [INFO] Upcoming meetings loaded { count: 2, timestamp: '2026-01-30T03:36:51.650Z' }

      at Logger.logMethod [as log] (utils/logger.ts:82:7)

    console.log
      [INFO] Upcoming meetings loaded { count: 2, timestamp: '2026-01-30T03:36:51.650Z' }

      at Logger.logMethod [as log] (utils/logger.ts:82:7)

    console.log
      [INFO] Upcoming meetings loaded { count: 2, timestamp: '2026-01-30T03:36:51.651Z' }

      at Logger.logMethod [as log] (utils/logger.ts:82:7)

    console.log
      [INFO] Upcoming meetings loaded { count: 2, timestamp: '2026-01-30T03:36:51.651Z' }

      at Logger.logMethod [as log] (utils/logger.ts:82:7)

    console.log
      [INFO] Upcoming meetings loaded { count: 2, timestamp: '2026-01-30T03:36:51.651Z' }

      at Logger.logMethod [as log] (utils/logger.ts:82:7)

    console.log
      [INFO] Upcoming meetings loaded { count: 2, timestamp: '2026-01-30T03:36:51.652Z' }

      at Logger.logMethod [as log] (utils/logger.ts:82:7)

    console.log
      [INFO] Upcoming meetings loaded { count: 2, timestamp: '2026-01-30T03:36:51.652Z' }

      at Logger.logMethod [as log] (utils/logger.ts:82:7)

    console.log
      [INFO] Upcoming meetings loaded { count: 2, timestamp: '2026-01-30T03:36:51.652Z' }

      at Logger.logMethod [as log] (utils/logger.ts:82:7)

    console.log
      [INFO] Upcoming meetings loaded { count: 2, timestamp: '2026-01-30T03:36:51.653Z' }

      at Logger.logMethod [as log] (utils/logger.ts:82:7)

    console.log
      [INFO] Upcoming meetings loaded { count: 2, timestamp: '2026-01-30T03:36:51.653Z' }

      at Logger.logMethod [as log] (utils/logger.ts:82:7)

    console.log
      [INFO] Upcoming meetings loaded { count: 2, timestamp: '2026-01-30T03:36:51.653Z' }

      at Logger.logMethod [as log] (utils/logger.ts:82:7)

    console.log
      [INFO] Upcoming meetings loaded { count: 2, timestamp: '2026-01-30T03:36:51.654Z' }

      at Logger.logMethod [as log] (utils/logger.ts:82:7)

    console.log
      [INFO] Upcoming meetings loaded { count: 2, timestamp: '2026-01-30T03:36:51.654Z' }

      at Logger.logMethod [as log] (utils/logger.ts:82:7)

    console.log
      [INFO] Upcoming meetings loaded { count: 2, timestamp: '2026-01-30T03:36:51.654Z' }

      at Logger.logMethod [as log] (utils/logger.ts:82:7)

    console.log
      [INFO] Upcoming meetings loaded { count: 2, timestamp: '2026-01-30T03:36:51.654Z' }

      at Logger.logMethod [as log] (utils/logger.ts:82:7)

    console.log
      [INFO] Upcoming meetings loaded { count: 2, timestamp: '2026-01-30T03:36:51.655Z' }

      at Logger.logMethod [as log] (utils/logger.ts:82:7)

    console.log
      [INFO] Upcoming meetings loaded { count: 2, timestamp: '2026-01-30T03:36:51.655Z' }

      at Logger.logMethod [as log] (utils/logger.ts:82:7)

    console.log
      [INFO] Upcoming meetings loaded { count: 2, timestamp: '2026-01-30T03:36:51.655Z' }

      at Logger.logMethod [as log] (utils/logger.ts:82:7)

    console.log
      [INFO] Upcoming meetings loaded { count: 2, timestamp: '2026-01-30T03:36:51.656Z' }

      at Logger.logMethod [as log] (utils/logger.ts:82:7)

    console.log
      [INFO] Upcoming meetings loaded { count: 2, timestamp: '2026-01-30T03:36:51.656Z' }

      at Logger.logMethod [as log] (utils/logger.ts:82:7)

    console.log
      [INFO] Upcoming meetings loaded { count: 2, timestamp: '2026-01-30T03:36:51.656Z' }

      at Logger.logMethod [as log] (utils/logger.ts:82:7)

    console.log
      [INFO] Upcoming meetings loaded { count: 2, timestamp: '2026-01-30T03:36:51.657Z' }

      at Logger.logMethod [as log] (utils/logger.ts:82:7)

    console.log
      [INFO] Upcoming meetings loaded { count: 2, timestamp: '2026-01-30T03:36:51.657Z' }

      at Logger.logMethod [as log] (utils/logger.ts:82:7)

    console.log
      [INFO] Upcoming meetings loaded { count: 2, timestamp: '2026-01-30T03:36:51.657Z' }

      at Logger.logMethod [as log] (utils/logger.ts:82:7)

    console.log
      [INFO] Upcoming meetings loaded { count: 2, timestamp: '2026-01-30T03:36:51.657Z' }

      at Logger.logMethod [as log] (utils/logger.ts:82:7)

    console.log
      [INFO] Upcoming meetings loaded { count: 2, timestamp: '2026-01-30T03:36:51.658Z' }

      at Logger.logMethod [as log] (utils/logger.ts:82:7)

    console.log
      [INFO] Upcoming meetings loaded { count: 2, timestamp: '2026-01-30T03:36:51.658Z' }

      at Logger.logMethod [as log] (utils/logger.ts:82:7)

    console.log
      [INFO] Upcoming meetings loaded { count: 2, timestamp: '2026-01-30T03:36:51.658Z' }

      at Logger.logMethod [as log] (utils/logger.ts:82:7)

    console.log
      [INFO] Upcoming meetings loaded { count: 2, timestamp: '2026-01-30T03:36:51.659Z' }

      at Logger.logMethod [as log] (utils/logger.ts:82:7)

    console.log
      [INFO] Upcoming meetings loaded { count: 2, timestamp: '2026-01-30T03:36:51.659Z' }

      at Logger.logMethod [as log] (utils/logger.ts:82:7)

    console.log
      [INFO] Upcoming meetings loaded { count: 2, timestamp: '2026-01-30T03:36:51.659Z' }

      at Logger.logMethod [as log] (utils/logger.ts:82:7)

    console.log
      [INFO] Upcoming meetings loaded { count: 2, timestamp: '2026-01-30T03:36:51.659Z' }

      at Logger.logMethod [as log] (utils/logger.ts:82:7)

    console.log
      [INFO] Upcoming meetings loaded { count: 2, timestamp: '2026-01-30T03:36:51.660Z' }

      at Logger.logMethod [as log] (utils/logger.ts:82:7)

    console.log
      [INFO] Upcoming meetings loaded { count: 2, timestamp: '2026-01-30T03:36:51.660Z' }

      at Logger.logMethod [as log] (utils/logger.ts:82:7)

    console.log
      [INFO] Upcoming meetings loaded { count: 2, timestamp: '2026-01-30T03:36:51.660Z' }

      at Logger.logMethod [as log] (utils/logger.ts:82:7)

    console.log
      [INFO] Upcoming meetings loaded { count: 2, timestamp: '2026-01-30T03:36:51.660Z' }

      at Logger.logMethod [as log] (utils/logger.ts:82:7)

    console.log
      [INFO] Upcoming meetings loaded { count: 2, timestamp: '2026-01-30T03:36:51.661Z' }

      at Logger.logMethod [as log] (utils/logger.ts:82:7)

    console.log
      [INFO] Upcoming meetings loaded { count: 2, timestamp: '2026-01-30T03:36:51.661Z' }

      at Logger.logMethod [as log] (utils/logger.ts:82:7)

    console.log
      [INFO] Upcoming meetings loaded { count: 2, timestamp: '2026-01-30T03:36:51.661Z' }

      at Logger.logMethod [as log] (utils/logger.ts:82:7)

    console.log
      [INFO] Upcoming meetings loaded { count: 2, timestamp: '2026-01-30T03:36:51.662Z' }

      at Logger.logMethod [as log] (utils/logger.ts:82:7)

    console.log
      [INFO] Upcoming meetings loaded { count: 2, timestamp: '2026-01-30T03:36:51.662Z' }

      at Logger.logMethod [as log] (utils/logger.ts:82:7)

    console.log
      [INFO] Upcoming meetings loaded { count: 2, timestamp: '2026-01-30T03:36:51.662Z' }

      at Logger.logMethod [as log] (utils/logger.ts:82:7)

    console.log
      [INFO] Upcoming meetings loaded { count: 2, timestamp: '2026-01-30T03:36:51.662Z' }

      at Logger.logMethod [as log] (utils/logger.ts:82:7)

    console.log
      [INFO] Upcoming meetings loaded { count: 2, timestamp: '2026-01-30T03:36:51.663Z' }

      at Logger.logMethod [as log] (utils/logger.ts:82:7)

    console.log
      [INFO] Upcoming meetings loaded { count: 2, timestamp: '2026-01-30T03:36:51.663Z' }

      at Logger.logMethod [as log] (utils/logger.ts:82:7)

    console.log
      [INFO] Upcoming meetings loaded { count: 2, timestamp: '2026-01-30T03:36:51.663Z' }

      at Logger.logMethod [as log] (utils/logger.ts:82:7)

    console.log
      [INFO] Upcoming meetings loaded { count: 2, timestamp: '2026-01-30T03:36:51.664Z' }

      at Logger.logMethod [as log] (utils/logger.ts:82:7)

    console.log
      [INFO] Upcoming meetings loaded { count: 2, timestamp: '2026-01-30T03:36:51.664Z' }

      at Logger.logMethod [as log] (utils/logger.ts:82:7)

    console.log
      [INFO] Upcoming meetings loaded { count: 2, timestamp: '2026-01-30T03:36:51.664Z' }

      at Logger.logMethod [as log] (utils/logger.ts:82:7)

    console.log
      [INFO] Upcoming meetings loaded { count: 2, timestamp: '2026-01-30T03:36:51.664Z' }

      at Logger.logMethod [as log] (utils/logger.ts:82:7)

    console.log
      [INFO] Upcoming meetings loaded { count: 2, timestamp: '2026-01-30T03:36:51.665Z' }

      at Logger.logMethod [as log] (utils/logger.ts:82:7)

    console.log
      [INFO] Upcoming meetings loaded { count: 2, timestamp: '2026-01-30T03:36:51.665Z' }

      at Logger.logMethod [as log] (utils/logger.ts:82:7)

    console.log
      [INFO] Upcoming meetings loaded { count: 2, timestamp: '2026-01-30T03:36:51.665Z' }

      at Logger.logMethod [as log] (utils/logger.ts:82:7)

    console.log
      [INFO] Upcoming meetings loaded { count: 2, timestamp: '2026-01-30T03:36:51.666Z' }

      at Logger.logMethod [as log] (utils/logger.ts:82:7)

    console.log
      [INFO] Upcoming meetings loaded { count: 2, timestamp: '2026-01-30T03:36:51.666Z' }

      at Logger.logMethod [as log] (utils/logger.ts:82:7)

    console.log
      [INFO] Upcoming meetings loaded { count: 2, timestamp: '2026-01-30T03:36:51.666Z' }

      at Logger.logMethod [as log] (utils/logger.ts:82:7)

    console.log
      [INFO] Upcoming meetings loaded { count: 2, timestamp: '2026-01-30T03:36:51.667Z' }

      at Logger.logMethod [as log] (utils/logger.ts:82:7)

    console.log
      [INFO] Upcoming meetings loaded { count: 2, timestamp: '2026-01-30T03:36:51.667Z' }

      at Logger.logMethod [as log] (utils/logger.ts:82:7)

    console.log
      [INFO] Upcoming meetings loaded { count: 2, timestamp: '2026-01-30T03:36:51.667Z' }

      at Logger.logMethod [as log] (utils/logger.ts:82:7)

    console.log
      [INFO] Upcoming meetings loaded { count: 2, timestamp: '2026-01-30T03:36:51.668Z' }

      at Logger.logMethod [as log] (utils/logger.ts:82:7)

    console.log
      [INFO] Upcoming meetings loaded { count: 2, timestamp: '2026-01-30T03:36:51.668Z' }

      at Logger.logMethod [as log] (utils/logger.ts:82:7)

    console.log
      [INFO] Upcoming meetings loaded { count: 2, timestamp: '2026-01-30T03:36:51.668Z' }

      at Logger.logMethod [as log] (utils/logger.ts:82:7)

    console.log
      [INFO] Upcoming meetings loaded { count: 2, timestamp: '2026-01-30T03:36:51.668Z' }

      at Logger.logMethod [as log] (utils/logger.ts:82:7)

    console.log
      [INFO] Upcoming meetings loaded { count: 2, timestamp: '2026-01-30T03:36:51.669Z' }

      at Logger.logMethod [as log] (utils/logger.ts:82:7)

    console.log
      [INFO] Upcoming meetings loaded { count: 2, timestamp: '2026-01-30T03:36:51.669Z' }

      at Logger.logMethod [as log] (utils/logger.ts:82:7)

    console.log
      [INFO] Upcoming meetings loaded { count: 2, timestamp: '2026-01-30T03:36:51.669Z' }

      at Logger.logMethod [as log] (utils/logger.ts:82:7)

    console.log
      [INFO] Upcoming meetings loaded { count: 2, timestamp: '2026-01-30T03:36:51.669Z' }

      at Logger.logMethod [as log] (utils/logger.ts:82:7)

    console.log
      [INFO] Upcoming meetings loaded { count: 2, timestamp: '2026-01-30T03:36:51.670Z' }

      at Logger.logMethod [as log] (utils/logger.ts:82:7)

    console.log
      [INFO] Upcoming meetings loaded { count: 2, timestamp: '2026-01-30T03:36:51.670Z' }

      at Logger.logMethod [as log] (utils/logger.ts:82:7)

    console.log
      [INFO] Upcoming meetings loaded { count: 2, timestamp: '2026-01-30T03:36:51.670Z' }

      at Logger.logMethod [as log] (utils/logger.ts:82:7)

    console.log
      [INFO] Upcoming meetings loaded { count: 2, timestamp: '2026-01-30T03:36:51.670Z' }

      at Logger.logMethod [as log] (utils/logger.ts:82:7)

    console.log
      [INFO] Upcoming meetings loaded { count: 2, timestamp: '2026-01-30T03:36:51.671Z' }

      at Logger.logMethod [as log] (utils/logger.ts:82:7)

    console.log
      [INFO] Upcoming meetings loaded { count: 2, timestamp: '2026-01-30T03:36:51.671Z' }

      at Logger.logMethod [as log] (utils/logger.ts:82:7)

    console.log
      [INFO] Upcoming meetings loaded { count: 2, timestamp: '2026-01-30T03:36:51.671Z' }

      at Logger.logMethod [as log] (utils/logger.ts:82:7)

    console.log
      [INFO] Upcoming meetings loaded { count: 2, timestamp: '2026-01-30T03:36:51.671Z' }

      at Logger.logMethod [as log] (utils/logger.ts:82:7)

    console.log
      [INFO] Upcoming meetings loaded { count: 2, timestamp: '2026-01-30T03:36:51.672Z' }

      at Logger.logMethod [as log] (utils/logger.ts:82:7)

    console.log
      [INFO] Upcoming meetings loaded { count: 2, timestamp: '2026-01-30T03:36:51.672Z' }

      at Logger.logMethod [as log] (utils/logger.ts:82:7)

    console.log
      [INFO] Upcoming meetings loaded { count: 2, timestamp: '2026-01-30T03:36:51.672Z' }

      at Logger.logMethod [as log] (utils/logger.ts:82:7)

    console.log
      [INFO] Upcoming meetings loaded { count: 2, timestamp: '2026-01-30T03:36:51.672Z' }

      at Logger.logMethod [as log] (utils/logger.ts:82:7)

    console.log
      [INFO] Upcoming meetings loaded { count: 2, timestamp: '2026-01-30T03:36:51.673Z' }

      at Logger.logMethod [as log] (utils/logger.ts:82:7)

    console.log
      [INFO] Upcoming meetings loaded { count: 2, timestamp: '2026-01-30T03:36:51.673Z' }

      at Logger.logMethod [as log] (utils/logger.ts:82:7)

    console.log
      [INFO] Upcoming meetings loaded { count: 2, timestamp: '2026-01-30T03:36:51.673Z' }

      at Logger.logMethod [as log] (utils/logger.ts:82:7)

    console.log
      [INFO] Upcoming meetings loaded { count: 2, timestamp: '2026-01-30T03:36:51.674Z' }

      at Logger.logMethod [as log] (utils/logger.ts:82:7)

    console.log
      [INFO] Upcoming meetings loaded { count: 2, timestamp: '2026-01-30T03:36:51.674Z' }

      at Logger.logMethod [as log] (utils/logger.ts:82:7)

    console.log
      [INFO] Upcoming meetings loaded { count: 2, timestamp: '2026-01-30T03:36:51.674Z' }

      at Logger.logMethod [as log] (utils/logger.ts:82:7)

    console.log
      [INFO] Upcoming meetings loaded { count: 2, timestamp: '2026-01-30T03:36:51.674Z' }

      at Logger.logMethod [as log] (utils/logger.ts:82:7)

    console.log
      [INFO] Upcoming meetings loaded { count: 2, timestamp: '2026-01-30T03:36:51.675Z' }

      at Logger.logMethod [as log] (utils/logger.ts:82:7)

    console.log
      [INFO] Upcoming meetings loaded { count: 2, timestamp: '2026-01-30T03:36:51.675Z' }

      at Logger.logMethod [as log] (utils/logger.ts:82:7)

    console.log
      [INFO] Upcoming meetings loaded { count: 2, timestamp: '2026-01-30T03:36:51.675Z' }

      at Logger.logMethod [as log] (utils/logger.ts:82:7)

    console.log
      [INFO] Upcoming meetings loaded { count: 2, timestamp: '2026-01-30T03:36:51.675Z' }

      at Logger.logMethod [as log] (utils/logger.ts:82:7)

    console.log
      [INFO] Upcoming meetings loaded { count: 2, timestamp: '2026-01-30T03:36:51.676Z' }

      at Logger.logMethod [as log] (utils/logger.ts:82:7)

    console.log
      [INFO] Upcoming meetings loaded { count: 2, timestamp: '2026-01-30T03:36:51.676Z' }

      at Logger.logMethod [as log] (utils/logger.ts:82:7)

    console.log
      [INFO] Upcoming meetings loaded { count: 2, timestamp: '2026-01-30T03:36:51.676Z' }

      at Logger.logMethod [as log] (utils/logger.ts:82:7)

    console.log
      [INFO] Upcoming meetings loaded { count: 2, timestamp: '2026-01-30T03:36:51.676Z' }

      at Logger.logMethod [as log] (utils/logger.ts:82:7)

    console.log
      [INFO] Upcoming meetings loaded { count: 2, timestamp: '2026-01-30T03:36:51.677Z' }

      at Logger.logMethod [as log] (utils/logger.ts:82:7)

    console.log
      [INFO] Upcoming meetings loaded { count: 2, timestamp: '2026-01-30T03:36:51.677Z' }

      at Logger.logMethod [as log] (utils/logger.ts:82:7)

    console.log
      [INFO] Upcoming meetings loaded { count: 2, timestamp: '2026-01-30T03:36:51.677Z' }

      at Logger.logMethod [as log] (utils/logger.ts:82:7)

    console.log
      [INFO] Upcoming meetings loaded { count: 2, timestamp: '2026-01-30T03:36:51.678Z' }

      at Logger.logMethod [as log] (utils/logger.ts:82:7)

    console.log
      [INFO] Upcoming meetings loaded { count: 2, timestamp: '2026-01-30T03:36:51.678Z' }

      at Logger.logMethod [as log] (utils/logger.ts:82:7)

    console.log
      [INFO] Upcoming meetings loaded { count: 2, timestamp: '2026-01-30T03:36:51.678Z' }

      at Logger.logMethod [as log] (utils/logger.ts:82:7)

    console.log
      [INFO] Upcoming meetings loaded { count: 2, timestamp: '2026-01-30T03:36:51.678Z' }

      at Logger.logMethod [as log] (utils/logger.ts:82:7)

    console.log
      [INFO] Upcoming meetings loaded { count: 2, timestamp: '2026-01-30T03:36:51.679Z' }

      at Logger.logMethod [as log] (utils/logger.ts:82:7)

    console.log
      [INFO] Upcoming meetings loaded { count: 2, timestamp: '2026-01-30T03:36:51.679Z' }

      at Logger.logMethod [as log] (utils/logger.ts:82:7)

    console.log
      [INFO] Upcoming meetings loaded { count: 2, timestamp: '2026-01-30T03:36:51.679Z' }

      at Logger.logMethod [as log] (utils/logger.ts:82:7)

    console.log
      [INFO] Upcoming meetings loaded { count: 2, timestamp: '2026-01-30T03:36:51.679Z' }

      at Logger.logMethod [as log] (utils/logger.ts:82:7)

    console.log
      [INFO] Upcoming meetings loaded { count: 2, timestamp: '2026-01-30T03:36:51.680Z' }

      at Logger.logMethod [as log] (utils/logger.ts:82:7)

    console.log
      [INFO] Upcoming meetings loaded { count: 2, timestamp: '2026-01-30T03:36:51.680Z' }

      at Logger.logMethod [as log] (utils/logger.ts:82:7)

    console.log
      [INFO] Upcoming meetings loaded { count: 2, timestamp: '2026-01-30T03:36:51.681Z' }

      at Logger.logMethod [as log] (utils/logger.ts:82:7)

    console.log
      [INFO] Upcoming meetings loaded { count: 2, timestamp: '2026-01-30T03:36:51.681Z' }

      at Logger.logMethod [as log] (utils/logger.ts:82:7)

    console.log
      [INFO] Upcoming meetings loaded { count: 2, timestamp: '2026-01-30T03:36:51.685Z' }

      at Logger.logMethod [as log] (utils/logger.ts:82:7)

    console.log
      [INFO] Upcoming meetings loaded { count: 2, timestamp: '2026-01-30T03:36:51.689Z' }

      at Logger.logMethod [as log] (utils/logger.ts:82:7)

    console.log
      [INFO] Upcoming meetings loaded { count: 2, timestamp: '2026-01-30T03:36:51.690Z' }

      at Logger.logMethod [as log] (utils/logger.ts:82:7)

    console.log
      [INFO] Upcoming meetings loaded { count: 2, timestamp: '2026-01-30T03:36:51.690Z' }

      at Logger.logMethod [as log] (utils/logger.ts:82:7)

    console.log
      [INFO] Upcoming meetings loaded { count: 2, timestamp: '2026-01-30T03:36:51.690Z' }

      at Logger.logMethod [as log] (utils/logger.ts:82:7)

    console.log
      [INFO] Upcoming meetings loaded { count: 2, timestamp: '2026-01-30T03:36:51.690Z' }

      at Logger.logMethod [as log] (utils/logger.ts:82:7)

    console.log
      [INFO] Upcoming meetings loaded { count: 2, timestamp: '2026-01-30T03:36:51.691Z' }

      at Logger.logMethod [as log] (utils/logger.ts:82:7)

    console.log
      [INFO] Upcoming meetings loaded { count: 2, timestamp: '2026-01-30T03:36:51.691Z' }

      at Logger.logMethod [as log] (utils/logger.ts:82:7)

    console.log
      [INFO] Upcoming meetings loaded { count: 2, timestamp: '2026-01-30T03:36:51.691Z' }

      at Logger.logMethod [as log] (utils/logger.ts:82:7)

    console.log
      [INFO] Upcoming meetings loaded { count: 2, timestamp: '2026-01-30T03:36:51.692Z' }

      at Logger.logMethod [as log] (utils/logger.ts:82:7)

    console.log
      [INFO] Upcoming meetings loaded { count: 2, timestamp: '2026-01-30T03:36:51.692Z' }

      at Logger.logMethod [as log] (utils/logger.ts:82:7)

    console.log
      [INFO] Upcoming meetings loaded { count: 2, timestamp: '2026-01-30T03:36:51.692Z' }

      at Logger.logMethod [as log] (utils/logger.ts:82:7)

    console.log
      [INFO] Upcoming meetings loaded { count: 2, timestamp: '2026-01-30T03:36:51.692Z' }

      at Logger.logMethod [as log] (utils/logger.ts:82:7)

    console.log
      [INFO] Upcoming meetings loaded { count: 2, timestamp: '2026-01-30T03:36:51.693Z' }

      at Logger.logMethod [as log] (utils/logger.ts:82:7)

    console.log
      [INFO] Upcoming meetings loaded { count: 2, timestamp: '2026-01-30T03:36:51.693Z' }

      at Logger.logMethod [as log] (utils/logger.ts:82:7)

    console.log
      [INFO] Upcoming meetings loaded { count: 2, timestamp: '2026-01-30T03:36:51.693Z' }

      at Logger.logMethod [as log] (utils/logger.ts:82:7)

    console.log
      [INFO] Upcoming meetings loaded { count: 2, timestamp: '2026-01-30T03:36:51.693Z' }

      at Logger.logMethod [as log] (utils/logger.ts:82:7)

    console.log
      [INFO] Upcoming meetings loaded { count: 2, timestamp: '2026-01-30T03:36:51.694Z' }

      at Logger.logMethod [as log] (utils/logger.ts:82:7)

    console.log
      [INFO] Upcoming meetings loaded { count: 2, timestamp: '2026-01-30T03:36:51.694Z' }

      at Logger.logMethod [as log] (utils/logger.ts:82:7)

    console.log
      [INFO] Upcoming meetings loaded { count: 2, timestamp: '2026-01-30T03:36:51.694Z' }

      at Logger.logMethod [as log] (utils/logger.ts:82:7)

    console.log
      [INFO] Upcoming meetings loaded { count: 2, timestamp: '2026-01-30T03:36:51.694Z' }

      at Logger.logMethod [as log] (utils/logger.ts:82:7)

    console.log
      [INFO] Upcoming meetings loaded { count: 2, timestamp: '2026-01-30T03:36:51.695Z' }

      at Logger.logMethod [as log] (utils/logger.ts:82:7)

    console.log
      [INFO] Upcoming meetings loaded { count: 2, timestamp: '2026-01-30T03:36:51.695Z' }

      at Logger.logMethod [as log] (utils/logger.ts:82:7)

    console.log
      [INFO] Upcoming meetings loaded { count: 2, timestamp: '2026-01-30T03:36:51.695Z' }

      at Logger.logMethod [as log] (utils/logger.ts:82:7)

    console.log
      [INFO] Upcoming meetings loaded { count: 2, timestamp: '2026-01-30T03:36:51.696Z' }

      at Logger.logMethod [as log] (utils/logger.ts:82:7)

    console.log
      [INFO] Upcoming meetings loaded { count: 2, timestamp: '2026-01-30T03:36:51.696Z' }

      at Logger.logMethod [as log] (utils/logger.ts:82:7)

    console.log
      [INFO] Upcoming meetings loaded { count: 2, timestamp: '2026-01-30T03:36:51.696Z' }

      at Logger.logMethod [as log] (utils/logger.ts:82:7)

    console.log
      [INFO] Upcoming meetings loaded { count: 2, timestamp: '2026-01-30T03:36:51.696Z' }

      at Logger.logMethod [as log] (utils/logger.ts:82:7)

    console.log
      [INFO] Upcoming meetings loaded { count: 2, timestamp: '2026-01-30T03:36:51.697Z' }

      at Logger.logMethod [as log] (utils/logger.ts:82:7)

    console.log
      [INFO] Upcoming meetings loaded { count: 2, timestamp: '2026-01-30T03:36:51.697Z' }

      at Logger.logMethod [as log] (utils/logger.ts:82:7)

    console.log
      [INFO] Upcoming meetings loaded { count: 2, timestamp: '2026-01-30T03:36:51.697Z' }

      at Logger.logMethod [as log] (utils/logger.ts:82:7)

    console.log
      [INFO] Upcoming meetings loaded { count: 2, timestamp: '2026-01-30T03:36:51.698Z' }

      at Logger.logMethod [as log] (utils/logger.ts:82:7)

    console.log
      [INFO] Upcoming meetings loaded { count: 2, timestamp: '2026-01-30T03:36:51.698Z' }

      at Logger.logMethod [as log] (utils/logger.ts:82:7)

    console.log
      [INFO] Upcoming meetings loaded { count: 2, timestamp: '2026-01-30T03:36:51.698Z' }

      at Logger.logMethod [as log] (utils/logger.ts:82:7)

    console.log
      [INFO] Upcoming meetings loaded { count: 2, timestamp: '2026-01-30T03:36:51.699Z' }

      at Logger.logMethod [as log] (utils/logger.ts:82:7)

    console.log
      [INFO] Upcoming meetings loaded { count: 2, timestamp: '2026-01-30T03:36:51.699Z' }

      at Logger.logMethod [as log] (utils/logger.ts:82:7)

    console.log
      [INFO] Upcoming meetings loaded { count: 2, timestamp: '2026-01-30T03:36:51.699Z' }

      at Logger.logMethod [as log] (utils/logger.ts:82:7)

    console.log
      [INFO] Upcoming meetings loaded { count: 2, timestamp: '2026-01-30T03:36:51.699Z' }

      at Logger.logMethod [as log] (utils/logger.ts:82:7)

    console.log
      [INFO] Upcoming meetings loaded { count: 2, timestamp: '2026-01-30T03:36:51.700Z' }

      at Logger.logMethod [as log] (utils/logger.ts:82:7)

    console.log
      [INFO] Upcoming meetings loaded { count: 2, timestamp: '2026-01-30T03:36:51.700Z' }

      at Logger.logMethod [as log] (utils/logger.ts:82:7)

    console.log
      [INFO] Upcoming meetings loaded { count: 2, timestamp: '2026-01-30T03:36:51.700Z' }

      at Logger.logMethod [as log] (utils/logger.ts:82:7)

    console.log
      [INFO] Upcoming meetings loaded { count: 2, timestamp: '2026-01-30T03:36:51.700Z' }

      at Logger.logMethod [as log] (utils/logger.ts:82:7)

    console.log
      [INFO] Upcoming meetings loaded { count: 2, timestamp: '2026-01-30T03:36:51.701Z' }

      at Logger.logMethod [as log] (utils/logger.ts:82:7)

    console.log
      [INFO] Upcoming meetings loaded { count: 2, timestamp: '2026-01-30T03:36:51.701Z' }

      at Logger.logMethod [as log] (utils/logger.ts:82:7)

    console.log
      [INFO] Upcoming meetings loaded { count: 2, timestamp: '2026-01-30T03:36:51.701Z' }

      at Logger.logMethod [as log] (utils/logger.ts:82:7)

    console.log
      [INFO] Upcoming meetings loaded { count: 2, timestamp: '2026-01-30T03:36:51.702Z' }

      at Logger.logMethod [as log] (utils/logger.ts:82:7)

    console.log
      [INFO] Upcoming meetings loaded { count: 2, timestamp: '2026-01-30T03:36:51.702Z' }

      at Logger.logMethod [as log] (utils/logger.ts:82:7)

    console.log
      [INFO] Upcoming meetings loaded { count: 2, timestamp: '2026-01-30T03:36:51.702Z' }

      at Logger.logMethod [as log] (utils/logger.ts:82:7)

    console.log
      [INFO] Upcoming meetings loaded { count: 2, timestamp: '2026-01-30T03:36:51.702Z' }

      at Logger.logMethod [as log] (utils/logger.ts:82:7)

    console.log
      [INFO] Upcoming meetings loaded { count: 2, timestamp: '2026-01-30T03:36:51.703Z' }

      at Logger.logMethod [as log] (utils/logger.ts:82:7)

    console.log
      [INFO] Upcoming meetings loaded { count: 2, timestamp: '2026-01-30T03:36:51.703Z' }

      at Logger.logMethod [as log] (utils/logger.ts:82:7)

    console.log
      [INFO] Upcoming meetings loaded { count: 2, timestamp: '2026-01-30T03:36:51.703Z' }

      at Logger.logMethod [as log] (utils/logger.ts:82:7)

    console.log
      [INFO] Upcoming meetings loaded { count: 2, timestamp: '2026-01-30T03:36:51.703Z' }

      at Logger.logMethod [as log] (utils/logger.ts:82:7)

    console.log
      [INFO] Upcoming meetings loaded { count: 2, timestamp: '2026-01-30T03:36:51.704Z' }

      at Logger.logMethod [as log] (utils/logger.ts:82:7)

    console.log
      [INFO] Upcoming meetings loaded { count: 2, timestamp: '2026-01-30T03:36:51.704Z' }

      at Logger.logMethod [as log] (utils/logger.ts:82:7)

    console.log
      [INFO] Upcoming meetings loaded { count: 2, timestamp: '2026-01-30T03:36:51.704Z' }

      at Logger.logMethod [as log] (utils/logger.ts:82:7)

    console.log
      [INFO] Upcoming meetings loaded { count: 2, timestamp: '2026-01-30T03:36:51.704Z' }

      at Logger.logMethod [as log] (utils/logger.ts:82:7)

    console.log
      [INFO] Upcoming meetings loaded { count: 2, timestamp: '2026-01-30T03:36:51.705Z' }

      at Logger.logMethod [as log] (utils/logger.ts:82:7)

    console.log
      [INFO] Upcoming meetings loaded { count: 2, timestamp: '2026-01-30T03:36:51.705Z' }

      at Logger.logMethod [as log] (utils/logger.ts:82:7)

    console.log
      [INFO] Upcoming meetings loaded { count: 2, timestamp: '2026-01-30T03:36:51.705Z' }

      at Logger.logMethod [as log] (utils/logger.ts:82:7)

    console.log
      [INFO] Upcoming meetings loaded { count: 2, timestamp: '2026-01-30T03:36:51.705Z' }

      at Logger.logMethod [as log] (utils/logger.ts:82:7)

    console.log
      [INFO] Upcoming meetings loaded { count: 2, timestamp: '2026-01-30T03:36:51.706Z' }

      at Logger.logMethod [as log] (utils/logger.ts:82:7)

    console.log
      [INFO] Upcoming meetings loaded { count: 2, timestamp: '2026-01-30T03:36:51.706Z' }

      at Logger.logMethod [as log] (utils/logger.ts:82:7)

    console.log
      [INFO] Upcoming meetings loaded { count: 2, timestamp: '2026-01-30T03:36:51.706Z' }

      at Logger.logMethod [as log] (utils/logger.ts:82:7)

    console.log
      [INFO] Upcoming meetings loaded { count: 2, timestamp: '2026-01-30T03:36:51.706Z' }

      at Logger.logMethod [as log] (utils/logger.ts:82:7)

    console.log
      [INFO] Upcoming meetings loaded { count: 2, timestamp: '2026-01-30T03:36:51.707Z' }

      at Logger.logMethod [as log] (utils/logger.ts:82:7)

    console.log
      [INFO] Upcoming meetings loaded { count: 2, timestamp: '2026-01-30T03:36:51.707Z' }

      at Logger.logMethod [as log] (utils/logger.ts:82:7)

    console.log
      [INFO] Upcoming meetings loaded { count: 2, timestamp: '2026-01-30T03:36:51.707Z' }

      at Logger.logMethod [as log] (utils/logger.ts:82:7)

    console.log
      [INFO] Upcoming meetings loaded { count: 2, timestamp: '2026-01-30T03:36:51.707Z' }

      at Logger.logMethod [as log] (utils/logger.ts:82:7)

    console.log
      [INFO] Upcoming meetings loaded { count: 2, timestamp: '2026-01-30T03:36:51.708Z' }

      at Logger.logMethod [as log] (utils/logger.ts:82:7)

    console.log
      [INFO] Upcoming meetings loaded { count: 2, timestamp: '2026-01-30T03:36:51.708Z' }

      at Logger.logMethod [as log] (utils/logger.ts:82:7)

    console.log
      [INFO] Upcoming meetings loaded { count: 2, timestamp: '2026-01-30T03:36:51.708Z' }

      at Logger.logMethod [as log] (utils/logger.ts:82:7)

    console.log
      [INFO] Upcoming meetings loaded { count: 2, timestamp: '2026-01-30T03:36:51.709Z' }

      at Logger.logMethod [as log] (utils/logger.ts:82:7)

    console.log
      [INFO] Upcoming meetings loaded { count: 2, timestamp: '2026-01-30T03:36:51.709Z' }

      at Logger.logMethod [as log] (utils/logger.ts:82:7)

    console.log
      [INFO] Upcoming meetings loaded { count: 2, timestamp: '2026-01-30T03:36:51.709Z' }

      at Logger.logMethod [as log] (utils/logger.ts:82:7)

    console.log
      [INFO] Upcoming meetings loaded { count: 2, timestamp: '2026-01-30T03:36:51.709Z' }

      at Logger.logMethod [as log] (utils/logger.ts:82:7)

    console.log
      [INFO] Upcoming meetings loaded { count: 2, timestamp: '2026-01-30T03:36:51.710Z' }

      at Logger.logMethod [as log] (utils/logger.ts:82:7)

    console.log
      [INFO] Upcoming meetings loaded { count: 2, timestamp: '2026-01-30T03:36:51.710Z' }

      at Logger.logMethod [as log] (utils/logger.ts:82:7)

    console.log
      [INFO] Upcoming meetings loaded { count: 2, timestamp: '2026-01-30T03:36:51.710Z' }

      at Logger.logMethod [as log] (utils/logger.ts:82:7)

    console.log
      [INFO] Upcoming meetings loaded { count: 2, timestamp: '2026-01-30T03:36:51.710Z' }

      at Logger.logMethod [as log] (utils/logger.ts:82:7)

    console.log
      [INFO] Upcoming meetings loaded { count: 2, timestamp: '2026-01-30T03:36:51.711Z' }

      at Logger.logMethod [as log] (utils/logger.ts:82:7)

    console.log
      [INFO] Upcoming meetings loaded { count: 2, timestamp: '2026-01-30T03:36:51.711Z' }

      at Logger.logMethod [as log] (utils/logger.ts:82:7)

    console.log
      [INFO] Upcoming meetings loaded { count: 2, timestamp: '2026-01-30T03:36:51.711Z' }

      at Logger.logMethod [as log] (utils/logger.ts:82:7)

    console.log
      [INFO] Upcoming meetings loaded { count: 2, timestamp: '2026-01-30T03:36:51.711Z' }

      at Logger.logMethod [as log] (utils/logger.ts:82:7)

    console.log
      [INFO] Upcoming meetings loaded { count: 2, timestamp: '2026-01-30T03:36:51.712Z' }

      at Logger.logMethod [as log] (utils/logger.ts:82:7)

    console.log
      [INFO] Upcoming meetings loaded { count: 2, timestamp: '2026-01-30T03:36:51.712Z' }

      at Logger.logMethod [as log] (utils/logger.ts:82:7)

    console.log
      [INFO] Upcoming meetings loaded { count: 2, timestamp: '2026-01-30T03:36:51.712Z' }

      at Logger.logMethod [as log] (utils/logger.ts:82:7)

    console.log
      [INFO] Upcoming meetings loaded { count: 2, timestamp: '2026-01-30T03:36:51.712Z' }

      at Logger.logMethod [as log] (utils/logger.ts:82:7)

    console.log
      [INFO] Upcoming meetings loaded { count: 2, timestamp: '2026-01-30T03:36:51.713Z' }

      at Logger.logMethod [as log] (utils/logger.ts:82:7)

    console.log
      [INFO] Upcoming meetings loaded { count: 2, timestamp: '2026-01-30T03:36:51.713Z' }

      at Logger.logMethod [as log] (utils/logger.ts:82:7)

    console.log
      [INFO] Upcoming meetings loaded { count: 2, timestamp: '2026-01-30T03:36:51.713Z' }

      at Logger.logMethod [as log] (utils/logger.ts:82:7)

    console.log
      [INFO] Upcoming meetings loaded { count: 2, timestamp: '2026-01-30T03:36:51.713Z' }

      at Logger.logMethod [as log] (utils/logger.ts:82:7)

    console.log
      [INFO] Upcoming meetings loaded { count: 2, timestamp: '2026-01-30T03:36:51.714Z' }

      at Logger.logMethod [as log] (utils/logger.ts:82:7)

    console.log
      [INFO] Upcoming meetings loaded { count: 2, timestamp: '2026-01-30T03:36:51.714Z' }

      at Logger.logMethod [as log] (utils/logger.ts:82:7)

    console.log
      [INFO] Upcoming meetings loaded { count: 2, timestamp: '2026-01-30T03:36:51.714Z' }

      at Logger.logMethod [as log] (utils/logger.ts:82:7)

    console.log
      [INFO] Upcoming meetings loaded { count: 2, timestamp: '2026-01-30T03:36:51.715Z' }

      at Logger.logMethod [as log] (utils/logger.ts:82:7)

    console.log
      [INFO] Upcoming meetings loaded { count: 2, timestamp: '2026-01-30T03:36:51.715Z' }

      at Logger.logMethod [as log] (utils/logger.ts:82:7)

    console.log
      [INFO] Upcoming meetings loaded { count: 2, timestamp: '2026-01-30T03:36:51.715Z' }

      at Logger.logMethod [as log] (utils/logger.ts:82:7)

    console.log
      [INFO] Upcoming meetings loaded { count: 2, timestamp: '2026-01-30T03:36:51.715Z' }

      at Logger.logMethod [as log] (utils/logger.ts:82:7)

    console.log
      [INFO] Upcoming meetings loaded { count: 2, timestamp: '2026-01-30T03:36:51.716Z' }

      at Logger.logMethod [as log] (utils/logger.ts:82:7)

    console.log
      [INFO] Upcoming meetings loaded { count: 2, timestamp: '2026-01-30T03:36:51.716Z' }

      at Logger.logMethod [as log] (utils/logger.ts:82:7)

    console.log
      [INFO] Upcoming meetings loaded { count: 2, timestamp: '2026-01-30T03:36:51.716Z' }

      at Logger.logMethod [as log] (utils/logger.ts:82:7)

    console.log
      [INFO] Upcoming meetings loaded { count: 2, timestamp: '2026-01-30T03:36:51.716Z' }

      at Logger.logMethod [as log] (utils/logger.ts:82:7)

    console.log
      [INFO] Upcoming meetings loaded { count: 2, timestamp: '2026-01-30T03:36:51.717Z' }

      at Logger.logMethod [as log] (utils/logger.ts:82:7)

    console.log
      [INFO] Upcoming meetings loaded { count: 2, timestamp: '2026-01-30T03:36:51.717Z' }

      at Logger.logMethod [as log] (utils/logger.ts:82:7)

    console.log
      [INFO] Upcoming meetings loaded { count: 2, timestamp: '2026-01-30T03:36:51.717Z' }

      at Logger.logMethod [as log] (utils/logger.ts:82:7)

    console.log
      [INFO] Upcoming meetings loaded { count: 2, timestamp: '2026-01-30T03:36:51.717Z' }

      at Logger.logMethod [as log] (utils/logger.ts:82:7)

    console.log
      [INFO] Upcoming meetings loaded { count: 2, timestamp: '2026-01-30T03:36:51.718Z' }

      at Logger.logMethod [as log] (utils/logger.ts:82:7)

    console.log
      [INFO] Upcoming meetings loaded { count: 2, timestamp: '2026-01-30T03:36:51.718Z' }

      at Logger.logMethod [as log] (utils/logger.ts:82:7)

    console.log
      [INFO] Upcoming meetings loaded { count: 2, timestamp: '2026-01-30T03:36:51.718Z' }

      at Logger.logMethod [as log] (utils/logger.ts:82:7)

    console.log
      [INFO] Upcoming meetings loaded { count: 2, timestamp: '2026-01-30T03:36:51.718Z' }

      at Logger.logMethod [as log] (utils/logger.ts:82:7)

    console.log
      [INFO] Upcoming meetings loaded { count: 2, timestamp: '2026-01-30T03:36:51.719Z' }

      at Logger.logMethod [as log] (utils/logger.ts:82:7)

    console.log
      [INFO] Upcoming meetings loaded { count: 2, timestamp: '2026-01-30T03:36:51.719Z' }

      at Logger.logMethod [as log] (utils/logger.ts:82:7)

    console.log
      [INFO] Upcoming meetings loaded { count: 2, timestamp: '2026-01-30T03:36:51.719Z' }

      at Logger.logMethod [as log] (utils/logger.ts:82:7)

    console.log
      [INFO] Upcoming meetings loaded { count: 2, timestamp: '2026-01-30T03:36:51.719Z' }

      at Logger.logMethod [as log] (utils/logger.ts:82:7)

    console.log
      [INFO] Upcoming meetings loaded { count: 2, timestamp: '2026-01-30T03:36:51.720Z' }

      at Logger.logMethod [as log] (utils/logger.ts:82:7)

    console.log
      [INFO] Upcoming meetings loaded { count: 2, timestamp: '2026-01-30T03:36:51.720Z' }

      at Logger.logMethod [as log] (utils/logger.ts:82:7)

    console.log
      [INFO] Upcoming meetings loaded { count: 2, timestamp: '2026-01-30T03:36:51.720Z' }

      at Logger.logMethod [as log] (utils/logger.ts:82:7)

    console.log
      [INFO] Upcoming meetings loaded { count: 2, timestamp: '2026-01-30T03:36:51.720Z' }

      at Logger.logMethod [as log] (utils/logger.ts:82:7)

    console.log
      [INFO] Upcoming meetings loaded { count: 2, timestamp: '2026-01-30T03:36:51.721Z' }

      at Logger.logMethod [as log] (utils/logger.ts:82:7)

    console.log
      [INFO] Upcoming meetings loaded { count: 2, timestamp: '2026-01-30T03:36:51.721Z' }

      at Logger.logMethod [as log] (utils/logger.ts:82:7)

    console.log
      [INFO] Upcoming meetings loaded { count: 2, timestamp: '2026-01-30T03:36:51.721Z' }

      at Logger.logMethod [as log] (utils/logger.ts:82:7)

    console.log
      [INFO] Upcoming meetings loaded { count: 2, timestamp: '2026-01-30T03:36:51.721Z' }

      at Logger.logMethod [as log] (utils/logger.ts:82:7)

    console.log
      [INFO] Upcoming meetings loaded { count: 2, timestamp: '2026-01-30T03:36:51.722Z' }

      at Logger.logMethod [as log] (utils/logger.ts:82:7)

    console.log
      [INFO] Upcoming meetings loaded { count: 2, timestamp: '2026-01-30T03:36:51.722Z' }

      at Logger.logMethod [as log] (utils/logger.ts:82:7)

    console.log
      [INFO] Upcoming meetings loaded { count: 2, timestamp: '2026-01-30T03:36:51.722Z' }

      at Logger.logMethod [as log] (utils/logger.ts:82:7)

    console.log
      [INFO] Upcoming meetings loaded { count: 2, timestamp: '2026-01-30T03:36:51.723Z' }

      at Logger.logMethod [as log] (utils/logger.ts:82:7)

    console.log
      [INFO] Upcoming meetings loaded { count: 2, timestamp: '2026-01-30T03:36:51.723Z' }

      at Logger.logMethod [as log] (utils/logger.ts:82:7)

    console.log
      [INFO] Upcoming meetings loaded { count: 2, timestamp: '2026-01-30T03:36:51.723Z' }

      at Logger.logMethod [as log] (utils/logger.ts:82:7)

    console.log
      [INFO] Upcoming meetings loaded { count: 2, timestamp: '2026-01-30T03:36:51.723Z' }

      at Logger.logMethod [as log] (utils/logger.ts:82:7)

    console.log
      [INFO] Upcoming meetings loaded { count: 2, timestamp: '2026-01-30T03:36:51.724Z' }

      at Logger.logMethod [as log] (utils/logger.ts:82:7)

    console.log
      [INFO] Upcoming meetings loaded { count: 2, timestamp: '2026-01-30T03:36:51.724Z' }

      at Logger.logMethod [as log] (utils/logger.ts:82:7)

    console.log
      [INFO] Upcoming meetings loaded { count: 2, timestamp: '2026-01-30T03:36:51.724Z' }

      at Logger.logMethod [as log] (utils/logger.ts:82:7)

    console.log
      [INFO] Upcoming meetings loaded { count: 2, timestamp: '2026-01-30T03:36:51.724Z' }

      at Logger.logMethod [as log] (utils/logger.ts:82:7)

    console.log
      [INFO] Upcoming meetings loaded { count: 2, timestamp: '2026-01-30T03:36:51.725Z' }

      at Logger.logMethod [as log] (utils/logger.ts:82:7)

    console.log
      [INFO] Upcoming meetings loaded { count: 2, timestamp: '2026-01-30T03:36:51.725Z' }

      at Logger.logMethod [as log] (utils/logger.ts:82:7)

    console.log
      [INFO] Upcoming meetings loaded { count: 2, timestamp: '2026-01-30T03:36:51.725Z' }

      at Logger.logMethod [as log] (utils/logger.ts:82:7)

    console.log
      [INFO] Upcoming meetings loaded { count: 2, timestamp: '2026-01-30T03:36:51.725Z' }

      at Logger.logMethod [as log] (utils/logger.ts:82:7)

    console.log
      [INFO] Upcoming meetings loaded { count: 2, timestamp: '2026-01-30T03:36:51.726Z' }

      at Logger.logMethod [as log] (utils/logger.ts:82:7)

    console.log
      [INFO] Upcoming meetings loaded { count: 2, timestamp: '2026-01-30T03:36:51.726Z' }

      at Logger.logMethod [as log] (utils/logger.ts:82:7)

    console.log
      [INFO] Upcoming meetings loaded { count: 2, timestamp: '2026-01-30T03:36:51.726Z' }

      at Logger.logMethod [as log] (utils/logger.ts:82:7)

    console.log
      [INFO] Upcoming meetings loaded { count: 2, timestamp: '2026-01-30T03:36:51.726Z' }

      at Logger.logMethod [as log] (utils/logger.ts:82:7)

    console.log
      [INFO] Upcoming meetings loaded { count: 2, timestamp: '2026-01-30T03:36:51.727Z' }

      at Logger.logMethod [as log] (utils/logger.ts:82:7)

    console.log
      [INFO] Upcoming meetings loaded { count: 2, timestamp: '2026-01-30T03:36:51.727Z' }

      at Logger.logMethod [as log] (utils/logger.ts:82:7)

    console.log
      [INFO] Upcoming meetings loaded { count: 2, timestamp: '2026-01-30T03:36:51.727Z' }

      at Logger.logMethod [as log] (utils/logger.ts:82:7)

    console.log
      [INFO] Upcoming meetings loaded { count: 2, timestamp: '2026-01-30T03:36:51.727Z' }

      at Logger.logMethod [as log] (utils/logger.ts:82:7)

    console.log
      [INFO] Upcoming meetings loaded { count: 2, timestamp: '2026-01-30T03:36:51.728Z' }

      at Logger.logMethod [as log] (utils/logger.ts:82:7)

    console.log
      [INFO] Upcoming meetings loaded { count: 2, timestamp: '2026-01-30T03:36:51.728Z' }

      at Logger.logMethod [as log] (utils/logger.ts:82:7)

    console.log
      [INFO] Upcoming meetings loaded { count: 2, timestamp: '2026-01-30T03:36:51.728Z' }

      at Logger.logMethod [as log] (utils/logger.ts:82:7)

    console.log
      [INFO] Upcoming meetings loaded { count: 2, timestamp: '2026-01-30T03:36:51.729Z' }

      at Logger.logMethod [as log] (utils/logger.ts:82:7)

    console.log
      [INFO] Upcoming meetings loaded { count: 2, timestamp: '2026-01-30T03:36:51.729Z' }

      at Logger.logMethod [as log] (utils/logger.ts:82:7)

    console.log
      [INFO] Upcoming meetings loaded { count: 2, timestamp: '2026-01-30T03:36:51.729Z' }

      at Logger.logMethod [as log] (utils/logger.ts:82:7)

    console.log
      [INFO] Upcoming meetings loaded { count: 2, timestamp: '2026-01-30T03:36:51.729Z' }

      at Logger.logMethod [as log] (utils/logger.ts:82:7)

    console.log
      [INFO] Upcoming meetings loaded { count: 2, timestamp: '2026-01-30T03:36:51.730Z' }

      at Logger.logMethod [as log] (utils/logger.ts:82:7)

    console.log
      [INFO] Upcoming meetings loaded { count: 2, timestamp: '2026-01-30T03:36:51.730Z' }

      at Logger.logMethod [as log] (utils/logger.ts:82:7)

    console.log
      [INFO] Upcoming meetings loaded { count: 2, timestamp: '2026-01-30T03:36:51.730Z' }

      at Logger.logMethod [as log] (utils/logger.ts:82:7)

    console.log
      [INFO] Upcoming meetings loaded { count: 2, timestamp: '2026-01-30T03:36:51.733Z' }

      at Logger.logMethod [as log] (utils/logger.ts:82:7)

    console.log
      [INFO] Upcoming meetings loaded { count: 2, timestamp: '2026-01-30T03:36:51.734Z' }

      at Logger.logMethod [as log] (utils/logger.ts:82:7)

    console.log
      [INFO] Upcoming meetings loaded { count: 2, timestamp: '2026-01-30T03:36:51.734Z' }

      at Logger.logMethod [as log] (utils/logger.ts:82:7)

    console.log
      [INFO] Upcoming meetings loaded { count: 2, timestamp: '2026-01-30T03:36:51.735Z' }

      at Logger.logMethod [as log] (utils/logger.ts:82:7)

    console.log
      [INFO] Upcoming meetings loaded { count: 2, timestamp: '2026-01-30T03:36:51.735Z' }

      at Logger.logMethod [as log] (utils/logger.ts:82:7)

    console.log
      [INFO] Upcoming meetings loaded { count: 2, timestamp: '2026-01-30T03:36:51.738Z' }

      at Logger.logMethod [as log] (utils/logger.ts:82:7)

    console.log
      [INFO] Upcoming meetings loaded { count: 2, timestamp: '2026-01-30T03:36:51.742Z' }

      at Logger.logMethod [as log] (utils/logger.ts:82:7)

    console.log
      [INFO] Upcoming meetings loaded { count: 2, timestamp: '2026-01-30T03:36:51.742Z' }

      at Logger.logMethod [as log] (utils/logger.ts:82:7)

    console.log
      [INFO] Upcoming meetings loaded { count: 2, timestamp: '2026-01-30T03:36:51.743Z' }

      at Logger.logMethod [as log] (utils/logger.ts:82:7)

    console.log
      [INFO] Upcoming meetings loaded { count: 2, timestamp: '2026-01-30T03:36:51.743Z' }

      at Logger.logMethod [as log] (utils/logger.ts:82:7)

    console.log
      [INFO] Upcoming meetings loaded { count: 2, timestamp: '2026-01-30T03:36:51.743Z' }

      at Logger.logMethod [as log] (utils/logger.ts:82:7)

    console.log
      [INFO] Upcoming meetings loaded { count: 2, timestamp: '2026-01-30T03:36:51.744Z' }

      at Logger.logMethod [as log] (utils/logger.ts:82:7)

    console.log
      [INFO] Upcoming meetings loaded { count: 2, timestamp: '2026-01-30T03:36:51.744Z' }

      at Logger.logMethod [as log] (utils/logger.ts:82:7)

    console.log
      [INFO] Upcoming meetings loaded { count: 2, timestamp: '2026-01-30T03:36:51.744Z' }

      at Logger.logMethod [as log] (utils/logger.ts:82:7)

    console.log
      [INFO] Upcoming meetings loaded { count: 2, timestamp: '2026-01-30T03:36:51.744Z' }

      at Logger.logMethod [as log] (utils/logger.ts:82:7)

    console.log
      [INFO] Upcoming meetings loaded { count: 2, timestamp: '2026-01-30T03:36:51.745Z' }

      at Logger.logMethod [as log] (utils/logger.ts:82:7)

    console.log
      [INFO] Upcoming meetings loaded { count: 2, timestamp: '2026-01-30T03:36:51.745Z' }

      at Logger.logMethod [as log] (utils/logger.ts:82:7)

    console.log
      [INFO] Upcoming meetings loaded { count: 2, timestamp: '2026-01-30T03:36:51.745Z' }

      at Logger.logMethod [as log] (utils/logger.ts:82:7)

    console.log
      [INFO] Upcoming meetings loaded { count: 2, timestamp: '2026-01-30T03:36:51.746Z' }

      at Logger.logMethod [as log] (utils/logger.ts:82:7)

    console.log
      [INFO] Upcoming meetings loaded { count: 2, timestamp: '2026-01-30T03:36:51.746Z' }

      at Logger.logMethod [as log] (utils/logger.ts:82:7)

    console.log
      [INFO] Upcoming meetings loaded { count: 2, timestamp: '2026-01-30T03:36:51.746Z' }

      at Logger.logMethod [as log] (utils/logger.ts:82:7)

    console.log
      [INFO] Upcoming meetings loaded { count: 2, timestamp: '2026-01-30T03:36:51.746Z' }

      at Logger.logMethod [as log] (utils/logger.ts:82:7)

    console.log
      [INFO] Upcoming meetings loaded { count: 2, timestamp: '2026-01-30T03:36:51.747Z' }

      at Logger.logMethod [as log] (utils/logger.ts:82:7)

    console.log
      [INFO] Upcoming meetings loaded { count: 2, timestamp: '2026-01-30T03:36:51.747Z' }

      at Logger.logMethod [as log] (utils/logger.ts:82:7)

    console.log
      [INFO] Upcoming meetings loaded { count: 2, timestamp: '2026-01-30T03:36:51.747Z' }

      at Logger.logMethod [as log] (utils/logger.ts:82:7)

    console.log
      [INFO] Upcoming meetings loaded { count: 2, timestamp: '2026-01-30T03:36:51.747Z' }

      at Logger.logMethod [as log] (utils/logger.ts:82:7)

    console.log
      [INFO] Upcoming meetings loaded { count: 2, timestamp: '2026-01-30T03:36:51.748Z' }

      at Logger.logMethod [as log] (utils/logger.ts:82:7)

    console.log
      [INFO] Upcoming meetings loaded { count: 2, timestamp: '2026-01-30T03:36:51.748Z' }

      at Logger.logMethod [as log] (utils/logger.ts:82:7)

    console.log
      [INFO] Upcoming meetings loaded { count: 2, timestamp: '2026-01-30T03:36:51.748Z' }

      at Logger.logMethod [as log] (utils/logger.ts:82:7)

    console.log
      [INFO] Upcoming meetings loaded { count: 2, timestamp: '2026-01-30T03:36:51.748Z' }

      at Logger.logMethod [as log] (utils/logger.ts:82:7)

    console.log
      [INFO] Upcoming meetings loaded { count: 2, timestamp: '2026-01-30T03:36:51.749Z' }

      at Logger.logMethod [as log] (utils/logger.ts:82:7)

    console.log
      [INFO] Upcoming meetings loaded { count: 2, timestamp: '2026-01-30T03:36:51.749Z' }

      at Logger.logMethod [as log] (utils/logger.ts:82:7)

    console.log
      [INFO] Upcoming meetings loaded { count: 2, timestamp: '2026-01-30T03:36:51.749Z' }

      at Logger.logMethod [as log] (utils/logger.ts:82:7)

    console.log
      [INFO] Upcoming meetings loaded { count: 2, timestamp: '2026-01-30T03:36:51.749Z' }

      at Logger.logMethod [as log] (utils/logger.ts:82:7)

    console.log
      [INFO] Upcoming meetings loaded { count: 2, timestamp: '2026-01-30T03:36:51.750Z' }

      at Logger.logMethod [as log] (utils/logger.ts:82:7)

    console.log
      [INFO] Upcoming meetings loaded { count: 2, timestamp: '2026-01-30T03:36:51.750Z' }

      at Logger.logMethod [as log] (utils/logger.ts:82:7)

    console.log
      [INFO] Upcoming meetings loaded { count: 2, timestamp: '2026-01-30T03:36:51.750Z' }

      at Logger.logMethod [as log] (utils/logger.ts:82:7)

    console.log
      [INFO] Upcoming meetings loaded { count: 2, timestamp: '2026-01-30T03:36:51.750Z' }

      at Logger.logMethod [as log] (utils/logger.ts:82:7)

    console.log
      [INFO] Upcoming meetings loaded { count: 2, timestamp: '2026-01-30T03:36:51.751Z' }

      at Logger.logMethod [as log] (utils/logger.ts:82:7)

    console.log
      [INFO] Upcoming meetings loaded { count: 2, timestamp: '2026-01-30T03:36:51.751Z' }

      at Logger.logMethod [as log] (utils/logger.ts:82:7)

    console.log
      [INFO] Upcoming meetings loaded { count: 2, timestamp: '2026-01-30T03:36:51.751Z' }

      at Logger.logMethod [as log] (utils/logger.ts:82:7)

    console.log
      [INFO] Upcoming meetings loaded { count: 2, timestamp: '2026-01-30T03:36:51.751Z' }

      at Logger.logMethod [as log] (utils/logger.ts:82:7)

    console.log
      [INFO] Upcoming meetings loaded { count: 2, timestamp: '2026-01-30T03:36:51.752Z' }

      at Logger.logMethod [as log] (utils/logger.ts:82:7)

    console.log
      [INFO] Upcoming meetings loaded { count: 2, timestamp: '2026-01-30T03:36:51.752Z' }

      at Logger.logMethod [as log] (utils/logger.ts:82:7)

    console.log
      [INFO] Upcoming meetings loaded { count: 2, timestamp: '2026-01-30T03:36:51.752Z' }

      at Logger.logMethod [as log] (utils/logger.ts:82:7)

    console.log
      [INFO] Upcoming meetings loaded { count: 2, timestamp: '2026-01-30T03:36:51.752Z' }

      at Logger.logMethod [as log] (utils/logger.ts:82:7)

    console.log
      [INFO] Upcoming meetings loaded { count: 2, timestamp: '2026-01-30T03:36:51.753Z' }

      at Logger.logMethod [as log] (utils/logger.ts:82:7)

    console.log
      [INFO] Upcoming meetings loaded { count: 2, timestamp: '2026-01-30T03:36:51.753Z' }

      at Logger.logMethod [as log] (utils/logger.ts:82:7)

    console.log
      [INFO] Upcoming meetings loaded { count: 2, timestamp: '2026-01-30T03:36:51.753Z' }

      at Logger.logMethod [as log] (utils/logger.ts:82:7)

    console.log
      [INFO] Upcoming meetings loaded { count: 2, timestamp: '2026-01-30T03:36:51.753Z' }

      at Logger.logMethod [as log] (utils/logger.ts:82:7)

    console.log
      [INFO] Upcoming meetings loaded { count: 2, timestamp: '2026-01-30T03:36:51.754Z' }

      at Logger.logMethod [as log] (utils/logger.ts:82:7)

    console.log
      [INFO] Upcoming meetings loaded { count: 2, timestamp: '2026-01-30T03:36:51.754Z' }

      at Logger.logMethod [as log] (utils/logger.ts:82:7)

    console.log
      [INFO] Upcoming meetings loaded { count: 2, timestamp: '2026-01-30T03:36:51.754Z' }

      at Logger.logMethod [as log] (utils/logger.ts:82:7)

    console.log
      [INFO] Upcoming meetings loaded { count: 2, timestamp: '2026-01-30T03:36:51.754Z' }

      at Logger.logMethod [as log] (utils/logger.ts:82:7)

    console.log
      [INFO] Upcoming meetings loaded { count: 2, timestamp: '2026-01-30T03:36:51.755Z' }

      at Logger.logMethod [as log] (utils/logger.ts:82:7)

    console.log
      [INFO] Upcoming meetings loaded { count: 2, timestamp: '2026-01-30T03:36:51.755Z' }

      at Logger.logMethod [as log] (utils/logger.ts:82:7)

    console.log
      [INFO] Upcoming meetings loaded { count: 2, timestamp: '2026-01-30T03:36:51.755Z' }

      at Logger.logMethod [as log] (utils/logger.ts:82:7)

    console.log
      [INFO] Upcoming meetings loaded { count: 2, timestamp: '2026-01-30T03:36:51.755Z' }

      at Logger.logMethod [as log] (utils/logger.ts:82:7)

    console.log
      [INFO] Upcoming meetings loaded { count: 2, timestamp: '2026-01-30T03:36:51.756Z' }

      at Logger.logMethod [as log] (utils/logger.ts:82:7)

    console.log
      [INFO] Upcoming meetings loaded { count: 2, timestamp: '2026-01-30T03:36:51.756Z' }

      at Logger.logMethod [as log] (utils/logger.ts:82:7)

    console.log
      [INFO] Upcoming meetings loaded { count: 2, timestamp: '2026-01-30T03:36:51.757Z' }

      at Logger.logMethod [as log] (utils/logger.ts:82:7)

    console.log
      [INFO] Upcoming meetings loaded { count: 2, timestamp: '2026-01-30T03:36:51.757Z' }

      at Logger.logMethod [as log] (utils/logger.ts:82:7)

    console.log
      [INFO] Upcoming meetings loaded { count: 2, timestamp: '2026-01-30T03:36:51.757Z' }

      at Logger.logMethod [as log] (utils/logger.ts:82:7)

    console.log
      [INFO] Upcoming meetings loaded { count: 2, timestamp: '2026-01-30T03:36:51.758Z' }

      at Logger.logMethod [as log] (utils/logger.ts:82:7)

    console.log
      [INFO] Upcoming meetings loaded { count: 2, timestamp: '2026-01-30T03:36:51.758Z' }

      at Logger.logMethod [as log] (utils/logger.ts:82:7)

    console.log
      [INFO] Upcoming meetings loaded { count: 2, timestamp: '2026-01-30T03:36:51.758Z' }

      at Logger.logMethod [as log] (utils/logger.ts:82:7)

    console.log
      [INFO] Upcoming meetings loaded { count: 2, timestamp: '2026-01-30T03:36:51.758Z' }

      at Logger.logMethod [as log] (utils/logger.ts:82:7)

    console.log
      [INFO] Upcoming meetings loaded { count: 2, timestamp: '2026-01-30T03:36:51.759Z' }

      at Logger.logMethod [as log] (utils/logger.ts:82:7)

    console.log
      [INFO] Upcoming meetings loaded { count: 2, timestamp: '2026-01-30T03:36:51.759Z' }

      at Logger.logMethod [as log] (utils/logger.ts:82:7)

    console.log
      [INFO] Upcoming meetings loaded { count: 2, timestamp: '2026-01-30T03:36:51.759Z' }

      at Logger.logMethod [as log] (utils/logger.ts:82:7)

    console.log
      [INFO] Upcoming meetings loaded { count: 2, timestamp: '2026-01-30T03:36:51.759Z' }

      at Logger.logMethod [as log] (utils/logger.ts:82:7)

    console.log
      [INFO] Upcoming meetings loaded { count: 2, timestamp: '2026-01-30T03:36:51.760Z' }

      at Logger.logMethod [as log] (utils/logger.ts:82:7)

    console.log
      [INFO] Upcoming meetings loaded { count: 2, timestamp: '2026-01-30T03:36:51.760Z' }

      at Logger.logMethod [as log] (utils/logger.ts:82:7)

    console.log
      [INFO] Upcoming meetings loaded { count: 2, timestamp: '2026-01-30T03:36:51.760Z' }

      at Logger.logMethod [as log] (utils/logger.ts:82:7)

    console.log
      [INFO] Upcoming meetings loaded { count: 2, timestamp: '2026-01-30T03:36:51.760Z' }

      at Logger.logMethod [as log] (utils/logger.ts:82:7)

    console.log
      [INFO] Upcoming meetings loaded { count: 2, timestamp: '2026-01-30T03:36:51.761Z' }

      at Logger.logMethod [as log] (utils/logger.ts:82:7)

    console.log
      [INFO] Upcoming meetings loaded { count: 2, timestamp: '2026-01-30T03:36:51.761Z' }

      at Logger.logMethod [as log] (utils/logger.ts:82:7)

    console.log
      [INFO] Upcoming meetings loaded { count: 2, timestamp: '2026-01-30T03:36:51.761Z' }

      at Logger.logMethod [as log] (utils/logger.ts:82:7)

    console.log
      [INFO] Upcoming meetings loaded { count: 2, timestamp: '2026-01-30T03:36:51.761Z' }

      at Logger.logMethod [as log] (utils/logger.ts:82:7)

    console.log
      [INFO] Upcoming meetings loaded { count: 2, timestamp: '2026-01-30T03:36:51.762Z' }

      at Logger.logMethod [as log] (utils/logger.ts:82:7)

    console.log
      [INFO] Upcoming meetings loaded { count: 2, timestamp: '2026-01-30T03:36:51.762Z' }

      at Logger.logMethod [as log] (utils/logger.ts:82:7)

    console.log
      [INFO] Upcoming meetings loaded { count: 2, timestamp: '2026-01-30T03:36:51.762Z' }

      at Logger.logMethod [as log] (utils/logger.ts:82:7)

    console.log
      [INFO] Upcoming meetings loaded { count: 2, timestamp: '2026-01-30T03:36:51.763Z' }

      at Logger.logMethod [as log] (utils/logger.ts:82:7)

    console.log
      [INFO] Upcoming meetings loaded { count: 2, timestamp: '2026-01-30T03:36:51.763Z' }

      at Logger.logMethod [as log] (utils/logger.ts:82:7)

    console.log
      [INFO] Upcoming meetings loaded { count: 2, timestamp: '2026-01-30T03:36:51.763Z' }

      at Logger.logMethod [as log] (utils/logger.ts:82:7)

    console.log
      [INFO] Upcoming meetings loaded { count: 2, timestamp: '2026-01-30T03:36:51.763Z' }

      at Logger.logMethod [as log] (utils/logger.ts:82:7)

    console.log
      [INFO] Upcoming meetings loaded { count: 2, timestamp: '2026-01-30T03:36:51.764Z' }

      at Logger.logMethod [as log] (utils/logger.ts:82:7)

    console.log
      [INFO] Upcoming meetings loaded { count: 2, timestamp: '2026-01-30T03:36:51.764Z' }

      at Logger.logMethod [as log] (utils/logger.ts:82:7)

    console.log
      [INFO] Upcoming meetings loaded { count: 2, timestamp: '2026-01-30T03:36:51.764Z' }

      at Logger.logMethod [as log] (utils/logger.ts:82:7)

    console.log
      [INFO] Upcoming meetings loaded { count: 2, timestamp: '2026-01-30T03:36:51.764Z' }

      at Logger.logMethod [as log] (utils/logger.ts:82:7)

    console.log
      [INFO] Upcoming meetings loaded { count: 2, timestamp: '2026-01-30T03:36:51.765Z' }

      at Logger.logMethod [as log] (utils/logger.ts:82:7)

    console.log
      [INFO] Upcoming meetings loaded { count: 2, timestamp: '2026-01-30T03:36:51.765Z' }

      at Logger.logMethod [as log] (utils/logger.ts:82:7)

    console.log
      [INFO] Upcoming meetings loaded { count: 2, timestamp: '2026-01-30T03:36:51.765Z' }

      at Logger.logMethod [as log] (utils/logger.ts:82:7)

    console.log
      [INFO] Upcoming meetings loaded { count: 2, timestamp: '2026-01-30T03:36:51.765Z' }

      at Logger.logMethod [as log] (utils/logger.ts:82:7)

    console.log
      [INFO] Upcoming meetings loaded { count: 2, timestamp: '2026-01-30T03:36:51.766Z' }

      at Logger.logMethod [as log] (utils/logger.ts:82:7)

    console.log
      [INFO] Upcoming meetings loaded { count: 2, timestamp: '2026-01-30T03:36:51.766Z' }

      at Logger.logMethod [as log] (utils/logger.ts:82:7)

    console.log
      [INFO] Upcoming meetings loaded { count: 2, timestamp: '2026-01-30T03:36:51.766Z' }

      at Logger.logMethod [as log] (utils/logger.ts:82:7)

    console.log
      [INFO] Upcoming meetings loaded { count: 2, timestamp: '2026-01-30T03:36:51.766Z' }

      at Logger.logMethod [as log] (utils/logger.ts:82:7)

    console.log
      [INFO] Upcoming meetings loaded { count: 2, timestamp: '2026-01-30T03:36:51.767Z' }

      at Logger.logMethod [as log] (utils/logger.ts:82:7)

    console.log
      [INFO] Upcoming meetings loaded { count: 2, timestamp: '2026-01-30T03:36:51.767Z' }

      at Logger.logMethod [as log] (utils/logger.ts:82:7)

    console.log
      [INFO] Upcoming meetings loaded { count: 2, timestamp: '2026-01-30T03:36:51.767Z' }

      at Logger.logMethod [as log] (utils/logger.ts:82:7)

    console.log
      [INFO] Upcoming meetings loaded { count: 2, timestamp: '2026-01-30T03:36:51.767Z' }

      at Logger.logMethod [as log] (utils/logger.ts:82:7)

    console.log
      [INFO] Upcoming meetings loaded { count: 2, timestamp: '2026-01-30T03:36:51.768Z' }

      at Logger.logMethod [as log] (utils/logger.ts:82:7)

    console.log
      [INFO] Upcoming meetings loaded { count: 2, timestamp: '2026-01-30T03:36:51.768Z' }

      at Logger.logMethod [as log] (utils/logger.ts:82:7)

    console.log
      [INFO] Upcoming meetings loaded { count: 2, timestamp: '2026-01-30T03:36:51.768Z' }

      at Logger.logMethod [as log] (utils/logger.ts:82:7)

    console.log
      [INFO] Upcoming meetings loaded { count: 2, timestamp: '2026-01-30T03:36:51.768Z' }

      at Logger.logMethod [as log] (utils/logger.ts:82:7)

    console.log
      [INFO] Upcoming meetings loaded { count: 2, timestamp: '2026-01-30T03:36:51.769Z' }

      at Logger.logMethod [as log] (utils/logger.ts:82:7)

    console.log
      [INFO] Upcoming meetings loaded { count: 2, timestamp: '2026-01-30T03:36:51.769Z' }

      at Logger.logMethod [as log] (utils/logger.ts:82:7)

    console.log
      [INFO] Upcoming meetings loaded { count: 2, timestamp: '2026-01-30T03:36:51.769Z' }

      at Logger.logMethod [as log] (utils/logger.ts:82:7)

    console.log
      [INFO] Upcoming meetings loaded { count: 2, timestamp: '2026-01-30T03:36:51.770Z' }

      at Logger.logMethod [as log] (utils/logger.ts:82:7)

    console.log
      [INFO] Upcoming meetings loaded { count: 2, timestamp: '2026-01-30T03:36:51.770Z' }

      at Logger.logMethod [as log] (utils/logger.ts:82:7)

    console.log
      [INFO] Upcoming meetings loaded { count: 2, timestamp: '2026-01-30T03:36:51.770Z' }

      at Logger.logMethod [as log] (utils/logger.ts:82:7)

    console.log
      [INFO] Upcoming meetings loaded { count: 2, timestamp: '2026-01-30T03:36:51.770Z' }

      at Logger.logMethod [as log] (utils/logger.ts:82:7)

    console.log
      [INFO] Upcoming meetings loaded { count: 2, timestamp: '2026-01-30T03:36:51.771Z' }

      at Logger.logMethod [as log] (utils/logger.ts:82:7)

    console.log
      [INFO] Upcoming meetings loaded { count: 2, timestamp: '2026-01-30T03:36:51.771Z' }

      at Logger.logMethod [as log] (utils/logger.ts:82:7)

    console.log
      [INFO] Upcoming meetings loaded { count: 2, timestamp: '2026-01-30T03:36:51.771Z' }

      at Logger.logMethod [as log] (utils/logger.ts:82:7)

    console.log
      [INFO] Upcoming meetings loaded { count: 2, timestamp: '2026-01-30T03:36:51.771Z' }

      at Logger.logMethod [as log] (utils/logger.ts:82:7)

    console.log
      [INFO] Upcoming meetings loaded { count: 2, timestamp: '2026-01-30T03:36:51.772Z' }

      at Logger.logMethod [as log] (utils/logger.ts:82:7)

    console.log
      [INFO] Upcoming meetings loaded { count: 2, timestamp: '2026-01-30T03:36:51.772Z' }

      at Logger.logMethod [as log] (utils/logger.ts:82:7)

    console.log
      [INFO] Upcoming meetings loaded { count: 2, timestamp: '2026-01-30T03:36:51.772Z' }

      at Logger.logMethod [as log] (utils/logger.ts:82:7)

    console.log
      [INFO] Upcoming meetings loaded { count: 2, timestamp: '2026-01-30T03:36:51.772Z' }

      at Logger.logMethod [as log] (utils/logger.ts:82:7)

    console.log
      [INFO] Upcoming meetings loaded { count: 2, timestamp: '2026-01-30T03:36:51.773Z' }

      at Logger.logMethod [as log] (utils/logger.ts:82:7)

    console.log
      [INFO] Upcoming meetings loaded { count: 2, timestamp: '2026-01-30T03:36:51.773Z' }

      at Logger.logMethod [as log] (utils/logger.ts:82:7)

    console.log
      [INFO] Upcoming meetings loaded { count: 2, timestamp: '2026-01-30T03:36:51.773Z' }

      at Logger.logMethod [as log] (utils/logger.ts:82:7)

    console.log
      [INFO] Upcoming meetings loaded { count: 2, timestamp: '2026-01-30T03:36:51.774Z' }

      at Logger.logMethod [as log] (utils/logger.ts:82:7)

    console.log
      [INFO] Upcoming meetings loaded { count: 2, timestamp: '2026-01-30T03:36:51.774Z' }

      at Logger.logMethod [as log] (utils/logger.ts:82:7)

    console.log
      [INFO] Upcoming meetings loaded { count: 2, timestamp: '2026-01-30T03:36:51.774Z' }

      at Logger.logMethod [as log] (utils/logger.ts:82:7)

    console.log
      [INFO] Upcoming meetings loaded { count: 2, timestamp: '2026-01-30T03:36:51.774Z' }

      at Logger.logMethod [as log] (utils/logger.ts:82:7)

    console.log
      [INFO] Upcoming meetings loaded { count: 2, timestamp: '2026-01-30T03:36:51.775Z' }

      at Logger.logMethod [as log] (utils/logger.ts:82:7)

    console.log
      [INFO] Upcoming meetings loaded { count: 2, timestamp: '2026-01-30T03:36:51.775Z' }

      at Logger.logMethod [as log] (utils/logger.ts:82:7)

    console.log
      [INFO] Upcoming meetings loaded { count: 2, timestamp: '2026-01-30T03:36:51.775Z' }

      at Logger.logMethod [as log] (utils/logger.ts:82:7)

    console.log
      [INFO] Upcoming meetings loaded { count: 2, timestamp: '2026-01-30T03:36:51.775Z' }

      at Logger.logMethod [as log] (utils/logger.ts:82:7)

    console.log
      [INFO] Upcoming meetings loaded { count: 2, timestamp: '2026-01-30T03:36:51.776Z' }

      at Logger.logMethod [as log] (utils/logger.ts:82:7)

    console.log
      [INFO] Upcoming meetings loaded { count: 2, timestamp: '2026-01-30T03:36:51.776Z' }

      at Logger.logMethod [as log] (utils/logger.ts:82:7)

    console.log
      [INFO] Upcoming meetings loaded { count: 2, timestamp: '2026-01-30T03:36:51.776Z' }

      at Logger.logMethod [as log] (utils/logger.ts:82:7)

    console.log
      [INFO] Upcoming meetings loaded { count: 2, timestamp: '2026-01-30T03:36:51.776Z' }

      at Logger.logMethod [as log] (utils/logger.ts:82:7)

    console.log
      [INFO] Upcoming meetings loaded { count: 2, timestamp: '2026-01-30T03:36:51.777Z' }

      at Logger.logMethod [as log] (utils/logger.ts:82:7)

    console.log
      [INFO] Upcoming meetings loaded { count: 2, timestamp: '2026-01-30T03:36:51.777Z' }

      at Logger.logMethod [as log] (utils/logger.ts:82:7)

    console.log
      [INFO] Upcoming meetings loaded { count: 2, timestamp: '2026-01-30T03:36:51.777Z' }

      at Logger.logMethod [as log] (utils/logger.ts:82:7)

    console.log
      [INFO] Upcoming meetings loaded { count: 2, timestamp: '2026-01-30T03:36:51.777Z' }

      at Logger.logMethod [as log] (utils/logger.ts:82:7)

    console.log
      [INFO] Upcoming meetings loaded { count: 2, timestamp: '2026-01-30T03:36:51.778Z' }

      at Logger.logMethod [as log] (utils/logger.ts:82:7)

    console.log
      [INFO] Upcoming meetings loaded { count: 2, timestamp: '2026-01-30T03:36:51.778Z' }

      at Logger.logMethod [as log] (utils/logger.ts:82:7)

    console.log
      [INFO] Upcoming meetings loaded { count: 2, timestamp: '2026-01-30T03:36:51.778Z' }

      at Logger.logMethod [as log] (utils/logger.ts:82:7)

    console.log
      [INFO] Upcoming meetings loaded { count: 2, timestamp: '2026-01-30T03:36:51.779Z' }

      at Logger.logMethod [as log] (utils/logger.ts:82:7)

    console.log
      [INFO] Upcoming meetings loaded { count: 2, timestamp: '2026-01-30T03:36:51.779Z' }

      at Logger.logMethod [as log] (utils/logger.ts:82:7)

    console.log
      [INFO] Upcoming meetings loaded { count: 2, timestamp: '2026-01-30T03:36:51.779Z' }

      at Logger.logMethod [as log] (utils/logger.ts:82:7)

    console.log
      [INFO] Upcoming meetings loaded { count: 2, timestamp: '2026-01-30T03:36:51.779Z' }

      at Logger.logMethod [as log] (utils/logger.ts:82:7)

    console.log
      [INFO] Upcoming meetings loaded { count: 2, timestamp: '2026-01-30T03:36:51.780Z' }

      at Logger.logMethod [as log] (utils/logger.ts:82:7)

    console.log
      [INFO] Upcoming meetings loaded { count: 2, timestamp: '2026-01-30T03:36:51.780Z' }

      at Logger.logMethod [as log] (utils/logger.ts:82:7)

    console.log
      [INFO] Upcoming meetings loaded { count: 2, timestamp: '2026-01-30T03:36:51.780Z' }

      at Logger.logMethod [as log] (utils/logger.ts:82:7)

    console.log
      [INFO] Upcoming meetings loaded { count: 2, timestamp: '2026-01-30T03:36:51.780Z' }

      at Logger.logMethod [as log] (utils/logger.ts:82:7)

    console.log
      [INFO] Upcoming meetings loaded { count: 2, timestamp: '2026-01-30T03:36:51.781Z' }

      at Logger.logMethod [as log] (utils/logger.ts:82:7)

    console.log
      [INFO] Upcoming meetings loaded { count: 2, timestamp: '2026-01-30T03:36:51.781Z' }

      at Logger.logMethod [as log] (utils/logger.ts:82:7)

    console.log
      [INFO] Upcoming meetings loaded { count: 2, timestamp: '2026-01-30T03:36:51.781Z' }

      at Logger.logMethod [as log] (utils/logger.ts:82:7)

    console.log
      [INFO] Upcoming meetings loaded { count: 2, timestamp: '2026-01-30T03:36:51.781Z' }

      at Logger.logMethod [as log] (utils/logger.ts:82:7)

    console.log
      [INFO] Upcoming meetings loaded { count: 2, timestamp: '2026-01-30T03:36:51.782Z' }

      at Logger.logMethod [as log] (utils/logger.ts:82:7)

    console.log
      [INFO] Upcoming meetings loaded { count: 2, timestamp: '2026-01-30T03:36:51.782Z' }

      at Logger.logMethod [as log] (utils/logger.ts:82:7)

    console.log
      [INFO] Upcoming meetings loaded { count: 2, timestamp: '2026-01-30T03:36:51.782Z' }

      at Logger.logMethod [as log] (utils/logger.ts:82:7)

    console.log
      [INFO] Upcoming meetings loaded { count: 2, timestamp: '2026-01-30T03:36:51.782Z' }

      at Logger.logMethod [as log] (utils/logger.ts:82:7)

    console.log
      [INFO] Upcoming meetings loaded { count: 2, timestamp: '2026-01-30T03:36:51.783Z' }

      at Logger.logMethod [as log] (utils/logger.ts:82:7)

    console.log
      [INFO] Upcoming meetings loaded { count: 2, timestamp: '2026-01-30T03:36:51.783Z' }

      at Logger.logMethod [as log] (utils/logger.ts:82:7)

    console.log
      [INFO] Upcoming meetings loaded { count: 2, timestamp: '2026-01-30T03:36:51.783Z' }

      at Logger.logMethod [as log] (utils/logger.ts:82:7)

    console.log
      [INFO] Upcoming meetings loaded { count: 2, timestamp: '2026-01-30T03:36:51.783Z' }

      at Logger.logMethod [as log] (utils/logger.ts:82:7)

    console.log
      [INFO] Upcoming meetings loaded { count: 2, timestamp: '2026-01-30T03:36:51.784Z' }

      at Logger.logMethod [as log] (utils/logger.ts:82:7)

    console.log
      [INFO] Upcoming meetings loaded { count: 2, timestamp: '2026-01-30T03:36:51.784Z' }

      at Logger.logMethod [as log] (utils/logger.ts:82:7)

    console.log
      [INFO] Upcoming meetings loaded { count: 2, timestamp: '2026-01-30T03:36:51.784Z' }

      at Logger.logMethod [as log] (utils/logger.ts:82:7)

    console.log
      [INFO] Upcoming meetings loaded { count: 2, timestamp: '2026-01-30T03:36:51.784Z' }

      at Logger.logMethod [as log] (utils/logger.ts:82:7)

    console.log
      [INFO] Upcoming meetings loaded { count: 2, timestamp: '2026-01-30T03:36:51.785Z' }

      at Logger.logMethod [as log] (utils/logger.ts:82:7)

    console.log
      [INFO] Upcoming meetings loaded { count: 2, timestamp: '2026-01-30T03:36:51.785Z' }

      at Logger.logMethod [as log] (utils/logger.ts:82:7)

    console.log
      [INFO] Upcoming meetings loaded { count: 2, timestamp: '2026-01-30T03:36:51.785Z' }

      at Logger.logMethod [as log] (utils/logger.ts:82:7)

    console.log
      [INFO] Upcoming meetings loaded { count: 2, timestamp: '2026-01-30T03:36:51.785Z' }

      at Logger.logMethod [as log] (utils/logger.ts:82:7)

    console.log
      [INFO] Upcoming meetings loaded { count: 2, timestamp: '2026-01-30T03:36:51.786Z' }

      at Logger.logMethod [as log] (utils/logger.ts:82:7)

    console.log
      [INFO] Upcoming meetings loaded { count: 2, timestamp: '2026-01-30T03:36:51.786Z' }

      at Logger.logMethod [as log] (utils/logger.ts:82:7)

    console.log
      [INFO] Upcoming meetings loaded { count: 2, timestamp: '2026-01-30T03:36:51.786Z' }

      at Logger.logMethod [as log] (utils/logger.ts:82:7)

    console.log
      [INFO] Upcoming meetings loaded { count: 2, timestamp: '2026-01-30T03:36:51.786Z' }

      at Logger.logMethod [as log] (utils/logger.ts:82:7)

    console.log
      [INFO] Upcoming meetings loaded { count: 2, timestamp: '2026-01-30T03:36:51.787Z' }

      at Logger.logMethod [as log] (utils/logger.ts:82:7)

    console.log
      [INFO] Upcoming meetings loaded { count: 2, timestamp: '2026-01-30T03:36:51.787Z' }

      at Logger.logMethod [as log] (utils/logger.ts:82:7)

    console.log
      [INFO] Upcoming meetings loaded { count: 2, timestamp: '2026-01-30T03:36:51.787Z' }

      at Logger.logMethod [as log] (utils/logger.ts:82:7)

    console.log
      [INFO] Upcoming meetings loaded { count: 2, timestamp: '2026-01-30T03:36:51.787Z' }

      at Logger.logMethod [as log] (utils/logger.ts:82:7)

    console.log
      [INFO] Upcoming meetings loaded { count: 2, timestamp: '2026-01-30T03:36:51.788Z' }

      at Logger.logMethod [as log] (utils/logger.ts:82:7)

    console.log
      [INFO] Upcoming meetings loaded { count: 2, timestamp: '2026-01-30T03:36:51.789Z' }

      at Logger.logMethod [as log] (utils/logger.ts:82:7)

    console.log
      [INFO] Upcoming meetings loaded { count: 2, timestamp: '2026-01-30T03:36:51.789Z' }

      at Logger.logMethod [as log] (utils/logger.ts:82:7)

    console.log
      [INFO] Upcoming meetings loaded { count: 2, timestamp: '2026-01-30T03:36:51.792Z' }

      at Logger.logMethod [as log] (utils/logger.ts:82:7)

    console.log
      [INFO] Upcoming meetings loaded { count: 2, timestamp: '2026-01-30T03:36:51.797Z' }

      at Logger.logMethod [as log] (utils/logger.ts:82:7)

    console.log
      [INFO] Upcoming meetings loaded { count: 2, timestamp: '2026-01-30T03:36:51.798Z' }

      at Logger.logMethod [as log] (utils/logger.ts:82:7)

    console.log
      [INFO] Upcoming meetings loaded { count: 2, timestamp: '2026-01-30T03:36:51.798Z' }

      at Logger.logMethod [as log] (utils/logger.ts:82:7)

    console.log
      [INFO] Upcoming meetings loaded { count: 2, timestamp: '2026-01-30T03:36:51.798Z' }

      at Logger.logMethod [as log] (utils/logger.ts:82:7)

    console.log
      [INFO] Upcoming meetings loaded { count: 2, timestamp: '2026-01-30T03:36:51.798Z' }

      at Logger.logMethod [as log] (utils/logger.ts:82:7)

    console.log
      [INFO] Upcoming meetings loaded { count: 2, timestamp: '2026-01-30T03:36:51.799Z' }

      at Logger.logMethod [as log] (utils/logger.ts:82:7)

    console.log
      [INFO] Upcoming meetings loaded { count: 2, timestamp: '2026-01-30T03:36:51.799Z' }

      at Logger.logMethod [as log] (utils/logger.ts:82:7)

    console.log
      [INFO] Upcoming meetings loaded { count: 2, timestamp: '2026-01-30T03:36:51.799Z' }

      at Logger.logMethod [as log] (utils/logger.ts:82:7)

    console.log
      [INFO] Upcoming meetings loaded { count: 2, timestamp: '2026-01-30T03:36:51.799Z' }

      at Logger.logMethod [as log] (utils/logger.ts:82:7)

    console.log
      [INFO] Upcoming meetings loaded { count: 2, timestamp: '2026-01-30T03:36:51.800Z' }

      at Logger.logMethod [as log] (utils/logger.ts:82:7)

    console.log
      [INFO] Upcoming meetings loaded { count: 2, timestamp: '2026-01-30T03:36:51.800Z' }

      at Logger.logMethod [as log] (utils/logger.ts:82:7)

    console.log
      [INFO] Upcoming meetings loaded { count: 2, timestamp: '2026-01-30T03:36:51.800Z' }

      at Logger.logMethod [as log] (utils/logger.ts:82:7)

    console.log
      [INFO] Upcoming meetings loaded { count: 2, timestamp: '2026-01-30T03:36:51.800Z' }

      at Logger.logMethod [as log] (utils/logger.ts:82:7)

    console.log
      [INFO] Upcoming meetings loaded { count: 2, timestamp: '2026-01-30T03:36:51.801Z' }

      at Logger.logMethod [as log] (utils/logger.ts:82:7)

    console.log
      [INFO] Upcoming meetings loaded { count: 2, timestamp: '2026-01-30T03:36:51.801Z' }

      at Logger.logMethod [as log] (utils/logger.ts:82:7)

    console.log
      [INFO] Upcoming meetings loaded { count: 2, timestamp: '2026-01-30T03:36:51.801Z' }

      at Logger.logMethod [as log] (utils/logger.ts:82:7)

    console.log
      [INFO] Upcoming meetings loaded { count: 2, timestamp: '2026-01-30T03:36:51.801Z' }

      at Logger.logMethod [as log] (utils/logger.ts:82:7)

    console.log
      [INFO] Upcoming meetings loaded { count: 2, timestamp: '2026-01-30T03:36:51.802Z' }

      at Logger.logMethod [as log] (utils/logger.ts:82:7)

    console.log
      [INFO] Upcoming meetings loaded { count: 2, timestamp: '2026-01-30T03:36:51.802Z' }

      at Logger.logMethod [as log] (utils/logger.ts:82:7)

    console.log
      [INFO] Upcoming meetings loaded { count: 2, timestamp: '2026-01-30T03:36:51.802Z' }

      at Logger.logMethod [as log] (utils/logger.ts:82:7)

    console.log
      [INFO] Upcoming meetings loaded { count: 2, timestamp: '2026-01-30T03:36:51.802Z' }

      at Logger.logMethod [as log] (utils/logger.ts:82:7)

    console.log
      [INFO] Upcoming meetings loaded { count: 2, timestamp: '2026-01-30T03:36:51.803Z' }

      at Logger.logMethod [as log] (utils/logger.ts:82:7)

    console.log
      [INFO] Upcoming meetings loaded { count: 2, timestamp: '2026-01-30T03:36:51.803Z' }

      at Logger.logMethod [as log] (utils/logger.ts:82:7)

    console.log
      [INFO] Upcoming meetings loaded { count: 2, timestamp: '2026-01-30T03:36:51.803Z' }

      at Logger.logMethod [as log] (utils/logger.ts:82:7)

    console.log
      [INFO] Upcoming meetings loaded { count: 2, timestamp: '2026-01-30T03:36:51.803Z' }

      at Logger.logMethod [as log] (utils/logger.ts:82:7)

    console.log
      [INFO] Upcoming meetings loaded { count: 2, timestamp: '2026-01-30T03:36:51.804Z' }

      at Logger.logMethod [as log] (utils/logger.ts:82:7)

    console.log
      [INFO] Upcoming meetings loaded { count: 2, timestamp: '2026-01-30T03:36:51.804Z' }

      at Logger.logMethod [as log] (utils/logger.ts:82:7)

    console.log
      [INFO] Upcoming meetings loaded { count: 2, timestamp: '2026-01-30T03:36:51.804Z' }

      at Logger.logMethod [as log] (utils/logger.ts:82:7)

    console.log
      [INFO] Upcoming meetings loaded { count: 2, timestamp: '2026-01-30T03:36:51.804Z' }

      at Logger.logMethod [as log] (utils/logger.ts:82:7)

    console.log
      [INFO] Upcoming meetings loaded { count: 2, timestamp: '2026-01-30T03:36:51.805Z' }

      at Logger.logMethod [as log] (utils/logger.ts:82:7)

    console.log
      [INFO] Upcoming meetings loaded { count: 2, timestamp: '2026-01-30T03:36:51.805Z' }

      at Logger.logMethod [as log] (utils/logger.ts:82:7)

    console.log
      [INFO] Upcoming meetings loaded { count: 2, timestamp: '2026-01-30T03:36:51.805Z' }

      at Logger.logMethod [as log] (utils/logger.ts:82:7)

    console.log
      [INFO] Upcoming meetings loaded { count: 2, timestamp: '2026-01-30T03:36:51.805Z' }

      at Logger.logMethod [as log] (utils/logger.ts:82:7)

    console.log
      [INFO] Upcoming meetings loaded { count: 2, timestamp: '2026-01-30T03:36:51.806Z' }

      at Logger.logMethod [as log] (utils/logger.ts:82:7)

    console.log
      [INFO] Upcoming meetings loaded { count: 2, timestamp: '2026-01-30T03:36:51.806Z' }

      at Logger.logMethod [as log] (utils/logger.ts:82:7)

    console.log
      [INFO] Upcoming meetings loaded { count: 2, timestamp: '2026-01-30T03:36:51.806Z' }

      at Logger.logMethod [as log] (utils/logger.ts:82:7)

    console.log
      [INFO] Upcoming meetings loaded { count: 2, timestamp: '2026-01-30T03:36:51.807Z' }

      at Logger.logMethod [as log] (utils/logger.ts:82:7)

    console.log
      [INFO] Upcoming meetings loaded { count: 2, timestamp: '2026-01-30T03:36:51.807Z' }

      at Logger.logMethod [as log] (utils/logger.ts:82:7)

    console.log
      [INFO] Upcoming meetings loaded { count: 2, timestamp: '2026-01-30T03:36:51.807Z' }

      at Logger.logMethod [as log] (utils/logger.ts:82:7)

    console.log
      [INFO] Upcoming meetings loaded { count: 2, timestamp: '2026-01-30T03:36:51.807Z' }

      at Logger.logMethod [as log] (utils/logger.ts:82:7)

    console.log
      [INFO] Upcoming meetings loaded { count: 2, timestamp: '2026-01-30T03:36:51.808Z' }

      at Logger.logMethod [as log] (utils/logger.ts:82:7)

    console.log
      [INFO] Upcoming meetings loaded { count: 2, timestamp: '2026-01-30T03:36:51.808Z' }

      at Logger.logMethod [as log] (utils/logger.ts:82:7)

    console.log
      [INFO] Upcoming meetings loaded { count: 2, timestamp: '2026-01-30T03:36:51.808Z' }

      at Logger.logMethod [as log] (utils/logger.ts:82:7)

    console.log
      [INFO] Upcoming meetings loaded { count: 2, timestamp: '2026-01-30T03:36:51.808Z' }

      at Logger.logMethod [as log] (utils/logger.ts:82:7)

    console.log
      [INFO] Upcoming meetings loaded { count: 2, timestamp: '2026-01-30T03:36:51.809Z' }

      at Logger.logMethod [as log] (utils/logger.ts:82:7)

    console.log
      [INFO] Upcoming meetings loaded { count: 2, timestamp: '2026-01-30T03:36:51.809Z' }

      at Logger.logMethod [as log] (utils/logger.ts:82:7)

    console.log
      [INFO] Upcoming meetings loaded { count: 2, timestamp: '2026-01-30T03:36:51.809Z' }

      at Logger.logMethod [as log] (utils/logger.ts:82:7)

    console.log
      [INFO] Upcoming meetings loaded { count: 2, timestamp: '2026-01-30T03:36:51.809Z' }

      at Logger.logMethod [as log] (utils/logger.ts:82:7)

    console.log
      [INFO] Upcoming meetings loaded { count: 2, timestamp: '2026-01-30T03:36:51.810Z' }

      at Logger.logMethod [as log] (utils/logger.ts:82:7)

    console.log
      [INFO] Upcoming meetings loaded { count: 2, timestamp: '2026-01-30T03:36:51.810Z' }

      at Logger.logMethod [as log] (utils/logger.ts:82:7)

    console.log
      [INFO] Upcoming meetings loaded { count: 2, timestamp: '2026-01-30T03:36:51.810Z' }

      at Logger.logMethod [as log] (utils/logger.ts:82:7)

    console.log
      [INFO] Upcoming meetings loaded { count: 2, timestamp: '2026-01-30T03:36:51.810Z' }

      at Logger.logMethod [as log] (utils/logger.ts:82:7)

    console.log
      [INFO] Upcoming meetings loaded { count: 2, timestamp: '2026-01-30T03:36:51.811Z' }

      at Logger.logMethod [as log] (utils/logger.ts:82:7)

    console.log
      [INFO] Upcoming meetings loaded { count: 2, timestamp: '2026-01-30T03:36:51.811Z' }

      at Logger.logMethod [as log] (utils/logger.ts:82:7)

    console.log
      [INFO] Upcoming meetings loaded { count: 2, timestamp: '2026-01-30T03:36:51.811Z' }

      at Logger.logMethod [as log] (utils/logger.ts:82:7)

    console.log
      [INFO] Upcoming meetings loaded { count: 2, timestamp: '2026-01-30T03:36:51.812Z' }

      at Logger.logMethod [as log] (utils/logger.ts:82:7)

    console.log
      [INFO] Upcoming meetings loaded { count: 2, timestamp: '2026-01-30T03:36:51.812Z' }

      at Logger.logMethod [as log] (utils/logger.ts:82:7)

    console.log
      [INFO] Upcoming meetings loaded { count: 2, timestamp: '2026-01-30T03:36:51.812Z' }

      at Logger.logMethod [as log] (utils/logger.ts:82:7)

    console.log
      [INFO] Upcoming meetings loaded { count: 2, timestamp: '2026-01-30T03:36:51.812Z' }

      at Logger.logMethod [as log] (utils/logger.ts:82:7)

    console.log
      [INFO] Upcoming meetings loaded { count: 2, timestamp: '2026-01-30T03:36:51.813Z' }

      at Logger.logMethod [as log] (utils/logger.ts:82:7)

    console.log
      [INFO] Upcoming meetings loaded { count: 2, timestamp: '2026-01-30T03:36:51.813Z' }

      at Logger.logMethod [as log] (utils/logger.ts:82:7)

    console.log
      [INFO] Upcoming meetings loaded { count: 2, timestamp: '2026-01-30T03:36:51.813Z' }

      at Logger.logMethod [as log] (utils/logger.ts:82:7)

    console.log
      [INFO] Upcoming meetings loaded { count: 2, timestamp: '2026-01-30T03:36:51.813Z' }

      at Logger.logMethod [as log] (utils/logger.ts:82:7)

    console.log
      [INFO] Upcoming meetings loaded { count: 2, timestamp: '2026-01-30T03:36:51.814Z' }

      at Logger.logMethod [as log] (utils/logger.ts:82:7)

    console.log
      [INFO] Upcoming meetings loaded { count: 2, timestamp: '2026-01-30T03:36:51.814Z' }

      at Logger.logMethod [as log] (utils/logger.ts:82:7)

    console.log
      [INFO] Upcoming meetings loaded { count: 2, timestamp: '2026-01-30T03:36:51.814Z' }

      at Logger.logMethod [as log] (utils/logger.ts:82:7)

    console.log
      [INFO] Upcoming meetings loaded { count: 2, timestamp: '2026-01-30T03:36:51.814Z' }

      at Logger.logMethod [as log] (utils/logger.ts:82:7)

    console.log
      [INFO] Upcoming meetings loaded { count: 2, timestamp: '2026-01-30T03:36:51.815Z' }

      at Logger.logMethod [as log] (utils/logger.ts:82:7)

    console.log
      [INFO] Upcoming meetings loaded { count: 2, timestamp: '2026-01-30T03:36:51.815Z' }

      at Logger.logMethod [as log] (utils/logger.ts:82:7)

    console.log
      [INFO] Upcoming meetings loaded { count: 2, timestamp: '2026-01-30T03:36:51.815Z' }

      at Logger.logMethod [as log] (utils/logger.ts:82:7)

    console.log
      [INFO] Upcoming meetings loaded { count: 2, timestamp: '2026-01-30T03:36:51.815Z' }

      at Logger.logMethod [as log] (utils/logger.ts:82:7)

    console.log
      [INFO] Upcoming meetings loaded { count: 2, timestamp: '2026-01-30T03:36:51.816Z' }

      at Logger.logMethod [as log] (utils/logger.ts:82:7)

    console.log
      [INFO] Upcoming meetings loaded { count: 2, timestamp: '2026-01-30T03:36:51.816Z' }

      at Logger.logMethod [as log] (utils/logger.ts:82:7)

    console.log
      [INFO] Upcoming meetings loaded { count: 2, timestamp: '2026-01-30T03:36:51.816Z' }

      at Logger.logMethod [as log] (utils/logger.ts:82:7)

    console.log
      [INFO] Upcoming meetings loaded { count: 2, timestamp: '2026-01-30T03:36:51.816Z' }

      at Logger.logMethod [as log] (utils/logger.ts:82:7)

    console.log
      [INFO] Upcoming meetings loaded { count: 2, timestamp: '2026-01-30T03:36:51.817Z' }

      at Logger.logMethod [as log] (utils/logger.ts:82:7)

    console.log
      [INFO] Upcoming meetings loaded { count: 2, timestamp: '2026-01-30T03:36:51.817Z' }

      at Logger.logMethod [as log] (utils/logger.ts:82:7)

    console.log
      [INFO] Upcoming meetings loaded { count: 2, timestamp: '2026-01-30T03:36:51.817Z' }

      at Logger.logMethod [as log] (utils/logger.ts:82:7)

    console.log
      [INFO] Upcoming meetings loaded { count: 2, timestamp: '2026-01-30T03:36:51.817Z' }

      at Logger.logMethod [as log] (utils/logger.ts:82:7)

    console.log
      [INFO] Upcoming meetings loaded { count: 2, timestamp: '2026-01-30T03:36:51.818Z' }

      at Logger.logMethod [as log] (utils/logger.ts:82:7)

    console.log
      [INFO] Upcoming meetings loaded { count: 2, timestamp: '2026-01-30T03:36:51.818Z' }

      at Logger.logMethod [as log] (utils/logger.ts:82:7)

    console.log
      [INFO] Upcoming meetings loaded { count: 2, timestamp: '2026-01-30T03:36:51.818Z' }

      at Logger.logMethod [as log] (utils/logger.ts:82:7)

    console.log
      [INFO] Upcoming meetings loaded { count: 2, timestamp: '2026-01-30T03:36:51.818Z' }

      at Logger.logMethod [as log] (utils/logger.ts:82:7)

    console.log
      [INFO] Upcoming meetings loaded { count: 2, timestamp: '2026-01-30T03:36:51.819Z' }

      at Logger.logMethod [as log] (utils/logger.ts:82:7)

    console.log
      [INFO] Upcoming meetings loaded { count: 2, timestamp: '2026-01-30T03:36:51.819Z' }

      at Logger.logMethod [as log] (utils/logger.ts:82:7)

    console.log
      [INFO] Upcoming meetings loaded { count: 2, timestamp: '2026-01-30T03:36:51.819Z' }

      at Logger.logMethod [as log] (utils/logger.ts:82:7)

    console.log
      [INFO] Upcoming meetings loaded { count: 2, timestamp: '2026-01-30T03:36:51.819Z' }

      at Logger.logMethod [as log] (utils/logger.ts:82:7)

    console.log
      [INFO] Upcoming meetings loaded { count: 2, timestamp: '2026-01-30T03:36:51.820Z' }

      at Logger.logMethod [as log] (utils/logger.ts:82:7)

    console.log
      [INFO] Upcoming meetings loaded { count: 2, timestamp: '2026-01-30T03:36:51.820Z' }

      at Logger.logMethod [as log] (utils/logger.ts:82:7)

    console.log
      [INFO] Upcoming meetings loaded { count: 2, timestamp: '2026-01-30T03:36:51.820Z' }

      at Logger.logMethod [as log] (utils/logger.ts:82:7)

    console.log
      [INFO] Upcoming meetings loaded { count: 2, timestamp: '2026-01-30T03:36:51.820Z' }

      at Logger.logMethod [as log] (utils/logger.ts:82:7)

    console.log
      [INFO] Upcoming meetings loaded { count: 2, timestamp: '2026-01-30T03:36:51.821Z' }

      at Logger.logMethod [as log] (utils/logger.ts:82:7)

    console.log
      [INFO] Upcoming meetings loaded { count: 2, timestamp: '2026-01-30T03:36:51.821Z' }

      at Logger.logMethod [as log] (utils/logger.ts:82:7)

    console.log
      [INFO] Upcoming meetings loaded { count: 2, timestamp: '2026-01-30T03:36:51.821Z' }

      at Logger.logMethod [as log] (utils/logger.ts:82:7)

    console.log
      [INFO] Upcoming meetings loaded { count: 2, timestamp: '2026-01-30T03:36:51.822Z' }

      at Logger.logMethod [as log] (utils/logger.ts:82:7)

    console.log
      [INFO] Upcoming meetings loaded { count: 2, timestamp: '2026-01-30T03:36:51.822Z' }

      at Logger.logMethod [as log] (utils/logger.ts:82:7)

    console.log
      [INFO] Upcoming meetings loaded { count: 2, timestamp: '2026-01-30T03:36:51.823Z' }

      at Logger.logMethod [as log] (utils/logger.ts:82:7)

    console.log
      [INFO] Upcoming meetings loaded { count: 2, timestamp: '2026-01-30T03:36:51.823Z' }

      at Logger.logMethod [as log] (utils/logger.ts:82:7)

    console.log
      [INFO] Upcoming meetings loaded { count: 2, timestamp: '2026-01-30T03:36:51.824Z' }

      at Logger.logMethod [as log] (utils/logger.ts:82:7)

    console.log
      [INFO] Upcoming meetings loaded { count: 2, timestamp: '2026-01-30T03:36:51.824Z' }

      at Logger.logMethod [as log] (utils/logger.ts:82:7)

    console.log
      [INFO] Upcoming meetings loaded { count: 2, timestamp: '2026-01-30T03:36:51.825Z' }

      at Logger.logMethod [as log] (utils/logger.ts:82:7)

    console.log
      [INFO] Upcoming meetings loaded { count: 2, timestamp: '2026-01-30T03:36:51.825Z' }

      at Logger.logMethod [as log] (utils/logger.ts:82:7)

    console.log
      [INFO] Upcoming meetings loaded { count: 2, timestamp: '2026-01-30T03:36:51.826Z' }

      at Logger.logMethod [as log] (utils/logger.ts:82:7)

    console.log
      [INFO] Upcoming meetings loaded { count: 2, timestamp: '2026-01-30T03:36:51.826Z' }

      at Logger.logMethod [as log] (utils/logger.ts:82:7)

    console.log
      [INFO] Upcoming meetings loaded { count: 2, timestamp: '2026-01-30T03:36:51.826Z' }

      at Logger.logMethod [as log] (utils/logger.ts:82:7)

    console.log
      [INFO] Upcoming meetings loaded { count: 2, timestamp: '2026-01-30T03:36:51.827Z' }

      at Logger.logMethod [as log] (utils/logger.ts:82:7)

    console.log
      [INFO] Upcoming meetings loaded { count: 2, timestamp: '2026-01-30T03:36:51.827Z' }

      at Logger.logMethod [as log] (utils/logger.ts:82:7)

    console.log
      [INFO] Upcoming meetings loaded { count: 2, timestamp: '2026-01-30T03:36:51.828Z' }

      at Logger.logMethod [as log] (utils/logger.ts:82:7)

    console.log
      [INFO] Upcoming meetings loaded { count: 2, timestamp: '2026-01-30T03:36:51.828Z' }

      at Logger.logMethod [as log] (utils/logger.ts:82:7)

    console.log
      [INFO] Upcoming meetings loaded { count: 2, timestamp: '2026-01-30T03:36:51.829Z' }

      at Logger.logMethod [as log] (utils/logger.ts:82:7)

    console.log
      [INFO] Upcoming meetings loaded { count: 2, timestamp: '2026-01-30T03:36:51.829Z' }

      at Logger.logMethod [as log] (utils/logger.ts:82:7)

    console.log
      [INFO] Upcoming meetings loaded { count: 2, timestamp: '2026-01-30T03:36:51.829Z' }

      at Logger.logMethod [as log] (utils/logger.ts:82:7)

    console.log
      [INFO] Upcoming meetings loaded { count: 2, timestamp: '2026-01-30T03:36:51.829Z' }

      at Logger.logMethod [as log] (utils/logger.ts:82:7)

    console.log
      [INFO] Upcoming meetings loaded { count: 2, timestamp: '2026-01-30T03:36:51.830Z' }

      at Logger.logMethod [as log] (utils/logger.ts:82:7)

    console.log
      [INFO] Upcoming meetings loaded { count: 2, timestamp: '2026-01-30T03:36:51.830Z' }

      at Logger.logMethod [as log] (utils/logger.ts:82:7)

    console.log
      [INFO] Upcoming meetings loaded { count: 2, timestamp: '2026-01-30T03:36:51.830Z' }

      at Logger.logMethod [as log] (utils/logger.ts:82:7)

    console.log
      [INFO] Upcoming meetings loaded { count: 2, timestamp: '2026-01-30T03:36:51.830Z' }

      at Logger.logMethod [as log] (utils/logger.ts:82:7)

    console.log
      [INFO] Upcoming meetings loaded { count: 2, timestamp: '2026-01-30T03:36:51.831Z' }

      at Logger.logMethod [as log] (utils/logger.ts:82:7)

    console.log
      [INFO] Upcoming meetings loaded { count: 2, timestamp: '2026-01-30T03:36:51.831Z' }

      at Logger.logMethod [as log] (utils/logger.ts:82:7)

    console.log
      [INFO] Upcoming meetings loaded { count: 2, timestamp: '2026-01-30T03:36:51.831Z' }

      at Logger.logMethod [as log] (utils/logger.ts:82:7)

    console.log
      [INFO] Upcoming meetings loaded { count: 2, timestamp: '2026-01-30T03:36:51.831Z' }

      at Logger.logMethod [as log] (utils/logger.ts:82:7)

    console.log
      [INFO] Upcoming meetings loaded { count: 2, timestamp: '2026-01-30T03:36:51.832Z' }

      at Logger.logMethod [as log] (utils/logger.ts:82:7)

    console.log
      [INFO] Upcoming meetings loaded { count: 2, timestamp: '2026-01-30T03:36:51.832Z' }

      at Logger.logMethod [as log] (utils/logger.ts:82:7)

    console.log
      [INFO] Upcoming meetings loaded { count: 2, timestamp: '2026-01-30T03:36:51.832Z' }

      at Logger.logMethod [as log] (utils/logger.ts:82:7)

    console.log
      [INFO] Upcoming meetings loaded { count: 2, timestamp: '2026-01-30T03:36:51.832Z' }

      at Logger.logMethod [as log] (utils/logger.ts:82:7)

    console.log
      [INFO] Upcoming meetings loaded { count: 2, timestamp: '2026-01-30T03:36:51.833Z' }

      at Logger.logMethod [as log] (utils/logger.ts:82:7)

    console.log
      [INFO] Upcoming meetings loaded { count: 2, timestamp: '2026-01-30T03:36:51.833Z' }

      at Logger.logMethod [as log] (utils/logger.ts:82:7)

    console.log
      [INFO] Upcoming meetings loaded { count: 2, timestamp: '2026-01-30T03:36:51.833Z' }

      at Logger.logMethod [as log] (utils/logger.ts:82:7)

    console.log
      [INFO] Upcoming meetings loaded { count: 2, timestamp: '2026-01-30T03:36:51.833Z' }

      at Logger.logMethod [as log] (utils/logger.ts:82:7)

    console.log
      [INFO] Upcoming meetings loaded { count: 2, timestamp: '2026-01-30T03:36:51.834Z' }

      at Logger.logMethod [as log] (utils/logger.ts:82:7)

    console.log
      [INFO] Upcoming meetings loaded { count: 2, timestamp: '2026-01-30T03:36:51.834Z' }

      at Logger.logMethod [as log] (utils/logger.ts:82:7)

    console.log
      [INFO] Upcoming meetings loaded { count: 2, timestamp: '2026-01-30T03:36:51.834Z' }

      at Logger.logMethod [as log] (utils/logger.ts:82:7)

    console.log
      [INFO] Upcoming meetings loaded { count: 2, timestamp: '2026-01-30T03:36:51.834Z' }

      at Logger.logMethod [as log] (utils/logger.ts:82:7)

    console.log
      [INFO] Upcoming meetings loaded { count: 2, timestamp: '2026-01-30T03:36:51.835Z' }

      at Logger.logMethod [as log] (utils/logger.ts:82:7)

    console.log
      [INFO] Upcoming meetings loaded { count: 2, timestamp: '2026-01-30T03:36:51.835Z' }

      at Logger.logMethod [as log] (utils/logger.ts:82:7)

    console.log
      [INFO] Upcoming meetings loaded { count: 2, timestamp: '2026-01-30T03:36:51.835Z' }

      at Logger.logMethod [as log] (utils/logger.ts:82:7)

    console.log
      [INFO] Upcoming meetings loaded { count: 2, timestamp: '2026-01-30T03:36:51.835Z' }

      at Logger.logMethod [as log] (utils/logger.ts:82:7)

    console.log
      [INFO] Upcoming meetings loaded { count: 2, timestamp: '2026-01-30T03:36:51.836Z' }

      at Logger.logMethod [as log] (utils/logger.ts:82:7)

    console.log
      [INFO] Upcoming meetings loaded { count: 2, timestamp: '2026-01-30T03:36:51.836Z' }

      at Logger.logMethod [as log] (utils/logger.ts:82:7)

    console.log
      [INFO] Upcoming meetings loaded { count: 2, timestamp: '2026-01-30T03:36:51.836Z' }

      at Logger.logMethod [as log] (utils/logger.ts:82:7)

    console.log
      [INFO] Upcoming meetings loaded { count: 2, timestamp: '2026-01-30T03:36:51.837Z' }

      at Logger.logMethod [as log] (utils/logger.ts:82:7)

    console.log
      [INFO] Upcoming meetings loaded { count: 2, timestamp: '2026-01-30T03:36:51.837Z' }

      at Logger.logMethod [as log] (utils/logger.ts:82:7)

    console.log
      [INFO] Upcoming meetings loaded { count: 2, timestamp: '2026-01-30T03:36:51.837Z' }

      at Logger.logMethod [as log] (utils/logger.ts:82:7)

    console.log
      [INFO] Upcoming meetings loaded { count: 2, timestamp: '2026-01-30T03:36:51.837Z' }

      at Logger.logMethod [as log] (utils/logger.ts:82:7)

    console.log
      [INFO] Upcoming meetings loaded { count: 2, timestamp: '2026-01-30T03:36:51.838Z' }

      at Logger.logMethod [as log] (utils/logger.ts:82:7)

    console.log
      [INFO] Upcoming meetings loaded { count: 2, timestamp: '2026-01-30T03:36:51.838Z' }

      at Logger.logMethod [as log] (utils/logger.ts:82:7)

    console.log
      [INFO] Upcoming meetings loaded { count: 2, timestamp: '2026-01-30T03:36:51.838Z' }

      at Logger.logMethod [as log] (utils/logger.ts:82:7)

    console.log
      [INFO] Upcoming meetings loaded { count: 2, timestamp: '2026-01-30T03:36:51.838Z' }

      at Logger.logMethod [as log] (utils/logger.ts:82:7)

    console.log
      [INFO] Upcoming meetings loaded { count: 2, timestamp: '2026-01-30T03:36:51.839Z' }

      at Logger.logMethod [as log] (utils/logger.ts:82:7)

    console.log
      [INFO] Upcoming meetings loaded { count: 2, timestamp: '2026-01-30T03:36:51.839Z' }

      at Logger.logMethod [as log] (utils/logger.ts:82:7)

    console.log
      [INFO] Upcoming meetings loaded { count: 2, timestamp: '2026-01-30T03:36:51.839Z' }

      at Logger.logMethod [as log] (utils/logger.ts:82:7)

    console.log
      [INFO] Upcoming meetings loaded { count: 2, timestamp: '2026-01-30T03:36:51.839Z' }

      at Logger.logMethod [as log] (utils/logger.ts:82:7)

    console.log
      [INFO] Upcoming meetings loaded { count: 2, timestamp: '2026-01-30T03:36:51.840Z' }

      at Logger.logMethod [as log] (utils/logger.ts:82:7)

    console.log
      [INFO] Upcoming meetings loaded { count: 2, timestamp: '2026-01-30T03:36:51.840Z' }

      at Logger.logMethod [as log] (utils/logger.ts:82:7)

    console.log
      [INFO] Upcoming meetings loaded { count: 2, timestamp: '2026-01-30T03:36:51.840Z' }

      at Logger.logMethod [as log] (utils/logger.ts:82:7)

    console.log
      [INFO] Upcoming meetings loaded { count: 2, timestamp: '2026-01-30T03:36:51.840Z' }

      at Logger.logMethod [as log] (utils/logger.ts:82:7)

    console.log
      [INFO] Upcoming meetings loaded { count: 2, timestamp: '2026-01-30T03:36:51.841Z' }

      at Logger.logMethod [as log] (utils/logger.ts:82:7)

    console.log
      [INFO] Upcoming meetings loaded { count: 2, timestamp: '2026-01-30T03:36:51.841Z' }

      at Logger.logMethod [as log] (utils/logger.ts:82:7)

    console.log
      [INFO] Upcoming meetings loaded { count: 2, timestamp: '2026-01-30T03:36:51.841Z' }

      at Logger.logMethod [as log] (utils/logger.ts:82:7)

    console.log
      [INFO] Upcoming meetings loaded { count: 2, timestamp: '2026-01-30T03:36:51.841Z' }

      at Logger.logMethod [as log] (utils/logger.ts:82:7)

    console.log
      [INFO] Upcoming meetings loaded { count: 2, timestamp: '2026-01-30T03:36:51.842Z' }

      at Logger.logMethod [as log] (utils/logger.ts:82:7)

    console.log
      [INFO] Upcoming meetings loaded { count: 2, timestamp: '2026-01-30T03:36:51.843Z' }

      at Logger.logMethod [as log] (utils/logger.ts:82:7)

    console.log
      [INFO] Upcoming meetings loaded { count: 2, timestamp: '2026-01-30T03:36:51.844Z' }

      at Logger.logMethod [as log] (utils/logger.ts:82:7)

    console.log
      [INFO] Upcoming meetings loaded { count: 2, timestamp: '2026-01-30T03:36:51.844Z' }

      at Logger.logMethod [as log] (utils/logger.ts:82:7)

    console.log
      [INFO] Upcoming meetings loaded { count: 2, timestamp: '2026-01-30T03:36:51.847Z' }

      at Logger.logMethod [as log] (utils/logger.ts:82:7)

    console.log
      [INFO] Upcoming meetings loaded { count: 2, timestamp: '2026-01-30T03:36:51.851Z' }

      at Logger.logMethod [as log] (utils/logger.ts:82:7)

    console.log
      [INFO] Upcoming meetings loaded { count: 2, timestamp: '2026-01-30T03:36:51.853Z' }

      at Logger.logMethod [as log] (utils/logger.ts:82:7)

    console.log
      [INFO] Upcoming meetings loaded { count: 2, timestamp: '2026-01-30T03:36:51.854Z' }

      at Logger.logMethod [as log] (utils/logger.ts:82:7)

    console.log
      [INFO] Upcoming meetings loaded { count: 2, timestamp: '2026-01-30T03:36:51.854Z' }

      at Logger.logMethod [as log] (utils/logger.ts:82:7)

    console.log
      [INFO] Upcoming meetings loaded { count: 2, timestamp: '2026-01-30T03:36:51.854Z' }

      at Logger.logMethod [as log] (utils/logger.ts:82:7)

    console.log
      [INFO] Upcoming meetings loaded { count: 2, timestamp: '2026-01-30T03:36:51.855Z' }

      at Logger.logMethod [as log] (utils/logger.ts:82:7)

    console.log
      [INFO] Upcoming meetings loaded { count: 2, timestamp: '2026-01-30T03:36:51.855Z' }

      at Logger.logMethod [as log] (utils/logger.ts:82:7)

    console.log
      [INFO] Upcoming meetings loaded { count: 2, timestamp: '2026-01-30T03:36:51.855Z' }

      at Logger.logMethod [as log] (utils/logger.ts:82:7)

    console.log
      [INFO] Upcoming meetings loaded { count: 2, timestamp: '2026-01-30T03:36:51.855Z' }

      at Logger.logMethod [as log] (utils/logger.ts:82:7)

    console.log
      [INFO] Upcoming meetings loaded { count: 2, timestamp: '2026-01-30T03:36:51.856Z' }

      at Logger.logMethod [as log] (utils/logger.ts:82:7)

    console.log
      [INFO] Upcoming meetings loaded { count: 2, timestamp: '2026-01-30T03:36:51.856Z' }

      at Logger.logMethod [as log] (utils/logger.ts:82:7)

    console.log
      [INFO] Upcoming meetings loaded { count: 2, timestamp: '2026-01-30T03:36:51.856Z' }

      at Logger.logMethod [as log] (utils/logger.ts:82:7)

    console.log
      [INFO] Upcoming meetings loaded { count: 2, timestamp: '2026-01-30T03:36:51.856Z' }

      at Logger.logMethod [as log] (utils/logger.ts:82:7)

    console.log
      [INFO] Upcoming meetings loaded { count: 2, timestamp: '2026-01-30T03:36:51.857Z' }

      at Logger.logMethod [as log] (utils/logger.ts:82:7)

    console.log
      [INFO] Upcoming meetings loaded { count: 2, timestamp: '2026-01-30T03:36:51.857Z' }

      at Logger.logMethod [as log] (utils/logger.ts:82:7)

    console.log
      [INFO] Upcoming meetings loaded { count: 2, timestamp: '2026-01-30T03:36:51.857Z' }

      at Logger.logMethod [as log] (utils/logger.ts:82:7)

    console.log
      [INFO] Upcoming meetings loaded { count: 2, timestamp: '2026-01-30T03:36:51.858Z' }

      at Logger.logMethod [as log] (utils/logger.ts:82:7)

    console.log
      [INFO] Upcoming meetings loaded { count: 2, timestamp: '2026-01-30T03:36:51.858Z' }

      at Logger.logMethod [as log] (utils/logger.ts:82:7)

    console.log
      [INFO] Upcoming meetings loaded { count: 2, timestamp: '2026-01-30T03:36:51.858Z' }

      at Logger.logMethod [as log] (utils/logger.ts:82:7)

    console.log
      [INFO] Upcoming meetings loaded { count: 2, timestamp: '2026-01-30T03:36:51.859Z' }

      at Logger.logMethod [as log] (utils/logger.ts:82:7)

    console.log
      [INFO] Upcoming meetings loaded { count: 2, timestamp: '2026-01-30T03:36:51.859Z' }

      at Logger.logMethod [as log] (utils/logger.ts:82:7)

    console.log
      [INFO] Upcoming meetings loaded { count: 2, timestamp: '2026-01-30T03:36:51.859Z' }

      at Logger.logMethod [as log] (utils/logger.ts:82:7)

    console.log
      [INFO] Upcoming meetings loaded { count: 2, timestamp: '2026-01-30T03:36:51.859Z' }

      at Logger.logMethod [as log] (utils/logger.ts:82:7)

    console.log
      [INFO] Upcoming meetings loaded { count: 2, timestamp: '2026-01-30T03:36:51.860Z' }

      at Logger.logMethod [as log] (utils/logger.ts:82:7)

    console.log
      [INFO] Upcoming meetings loaded { count: 2, timestamp: '2026-01-30T03:36:51.860Z' }

      at Logger.logMethod [as log] (utils/logger.ts:82:7)

    console.log
      [INFO] Upcoming meetings loaded { count: 2, timestamp: '2026-01-30T03:36:51.860Z' }

      at Logger.logMethod [as log] (utils/logger.ts:82:7)

    console.log
      [INFO] Upcoming meetings loaded { count: 2, timestamp: '2026-01-30T03:36:51.860Z' }

      at Logger.logMethod [as log] (utils/logger.ts:82:7)

    console.log
      [INFO] Upcoming meetings loaded { count: 2, timestamp: '2026-01-30T03:36:51.861Z' }

      at Logger.logMethod [as log] (utils/logger.ts:82:7)

    console.log
      [INFO] Upcoming meetings loaded { count: 2, timestamp: '2026-01-30T03:36:51.861Z' }

      at Logger.logMethod [as log] (utils/logger.ts:82:7)

    console.log
      [INFO] Upcoming meetings loaded { count: 2, timestamp: '2026-01-30T03:36:51.861Z' }

      at Logger.logMethod [as log] (utils/logger.ts:82:7)

    console.log
      [INFO] Upcoming meetings loaded { count: 2, timestamp: '2026-01-30T03:36:51.861Z' }

      at Logger.logMethod [as log] (utils/logger.ts:82:7)

    console.log
      [INFO] Upcoming meetings loaded { count: 2, timestamp: '2026-01-30T03:36:51.862Z' }

      at Logger.logMethod [as log] (utils/logger.ts:82:7)

    console.log
      [INFO] Upcoming meetings loaded { count: 2, timestamp: '2026-01-30T03:36:51.862Z' }

      at Logger.logMethod [as log] (utils/logger.ts:82:7)

    console.log
      [INFO] Upcoming meetings loaded { count: 2, timestamp: '2026-01-30T03:36:51.862Z' }

      at Logger.logMethod [as log] (utils/logger.ts:82:7)

    console.log
      [INFO] Upcoming meetings loaded { count: 2, timestamp: '2026-01-30T03:36:51.862Z' }

      at Logger.logMethod [as log] (utils/logger.ts:82:7)

    console.log
      [INFO] Upcoming meetings loaded { count: 2, timestamp: '2026-01-30T03:36:51.863Z' }

      at Logger.logMethod [as log] (utils/logger.ts:82:7)

    console.log
      [INFO] Upcoming meetings loaded { count: 2, timestamp: '2026-01-30T03:36:51.863Z' }

      at Logger.logMethod [as log] (utils/logger.ts:82:7)

    console.log
      [INFO] Upcoming meetings loaded { count: 2, timestamp: '2026-01-30T03:36:51.863Z' }

      at Logger.logMethod [as log] (utils/logger.ts:82:7)

    console.log
      [INFO] Upcoming meetings loaded { count: 2, timestamp: '2026-01-30T03:36:51.864Z' }

      at Logger.logMethod [as log] (utils/logger.ts:82:7)

    console.log
      [INFO] Upcoming meetings loaded { count: 2, timestamp: '2026-01-30T03:36:51.864Z' }

      at Logger.logMethod [as log] (utils/logger.ts:82:7)

    console.log
      [INFO] Upcoming meetings loaded { count: 2, timestamp: '2026-01-30T03:36:51.864Z' }

      at Logger.logMethod [as log] (utils/logger.ts:82:7)

    console.log
      [INFO] Upcoming meetings loaded { count: 2, timestamp: '2026-01-30T03:36:51.864Z' }

      at Logger.logMethod [as log] (utils/logger.ts:82:7)

    console.log
      [INFO] Upcoming meetings loaded { count: 2, timestamp: '2026-01-30T03:36:51.865Z' }

      at Logger.logMethod [as log] (utils/logger.ts:82:7)

    console.log
      [INFO] Upcoming meetings loaded { count: 2, timestamp: '2026-01-30T03:36:51.865Z' }

      at Logger.logMethod [as log] (utils/logger.ts:82:7)

    console.log
      [INFO] Upcoming meetings loaded { count: 2, timestamp: '2026-01-30T03:36:51.865Z' }

      at Logger.logMethod [as log] (utils/logger.ts:82:7)

    console.log
      [INFO] Upcoming meetings loaded { count: 2, timestamp: '2026-01-30T03:36:51.865Z' }

      at Logger.logMethod [as log] (utils/logger.ts:82:7)

    console.log
      [INFO] Upcoming meetings loaded { count: 2, timestamp: '2026-01-30T03:36:51.866Z' }

      at Logger.logMethod [as log] (utils/logger.ts:82:7)

    console.log
      [INFO] Upcoming meetings loaded { count: 2, timestamp: '2026-01-30T03:36:51.866Z' }

      at Logger.logMethod [as log] (utils/logger.ts:82:7)

    console.log
      [INFO] Upcoming meetings loaded { count: 2, timestamp: '2026-01-30T03:36:51.866Z' }

      at Logger.logMethod [as log] (utils/logger.ts:82:7)

    console.log
      [INFO] Upcoming meetings loaded { count: 2, timestamp: '2026-01-30T03:36:51.866Z' }

      at Logger.logMethod [as log] (utils/logger.ts:82:7)

    console.log
      [INFO] Upcoming meetings loaded { count: 2, timestamp: '2026-01-30T03:36:51.867Z' }

      at Logger.logMethod [as log] (utils/logger.ts:82:7)

    console.log
      [INFO] Upcoming meetings loaded { count: 2, timestamp: '2026-01-30T03:36:51.867Z' }

      at Logger.logMethod [as log] (utils/logger.ts:82:7)

    console.log
      [INFO] Upcoming meetings loaded { count: 2, timestamp: '2026-01-30T03:36:51.867Z' }

      at Logger.logMethod [as log] (utils/logger.ts:82:7)

    console.log
      [INFO] Upcoming meetings loaded { count: 2, timestamp: '2026-01-30T03:36:51.867Z' }

      at Logger.logMethod [as log] (utils/logger.ts:82:7)

    console.log
      [INFO] Upcoming meetings loaded { count: 2, timestamp: '2026-01-30T03:36:51.868Z' }

      at Logger.logMethod [as log] (utils/logger.ts:82:7)

    console.log
      [INFO] Upcoming meetings loaded { count: 2, timestamp: '2026-01-30T03:36:51.868Z' }

      at Logger.logMethod [as log] (utils/logger.ts:82:7)

    console.log
      [INFO] Upcoming meetings loaded { count: 2, timestamp: '2026-01-30T03:36:51.868Z' }

      at Logger.logMethod [as log] (utils/logger.ts:82:7)

    console.log
      [INFO] Upcoming meetings loaded { count: 2, timestamp: '2026-01-30T03:36:51.869Z' }

      at Logger.logMethod [as log] (utils/logger.ts:82:7)

    console.log
      [INFO] Upcoming meetings loaded { count: 2, timestamp: '2026-01-30T03:36:51.869Z' }

      at Logger.logMethod [as log] (utils/logger.ts:82:7)

    console.log
      [INFO] Upcoming meetings loaded { count: 2, timestamp: '2026-01-30T03:36:51.869Z' }

      at Logger.logMethod [as log] (utils/logger.ts:82:7)

    console.log
      [INFO] Upcoming meetings loaded { count: 2, timestamp: '2026-01-30T03:36:51.869Z' }

      at Logger.logMethod [as log] (utils/logger.ts:82:7)

    console.log
      [INFO] Upcoming meetings loaded { count: 2, timestamp: '2026-01-30T03:36:51.870Z' }

      at Logger.logMethod [as log] (utils/logger.ts:82:7)

    console.log
      [INFO] Upcoming meetings loaded { count: 2, timestamp: '2026-01-30T03:36:51.870Z' }

      at Logger.logMethod [as log] (utils/logger.ts:82:7)

    console.log
      [INFO] Upcoming meetings loaded { count: 2, timestamp: '2026-01-30T03:36:51.870Z' }

      at Logger.logMethod [as log] (utils/logger.ts:82:7)

    console.log
      [INFO] Upcoming meetings loaded { count: 2, timestamp: '2026-01-30T03:36:51.870Z' }

      at Logger.logMethod [as log] (utils/logger.ts:82:7)

    console.log
      [INFO] Upcoming meetings loaded { count: 2, timestamp: '2026-01-30T03:36:51.871Z' }

      at Logger.logMethod [as log] (utils/logger.ts:82:7)

    console.log
      [INFO] Upcoming meetings loaded { count: 2, timestamp: '2026-01-30T03:36:51.871Z' }

      at Logger.logMethod [as log] (utils/logger.ts:82:7)

    console.log
      [INFO] Upcoming meetings loaded { count: 2, timestamp: '2026-01-30T03:36:51.871Z' }

      at Logger.logMethod [as log] (utils/logger.ts:82:7)

    console.log
      [INFO] Upcoming meetings loaded { count: 2, timestamp: '2026-01-30T03:36:51.871Z' }

      at Logger.logMethod [as log] (utils/logger.ts:82:7)

    console.log
      [INFO] Upcoming meetings loaded { count: 2, timestamp: '2026-01-30T03:36:51.872Z' }

      at Logger.logMethod [as log] (utils/logger.ts:82:7)

    console.log
      [INFO] Upcoming meetings loaded { count: 2, timestamp: '2026-01-30T03:36:51.872Z' }

      at Logger.logMethod [as log] (utils/logger.ts:82:7)

    console.log
      [INFO] Upcoming meetings loaded { count: 2, timestamp: '2026-01-30T03:36:51.872Z' }

      at Logger.logMethod [as log] (utils/logger.ts:82:7)

    console.log
      [INFO] Upcoming meetings loaded { count: 2, timestamp: '2026-01-30T03:36:51.872Z' }

      at Logger.logMethod [as log] (utils/logger.ts:82:7)

    console.log
      [INFO] Upcoming meetings loaded { count: 2, timestamp: '2026-01-30T03:36:51.873Z' }

      at Logger.logMethod [as log] (utils/logger.ts:82:7)

    console.log
      [INFO] Upcoming meetings loaded { count: 2, timestamp: '2026-01-30T03:36:51.873Z' }

      at Logger.logMethod [as log] (utils/logger.ts:82:7)

    console.log
      [INFO] Upcoming meetings loaded { count: 2, timestamp: '2026-01-30T03:36:51.873Z' }

      at Logger.logMethod [as log] (utils/logger.ts:82:7)

    console.log
      [INFO] Upcoming meetings loaded { count: 2, timestamp: '2026-01-30T03:36:51.874Z' }

      at Logger.logMethod [as log] (utils/logger.ts:82:7)

    console.log
      [INFO] Upcoming meetings loaded { count: 2, timestamp: '2026-01-30T03:36:51.874Z' }

      at Logger.logMethod [as log] (utils/logger.ts:82:7)

    console.log
      [INFO] Upcoming meetings loaded { count: 2, timestamp: '2026-01-30T03:36:51.874Z' }

      at Logger.logMethod [as log] (utils/logger.ts:82:7)

    console.log
      [INFO] Upcoming meetings loaded { count: 2, timestamp: '2026-01-30T03:36:51.874Z' }

      at Logger.logMethod [as log] (utils/logger.ts:82:7)

    console.log
      [INFO] Upcoming meetings loaded { count: 2, timestamp: '2026-01-30T03:36:51.875Z' }

      at Logger.logMethod [as log] (utils/logger.ts:82:7)

    console.log
      [INFO] Upcoming meetings loaded { count: 2, timestamp: '2026-01-30T03:36:51.875Z' }

      at Logger.logMethod [as log] (utils/logger.ts:82:7)

    console.log
      [INFO] Upcoming meetings loaded { count: 2, timestamp: '2026-01-30T03:36:51.875Z' }

      at Logger.logMethod [as log] (utils/logger.ts:82:7)

    console.log
      [INFO] Upcoming meetings loaded { count: 2, timestamp: '2026-01-30T03:36:51.875Z' }

      at Logger.logMethod [as log] (utils/logger.ts:82:7)

    console.log
      [INFO] Upcoming meetings loaded { count: 2, timestamp: '2026-01-30T03:36:51.876Z' }

      at Logger.logMethod [as log] (utils/logger.ts:82:7)

    console.log
      [INFO] Upcoming meetings loaded { count: 2, timestamp: '2026-01-30T03:36:51.876Z' }

      at Logger.logMethod [as log] (utils/logger.ts:82:7)

    console.log
      [INFO] Upcoming meetings loaded { count: 2, timestamp: '2026-01-30T03:36:51.876Z' }

      at Logger.logMethod [as log] (utils/logger.ts:82:7)

    console.log
      [INFO] Upcoming meetings loaded { count: 2, timestamp: '2026-01-30T03:36:51.876Z' }

      at Logger.logMethod [as log] (utils/logger.ts:82:7)

    console.log
      [INFO] Upcoming meetings loaded { count: 2, timestamp: '2026-01-30T03:36:51.877Z' }

      at Logger.logMethod [as log] (utils/logger.ts:82:7)

    console.log
      [INFO] Upcoming meetings loaded { count: 2, timestamp: '2026-01-30T03:36:51.877Z' }

      at Logger.logMethod [as log] (utils/logger.ts:82:7)

    console.log
      [INFO] Upcoming meetings loaded { count: 2, timestamp: '2026-01-30T03:36:51.877Z' }

      at Logger.logMethod [as log] (utils/logger.ts:82:7)

    console.log
      [INFO] Upcoming meetings loaded { count: 2, timestamp: '2026-01-30T03:36:51.877Z' }

      at Logger.logMethod [as log] (utils/logger.ts:82:7)

    console.log
      [INFO] Upcoming meetings loaded { count: 2, timestamp: '2026-01-30T03:36:51.878Z' }

      at Logger.logMethod [as log] (utils/logger.ts:82:7)

    console.log
      [INFO] Upcoming meetings loaded { count: 2, timestamp: '2026-01-30T03:36:51.878Z' }

      at Logger.logMethod [as log] (utils/logger.ts:82:7)

    console.log
      [INFO] Upcoming meetings loaded { count: 2, timestamp: '2026-01-30T03:36:51.878Z' }

      at Logger.logMethod [as log] (utils/logger.ts:82:7)

    console.log
      [INFO] Upcoming meetings loaded { count: 2, timestamp: '2026-01-30T03:36:51.878Z' }

      at Logger.logMethod [as log] (utils/logger.ts:82:7)

    console.log
      [INFO] Upcoming meetings loaded { count: 2, timestamp: '2026-01-30T03:36:51.879Z' }

      at Logger.logMethod [as log] (utils/logger.ts:82:7)

    console.log
      [INFO] Upcoming meetings loaded { count: 2, timestamp: '2026-01-30T03:36:51.879Z' }

      at Logger.logMethod [as log] (utils/logger.ts:82:7)

    console.log
      [INFO] Upcoming meetings loaded { count: 2, timestamp: '2026-01-30T03:36:51.879Z' }

      at Logger.logMethod [as log] (utils/logger.ts:82:7)

    console.log
      [INFO] Upcoming meetings loaded { count: 2, timestamp: '2026-01-30T03:36:51.880Z' }

      at Logger.logMethod [as log] (utils/logger.ts:82:7)

    console.log
      [INFO] Upcoming meetings loaded { count: 2, timestamp: '2026-01-30T03:36:51.880Z' }

      at Logger.logMethod [as log] (utils/logger.ts:82:7)

    console.log
      [INFO] Upcoming meetings loaded { count: 2, timestamp: '2026-01-30T03:36:51.880Z' }

      at Logger.logMethod [as log] (utils/logger.ts:82:7)

    console.log
      [INFO] Upcoming meetings loaded { count: 2, timestamp: '2026-01-30T03:36:51.880Z' }

      at Logger.logMethod [as log] (utils/logger.ts:82:7)

    console.log
      [INFO] Upcoming meetings loaded { count: 2, timestamp: '2026-01-30T03:36:51.881Z' }

      at Logger.logMethod [as log] (utils/logger.ts:82:7)

    console.log
      [INFO] Upcoming meetings loaded { count: 2, timestamp: '2026-01-30T03:36:51.881Z' }

      at Logger.logMethod [as log] (utils/logger.ts:82:7)

    console.log
      [INFO] Upcoming meetings loaded { count: 2, timestamp: '2026-01-30T03:36:51.881Z' }

      at Logger.logMethod [as log] (utils/logger.ts:82:7)

    console.log
      [INFO] Upcoming meetings loaded { count: 2, timestamp: '2026-01-30T03:36:51.881Z' }

      at Logger.logMethod [as log] (utils/logger.ts:82:7)

    console.log
      [INFO] Upcoming meetings loaded { count: 2, timestamp: '2026-01-30T03:36:51.882Z' }

      at Logger.logMethod [as log] (utils/logger.ts:82:7)

    console.log
      [INFO] Upcoming meetings loaded { count: 2, timestamp: '2026-01-30T03:36:51.882Z' }

      at Logger.logMethod [as log] (utils/logger.ts:82:7)

    console.log
      [INFO] Upcoming meetings loaded { count: 2, timestamp: '2026-01-30T03:36:51.882Z' }

      at Logger.logMethod [as log] (utils/logger.ts:82:7)

    console.log
      [INFO] Upcoming meetings loaded { count: 2, timestamp: '2026-01-30T03:36:51.882Z' }

      at Logger.logMethod [as log] (utils/logger.ts:82:7)

    console.log
      [INFO] Upcoming meetings loaded { count: 2, timestamp: '2026-01-30T03:36:51.883Z' }

      at Logger.logMethod [as log] (utils/logger.ts:82:7)

    console.log
      [INFO] Upcoming meetings loaded { count: 2, timestamp: '2026-01-30T03:36:51.883Z' }

      at Logger.logMethod [as log] (utils/logger.ts:82:7)

    console.log
      [INFO] Upcoming meetings loaded { count: 2, timestamp: '2026-01-30T03:36:51.883Z' }

      at Logger.logMethod [as log] (utils/logger.ts:82:7)

    console.log
      [INFO] Upcoming meetings loaded { count: 2, timestamp: '2026-01-30T03:36:51.884Z' }

      at Logger.logMethod [as log] (utils/logger.ts:82:7)

    console.log
      [INFO] Upcoming meetings loaded { count: 2, timestamp: '2026-01-30T03:36:51.884Z' }

      at Logger.logMethod [as log] (utils/logger.ts:82:7)

    console.log
      [INFO] Upcoming meetings loaded { count: 2, timestamp: '2026-01-30T03:36:51.884Z' }

      at Logger.logMethod [as log] (utils/logger.ts:82:7)

    console.log
      [INFO] Upcoming meetings loaded { count: 2, timestamp: '2026-01-30T03:36:51.885Z' }

      at Logger.logMethod [as log] (utils/logger.ts:82:7)

    console.log
      [INFO] Upcoming meetings loaded { count: 2, timestamp: '2026-01-30T03:36:51.885Z' }

      at Logger.logMethod [as log] (utils/logger.ts:82:7)

    console.log
      [INFO] Upcoming meetings loaded { count: 2, timestamp: '2026-01-30T03:36:51.885Z' }

      at Logger.logMethod [as log] (utils/logger.ts:82:7)

    console.log
      [INFO] Upcoming meetings loaded { count: 2, timestamp: '2026-01-30T03:36:51.885Z' }

      at Logger.logMethod [as log] (utils/logger.ts:82:7)

    console.log
      [INFO] Upcoming meetings loaded { count: 2, timestamp: '2026-01-30T03:36:51.886Z' }

      at Logger.logMethod [as log] (utils/logger.ts:82:7)

    console.log
      [INFO] Upcoming meetings loaded { count: 2, timestamp: '2026-01-30T03:36:51.886Z' }

      at Logger.logMethod [as log] (utils/logger.ts:82:7)

    console.log
      [INFO] Upcoming meetings loaded { count: 2, timestamp: '2026-01-30T03:36:51.886Z' }

      at Logger.logMethod [as log] (utils/logger.ts:82:7)

    console.log
      [INFO] Upcoming meetings loaded { count: 2, timestamp: '2026-01-30T03:36:51.886Z' }

      at Logger.logMethod [as log] (utils/logger.ts:82:7)

    console.log
      [INFO] Upcoming meetings loaded { count: 2, timestamp: '2026-01-30T03:36:51.887Z' }

      at Logger.logMethod [as log] (utils/logger.ts:82:7)

    console.log
      [INFO] Upcoming meetings loaded { count: 2, timestamp: '2026-01-30T03:36:51.887Z' }

      at Logger.logMethod [as log] (utils/logger.ts:82:7)

    console.log
      [INFO] Upcoming meetings loaded { count: 2, timestamp: '2026-01-30T03:36:51.887Z' }

      at Logger.logMethod [as log] (utils/logger.ts:82:7)

    console.log
      [INFO] Upcoming meetings loaded { count: 2, timestamp: '2026-01-30T03:36:51.888Z' }

      at Logger.logMethod [as log] (utils/logger.ts:82:7)

    console.log
      [INFO] Upcoming meetings loaded { count: 2, timestamp: '2026-01-30T03:36:51.888Z' }

      at Logger.logMethod [as log] (utils/logger.ts:82:7)

    console.log
      [INFO] Upcoming meetings loaded { count: 2, timestamp: '2026-01-30T03:36:51.888Z' }

      at Logger.logMethod [as log] (utils/logger.ts:82:7)

    console.log
      [INFO] Upcoming meetings loaded { count: 2, timestamp: '2026-01-30T03:36:51.888Z' }

      at Logger.logMethod [as log] (utils/logger.ts:82:7)

    console.log
      [INFO] Upcoming meetings loaded { count: 2, timestamp: '2026-01-30T03:36:51.889Z' }

      at Logger.logMethod [as log] (utils/logger.ts:82:7)

    console.log
      [INFO] Upcoming meetings loaded { count: 2, timestamp: '2026-01-30T03:36:51.889Z' }

      at Logger.logMethod [as log] (utils/logger.ts:82:7)

    console.log
      [INFO] Upcoming meetings loaded { count: 2, timestamp: '2026-01-30T03:36:51.889Z' }

      at Logger.logMethod [as log] (utils/logger.ts:82:7)

    console.log
      [INFO] Upcoming meetings loaded { count: 2, timestamp: '2026-01-30T03:36:51.889Z' }

      at Logger.logMethod [as log] (utils/logger.ts:82:7)

    console.log
      [INFO] Upcoming meetings loaded { count: 2, timestamp: '2026-01-30T03:36:51.890Z' }

      at Logger.logMethod [as log] (utils/logger.ts:82:7)

    console.log
      [INFO] Upcoming meetings loaded { count: 2, timestamp: '2026-01-30T03:36:51.890Z' }

      at Logger.logMethod [as log] (utils/logger.ts:82:7)

    console.log
      [INFO] Upcoming meetings loaded { count: 2, timestamp: '2026-01-30T03:36:51.890Z' }

      at Logger.logMethod [as log] (utils/logger.ts:82:7)

    console.log
      [INFO] Upcoming meetings loaded { count: 2, timestamp: '2026-01-30T03:36:51.890Z' }

      at Logger.logMethod [as log] (utils/logger.ts:82:7)

    console.log
      [INFO] Upcoming meetings loaded { count: 2, timestamp: '2026-01-30T03:36:51.891Z' }

      at Logger.logMethod [as log] (utils/logger.ts:82:7)

    console.log
      [INFO] Upcoming meetings loaded { count: 2, timestamp: '2026-01-30T03:36:51.891Z' }

      at Logger.logMethod [as log] (utils/logger.ts:82:7)

    console.log
      [INFO] Upcoming meetings loaded { count: 2, timestamp: '2026-01-30T03:36:51.891Z' }

      at Logger.logMethod [as log] (utils/logger.ts:82:7)

    console.log
      [INFO] Upcoming meetings loaded { count: 2, timestamp: '2026-01-30T03:36:51.892Z' }

      at Logger.logMethod [as log] (utils/logger.ts:82:7)

    console.log
      [INFO] Upcoming meetings loaded { count: 2, timestamp: '2026-01-30T03:36:51.892Z' }

      at Logger.logMethod [as log] (utils/logger.ts:82:7)

    console.log
      [INFO] Upcoming meetings loaded { count: 2, timestamp: '2026-01-30T03:36:51.892Z' }

      at Logger.logMethod [as log] (utils/logger.ts:82:7)

    console.log
      [INFO] Upcoming meetings loaded { count: 2, timestamp: '2026-01-30T03:36:51.892Z' }

      at Logger.logMethod [as log] (utils/logger.ts:82:7)

    console.log
      [INFO] Upcoming meetings loaded { count: 2, timestamp: '2026-01-30T03:36:51.893Z' }

      at Logger.logMethod [as log] (utils/logger.ts:82:7)

    console.log
      [INFO] Upcoming meetings loaded { count: 2, timestamp: '2026-01-30T03:36:51.893Z' }

      at Logger.logMethod [as log] (utils/logger.ts:82:7)

    console.log
      [INFO] Upcoming meetings loaded { count: 2, timestamp: '2026-01-30T03:36:51.893Z' }

      at Logger.logMethod [as log] (utils/logger.ts:82:7)

    console.log
      [INFO] Upcoming meetings loaded { count: 2, timestamp: '2026-01-30T03:36:51.893Z' }

      at Logger.logMethod [as log] (utils/logger.ts:82:7)

    console.log
      [INFO] Upcoming meetings loaded { count: 2, timestamp: '2026-01-30T03:36:51.894Z' }

      at Logger.logMethod [as log] (utils/logger.ts:82:7)

    console.log
      [INFO] Upcoming meetings loaded { count: 2, timestamp: '2026-01-30T03:36:51.894Z' }

      at Logger.logMethod [as log] (utils/logger.ts:82:7)

    console.log
      [INFO] Upcoming meetings loaded { count: 2, timestamp: '2026-01-30T03:36:51.894Z' }

      at Logger.logMethod [as log] (utils/logger.ts:82:7)

    console.log
      [INFO] Upcoming meetings loaded { count: 2, timestamp: '2026-01-30T03:36:51.894Z' }

      at Logger.logMethod [as log] (utils/logger.ts:82:7)

    console.log
      [INFO] Upcoming meetings loaded { count: 2, timestamp: '2026-01-30T03:36:51.895Z' }

      at Logger.logMethod [as log] (utils/logger.ts:82:7)

    console.log
      [INFO] Upcoming meetings loaded { count: 2, timestamp: '2026-01-30T03:36:51.895Z' }

      at Logger.logMethod [as log] (utils/logger.ts:82:7)

    console.log
      [INFO] Upcoming meetings loaded { count: 2, timestamp: '2026-01-30T03:36:51.895Z' }

      at Logger.logMethod [as log] (utils/logger.ts:82:7)

    console.log
      [INFO] Upcoming meetings loaded { count: 2, timestamp: '2026-01-30T03:36:51.896Z' }

      at Logger.logMethod [as log] (utils/logger.ts:82:7)

    console.log
      [INFO] Upcoming meetings loaded { count: 2, timestamp: '2026-01-30T03:36:51.896Z' }

      at Logger.logMethod [as log] (utils/logger.ts:82:7)

    console.log
      [INFO] Upcoming meetings loaded { count: 2, timestamp: '2026-01-30T03:36:51.896Z' }

      at Logger.logMethod [as log] (utils/logger.ts:82:7)

    console.log
      [INFO] Upcoming meetings loaded { count: 2, timestamp: '2026-01-30T03:36:51.896Z' }

      at Logger.logMethod [as log] (utils/logger.ts:82:7)

    console.log
      [INFO] Upcoming meetings loaded { count: 2, timestamp: '2026-01-30T03:36:51.897Z' }

      at Logger.logMethod [as log] (utils/logger.ts:82:7)

    console.log
      [INFO] Upcoming meetings loaded { count: 2, timestamp: '2026-01-30T03:36:51.898Z' }

      at Logger.logMethod [as log] (utils/logger.ts:82:7)

    console.log
      [INFO] Upcoming meetings loaded { count: 2, timestamp: '2026-01-30T03:36:51.898Z' }

      at Logger.logMethod [as log] (utils/logger.ts:82:7)

    console.log
      [INFO] Upcoming meetings loaded { count: 2, timestamp: '2026-01-30T03:36:51.899Z' }

      at Logger.logMethod [as log] (utils/logger.ts:82:7)

    console.log
      [INFO] Upcoming meetings loaded { count: 2, timestamp: '2026-01-30T03:36:51.899Z' }

      at Logger.logMethod [as log] (utils/logger.ts:82:7)

    console.log
      [INFO] Upcoming meetings loaded { count: 2, timestamp: '2026-01-30T03:36:51.902Z' }

      at Logger.logMethod [as log] (utils/logger.ts:82:7)

    console.log
      [INFO] Upcoming meetings loaded { count: 2, timestamp: '2026-01-30T03:36:51.907Z' }

      at Logger.logMethod [as log] (utils/logger.ts:82:7)

    console.log
      [INFO] Upcoming meetings loaded { count: 2, timestamp: '2026-01-30T03:36:51.907Z' }

      at Logger.logMethod [as log] (utils/logger.ts:82:7)

    console.log
      [INFO] Upcoming meetings loaded { count: 2, timestamp: '2026-01-30T03:36:51.907Z' }

      at Logger.logMethod [as log] (utils/logger.ts:82:7)

    console.log
      [INFO] Upcoming meetings loaded { count: 2, timestamp: '2026-01-30T03:36:51.907Z' }

      at Logger.logMethod [as log] (utils/logger.ts:82:7)

    console.log
      [INFO] Upcoming meetings loaded { count: 2, timestamp: '2026-01-30T03:36:51.908Z' }

      at Logger.logMethod [as log] (utils/logger.ts:82:7)

    console.log
      [INFO] Upcoming meetings loaded { count: 2, timestamp: '2026-01-30T03:36:51.908Z' }

      at Logger.logMethod [as log] (utils/logger.ts:82:7)

    console.log
      [INFO] Upcoming meetings loaded { count: 2, timestamp: '2026-01-30T03:36:51.908Z' }

      at Logger.logMethod [as log] (utils/logger.ts:82:7)

    console.log
      [INFO] Upcoming meetings loaded { count: 2, timestamp: '2026-01-30T03:36:51.909Z' }

      at Logger.logMethod [as log] (utils/logger.ts:82:7)

    console.log
      [INFO] Upcoming meetings loaded { count: 2, timestamp: '2026-01-30T03:36:51.909Z' }

      at Logger.logMethod [as log] (utils/logger.ts:82:7)

    console.log
      [INFO] Upcoming meetings loaded { count: 2, timestamp: '2026-01-30T03:36:51.909Z' }

      at Logger.logMethod [as log] (utils/logger.ts:82:7)

    console.log
      [INFO] Upcoming meetings loaded { count: 2, timestamp: '2026-01-30T03:36:51.909Z' }

      at Logger.logMethod [as log] (utils/logger.ts:82:7)

    console.log
      [INFO] Upcoming meetings loaded { count: 2, timestamp: '2026-01-30T03:36:51.910Z' }

      at Logger.logMethod [as log] (utils/logger.ts:82:7)

    console.log
      [INFO] Upcoming meetings loaded { count: 2, timestamp: '2026-01-30T03:36:51.910Z' }

      at Logger.logMethod [as log] (utils/logger.ts:82:7)

    console.log
      [INFO] Upcoming meetings loaded { count: 2, timestamp: '2026-01-30T03:36:51.910Z' }

      at Logger.logMethod [as log] (utils/logger.ts:82:7)

    console.log
      [INFO] Upcoming meetings loaded { count: 2, timestamp: '2026-01-30T03:36:51.910Z' }

      at Logger.logMethod [as log] (utils/logger.ts:82:7)

    console.log
      [INFO] Upcoming meetings loaded { count: 2, timestamp: '2026-01-30T03:36:51.911Z' }

      at Logger.logMethod [as log] (utils/logger.ts:82:7)

    console.log
      [INFO] Upcoming meetings loaded { count: 2, timestamp: '2026-01-30T03:36:51.911Z' }

      at Logger.logMethod [as log] (utils/logger.ts:82:7)

    console.log
      [INFO] Upcoming meetings loaded { count: 2, timestamp: '2026-01-30T03:36:51.911Z' }

      at Logger.logMethod [as log] (utils/logger.ts:82:7)

    console.log
      [INFO] Upcoming meetings loaded { count: 2, timestamp: '2026-01-30T03:36:51.911Z' }

      at Logger.logMethod [as log] (utils/logger.ts:82:7)

    console.log
      [INFO] Upcoming meetings loaded { count: 2, timestamp: '2026-01-30T03:36:51.912Z' }

      at Logger.logMethod [as log] (utils/logger.ts:82:7)

    console.log
      [INFO] Upcoming meetings loaded { count: 2, timestamp: '2026-01-30T03:36:51.912Z' }

      at Logger.logMethod [as log] (utils/logger.ts:82:7)

    console.log
      [INFO] Upcoming meetings loaded { count: 2, timestamp: '2026-01-30T03:36:51.912Z' }

      at Logger.logMethod [as log] (utils/logger.ts:82:7)

    console.log
      [INFO] Upcoming meetings loaded { count: 2, timestamp: '2026-01-30T03:36:51.912Z' }

      at Logger.logMethod [as log] (utils/logger.ts:82:7)

    console.log
      [INFO] Upcoming meetings loaded { count: 2, timestamp: '2026-01-30T03:36:51.913Z' }

      at Logger.logMethod [as log] (utils/logger.ts:82:7)

    console.log
      [INFO] Upcoming meetings loaded { count: 2, timestamp: '2026-01-30T03:36:51.913Z' }

      at Logger.logMethod [as log] (utils/logger.ts:82:7)

    console.log
      [INFO] Upcoming meetings loaded { count: 2, timestamp: '2026-01-30T03:36:51.913Z' }

      at Logger.logMethod [as log] (utils/logger.ts:82:7)

    console.log
      [INFO] Upcoming meetings loaded { count: 2, timestamp: '2026-01-30T03:36:51.913Z' }

      at Logger.logMethod [as log] (utils/logger.ts:82:7)

    console.log
      [INFO] Upcoming meetings loaded { count: 2, timestamp: '2026-01-30T03:36:51.914Z' }

      at Logger.logMethod [as log] (utils/logger.ts:82:7)

    console.log
      [INFO] Upcoming meetings loaded { count: 2, timestamp: '2026-01-30T03:36:51.914Z' }

      at Logger.logMethod [as log] (utils/logger.ts:82:7)

    console.log
      [INFO] Upcoming meetings loaded { count: 2, timestamp: '2026-01-30T03:36:51.914Z' }

      at Logger.logMethod [as log] (utils/logger.ts:82:7)

    console.log
      [INFO] Upcoming meetings loaded { count: 2, timestamp: '2026-01-30T03:36:51.915Z' }

      at Logger.logMethod [as log] (utils/logger.ts:82:7)

    console.log
      [INFO] Upcoming meetings loaded { count: 2, timestamp: '2026-01-30T03:36:51.915Z' }

      at Logger.logMethod [as log] (utils/logger.ts:82:7)

    console.log
      [INFO] Upcoming meetings loaded { count: 2, timestamp: '2026-01-30T03:36:51.915Z' }

      at Logger.logMethod [as log] (utils/logger.ts:82:7)

    console.log
      [INFO] Upcoming meetings loaded { count: 2, timestamp: '2026-01-30T03:36:51.915Z' }

      at Logger.logMethod [as log] (utils/logger.ts:82:7)

    console.log
      [INFO] Upcoming meetings loaded { count: 2, timestamp: '2026-01-30T03:36:51.916Z' }

      at Logger.logMethod [as log] (utils/logger.ts:82:7)

    console.log
      [INFO] Upcoming meetings loaded { count: 2, timestamp: '2026-01-30T03:36:51.916Z' }

      at Logger.logMethod [as log] (utils/logger.ts:82:7)

    console.log
      [INFO] Upcoming meetings loaded { count: 2, timestamp: '2026-01-30T03:36:51.917Z' }

      at Logger.logMethod [as log] (utils/logger.ts:82:7)

    console.log
      [INFO] Upcoming meetings loaded { count: 2, timestamp: '2026-01-30T03:36:51.917Z' }

      at Logger.logMethod [as log] (utils/logger.ts:82:7)

    console.log
      [INFO] Upcoming meetings loaded { count: 2, timestamp: '2026-01-30T03:36:51.918Z' }

      at Logger.logMethod [as log] (utils/logger.ts:82:7)

    console.log
      [INFO] Upcoming meetings loaded { count: 2, timestamp: '2026-01-30T03:36:51.918Z' }

      at Logger.logMethod [as log] (utils/logger.ts:82:7)

    console.log
      [INFO] Upcoming meetings loaded { count: 2, timestamp: '2026-01-30T03:36:51.919Z' }

      at Logger.logMethod [as log] (utils/logger.ts:82:7)

    console.log
      [INFO] Upcoming meetings loaded { count: 2, timestamp: '2026-01-30T03:36:51.919Z' }

      at Logger.logMethod [as log] (utils/logger.ts:82:7)

    console.log
      [INFO] Upcoming meetings loaded { count: 2, timestamp: '2026-01-30T03:36:51.919Z' }

      at Logger.logMethod [as log] (utils/logger.ts:82:7)

    console.log
      [INFO] Upcoming meetings loaded { count: 2, timestamp: '2026-01-30T03:36:51.920Z' }

      at Logger.logMethod [as log] (utils/logger.ts:82:7)

    console.log
      [INFO] Upcoming meetings loaded { count: 2, timestamp: '2026-01-30T03:36:51.920Z' }

      at Logger.logMethod [as log] (utils/logger.ts:82:7)

    console.log
      [INFO] Upcoming meetings loaded { count: 2, timestamp: '2026-01-30T03:36:51.920Z' }

      at Logger.logMethod [as log] (utils/logger.ts:82:7)

    console.log
      [INFO] Upcoming meetings loaded { count: 2, timestamp: '2026-01-30T03:36:51.920Z' }

      at Logger.logMethod [as log] (utils/logger.ts:82:7)

    console.log
      [INFO] Upcoming meetings loaded { count: 2, timestamp: '2026-01-30T03:36:51.921Z' }

      at Logger.logMethod [as log] (utils/logger.ts:82:7)

    console.log
      [INFO] Upcoming meetings loaded { count: 2, timestamp: '2026-01-30T03:36:51.921Z' }

      at Logger.logMethod [as log] (utils/logger.ts:82:7)

    console.log
      [INFO] Upcoming meetings loaded { count: 2, timestamp: '2026-01-30T03:36:51.921Z' }

      at Logger.logMethod [as log] (utils/logger.ts:82:7)

    console.log
      [INFO] Upcoming meetings loaded { count: 2, timestamp: '2026-01-30T03:36:51.921Z' }

      at Logger.logMethod [as log] (utils/logger.ts:82:7)

    console.log
      [INFO] Upcoming meetings loaded { count: 2, timestamp: '2026-01-30T03:36:51.922Z' }

      at Logger.logMethod [as log] (utils/logger.ts:82:7)

    console.log
      [INFO] Upcoming meetings loaded { count: 2, timestamp: '2026-01-30T03:36:51.922Z' }

      at Logger.logMethod [as log] (utils/logger.ts:82:7)

    console.log
      [INFO] Upcoming meetings loaded { count: 2, timestamp: '2026-01-30T03:36:51.922Z' }

      at Logger.logMethod [as log] (utils/logger.ts:82:7)

    console.log
      [INFO] Upcoming meetings loaded { count: 2, timestamp: '2026-01-30T03:36:51.922Z' }

      at Logger.logMethod [as log] (utils/logger.ts:82:7)

    console.log
      [INFO] Upcoming meetings loaded { count: 2, timestamp: '2026-01-30T03:36:51.923Z' }

      at Logger.logMethod [as log] (utils/logger.ts:82:7)

    console.log
      [INFO] Upcoming meetings loaded { count: 2, timestamp: '2026-01-30T03:36:51.923Z' }

      at Logger.logMethod [as log] (utils/logger.ts:82:7)

    console.log
      [INFO] Upcoming meetings loaded { count: 2, timestamp: '2026-01-30T03:36:51.923Z' }

      at Logger.logMethod [as log] (utils/logger.ts:82:7)

    console.log
      [INFO] Upcoming meetings loaded { count: 2, timestamp: '2026-01-30T03:36:51.923Z' }

      at Logger.logMethod [as log] (utils/logger.ts:82:7)

    console.log
      [INFO] Upcoming meetings loaded { count: 2, timestamp: '2026-01-30T03:36:51.924Z' }

      at Logger.logMethod [as log] (utils/logger.ts:82:7)

    console.log
      [INFO] Upcoming meetings loaded { count: 2, timestamp: '2026-01-30T03:36:51.924Z' }

      at Logger.logMethod [as log] (utils/logger.ts:82:7)

    console.log
      [INFO] Upcoming meetings loaded { count: 2, timestamp: '2026-01-30T03:36:51.924Z' }

      at Logger.logMethod [as log] (utils/logger.ts:82:7)

    console.log
      [INFO] Upcoming meetings loaded { count: 2, timestamp: '2026-01-30T03:36:51.924Z' }

      at Logger.logMethod [as log] (utils/logger.ts:82:7)

    console.log
      [INFO] Upcoming meetings loaded { count: 2, timestamp: '2026-01-30T03:36:51.925Z' }

      at Logger.logMethod [as log] (utils/logger.ts:82:7)

    console.log
      [INFO] Upcoming meetings loaded { count: 2, timestamp: '2026-01-30T03:36:51.925Z' }

      at Logger.logMethod [as log] (utils/logger.ts:82:7)

    console.log
      [INFO] Upcoming meetings loaded { count: 2, timestamp: '2026-01-30T03:36:51.925Z' }

      at Logger.logMethod [as log] (utils/logger.ts:82:7)

    console.log
      [INFO] Upcoming meetings loaded { count: 2, timestamp: '2026-01-30T03:36:51.925Z' }

      at Logger.logMethod [as log] (utils/logger.ts:82:7)

    console.log
      [INFO] Upcoming meetings loaded { count: 2, timestamp: '2026-01-30T03:36:51.926Z' }

      at Logger.logMethod [as log] (utils/logger.ts:82:7)

    console.log
      [INFO] Upcoming meetings loaded { count: 2, timestamp: '2026-01-30T03:36:51.926Z' }

      at Logger.logMethod [as log] (utils/logger.ts:82:7)

    console.log
      [INFO] Upcoming meetings loaded { count: 2, timestamp: '2026-01-30T03:36:51.926Z' }

      at Logger.logMethod [as log] (utils/logger.ts:82:7)

    console.log
      [INFO] Upcoming meetings loaded { count: 2, timestamp: '2026-01-30T03:36:51.926Z' }

      at Logger.logMethod [as log] (utils/logger.ts:82:7)

    console.log
      [INFO] Upcoming meetings loaded { count: 2, timestamp: '2026-01-30T03:36:51.927Z' }

      at Logger.logMethod [as log] (utils/logger.ts:82:7)

    console.log
      [INFO] Upcoming meetings loaded { count: 2, timestamp: '2026-01-30T03:36:51.927Z' }

      at Logger.logMethod [as log] (utils/logger.ts:82:7)

    console.log
      [INFO] Upcoming meetings loaded { count: 2, timestamp: '2026-01-30T03:36:51.927Z' }

      at Logger.logMethod [as log] (utils/logger.ts:82:7)

    console.log
      [INFO] Upcoming meetings loaded { count: 2, timestamp: '2026-01-30T03:36:51.927Z' }

      at Logger.logMethod [as log] (utils/logger.ts:82:7)

    console.log
      [INFO] Upcoming meetings loaded { count: 2, timestamp: '2026-01-30T03:36:51.928Z' }

      at Logger.logMethod [as log] (utils/logger.ts:82:7)

    console.log
      [INFO] Upcoming meetings loaded { count: 2, timestamp: '2026-01-30T03:36:51.928Z' }

      at Logger.logMethod [as log] (utils/logger.ts:82:7)

    console.log
      [INFO] Upcoming meetings loaded { count: 2, timestamp: '2026-01-30T03:36:51.928Z' }

      at Logger.logMethod [as log] (utils/logger.ts:82:7)

    console.log
      [INFO] Upcoming meetings loaded { count: 2, timestamp: '2026-01-30T03:36:51.929Z' }

      at Logger.logMethod [as log] (utils/logger.ts:82:7)

    console.log
      [INFO] Upcoming meetings loaded { count: 2, timestamp: '2026-01-30T03:36:51.929Z' }

      at Logger.logMethod [as log] (utils/logger.ts:82:7)

    console.log
      [INFO] Upcoming meetings loaded { count: 2, timestamp: '2026-01-30T03:36:51.929Z' }

      at Logger.logMethod [as log] (utils/logger.ts:82:7)

    console.log
      [INFO] Upcoming meetings loaded { count: 2, timestamp: '2026-01-30T03:36:51.929Z' }

      at Logger.logMethod [as log] (utils/logger.ts:82:7)

    console.log
      [INFO] Upcoming meetings loaded { count: 2, timestamp: '2026-01-30T03:36:51.930Z' }

      at Logger.logMethod [as log] (utils/logger.ts:82:7)

    console.log
      [INFO] Upcoming meetings loaded { count: 2, timestamp: '2026-01-30T03:36:51.930Z' }

      at Logger.logMethod [as log] (utils/logger.ts:82:7)

    console.log
      [INFO] Upcoming meetings loaded { count: 2, timestamp: '2026-01-30T03:36:51.930Z' }

      at Logger.logMethod [as log] (utils/logger.ts:82:7)

    console.log
      [INFO] Upcoming meetings loaded { count: 2, timestamp: '2026-01-30T03:36:51.930Z' }

      at Logger.logMethod [as log] (utils/logger.ts:82:7)

    console.log
      [INFO] Upcoming meetings loaded { count: 2, timestamp: '2026-01-30T03:36:51.931Z' }

      at Logger.logMethod [as log] (utils/logger.ts:82:7)

    console.log
      [INFO] Upcoming meetings loaded { count: 2, timestamp: '2026-01-30T03:36:51.931Z' }

      at Logger.logMethod [as log] (utils/logger.ts:82:7)

    console.log
      [INFO] Upcoming meetings loaded { count: 2, timestamp: '2026-01-30T03:36:51.931Z' }

      at Logger.logMethod [as log] (utils/logger.ts:82:7)

    console.log
      [INFO] Upcoming meetings loaded { count: 2, timestamp: '2026-01-30T03:36:51.931Z' }

      at Logger.logMethod [as log] (utils/logger.ts:82:7)

    console.log
      [INFO] Upcoming meetings loaded { count: 2, timestamp: '2026-01-30T03:36:51.932Z' }

      at Logger.logMethod [as log] (utils/logger.ts:82:7)

    console.log
      [INFO] Upcoming meetings loaded { count: 2, timestamp: '2026-01-30T03:36:51.932Z' }

      at Logger.logMethod [as log] (utils/logger.ts:82:7)

    console.log
      [INFO] Upcoming meetings loaded { count: 2, timestamp: '2026-01-30T03:36:51.932Z' }

      at Logger.logMethod [as log] (utils/logger.ts:82:7)

    console.log
      [INFO] Upcoming meetings loaded { count: 2, timestamp: '2026-01-30T03:36:51.932Z' }

      at Logger.logMethod [as log] (utils/logger.ts:82:7)

    console.log
      [INFO] Upcoming meetings loaded { count: 2, timestamp: '2026-01-30T03:36:51.933Z' }

      at Logger.logMethod [as log] (utils/logger.ts:82:7)

    console.log
      [INFO] Upcoming meetings loaded { count: 2, timestamp: '2026-01-30T03:36:51.933Z' }

      at Logger.logMethod [as log] (utils/logger.ts:82:7)

    console.log
      [INFO] Upcoming meetings loaded { count: 2, timestamp: '2026-01-30T03:36:51.933Z' }

      at Logger.logMethod [as log] (utils/logger.ts:82:7)

    console.log
      [INFO] Upcoming meetings loaded { count: 2, timestamp: '2026-01-30T03:36:51.933Z' }

      at Logger.logMethod [as log] (utils/logger.ts:82:7)

    console.log
      [INFO] Upcoming meetings loaded { count: 2, timestamp: '2026-01-30T03:36:51.934Z' }

      at Logger.logMethod [as log] (utils/logger.ts:82:7)

    console.log
      [INFO] Upcoming meetings loaded { count: 2, timestamp: '2026-01-30T03:36:51.934Z' }

      at Logger.logMethod [as log] (utils/logger.ts:82:7)

    console.log
      [INFO] Upcoming meetings loaded { count: 2, timestamp: '2026-01-30T03:36:51.934Z' }

      at Logger.logMethod [as log] (utils/logger.ts:82:7)

    console.log
      [INFO] Upcoming meetings loaded { count: 2, timestamp: '2026-01-30T03:36:51.934Z' }

      at Logger.logMethod [as log] (utils/logger.ts:82:7)

    console.log
      [INFO] Upcoming meetings loaded { count: 2, timestamp: '2026-01-30T03:36:51.935Z' }

      at Logger.logMethod [as log] (utils/logger.ts:82:7)

    console.log
      [INFO] Upcoming meetings loaded { count: 2, timestamp: '2026-01-30T03:36:51.935Z' }

      at Logger.logMethod [as log] (utils/logger.ts:82:7)

    console.log
      [INFO] Upcoming meetings loaded { count: 2, timestamp: '2026-01-30T03:36:51.935Z' }

      at Logger.logMethod [as log] (utils/logger.ts:82:7)

    console.log
      [INFO] Upcoming meetings loaded { count: 2, timestamp: '2026-01-30T03:36:51.935Z' }

      at Logger.logMethod [as log] (utils/logger.ts:82:7)

    console.log
      [INFO] Upcoming meetings loaded { count: 2, timestamp: '2026-01-30T03:36:51.936Z' }

      at Logger.logMethod [as log] (utils/logger.ts:82:7)

    console.log
      [INFO] Upcoming meetings loaded { count: 2, timestamp: '2026-01-30T03:36:51.936Z' }

      at Logger.logMethod [as log] (utils/logger.ts:82:7)

    console.log
      [INFO] Upcoming meetings loaded { count: 2, timestamp: '2026-01-30T03:36:51.936Z' }

      at Logger.logMethod [as log] (utils/logger.ts:82:7)

    console.log
      [INFO] Upcoming meetings loaded { count: 2, timestamp: '2026-01-30T03:36:51.936Z' }

      at Logger.logMethod [as log] (utils/logger.ts:82:7)

    console.log
      [INFO] Upcoming meetings loaded { count: 2, timestamp: '2026-01-30T03:36:51.937Z' }

      at Logger.logMethod [as log] (utils/logger.ts:82:7)

    console.log
      [INFO] Upcoming meetings loaded { count: 2, timestamp: '2026-01-30T03:36:51.937Z' }

      at Logger.logMethod [as log] (utils/logger.ts:82:7)

    console.log
      [INFO] Upcoming meetings loaded { count: 2, timestamp: '2026-01-30T03:36:51.937Z' }

      at Logger.logMethod [as log] (utils/logger.ts:82:7)

    console.log
      [INFO] Upcoming meetings loaded { count: 2, timestamp: '2026-01-30T03:36:51.938Z' }

      at Logger.logMethod [as log] (utils/logger.ts:82:7)

    console.log
      [INFO] Upcoming meetings loaded { count: 2, timestamp: '2026-01-30T03:36:51.938Z' }

      at Logger.logMethod [as log] (utils/logger.ts:82:7)

    console.log
      [INFO] Upcoming meetings loaded { count: 2, timestamp: '2026-01-30T03:36:51.938Z' }

      at Logger.logMethod [as log] (utils/logger.ts:82:7)

    console.log
      [INFO] Upcoming meetings loaded { count: 2, timestamp: '2026-01-30T03:36:51.938Z' }

      at Logger.logMethod [as log] (utils/logger.ts:82:7)

    console.log
      [INFO] Upcoming meetings loaded { count: 2, timestamp: '2026-01-30T03:36:51.939Z' }

      at Logger.logMethod [as log] (utils/logger.ts:82:7)

    console.log
      [INFO] Upcoming meetings loaded { count: 2, timestamp: '2026-01-30T03:36:51.939Z' }

      at Logger.logMethod [as log] (utils/logger.ts:82:7)

    console.log
      [INFO] Upcoming meetings loaded { count: 2, timestamp: '2026-01-30T03:36:51.939Z' }

      at Logger.logMethod [as log] (utils/logger.ts:82:7)

    console.log
      [INFO] Upcoming meetings loaded { count: 2, timestamp: '2026-01-30T03:36:51.939Z' }

      at Logger.logMethod [as log] (utils/logger.ts:82:7)

    console.log
      [INFO] Upcoming meetings loaded { count: 2, timestamp: '2026-01-30T03:36:51.940Z' }

      at Logger.logMethod [as log] (utils/logger.ts:82:7)

    console.log
      [INFO] Upcoming meetings loaded { count: 2, timestamp: '2026-01-30T03:36:51.940Z' }

      at Logger.logMethod [as log] (utils/logger.ts:82:7)

    console.log
      [INFO] Upcoming meetings loaded { count: 2, timestamp: '2026-01-30T03:36:51.940Z' }

      at Logger.logMethod [as log] (utils/logger.ts:82:7)

    console.log
      [INFO] Upcoming meetings loaded { count: 2, timestamp: '2026-01-30T03:36:51.940Z' }

      at Logger.logMethod [as log] (utils/logger.ts:82:7)

    console.log
      [INFO] Upcoming meetings loaded { count: 2, timestamp: '2026-01-30T03:36:51.941Z' }

      at Logger.logMethod [as log] (utils/logger.ts:82:7)

    console.log
      [INFO] Upcoming meetings loaded { count: 2, timestamp: '2026-01-30T03:36:51.941Z' }

      at Logger.logMethod [as log] (utils/logger.ts:82:7)

    console.log
      [INFO] Upcoming meetings loaded { count: 2, timestamp: '2026-01-30T03:36:51.941Z' }

      at Logger.logMethod [as log] (utils/logger.ts:82:7)

    console.log
      [INFO] Upcoming meetings loaded { count: 2, timestamp: '2026-01-30T03:36:51.941Z' }

      at Logger.logMethod [as log] (utils/logger.ts:82:7)

    console.log
      [INFO] Upcoming meetings loaded { count: 2, timestamp: '2026-01-30T03:36:51.942Z' }

      at Logger.logMethod [as log] (utils/logger.ts:82:7)

    console.log
      [INFO] Upcoming meetings loaded { count: 2, timestamp: '2026-01-30T03:36:51.942Z' }

      at Logger.logMethod [as log] (utils/logger.ts:82:7)

    console.log
      [INFO] Upcoming meetings loaded { count: 2, timestamp: '2026-01-30T03:36:51.942Z' }

      at Logger.logMethod [as log] (utils/logger.ts:82:7)

    console.log
      [INFO] Upcoming meetings loaded { count: 2, timestamp: '2026-01-30T03:36:51.942Z' }

      at Logger.logMethod [as log] (utils/logger.ts:82:7)

    console.log
      [INFO] Upcoming meetings loaded { count: 2, timestamp: '2026-01-30T03:36:51.943Z' }

      at Logger.logMethod [as log] (utils/logger.ts:82:7)

    console.log
      [INFO] Upcoming meetings loaded { count: 2, timestamp: '2026-01-30T03:36:51.943Z' }

      at Logger.logMethod [as log] (utils/logger.ts:82:7)

    console.log
      [INFO] Upcoming meetings loaded { count: 2, timestamp: '2026-01-30T03:36:51.943Z' }

      at Logger.logMethod [as log] (utils/logger.ts:82:7)

    console.log
      [INFO] Upcoming meetings loaded { count: 2, timestamp: '2026-01-30T03:36:51.943Z' }

      at Logger.logMethod [as log] (utils/logger.ts:82:7)

    console.log
      [INFO] Upcoming meetings loaded { count: 2, timestamp: '2026-01-30T03:36:51.944Z' }

      at Logger.logMethod [as log] (utils/logger.ts:82:7)

    console.log
      [INFO] Upcoming meetings loaded { count: 2, timestamp: '2026-01-30T03:36:51.944Z' }

      at Logger.logMethod [as log] (utils/logger.ts:82:7)

    console.log
      [INFO] Upcoming meetings loaded { count: 2, timestamp: '2026-01-30T03:36:51.944Z' }

      at Logger.logMethod [as log] (utils/logger.ts:82:7)

    console.log
      [INFO] Upcoming meetings loaded { count: 2, timestamp: '2026-01-30T03:36:51.944Z' }

      at Logger.logMethod [as log] (utils/logger.ts:82:7)

    console.log
      [INFO] Upcoming meetings loaded { count: 2, timestamp: '2026-01-30T03:36:51.945Z' }

      at Logger.logMethod [as log] (utils/logger.ts:82:7)

    console.log
      [INFO] Upcoming meetings loaded { count: 2, timestamp: '2026-01-30T03:36:51.945Z' }

      at Logger.logMethod [as log] (utils/logger.ts:82:7)

    console.log
      [INFO] Upcoming meetings loaded { count: 2, timestamp: '2026-01-30T03:36:51.945Z' }

      at Logger.logMethod [as log] (utils/logger.ts:82:7)

    console.log
      [INFO] Upcoming meetings loaded { count: 2, timestamp: '2026-01-30T03:36:51.946Z' }

      at Logger.logMethod [as log] (utils/logger.ts:82:7)

    console.log
      [INFO] Upcoming meetings loaded { count: 2, timestamp: '2026-01-30T03:36:51.946Z' }

      at Logger.logMethod [as log] (utils/logger.ts:82:7)

    console.log
      [INFO] Upcoming meetings loaded { count: 2, timestamp: '2026-01-30T03:36:51.946Z' }

      at Logger.logMethod [as log] (utils/logger.ts:82:7)

    console.log
      [INFO] Upcoming meetings loaded { count: 2, timestamp: '2026-01-30T03:36:51.946Z' }

      at Logger.logMethod [as log] (utils/logger.ts:82:7)

    console.log
      [INFO] Upcoming meetings loaded { count: 2, timestamp: '2026-01-30T03:36:51.947Z' }

      at Logger.logMethod [as log] (utils/logger.ts:82:7)

    console.log
      [INFO] Upcoming meetings loaded { count: 2, timestamp: '2026-01-30T03:36:51.947Z' }

      at Logger.logMethod [as log] (utils/logger.ts:82:7)

    console.log
      [INFO] Upcoming meetings loaded { count: 2, timestamp: '2026-01-30T03:36:51.947Z' }

      at Logger.logMethod [as log] (utils/logger.ts:82:7)

    console.log
      [INFO] Upcoming meetings loaded { count: 2, timestamp: '2026-01-30T03:36:51.947Z' }

      at Logger.logMethod [as log] (utils/logger.ts:82:7)

    console.log
      [INFO] Upcoming meetings loaded { count: 2, timestamp: '2026-01-30T03:36:51.948Z' }

      at Logger.logMethod [as log] (utils/logger.ts:82:7)

    console.log
      [INFO] Upcoming meetings loaded { count: 2, timestamp: '2026-01-30T03:36:51.948Z' }

      at Logger.logMethod [as log] (utils/logger.ts:82:7)

    console.log
      [INFO] Upcoming meetings loaded { count: 2, timestamp: '2026-01-30T03:36:51.948Z' }

      at Logger.logMethod [as log] (utils/logger.ts:82:7)

    console.log
      [INFO] Upcoming meetings loaded { count: 2, timestamp: '2026-01-30T03:36:51.948Z' }

      at Logger.logMethod [as log] (utils/logger.ts:82:7)

    console.log
      [INFO] Upcoming meetings loaded { count: 2, timestamp: '2026-01-30T03:36:51.949Z' }

      at Logger.logMethod [as log] (utils/logger.ts:82:7)

    console.log
      [INFO] Upcoming meetings loaded { count: 2, timestamp: '2026-01-30T03:36:51.949Z' }

      at Logger.logMethod [as log] (utils/logger.ts:82:7)

    console.log
      [INFO] Upcoming meetings loaded { count: 2, timestamp: '2026-01-30T03:36:51.949Z' }

      at Logger.logMethod [as log] (utils/logger.ts:82:7)

    console.log
      [INFO] Upcoming meetings loaded { count: 2, timestamp: '2026-01-30T03:36:51.949Z' }

      at Logger.logMethod [as log] (utils/logger.ts:82:7)

    console.log
      [INFO] Upcoming meetings loaded { count: 2, timestamp: '2026-01-30T03:36:51.950Z' }

      at Logger.logMethod [as log] (utils/logger.ts:82:7)

    console.log
      [INFO] Upcoming meetings loaded { count: 2, timestamp: '2026-01-30T03:36:51.950Z' }

      at Logger.logMethod [as log] (utils/logger.ts:82:7)

    console.log
      [INFO] Upcoming meetings loaded { count: 2, timestamp: '2026-01-30T03:36:51.950Z' }

      at Logger.logMethod [as log] (utils/logger.ts:82:7)

    console.log
      [INFO] Upcoming meetings loaded { count: 2, timestamp: '2026-01-30T03:36:51.950Z' }

      at Logger.logMethod [as log] (utils/logger.ts:82:7)

    console.log
      [INFO] Upcoming meetings loaded { count: 2, timestamp: '2026-01-30T03:36:51.951Z' }

      at Logger.logMethod [as log] (utils/logger.ts:82:7)

    console.log
      [INFO] Upcoming meetings loaded { count: 2, timestamp: '2026-01-30T03:36:51.951Z' }

      at Logger.logMethod [as log] (utils/logger.ts:82:7)

    console.log
      [INFO] Upcoming meetings loaded { count: 2, timestamp: '2026-01-30T03:36:51.951Z' }

      at Logger.logMethod [as log] (utils/logger.ts:82:7)

    console.log
      [INFO] Upcoming meetings loaded { count: 2, timestamp: '2026-01-30T03:36:51.951Z' }

      at Logger.logMethod [as log] (utils/logger.ts:82:7)

    console.log
      [INFO] Upcoming meetings loaded { count: 2, timestamp: '2026-01-30T03:36:51.952Z' }

      at Logger.logMethod [as log] (utils/logger.ts:82:7)

    console.log
      [INFO] Upcoming meetings loaded { count: 2, timestamp: '2026-01-30T03:36:51.952Z' }

      at Logger.logMethod [as log] (utils/logger.ts:82:7)

    console.log
      [INFO] Upcoming meetings loaded { count: 2, timestamp: '2026-01-30T03:36:51.955Z' }

      at Logger.logMethod [as log] (utils/logger.ts:82:7)

    console.log
      [INFO] Upcoming meetings loaded { count: 2, timestamp: '2026-01-30T03:36:51.959Z' }

      at Logger.logMethod [as log] (utils/logger.ts:82:7)

    console.log
      [INFO] Upcoming meetings loaded { count: 2, timestamp: '2026-01-30T03:36:51.960Z' }

      at Logger.logMethod [as log] (utils/logger.ts:82:7)

    console.log
      [INFO] Upcoming meetings loaded { count: 2, timestamp: '2026-01-30T03:36:51.960Z' }

      at Logger.logMethod [as log] (utils/logger.ts:82:7)

    console.log
      [INFO] Upcoming meetings loaded { count: 2, timestamp: '2026-01-30T03:36:51.960Z' }

      at Logger.logMethod [as log] (utils/logger.ts:82:7)

    console.log
      [INFO] Upcoming meetings loaded { count: 2, timestamp: '2026-01-30T03:36:51.960Z' }

      at Logger.logMethod [as log] (utils/logger.ts:82:7)

    console.log
      [INFO] Upcoming meetings loaded { count: 2, timestamp: '2026-01-30T03:36:51.961Z' }

      at Logger.logMethod [as log] (utils/logger.ts:82:7)

    console.log
      [INFO] Upcoming meetings loaded { count: 2, timestamp: '2026-01-30T03:36:51.961Z' }

      at Logger.logMethod [as log] (utils/logger.ts:82:7)

    console.log
      [INFO] Upcoming meetings loaded { count: 2, timestamp: '2026-01-30T03:36:51.961Z' }

      at Logger.logMethod [as log] (utils/logger.ts:82:7)

    console.log
      [INFO] Upcoming meetings loaded { count: 2, timestamp: '2026-01-30T03:36:51.961Z' }

      at Logger.logMethod [as log] (utils/logger.ts:82:7)

    console.log
      [INFO] Upcoming meetings loaded { count: 2, timestamp: '2026-01-30T03:36:51.962Z' }

      at Logger.logMethod [as log] (utils/logger.ts:82:7)

    console.log
      [INFO] Upcoming meetings loaded { count: 2, timestamp: '2026-01-30T03:36:51.962Z' }

      at Logger.logMethod [as log] (utils/logger.ts:82:7)

    console.log
      [INFO] Upcoming meetings loaded { count: 2, timestamp: '2026-01-30T03:36:51.963Z' }

      at Logger.logMethod [as log] (utils/logger.ts:82:7)

    console.log
      [INFO] Upcoming meetings loaded { count: 2, timestamp: '2026-01-30T03:36:51.963Z' }

      at Logger.logMethod [as log] (utils/logger.ts:82:7)

    console.log
      [INFO] Upcoming meetings loaded { count: 2, timestamp: '2026-01-30T03:36:51.963Z' }

      at Logger.logMethod [as log] (utils/logger.ts:82:7)

    console.log
      [INFO] Upcoming meetings loaded { count: 2, timestamp: '2026-01-30T03:36:51.963Z' }

      at Logger.logMethod [as log] (utils/logger.ts:82:7)

    console.log
      [INFO] Upcoming meetings loaded { count: 2, timestamp: '2026-01-30T03:36:51.963Z' }

      at Logger.logMethod [as log] (utils/logger.ts:82:7)

    console.log
      [INFO] Upcoming meetings loaded { count: 2, timestamp: '2026-01-30T03:36:51.963Z' }

      at Logger.logMethod [as log] (utils/logger.ts:82:7)

    console.log
      [INFO] Upcoming meetings loaded { count: 2, timestamp: '2026-01-30T03:36:51.963Z' }

      at Logger.logMethod [as log] (utils/logger.ts:82:7)

    console.log
      [INFO] Upcoming meetings loaded { count: 2, timestamp: '2026-01-30T03:36:51.963Z' }

      at Logger.logMethod [as log] (utils/logger.ts:82:7)

    console.log
      [INFO] Upcoming meetings loaded { count: 2, timestamp: '2026-01-30T03:36:51.963Z' }

      at Logger.logMethod [as log] (utils/logger.ts:82:7)

    console.log
      [INFO] Upcoming meetings loaded { count: 2, timestamp: '2026-01-30T03:36:51.964Z' }

      at Logger.logMethod [as log] (utils/logger.ts:82:7)

    console.log
      [INFO] Upcoming meetings loaded { count: 2, timestamp: '2026-01-30T03:36:51.964Z' }

      at Logger.logMethod [as log] (utils/logger.ts:82:7)

    console.log
      [INFO] Upcoming meetings loaded { count: 2, timestamp: '2026-01-30T03:36:51.964Z' }

      at Logger.logMethod [as log] (utils/logger.ts:82:7)

    console.log
      [INFO] Upcoming meetings loaded { count: 2, timestamp: '2026-01-30T03:36:51.964Z' }

      at Logger.logMethod [as log] (utils/logger.ts:82:7)

    console.log
      [INFO] Upcoming meetings loaded { count: 2, timestamp: '2026-01-30T03:36:51.964Z' }

      at Logger.logMethod [as log] (utils/logger.ts:82:7)

    console.log
      [INFO] Upcoming meetings loaded { count: 2, timestamp: '2026-01-30T03:36:51.964Z' }

      at Logger.logMethod [as log] (utils/logger.ts:82:7)

    console.log
      [INFO] Upcoming meetings loaded { count: 2, timestamp: '2026-01-30T03:36:51.964Z' }

      at Logger.logMethod [as log] (utils/logger.ts:82:7)

    console.log
      [INFO] Upcoming meetings loaded { count: 2, timestamp: '2026-01-30T03:36:51.964Z' }

      at Logger.logMethod [as log] (utils/logger.ts:82:7)

    console.log
      [INFO] Upcoming meetings loaded { count: 2, timestamp: '2026-01-30T03:36:51.966Z' }

      at Logger.logMethod [as log] (utils/logger.ts:82:7)

    console.log
      [INFO] Upcoming meetings loaded { count: 2, timestamp: '2026-01-30T03:36:51.966Z' }

      at Logger.logMethod [as log] (utils/logger.ts:82:7)

    console.log
      [INFO] Upcoming meetings loaded { count: 2, timestamp: '2026-01-30T03:36:51.966Z' }

      at Logger.logMethod [as log] (utils/logger.ts:82:7)

    console.log
      [INFO] Upcoming meetings loaded { count: 2, timestamp: '2026-01-30T03:36:51.966Z' }

      at Logger.logMethod [as log] (utils/logger.ts:82:7)

    console.log
      [INFO] Upcoming meetings loaded { count: 2, timestamp: '2026-01-30T03:36:51.967Z' }

      at Logger.logMethod [as log] (utils/logger.ts:82:7)

    console.log
      [INFO] Upcoming meetings loaded { count: 2, timestamp: '2026-01-30T03:36:51.967Z' }

      at Logger.logMethod [as log] (utils/logger.ts:82:7)

    console.log
      [INFO] Upcoming meetings loaded { count: 2, timestamp: '2026-01-30T03:36:51.967Z' }

      at Logger.logMethod [as log] (utils/logger.ts:82:7)

    console.log
      [INFO] Upcoming meetings loaded { count: 2, timestamp: '2026-01-30T03:36:51.967Z' }

      at Logger.logMethod [as log] (utils/logger.ts:82:7)

    console.log
      [INFO] Upcoming meetings loaded { count: 2, timestamp: '2026-01-30T03:36:51.967Z' }

      at Logger.logMethod [as log] (utils/logger.ts:82:7)

    console.log
      [INFO] Upcoming meetings loaded { count: 2, timestamp: '2026-01-30T03:36:51.967Z' }

      at Logger.logMethod [as log] (utils/logger.ts:82:7)

    console.log
      [INFO] Upcoming meetings loaded { count: 2, timestamp: '2026-01-30T03:36:51.967Z' }

      at Logger.logMethod [as log] (utils/logger.ts:82:7)

    console.log
      [INFO] Upcoming meetings loaded { count: 2, timestamp: '2026-01-30T03:36:51.967Z' }

      at Logger.logMethod [as log] (utils/logger.ts:82:7)

    console.log
      [INFO] Upcoming meetings loaded { count: 2, timestamp: '2026-01-30T03:36:51.967Z' }

      at Logger.logMethod [as log] (utils/logger.ts:82:7)

    console.log
      [INFO] Upcoming meetings loaded { count: 2, timestamp: '2026-01-30T03:36:51.968Z' }

      at Logger.logMethod [as log] (utils/logger.ts:82:7)

    console.log
      [INFO] Upcoming meetings loaded { count: 2, timestamp: '2026-01-30T03:36:51.968Z' }

      at Logger.logMethod [as log] (utils/logger.ts:82:7)

    console.log
      [INFO] Upcoming meetings loaded { count: 2, timestamp: '2026-01-30T03:36:51.968Z' }

      at Logger.logMethod [as log] (utils/logger.ts:82:7)

    console.log
      [INFO] Upcoming meetings loaded { count: 2, timestamp: '2026-01-30T03:36:51.968Z' }

      at Logger.logMethod [as log] (utils/logger.ts:82:7)

    console.log
      [INFO] Upcoming meetings loaded { count: 2, timestamp: '2026-01-30T03:36:51.968Z' }

      at Logger.logMethod [as log] (utils/logger.ts:82:7)

    console.log
      [INFO] Upcoming meetings loaded { count: 2, timestamp: '2026-01-30T03:36:51.968Z' }

      at Logger.logMethod [as log] (utils/logger.ts:82:7)

    console.log
      [INFO] Upcoming meetings loaded { count: 2, timestamp: '2026-01-30T03:36:51.968Z' }

      at Logger.logMethod [as log] (utils/logger.ts:82:7)

    console.log
      [INFO] Upcoming meetings loaded { count: 2, timestamp: '2026-01-30T03:36:51.968Z' }

      at Logger.logMethod [as log] (utils/logger.ts:82:7)

    console.log
      [INFO] Upcoming meetings loaded { count: 2, timestamp: '2026-01-30T03:36:51.968Z' }

      at Logger.logMethod [as log] (utils/logger.ts:82:7)

    console.log
      [INFO] Upcoming meetings loaded { count: 2, timestamp: '2026-01-30T03:36:51.969Z' }

      at Logger.logMethod [as log] (utils/logger.ts:82:7)

    console.log
      [INFO] Upcoming meetings loaded { count: 2, timestamp: '2026-01-30T03:36:51.969Z' }

      at Logger.logMethod [as log] (utils/logger.ts:82:7)

    console.log
      [INFO] Upcoming meetings loaded { count: 2, timestamp: '2026-01-30T03:36:51.969Z' }

      at Logger.logMethod [as log] (utils/logger.ts:82:7)

    console.log
      [INFO] Upcoming meetings loaded { count: 2, timestamp: '2026-01-30T03:36:51.969Z' }

      at Logger.logMethod [as log] (utils/logger.ts:82:7)

    console.log
      [INFO] Upcoming meetings loaded { count: 2, timestamp: '2026-01-30T03:36:51.969Z' }

      at Logger.logMethod [as log] (utils/logger.ts:82:7)

    console.log
      [INFO] Upcoming meetings loaded { count: 2, timestamp: '2026-01-30T03:36:51.969Z' }

      at Logger.logMethod [as log] (utils/logger.ts:82:7)

    console.log
      [INFO] Upcoming meetings loaded { count: 2, timestamp: '2026-01-30T03:36:51.969Z' }

      at Logger.logMethod [as log] (utils/logger.ts:82:7)

    console.log
      [INFO] Upcoming meetings loaded { count: 2, timestamp: '2026-01-30T03:36:51.969Z' }

      at Logger.logMethod [as log] (utils/logger.ts:82:7)

    console.log
      [INFO] Upcoming meetings loaded { count: 2, timestamp: '2026-01-30T03:36:51.969Z' }

      at Logger.logMethod [as log] (utils/logger.ts:82:7)

    console.log
      [INFO] Upcoming meetings loaded { count: 2, timestamp: '2026-01-30T03:36:51.970Z' }

      at Logger.logMethod [as log] (utils/logger.ts:82:7)

    console.log
      [INFO] Upcoming meetings loaded { count: 2, timestamp: '2026-01-30T03:36:51.970Z' }

      at Logger.logMethod [as log] (utils/logger.ts:82:7)

    console.log
      [INFO] Upcoming meetings loaded { count: 2, timestamp: '2026-01-30T03:36:51.970Z' }

      at Logger.logMethod [as log] (utils/logger.ts:82:7)

    console.log
      [INFO] Upcoming meetings loaded { count: 2, timestamp: '2026-01-30T03:36:51.970Z' }

      at Logger.logMethod [as log] (utils/logger.ts:82:7)

    console.log
      [INFO] Upcoming meetings loaded { count: 2, timestamp: '2026-01-30T03:36:51.970Z' }

      at Logger.logMethod [as log] (utils/logger.ts:82:7)

    console.log
      [INFO] Upcoming meetings loaded { count: 2, timestamp: '2026-01-30T03:36:51.970Z' }

      at Logger.logMethod [as log] (utils/logger.ts:82:7)

    console.log
      [INFO] Upcoming meetings loaded { count: 2, timestamp: '2026-01-30T03:36:51.970Z' }

      at Logger.logMethod [as log] (utils/logger.ts:82:7)

    console.log
      [INFO] Upcoming meetings loaded { count: 2, timestamp: '2026-01-30T03:36:51.970Z' }

      at Logger.logMethod [as log] (utils/logger.ts:82:7)

    console.log
      [INFO] Upcoming meetings loaded { count: 2, timestamp: '2026-01-30T03:36:51.970Z' }

      at Logger.logMethod [as log] (utils/logger.ts:82:7)

    console.log
      [INFO] Upcoming meetings loaded { count: 2, timestamp: '2026-01-30T03:36:51.971Z' }

      at Logger.logMethod [as log] (utils/logger.ts:82:7)

    console.log
      [INFO] Upcoming meetings loaded { count: 2, timestamp: '2026-01-30T03:36:51.971Z' }

      at Logger.logMethod [as log] (utils/logger.ts:82:7)

    console.log
      [INFO] Upcoming meetings loaded { count: 2, timestamp: '2026-01-30T03:36:51.971Z' }

      at Logger.logMethod [as log] (utils/logger.ts:82:7)

    console.log
      [INFO] Upcoming meetings loaded { count: 2, timestamp: '2026-01-30T03:36:51.971Z' }

      at Logger.logMethod [as log] (utils/logger.ts:82:7)

    console.log
      [INFO] Upcoming meetings loaded { count: 2, timestamp: '2026-01-30T03:36:51.971Z' }

      at Logger.logMethod [as log] (utils/logger.ts:82:7)

    console.log
      [INFO] Upcoming meetings loaded { count: 2, timestamp: '2026-01-30T03:36:51.971Z' }

      at Logger.logMethod [as log] (utils/logger.ts:82:7)

    console.log
      [INFO] Upcoming meetings loaded { count: 2, timestamp: '2026-01-30T03:36:51.971Z' }

      at Logger.logMethod [as log] (utils/logger.ts:82:7)

    console.log
      [INFO] Upcoming meetings loaded { count: 2, timestamp: '2026-01-30T03:36:51.971Z' }

      at Logger.logMethod [as log] (utils/logger.ts:82:7)

    console.log
      [INFO] Upcoming meetings loaded { count: 2, timestamp: '2026-01-30T03:36:51.971Z' }

      at Logger.logMethod [as log] (utils/logger.ts:82:7)

    console.log
      [INFO] Upcoming meetings loaded { count: 2, timestamp: '2026-01-30T03:36:51.972Z' }

      at Logger.logMethod [as log] (utils/logger.ts:82:7)

    console.log
      [INFO] Upcoming meetings loaded { count: 2, timestamp: '2026-01-30T03:36:51.972Z' }

      at Logger.logMethod [as log] (utils/logger.ts:82:7)

    console.log
      [INFO] Upcoming meetings loaded { count: 2, timestamp: '2026-01-30T03:36:51.972Z' }

      at Logger.logMethod [as log] (utils/logger.ts:82:7)

    console.log
      [INFO] Upcoming meetings loaded { count: 2, timestamp: '2026-01-30T03:36:51.972Z' }

      at Logger.logMethod [as log] (utils/logger.ts:82:7)

    console.log
      [INFO] Upcoming meetings loaded { count: 2, timestamp: '2026-01-30T03:36:51.972Z' }

      at Logger.logMethod [as log] (utils/logger.ts:82:7)

    console.log
      [INFO] Upcoming meetings loaded { count: 2, timestamp: '2026-01-30T03:36:51.972Z' }

      at Logger.logMethod [as log] (utils/logger.ts:82:7)

    console.log
      [INFO] Upcoming meetings loaded { count: 2, timestamp: '2026-01-30T03:36:51.972Z' }

      at Logger.logMethod [as log] (utils/logger.ts:82:7)

    console.log
      [INFO] Upcoming meetings loaded { count: 2, timestamp: '2026-01-30T03:36:51.972Z' }

      at Logger.logMethod [as log] (utils/logger.ts:82:7)

    console.log
      [INFO] Upcoming meetings loaded { count: 2, timestamp: '2026-01-30T03:36:51.972Z' }

      at Logger.logMethod [as log] (utils/logger.ts:82:7)

    console.log
      [INFO] Upcoming meetings loaded { count: 2, timestamp: '2026-01-30T03:36:51.972Z' }

      at Logger.logMethod [as log] (utils/logger.ts:82:7)

    console.log
      [INFO] Upcoming meetings loaded { count: 2, timestamp: '2026-01-30T03:36:51.973Z' }

      at Logger.logMethod [as log] (utils/logger.ts:82:7)

    console.log
      [INFO] Upcoming meetings loaded { count: 2, timestamp: '2026-01-30T03:36:51.973Z' }

      at Logger.logMethod [as log] (utils/logger.ts:82:7)

    console.log
      [INFO] Upcoming meetings loaded { count: 2, timestamp: '2026-01-30T03:36:51.973Z' }

      at Logger.logMethod [as log] (utils/logger.ts:82:7)

    console.log
      [INFO] Upcoming meetings loaded { count: 2, timestamp: '2026-01-30T03:36:51.973Z' }

      at Logger.logMethod [as log] (utils/logger.ts:82:7)

    console.log
      [INFO] Upcoming meetings loaded { count: 2, timestamp: '2026-01-30T03:36:51.973Z' }

      at Logger.logMethod [as log] (utils/logger.ts:82:7)

    console.log
      [INFO] Upcoming meetings loaded { count: 2, timestamp: '2026-01-30T03:36:51.973Z' }

      at Logger.logMethod [as log] (utils/logger.ts:82:7)

    console.log
      [INFO] Upcoming meetings loaded { count: 2, timestamp: '2026-01-30T03:36:51.973Z' }

      at Logger.logMethod [as log] (utils/logger.ts:82:7)

    console.log
      [INFO] Upcoming meetings loaded { count: 2, timestamp: '2026-01-30T03:36:51.973Z' }

      at Logger.logMethod [as log] (utils/logger.ts:82:7)

    console.log
      [INFO] Upcoming meetings loaded { count: 2, timestamp: '2026-01-30T03:36:51.973Z' }

      at Logger.logMethod [as log] (utils/logger.ts:82:7)

    console.log
      [INFO] Upcoming meetings loaded { count: 2, timestamp: '2026-01-30T03:36:51.974Z' }

      at Logger.logMethod [as log] (utils/logger.ts:82:7)

    console.log
      [INFO] Upcoming meetings loaded { count: 2, timestamp: '2026-01-30T03:36:51.974Z' }

      at Logger.logMethod [as log] (utils/logger.ts:82:7)

    console.log
      [INFO] Upcoming meetings loaded { count: 2, timestamp: '2026-01-30T03:36:51.974Z' }

      at Logger.logMethod [as log] (utils/logger.ts:82:7)

    console.log
      [INFO] Upcoming meetings loaded { count: 2, timestamp: '2026-01-30T03:36:51.974Z' }

      at Logger.logMethod [as log] (utils/logger.ts:82:7)

    console.log
      [INFO] Upcoming meetings loaded { count: 2, timestamp: '2026-01-30T03:36:51.974Z' }

      at Logger.logMethod [as log] (utils/logger.ts:82:7)

    console.log
      [INFO] Upcoming meetings loaded { count: 2, timestamp: '2026-01-30T03:36:51.974Z' }

      at Logger.logMethod [as log] (utils/logger.ts:82:7)

    console.log
      [INFO] Upcoming meetings loaded { count: 2, timestamp: '2026-01-30T03:36:51.974Z' }

      at Logger.logMethod [as log] (utils/logger.ts:82:7)

    console.log
      [INFO] Upcoming meetings loaded { count: 2, timestamp: '2026-01-30T03:36:51.974Z' }

      at Logger.logMethod [as log] (utils/logger.ts:82:7)

    console.log
      [INFO] Upcoming meetings loaded { count: 2, timestamp: '2026-01-30T03:36:51.974Z' }

      at Logger.logMethod [as log] (utils/logger.ts:82:7)

    console.log
      [INFO] Upcoming meetings loaded { count: 2, timestamp: '2026-01-30T03:36:51.975Z' }

      at Logger.logMethod [as log] (utils/logger.ts:82:7)

    console.log
      [INFO] Upcoming meetings loaded { count: 2, timestamp: '2026-01-30T03:36:51.975Z' }

      at Logger.logMethod [as log] (utils/logger.ts:82:7)

    console.log
      [INFO] Upcoming meetings loaded { count: 2, timestamp: '2026-01-30T03:36:51.975Z' }

      at Logger.logMethod [as log] (utils/logger.ts:82:7)

    console.log
      [INFO] Upcoming meetings loaded { count: 2, timestamp: '2026-01-30T03:36:51.975Z' }

      at Logger.logMethod [as log] (utils/logger.ts:82:7)

    console.log
      [INFO] Upcoming meetings loaded { count: 2, timestamp: '2026-01-30T03:36:51.975Z' }

      at Logger.logMethod [as log] (utils/logger.ts:82:7)

    console.log
      [INFO] Upcoming meetings loaded { count: 2, timestamp: '2026-01-30T03:36:51.975Z' }

      at Logger.logMethod [as log] (utils/logger.ts:82:7)

    console.log
      [INFO] Upcoming meetings loaded { count: 2, timestamp: '2026-01-30T03:36:51.975Z' }

      at Logger.logMethod [as log] (utils/logger.ts:82:7)

    console.log
      [INFO] Upcoming meetings loaded { count: 2, timestamp: '2026-01-30T03:36:51.975Z' }

      at Logger.logMethod [as log] (utils/logger.ts:82:7)

    console.log
      [INFO] Upcoming meetings loaded { count: 2, timestamp: '2026-01-30T03:36:51.975Z' }

      at Logger.logMethod [as log] (utils/logger.ts:82:7)

    console.log
      [INFO] Upcoming meetings loaded { count: 2, timestamp: '2026-01-30T03:36:51.976Z' }

      at Logger.logMethod [as log] (utils/logger.ts:82:7)

    console.log
      [INFO] Upcoming meetings loaded { count: 2, timestamp: '2026-01-30T03:36:51.976Z' }

      at Logger.logMethod [as log] (utils/logger.ts:82:7)

    console.log
      [INFO] Upcoming meetings loaded { count: 2, timestamp: '2026-01-30T03:36:51.976Z' }

      at Logger.logMethod [as log] (utils/logger.ts:82:7)

    console.log
      [INFO] Upcoming meetings loaded { count: 2, timestamp: '2026-01-30T03:36:51.976Z' }

      at Logger.logMethod [as log] (utils/logger.ts:82:7)

    console.log
      [INFO] Upcoming meetings loaded { count: 2, timestamp: '2026-01-30T03:36:51.976Z' }

      at Logger.logMethod [as log] (utils/logger.ts:82:7)

    console.log
      [INFO] Upcoming meetings loaded { count: 2, timestamp: '2026-01-30T03:36:51.976Z' }

      at Logger.logMethod [as log] (utils/logger.ts:82:7)

    console.log
      [INFO] Upcoming meetings loaded { count: 2, timestamp: '2026-01-30T03:36:51.976Z' }

      at Logger.logMethod [as log] (utils/logger.ts:82:7)

    console.log
      [INFO] Upcoming meetings loaded { count: 2, timestamp: '2026-01-30T03:36:51.976Z' }

      at Logger.logMethod [as log] (utils/logger.ts:82:7)

    console.log
      [INFO] Upcoming meetings loaded { count: 2, timestamp: '2026-01-30T03:36:51.976Z' }

      at Logger.logMethod [as log] (utils/logger.ts:82:7)

    console.log
      [INFO] Upcoming meetings loaded { count: 2, timestamp: '2026-01-30T03:36:51.976Z' }

      at Logger.logMethod [as log] (utils/logger.ts:82:7)

    console.log
      [INFO] Upcoming meetings loaded { count: 2, timestamp: '2026-01-30T03:36:51.977Z' }

      at Logger.logMethod [as log] (utils/logger.ts:82:7)

    console.log
      [INFO] Upcoming meetings loaded { count: 2, timestamp: '2026-01-30T03:36:51.977Z' }

      at Logger.logMethod [as log] (utils/logger.ts:82:7)

    console.log
      [INFO] Upcoming meetings loaded { count: 2, timestamp: '2026-01-30T03:36:51.977Z' }

      at Logger.logMethod [as log] (utils/logger.ts:82:7)

    console.log
      [INFO] Upcoming meetings loaded { count: 2, timestamp: '2026-01-30T03:36:51.977Z' }

      at Logger.logMethod [as log] (utils/logger.ts:82:7)

    console.log
      [INFO] Upcoming meetings loaded { count: 2, timestamp: '2026-01-30T03:36:51.977Z' }

      at Logger.logMethod [as log] (utils/logger.ts:82:7)

    console.log
      [INFO] Upcoming meetings loaded { count: 2, timestamp: '2026-01-30T03:36:51.977Z' }

      at Logger.logMethod [as log] (utils/logger.ts:82:7)

    console.log
      [INFO] Upcoming meetings loaded { count: 2, timestamp: '2026-01-30T03:36:51.977Z' }

      at Logger.logMethod [as log] (utils/logger.ts:82:7)

    console.log
      [INFO] Upcoming meetings loaded { count: 2, timestamp: '2026-01-30T03:36:51.977Z' }

      at Logger.logMethod [as log] (utils/logger.ts:82:7)

    console.log
      [INFO] Upcoming meetings loaded { count: 2, timestamp: '2026-01-30T03:36:51.977Z' }

      at Logger.logMethod [as log] (utils/logger.ts:82:7)

    console.log
      [INFO] Upcoming meetings loaded { count: 2, timestamp: '2026-01-30T03:36:51.978Z' }

      at Logger.logMethod [as log] (utils/logger.ts:82:7)

    console.log
      [INFO] Upcoming meetings loaded { count: 2, timestamp: '2026-01-30T03:36:51.978Z' }

      at Logger.logMethod [as log] (utils/logger.ts:82:7)

    console.log
      [INFO] Upcoming meetings loaded { count: 2, timestamp: '2026-01-30T03:36:51.978Z' }

      at Logger.logMethod [as log] (utils/logger.ts:82:7)

    console.log
      [INFO] Upcoming meetings loaded { count: 2, timestamp: '2026-01-30T03:36:51.978Z' }

      at Logger.logMethod [as log] (utils/logger.ts:82:7)

    console.log
      [INFO] Upcoming meetings loaded { count: 2, timestamp: '2026-01-30T03:36:51.979Z' }

      at Logger.logMethod [as log] (utils/logger.ts:82:7)

    console.log
      [INFO] Upcoming meetings loaded { count: 2, timestamp: '2026-01-30T03:36:51.979Z' }

      at Logger.logMethod [as log] (utils/logger.ts:82:7)

    console.log
      [INFO] Upcoming meetings loaded { count: 2, timestamp: '2026-01-30T03:36:51.979Z' }

      at Logger.logMethod [as log] (utils/logger.ts:82:7)

    console.log
      [INFO] Upcoming meetings loaded { count: 2, timestamp: '2026-01-30T03:36:51.979Z' }

      at Logger.logMethod [as log] (utils/logger.ts:82:7)

    console.log
      [INFO] Upcoming meetings loaded { count: 2, timestamp: '2026-01-30T03:36:51.979Z' }

      at Logger.logMethod [as log] (utils/logger.ts:82:7)

    console.log
      [INFO] Upcoming meetings loaded { count: 2, timestamp: '2026-01-30T03:36:51.980Z' }

      at Logger.logMethod [as log] (utils/logger.ts:82:7)

    console.log
      [INFO] Upcoming meetings loaded { count: 2, timestamp: '2026-01-30T03:36:51.980Z' }

      at Logger.logMethod [as log] (utils/logger.ts:82:7)

    console.log
      [INFO] Upcoming meetings loaded { count: 2, timestamp: '2026-01-30T03:36:51.980Z' }

      at Logger.logMethod [as log] (utils/logger.ts:82:7)

    console.log
      [INFO] Upcoming meetings loaded { count: 2, timestamp: '2026-01-30T03:36:51.980Z' }

      at Logger.logMethod [as log] (utils/logger.ts:82:7)

    console.log
      [INFO] Upcoming meetings loaded { count: 2, timestamp: '2026-01-30T03:36:51.980Z' }

      at Logger.logMethod [as log] (utils/logger.ts:82:7)

    console.log
      [INFO] Upcoming meetings loaded { count: 2, timestamp: '2026-01-30T03:36:51.980Z' }

      at Logger.logMethod [as log] (utils/logger.ts:82:7)

    console.log
      [INFO] Upcoming meetings loaded { count: 2, timestamp: '2026-01-30T03:36:51.981Z' }

      at Logger.logMethod [as log] (utils/logger.ts:82:7)

    console.log
      [INFO] Upcoming meetings loaded { count: 2, timestamp: '2026-01-30T03:36:51.981Z' }

      at Logger.logMethod [as log] (utils/logger.ts:82:7)

    console.log
      [INFO] Upcoming meetings loaded { count: 2, timestamp: '2026-01-30T03:36:51.981Z' }

      at Logger.logMethod [as log] (utils/logger.ts:82:7)

    console.log
      [INFO] Upcoming meetings loaded { count: 2, timestamp: '2026-01-30T03:36:51.981Z' }

      at Logger.logMethod [as log] (utils/logger.ts:82:7)

    console.log
      [INFO] Upcoming meetings loaded { count: 2, timestamp: '2026-01-30T03:36:51.981Z' }

      at Logger.logMethod [as log] (utils/logger.ts:82:7)

    console.log
      [INFO] Upcoming meetings loaded { count: 2, timestamp: '2026-01-30T03:36:51.982Z' }

      at Logger.logMethod [as log] (utils/logger.ts:82:7)

    console.log
      [INFO] Upcoming meetings loaded { count: 2, timestamp: '2026-01-30T03:36:51.982Z' }

      at Logger.logMethod [as log] (utils/logger.ts:82:7)

    console.log
      [INFO] Upcoming meetings loaded { count: 2, timestamp: '2026-01-30T03:36:51.982Z' }

      at Logger.logMethod [as log] (utils/logger.ts:82:7)

    console.log
      [INFO] Upcoming meetings loaded { count: 2, timestamp: '2026-01-30T03:36:51.982Z' }

      at Logger.logMethod [as log] (utils/logger.ts:82:7)

    console.log
      [INFO] Upcoming meetings loaded { count: 2, timestamp: '2026-01-30T03:36:51.982Z' }

      at Logger.logMethod [as log] (utils/logger.ts:82:7)

    console.log
      [INFO] Upcoming meetings loaded { count: 2, timestamp: '2026-01-30T03:36:51.982Z' }

      at Logger.logMethod [as log] (utils/logger.ts:82:7)

    console.log
      [INFO] Upcoming meetings loaded { count: 2, timestamp: '2026-01-30T03:36:51.982Z' }

      at Logger.logMethod [as log] (utils/logger.ts:82:7)

    console.log
      [INFO] Upcoming meetings loaded { count: 2, timestamp: '2026-01-30T03:36:51.982Z' }

      at Logger.logMethod [as log] (utils/logger.ts:82:7)

    console.log
      [INFO] Upcoming meetings loaded { count: 2, timestamp: '2026-01-30T03:36:51.982Z' }

      at Logger.logMethod [as log] (utils/logger.ts:82:7)

    console.log
      [INFO] Upcoming meetings loaded { count: 2, timestamp: '2026-01-30T03:36:51.983Z' }

      at Logger.logMethod [as log] (utils/logger.ts:82:7)

    console.log
      [INFO] Upcoming meetings loaded { count: 2, timestamp: '2026-01-30T03:36:51.983Z' }

      at Logger.logMethod [as log] (utils/logger.ts:82:7)

    console.log
      [INFO] Upcoming meetings loaded { count: 2, timestamp: '2026-01-30T03:36:51.983Z' }

      at Logger.logMethod [as log] (utils/logger.ts:82:7)

    console.log
      [INFO] Upcoming meetings loaded { count: 2, timestamp: '2026-01-30T03:36:51.983Z' }

      at Logger.logMethod [as log] (utils/logger.ts:82:7)

    console.log
      [INFO] Upcoming meetings loaded { count: 2, timestamp: '2026-01-30T03:36:51.983Z' }

      at Logger.logMethod [as log] (utils/logger.ts:82:7)

    console.log
      [INFO] Upcoming meetings loaded { count: 2, timestamp: '2026-01-30T03:36:51.983Z' }

      at Logger.logMethod [as log] (utils/logger.ts:82:7)

    console.log
      [INFO] Upcoming meetings loaded { count: 2, timestamp: '2026-01-30T03:36:51.983Z' }

      at Logger.logMethod [as log] (utils/logger.ts:82:7)

    console.log
      [INFO] Upcoming meetings loaded { count: 2, timestamp: '2026-01-30T03:36:51.983Z' }

      at Logger.logMethod [as log] (utils/logger.ts:82:7)

    console.log
      [INFO] Upcoming meetings loaded { count: 2, timestamp: '2026-01-30T03:36:51.983Z' }

      at Logger.logMethod [as log] (utils/logger.ts:82:7)

    console.log
      [INFO] Upcoming meetings loaded { count: 2, timestamp: '2026-01-30T03:36:51.984Z' }

      at Logger.logMethod [as log] (utils/logger.ts:82:7)

    console.log
      [INFO] Upcoming meetings loaded { count: 2, timestamp: '2026-01-30T03:36:51.984Z' }

      at Logger.logMethod [as log] (utils/logger.ts:82:7)

    console.log
      [INFO] Upcoming meetings loaded { count: 2, timestamp: '2026-01-30T03:36:51.984Z' }

      at Logger.logMethod [as log] (utils/logger.ts:82:7)

    console.log
      [INFO] Upcoming meetings loaded { count: 2, timestamp: '2026-01-30T03:36:51.984Z' }

      at Logger.logMethod [as log] (utils/logger.ts:82:7)

    console.log
      [INFO] Upcoming meetings loaded { count: 2, timestamp: '2026-01-30T03:36:51.984Z' }

      at Logger.logMethod [as log] (utils/logger.ts:82:7)

    console.log
      [INFO] Upcoming meetings loaded { count: 2, timestamp: '2026-01-30T03:36:51.984Z' }

      at Logger.logMethod [as log] (utils/logger.ts:82:7)

    console.log
      [INFO] Upcoming meetings loaded { count: 2, timestamp: '2026-01-30T03:36:51.984Z' }

      at Logger.logMethod [as log] (utils/logger.ts:82:7)

    console.log
      [INFO] Upcoming meetings loaded { count: 2, timestamp: '2026-01-30T03:36:51.984Z' }

      at Logger.logMethod [as log] (utils/logger.ts:82:7)

    console.log
      [INFO] Upcoming meetings loaded { count: 2, timestamp: '2026-01-30T03:36:51.984Z' }

      at Logger.logMethod [as log] (utils/logger.ts:82:7)

    console.log
      [INFO] Upcoming meetings loaded { count: 2, timestamp: '2026-01-30T03:36:51.985Z' }

      at Logger.logMethod [as log] (utils/logger.ts:82:7)

    console.log
      [INFO] Upcoming meetings loaded { count: 2, timestamp: '2026-01-30T03:36:51.985Z' }

      at Logger.logMethod [as log] (utils/logger.ts:82:7)

    console.log
      [INFO] Upcoming meetings loaded { count: 2, timestamp: '2026-01-30T03:36:51.985Z' }

      at Logger.logMethod [as log] (utils/logger.ts:82:7)

    console.log
      [INFO] Upcoming meetings loaded { count: 2, timestamp: '2026-01-30T03:36:51.985Z' }

      at Logger.logMethod [as log] (utils/logger.ts:82:7)

    console.log
      [INFO] Upcoming meetings loaded { count: 2, timestamp: '2026-01-30T03:36:51.985Z' }

      at Logger.logMethod [as log] (utils/logger.ts:82:7)

    console.log
      [INFO] Upcoming meetings loaded { count: 2, timestamp: '2026-01-30T03:36:51.985Z' }

      at Logger.logMethod [as log] (utils/logger.ts:82:7)

    console.log
      [INFO] Upcoming meetings loaded { count: 2, timestamp: '2026-01-30T03:36:51.985Z' }

      at Logger.logMethod [as log] (utils/logger.ts:82:7)

    console.log
      [INFO] Upcoming meetings loaded { count: 2, timestamp: '2026-01-30T03:36:51.985Z' }

      at Logger.logMethod [as log] (utils/logger.ts:82:7)

    console.log
      [INFO] Upcoming meetings loaded { count: 2, timestamp: '2026-01-30T03:36:51.985Z' }

      at Logger.logMethod [as log] (utils/logger.ts:82:7)

    console.log
      [INFO] Upcoming meetings loaded { count: 2, timestamp: '2026-01-30T03:36:51.986Z' }

      at Logger.logMethod [as log] (utils/logger.ts:82:7)

    console.log
      [INFO] Upcoming meetings loaded { count: 2, timestamp: '2026-01-30T03:36:51.986Z' }

      at Logger.logMethod [as log] (utils/logger.ts:82:7)

    console.log
      [INFO] Upcoming meetings loaded { count: 2, timestamp: '2026-01-30T03:36:51.986Z' }

      at Logger.logMethod [as log] (utils/logger.ts:82:7)

    console.log
      [INFO] Upcoming meetings loaded { count: 2, timestamp: '2026-01-30T03:36:51.986Z' }

      at Logger.logMethod [as log] (utils/logger.ts:82:7)

    console.log
      [INFO] Upcoming meetings loaded { count: 2, timestamp: '2026-01-30T03:36:51.986Z' }

      at Logger.logMethod [as log] (utils/logger.ts:82:7)

    console.log
      [INFO] Upcoming meetings loaded { count: 2, timestamp: '2026-01-30T03:36:51.986Z' }

      at Logger.logMethod [as log] (utils/logger.ts:82:7)

    console.log
      [INFO] Upcoming meetings loaded { count: 2, timestamp: '2026-01-30T03:36:51.986Z' }

      at Logger.logMethod [as log] (utils/logger.ts:82:7)

    console.log
      [INFO] Upcoming meetings loaded { count: 2, timestamp: '2026-01-30T03:36:51.986Z' }

      at Logger.logMethod [as log] (utils/logger.ts:82:7)

    console.log
      [INFO] Upcoming meetings loaded { count: 2, timestamp: '2026-01-30T03:36:51.986Z' }

      at Logger.logMethod [as log] (utils/logger.ts:82:7)

    console.log
      [INFO] Upcoming meetings loaded { count: 2, timestamp: '2026-01-30T03:36:51.987Z' }

      at Logger.logMethod [as log] (utils/logger.ts:82:7)

    console.log
      [INFO] Upcoming meetings loaded { count: 2, timestamp: '2026-01-30T03:36:51.987Z' }

      at Logger.logMethod [as log] (utils/logger.ts:82:7)

    console.log
      [INFO] Upcoming meetings loaded { count: 2, timestamp: '2026-01-30T03:36:51.987Z' }

      at Logger.logMethod [as log] (utils/logger.ts:82:7)

    console.log
      [INFO] Upcoming meetings loaded { count: 2, timestamp: '2026-01-30T03:36:51.987Z' }

      at Logger.logMethod [as log] (utils/logger.ts:82:7)

    console.log
      [INFO] Upcoming meetings loaded { count: 2, timestamp: '2026-01-30T03:36:51.987Z' }

      at Logger.logMethod [as log] (utils/logger.ts:82:7)

    console.log
      [INFO] Upcoming meetings loaded { count: 2, timestamp: '2026-01-30T03:36:51.987Z' }

      at Logger.logMethod [as log] (utils/logger.ts:82:7)

    console.log
      [INFO] Upcoming meetings loaded { count: 2, timestamp: '2026-01-30T03:36:51.987Z' }

      at Logger.logMethod [as log] (utils/logger.ts:82:7)

    console.log
      [INFO] Upcoming meetings loaded { count: 2, timestamp: '2026-01-30T03:36:51.987Z' }

      at Logger.logMethod [as log] (utils/logger.ts:82:7)

    console.log
      [INFO] Upcoming meetings loaded { count: 2, timestamp: '2026-01-30T03:36:51.988Z' }

      at Logger.logMethod [as log] (utils/logger.ts:82:7)

    console.log
      [INFO] Upcoming meetings loaded { count: 2, timestamp: '2026-01-30T03:36:51.988Z' }

      at Logger.logMethod [as log] (utils/logger.ts:82:7)

    console.log
      [INFO] Upcoming meetings loaded { count: 2, timestamp: '2026-01-30T03:36:51.988Z' }

      at Logger.logMethod [as log] (utils/logger.ts:82:7)

    console.log
      [INFO] Upcoming meetings loaded { count: 2, timestamp: '2026-01-30T03:36:51.988Z' }

      at Logger.logMethod [as log] (utils/logger.ts:82:7)

    console.log
      [INFO] Upcoming meetings loaded { count: 2, timestamp: '2026-01-30T03:36:51.988Z' }

      at Logger.logMethod [as log] (utils/logger.ts:82:7)

    console.log
      [INFO] Upcoming meetings loaded { count: 2, timestamp: '2026-01-30T03:36:51.988Z' }

      at Logger.logMethod [as log] (utils/logger.ts:82:7)

    console.log
      [INFO] Upcoming meetings loaded { count: 2, timestamp: '2026-01-30T03:36:51.988Z' }

      at Logger.logMethod [as log] (utils/logger.ts:82:7)

    console.log
      [INFO] Upcoming meetings loaded { count: 2, timestamp: '2026-01-30T03:36:51.988Z' }

      at Logger.logMethod [as log] (utils/logger.ts:82:7)

    console.log
      [INFO] Upcoming meetings loaded { count: 2, timestamp: '2026-01-30T03:36:51.988Z' }

      at Logger.logMethod [as log] (utils/logger.ts:82:7)

    console.log
      [INFO] Upcoming meetings loaded { count: 2, timestamp: '2026-01-30T03:36:51.989Z' }

      at Logger.logMethod [as log] (utils/logger.ts:82:7)

    console.log
      [INFO] Upcoming meetings loaded { count: 2, timestamp: '2026-01-30T03:36:51.989Z' }

      at Logger.logMethod [as log] (utils/logger.ts:82:7)

    console.log
      [INFO] Upcoming meetings loaded { count: 2, timestamp: '2026-01-30T03:36:51.989Z' }

      at Logger.logMethod [as log] (utils/logger.ts:82:7)

    console.log
      [INFO] Upcoming meetings loaded { count: 2, timestamp: '2026-01-30T03:36:51.989Z' }

      at Logger.logMethod [as log] (utils/logger.ts:82:7)

    console.log
      [INFO] Upcoming meetings loaded { count: 2, timestamp: '2026-01-30T03:36:51.989Z' }

      at Logger.logMethod [as log] (utils/logger.ts:82:7)

    console.log
      [INFO] Upcoming meetings loaded { count: 2, timestamp: '2026-01-30T03:36:51.989Z' }

      at Logger.logMethod [as log] (utils/logger.ts:82:7)

    console.log
      [INFO] Upcoming meetings loaded { count: 2, timestamp: '2026-01-30T03:36:51.989Z' }

      at Logger.logMethod [as log] (utils/logger.ts:82:7)

    console.log
      [INFO] Upcoming meetings loaded { count: 2, timestamp: '2026-01-30T03:36:51.989Z' }

      at Logger.logMethod [as log] (utils/logger.ts:82:7)

    console.log
      [INFO] Upcoming meetings loaded { count: 2, timestamp: '2026-01-30T03:36:51.989Z' }

      at Logger.logMethod [as log] (utils/logger.ts:82:7)

    console.log
      [INFO] Upcoming meetings loaded { count: 2, timestamp: '2026-01-30T03:36:51.989Z' }

      at Logger.logMethod [as log] (utils/logger.ts:82:7)

    console.log
      [INFO] Upcoming meetings loaded { count: 2, timestamp: '2026-01-30T03:36:51.990Z' }

      at Logger.logMethod [as log] (utils/logger.ts:82:7)

    console.log
      [INFO] Upcoming meetings loaded { count: 2, timestamp: '2026-01-30T03:36:51.990Z' }

      at Logger.logMethod [as log] (utils/logger.ts:82:7)

    console.log
      [INFO] Upcoming meetings loaded { count: 2, timestamp: '2026-01-30T03:36:51.990Z' }

      at Logger.logMethod [as log] (utils/logger.ts:82:7)

    console.log
      [INFO] Upcoming meetings loaded { count: 2, timestamp: '2026-01-30T03:36:51.990Z' }

      at Logger.logMethod [as log] (utils/logger.ts:82:7)

    console.log
      [INFO] Upcoming meetings loaded { count: 2, timestamp: '2026-01-30T03:36:51.990Z' }

      at Logger.logMethod [as log] (utils/logger.ts:82:7)

    console.log
      [INFO] Upcoming meetings loaded { count: 2, timestamp: '2026-01-30T03:36:51.990Z' }

      at Logger.logMethod [as log] (utils/logger.ts:82:7)

    console.log
      [INFO] Upcoming meetings loaded { count: 2, timestamp: '2026-01-30T03:36:51.990Z' }

      at Logger.logMethod [as log] (utils/logger.ts:82:7)

    console.log
      [INFO] Upcoming meetings loaded { count: 2, timestamp: '2026-01-30T03:36:51.990Z' }

      at Logger.logMethod [as log] (utils/logger.ts:82:7)

    console.log
      [INFO] Upcoming meetings loaded { count: 2, timestamp: '2026-01-30T03:36:51.991Z' }

      at Logger.logMethod [as log] (utils/logger.ts:82:7)

    console.log
      [INFO] Upcoming meetings loaded { count: 2, timestamp: '2026-01-30T03:36:51.991Z' }

      at Logger.logMethod [as log] (utils/logger.ts:82:7)

    console.log
      [INFO] Upcoming meetings loaded { count: 2, timestamp: '2026-01-30T03:36:51.991Z' }

      at Logger.logMethod [as log] (utils/logger.ts:82:7)

    console.log
      [INFO] Upcoming meetings loaded { count: 2, timestamp: '2026-01-30T03:36:51.991Z' }

      at Logger.logMethod [as log] (utils/logger.ts:82:7)

    console.log
      [INFO] Upcoming meetings loaded { count: 2, timestamp: '2026-01-30T03:36:51.991Z' }

      at Logger.logMethod [as log] (utils/logger.ts:82:7)

    console.log
      [INFO] Upcoming meetings loaded { count: 2, timestamp: '2026-01-30T03:36:51.991Z' }

      at Logger.logMethod [as log] (utils/logger.ts:82:7)

    console.log
      [INFO] Upcoming meetings loaded { count: 2, timestamp: '2026-01-30T03:36:51.991Z' }

      at Logger.logMethod [as log] (utils/logger.ts:82:7)

    console.log
      [INFO] Upcoming meetings loaded { count: 2, timestamp: '2026-01-30T03:36:51.991Z' }

      at Logger.logMethod [as log] (utils/logger.ts:82:7)

    console.log
      [INFO] Upcoming meetings loaded { count: 2, timestamp: '2026-01-30T03:36:51.991Z' }

      at Logger.logMethod [as log] (utils/logger.ts:82:7)

    console.log
      [INFO] Upcoming meetings loaded { count: 2, timestamp: '2026-01-30T03:36:51.991Z' }

      at Logger.logMethod [as log] (utils/logger.ts:82:7)

    console.log
      [INFO] Upcoming meetings loaded { count: 2, timestamp: '2026-01-30T03:36:51.992Z' }

      at Logger.logMethod [as log] (utils/logger.ts:82:7)

    console.log
      [INFO] Upcoming meetings loaded { count: 2, timestamp: '2026-01-30T03:36:51.992Z' }

      at Logger.logMethod [as log] (utils/logger.ts:82:7)

    console.log
      [INFO] Upcoming meetings loaded { count: 2, timestamp: '2026-01-30T03:36:51.992Z' }

      at Logger.logMethod [as log] (utils/logger.ts:82:7)

    console.log
      [INFO] Upcoming meetings loaded { count: 2, timestamp: '2026-01-30T03:36:51.992Z' }

      at Logger.logMethod [as log] (utils/logger.ts:82:7)

    console.log
      [INFO] Upcoming meetings loaded { count: 2, timestamp: '2026-01-30T03:36:51.992Z' }

      at Logger.logMethod [as log] (utils/logger.ts:82:7)

    console.log
      [INFO] Upcoming meetings loaded { count: 2, timestamp: '2026-01-30T03:36:51.992Z' }

      at Logger.logMethod [as log] (utils/logger.ts:82:7)

    console.log
      [INFO] Upcoming meetings loaded { count: 2, timestamp: '2026-01-30T03:36:51.992Z' }

      at Logger.logMethod [as log] (utils/logger.ts:82:7)

    console.log
      [INFO] Upcoming meetings loaded { count: 2, timestamp: '2026-01-30T03:36:51.992Z' }

      at Logger.logMethod [as log] (utils/logger.ts:82:7)

    console.log
      [INFO] Upcoming meetings loaded { count: 2, timestamp: '2026-01-30T03:36:51.992Z' }

      at Logger.logMethod [as log] (utils/logger.ts:82:7)

    console.log
      [INFO] Upcoming meetings loaded { count: 2, timestamp: '2026-01-30T03:36:51.993Z' }

      at Logger.logMethod [as log] (utils/logger.ts:82:7)

    console.log
      [INFO] Upcoming meetings loaded { count: 2, timestamp: '2026-01-30T03:36:51.993Z' }

      at Logger.logMethod [as log] (utils/logger.ts:82:7)

    console.log
      [INFO] Upcoming meetings loaded { count: 2, timestamp: '2026-01-30T03:36:51.993Z' }

      at Logger.logMethod [as log] (utils/logger.ts:82:7)

    console.log
      [INFO] Upcoming meetings loaded { count: 2, timestamp: '2026-01-30T03:36:51.993Z' }

      at Logger.logMethod [as log] (utils/logger.ts:82:7)

    console.log
      [INFO] Upcoming meetings loaded { count: 2, timestamp: '2026-01-30T03:36:51.993Z' }

      at Logger.logMethod [as log] (utils/logger.ts:82:7)

    console.log
      [INFO] Upcoming meetings loaded { count: 2, timestamp: '2026-01-30T03:36:51.993Z' }

      at Logger.logMethod [as log] (utils/logger.ts:82:7)

    console.log
      [INFO] Upcoming meetings loaded { count: 2, timestamp: '2026-01-30T03:36:51.993Z' }

      at Logger.logMethod [as log] (utils/logger.ts:82:7)

    console.log
      [INFO] Upcoming meetings loaded { count: 2, timestamp: '2026-01-30T03:36:51.993Z' }

      at Logger.logMethod [as log] (utils/logger.ts:82:7)

    console.log
      [INFO] Upcoming meetings loaded { count: 2, timestamp: '2026-01-30T03:36:51.993Z' }

      at Logger.logMethod [as log] (utils/logger.ts:82:7)

    console.log
      [INFO] Upcoming meetings loaded { count: 2, timestamp: '2026-01-30T03:36:51.994Z' }

      at Logger.logMethod [as log] (utils/logger.ts:82:7)

    console.log
      [INFO] Upcoming meetings loaded { count: 2, timestamp: '2026-01-30T03:36:51.994Z' }

      at Logger.logMethod [as log] (utils/logger.ts:82:7)

    console.log
      [INFO] Upcoming meetings loaded { count: 2, timestamp: '2026-01-30T03:36:51.994Z' }

      at Logger.logMethod [as log] (utils/logger.ts:82:7)

    console.log
      [INFO] Upcoming meetings loaded { count: 2, timestamp: '2026-01-30T03:36:51.994Z' }

      at Logger.logMethod [as log] (utils/logger.ts:82:7)

    console.log
      [INFO] Upcoming meetings loaded { count: 2, timestamp: '2026-01-30T03:36:51.994Z' }

      at Logger.logMethod [as log] (utils/logger.ts:82:7)

    console.log
      [INFO] Upcoming meetings loaded { count: 2, timestamp: '2026-01-30T03:36:51.994Z' }

      at Logger.logMethod [as log] (utils/logger.ts:82:7)

    console.log
      [INFO] Upcoming meetings loaded { count: 2, timestamp: '2026-01-30T03:36:51.994Z' }

      at Logger.logMethod [as log] (utils/logger.ts:82:7)

    console.log
      [INFO] Upcoming meetings loaded { count: 2, timestamp: '2026-01-30T03:36:51.994Z' }

      at Logger.logMethod [as log] (utils/logger.ts:82:7)

    console.log
      [INFO] Upcoming meetings loaded { count: 2, timestamp: '2026-01-30T03:36:51.995Z' }

      at Logger.logMethod [as log] (utils/logger.ts:82:7)

    console.log
      [INFO] Upcoming meetings loaded { count: 2, timestamp: '2026-01-30T03:36:51.995Z' }

      at Logger.logMethod [as log] (utils/logger.ts:82:7)

    console.log
      [INFO] Upcoming meetings loaded { count: 2, timestamp: '2026-01-30T03:36:51.995Z' }

      at Logger.logMethod [as log] (utils/logger.ts:82:7)

    console.log
      [INFO] Upcoming meetings loaded { count: 2, timestamp: '2026-01-30T03:36:51.995Z' }

      at Logger.logMethod [as log] (utils/logger.ts:82:7)

    console.log
      [INFO] Upcoming meetings loaded { count: 2, timestamp: '2026-01-30T03:36:51.995Z' }

      at Logger.logMethod [as log] (utils/logger.ts:82:7)

    console.log
      [INFO] Upcoming meetings loaded { count: 2, timestamp: '2026-01-30T03:36:51.995Z' }

      at Logger.logMethod [as log] (utils/logger.ts:82:7)

    console.log
      [INFO] Upcoming meetings loaded { count: 2, timestamp: '2026-01-30T03:36:51.995Z' }

      at Logger.logMethod [as log] (utils/logger.ts:82:7)

    console.log
      [INFO] Upcoming meetings loaded { count: 2, timestamp: '2026-01-30T03:36:51.995Z' }

      at Logger.logMethod [as log] (utils/logger.ts:82:7)

    console.log
      [INFO] Upcoming meetings loaded { count: 2, timestamp: '2026-01-30T03:36:51.995Z' }

      at Logger.logMethod [as log] (utils/logger.ts:82:7)

    console.log
      [INFO] Upcoming meetings loaded { count: 2, timestamp: '2026-01-30T03:36:51.996Z' }

      at Logger.logMethod [as log] (utils/logger.ts:82:7)

    console.log
      [INFO] Upcoming meetings loaded { count: 2, timestamp: '2026-01-30T03:36:51.996Z' }

      at Logger.logMethod [as log] (utils/logger.ts:82:7)

    console.log
      [INFO] Upcoming meetings loaded { count: 2, timestamp: '2026-01-30T03:36:51.996Z' }

      at Logger.logMethod [as log] (utils/logger.ts:82:7)

    console.log
      [INFO] Upcoming meetings loaded { count: 2, timestamp: '2026-01-30T03:36:51.996Z' }

      at Logger.logMethod [as log] (utils/logger.ts:82:7)

    console.log
      [INFO] Upcoming meetings loaded { count: 2, timestamp: '2026-01-30T03:36:51.996Z' }

      at Logger.logMethod [as log] (utils/logger.ts:82:7)

    console.log
      [INFO] Upcoming meetings loaded { count: 2, timestamp: '2026-01-30T03:36:51.996Z' }

      at Logger.logMethod [as log] (utils/logger.ts:82:7)

    console.log
      [INFO] Upcoming meetings loaded { count: 2, timestamp: '2026-01-30T03:36:51.996Z' }

      at Logger.logMethod [as log] (utils/logger.ts:82:7)

    console.log
      [INFO] Upcoming meetings loaded { count: 2, timestamp: '2026-01-30T03:36:51.996Z' }

      at Logger.logMethod [as log] (utils/logger.ts:82:7)

    console.log
      [INFO] Upcoming meetings loaded { count: 2, timestamp: '2026-01-30T03:36:51.996Z' }

      at Logger.logMethod [as log] (utils/logger.ts:82:7)

    console.log
      [INFO] Upcoming meetings loaded { count: 2, timestamp: '2026-01-30T03:36:51.997Z' }

      at Logger.logMethod [as log] (utils/logger.ts:82:7)

    console.log
      [INFO] Upcoming meetings loaded { count: 2, timestamp: '2026-01-30T03:36:51.997Z' }

      at Logger.logMethod [as log] (utils/logger.ts:82:7)

    console.log
      [INFO] Upcoming meetings loaded { count: 2, timestamp: '2026-01-30T03:36:51.997Z' }

      at Logger.logMethod [as log] (utils/logger.ts:82:7)

    console.log
      [INFO] Upcoming meetings loaded { count: 2, timestamp: '2026-01-30T03:36:51.997Z' }

      at Logger.logMethod [as log] (utils/logger.ts:82:7)

    console.log
      [INFO] Upcoming meetings loaded { count: 2, timestamp: '2026-01-30T03:36:51.997Z' }

      at Logger.logMethod [as log] (utils/logger.ts:82:7)

    console.log
      [INFO] Upcoming meetings loaded { count: 2, timestamp: '2026-01-30T03:36:51.997Z' }

      at Logger.logMethod [as log] (utils/logger.ts:82:7)

    console.log
      [INFO] Upcoming meetings loaded { count: 2, timestamp: '2026-01-30T03:36:51.997Z' }

      at Logger.logMethod [as log] (utils/logger.ts:82:7)

    console.log
      [INFO] Upcoming meetings loaded { count: 2, timestamp: '2026-01-30T03:36:51.997Z' }

      at Logger.logMethod [as log] (utils/logger.ts:82:7)

    console.log
      [INFO] Upcoming meetings loaded { count: 2, timestamp: '2026-01-30T03:36:51.997Z' }

      at Logger.logMethod [as log] (utils/logger.ts:82:7)

    console.log
      [INFO] Upcoming meetings loaded { count: 2, timestamp: '2026-01-30T03:36:51.998Z' }

      at Logger.logMethod [as log] (utils/logger.ts:82:7)

    console.log
      [INFO] Upcoming meetings loaded { count: 2, timestamp: '2026-01-30T03:36:51.998Z' }

      at Logger.logMethod [as log] (utils/logger.ts:82:7)

    console.log
      [INFO] Upcoming meetings loaded { count: 2, timestamp: '2026-01-30T03:36:51.998Z' }

      at Logger.logMethod [as log] (utils/logger.ts:82:7)

    console.log
      [INFO] Upcoming meetings loaded { count: 2, timestamp: '2026-01-30T03:36:51.998Z' }

      at Logger.logMethod [as log] (utils/logger.ts:82:7)

    console.log
      [INFO] Upcoming meetings loaded { count: 2, timestamp: '2026-01-30T03:36:51.998Z' }

      at Logger.logMethod [as log] (utils/logger.ts:82:7)

    console.log
      [INFO] Upcoming meetings loaded { count: 2, timestamp: '2026-01-30T03:36:51.998Z' }

      at Logger.logMethod [as log] (utils/logger.ts:82:7)

    console.log
      [INFO] Upcoming meetings loaded { count: 2, timestamp: '2026-01-30T03:36:51.998Z' }

      at Logger.logMethod [as log] (utils/logger.ts:82:7)

    console.log
      [INFO] Upcoming meetings loaded { count: 2, timestamp: '2026-01-30T03:36:51.998Z' }

      at Logger.logMethod [as log] (utils/logger.ts:82:7)

    console.log
      [INFO] Upcoming meetings loaded { count: 2, timestamp: '2026-01-30T03:36:51.998Z' }

      at Logger.logMethod [as log] (utils/logger.ts:82:7)

    console.log
      [INFO] Upcoming meetings loaded { count: 2, timestamp: '2026-01-30T03:36:51.999Z' }

      at Logger.logMethod [as log] (utils/logger.ts:82:7)

    console.log
      [INFO] Upcoming meetings loaded { count: 2, timestamp: '2026-01-30T03:36:51.999Z' }

      at Logger.logMethod [as log] (utils/logger.ts:82:7)

    console.log
      [INFO] Upcoming meetings loaded { count: 2, timestamp: '2026-01-30T03:36:51.999Z' }

      at Logger.logMethod [as log] (utils/logger.ts:82:7)

    console.log
      [INFO] Upcoming meetings loaded { count: 2, timestamp: '2026-01-30T03:36:51.999Z' }

      at Logger.logMethod [as log] (utils/logger.ts:82:7)

    console.log
      [INFO] Upcoming meetings loaded { count: 2, timestamp: '2026-01-30T03:36:51.999Z' }

      at Logger.logMethod [as log] (utils/logger.ts:82:7)

    console.log
      [INFO] Upcoming meetings loaded { count: 2, timestamp: '2026-01-30T03:36:51.999Z' }

      at Logger.logMethod [as log] (utils/logger.ts:82:7)

    console.log
      [INFO] Upcoming meetings loaded { count: 2, timestamp: '2026-01-30T03:36:51.999Z' }

      at Logger.logMethod [as log] (utils/logger.ts:82:7)

    console.log
      [INFO] Upcoming meetings loaded { count: 2, timestamp: '2026-01-30T03:36:51.999Z' }

      at Logger.logMethod [as log] (utils/logger.ts:82:7)

    console.log
      [INFO] Upcoming meetings loaded { count: 2, timestamp: '2026-01-30T03:36:51.999Z' }

      at Logger.logMethod [as log] (utils/logger.ts:82:7)

    console.log
      [INFO] Upcoming meetings loaded { count: 2, timestamp: '2026-01-30T03:36:52.000Z' }

      at Logger.logMethod [as log] (utils/logger.ts:82:7)

    console.log
      [INFO] Upcoming meetings loaded { count: 2, timestamp: '2026-01-30T03:36:52.000Z' }

      at Logger.logMethod [as log] (utils/logger.ts:82:7)

    console.log
      [INFO] Upcoming meetings loaded { count: 2, timestamp: '2026-01-30T03:36:52.000Z' }

      at Logger.logMethod [as log] (utils/logger.ts:82:7)

    console.log
      [INFO] Upcoming meetings loaded { count: 2, timestamp: '2026-01-30T03:36:52.000Z' }

      at Logger.logMethod [as log] (utils/logger.ts:82:7)

    console.log
      [INFO] Upcoming meetings loaded { count: 2, timestamp: '2026-01-30T03:36:52.000Z' }

      at Logger.logMethod [as log] (utils/logger.ts:82:7)

    console.log
      [INFO] Upcoming meetings loaded { count: 2, timestamp: '2026-01-30T03:36:52.000Z' }

      at Logger.logMethod [as log] (utils/logger.ts:82:7)

    console.log
      [INFO] Upcoming meetings loaded { count: 2, timestamp: '2026-01-30T03:36:52.000Z' }

      at Logger.logMethod [as log] (utils/logger.ts:82:7)

    console.log
      [INFO] Upcoming meetings loaded { count: 2, timestamp: '2026-01-30T03:36:52.000Z' }

      at Logger.logMethod [as log] (utils/logger.ts:82:7)

    console.log
      [INFO] Upcoming meetings loaded { count: 2, timestamp: '2026-01-30T03:36:52.000Z' }

      at Logger.logMethod [as log] (utils/logger.ts:82:7)

    console.log
      [INFO] Upcoming meetings loaded { count: 2, timestamp: '2026-01-30T03:36:52.000Z' }

      at Logger.logMethod [as log] (utils/logger.ts:82:7)

    console.log
      [INFO] Upcoming meetings loaded { count: 2, timestamp: '2026-01-30T03:36:52.001Z' }

      at Logger.logMethod [as log] (utils/logger.ts:82:7)

    console.log
      [INFO] Upcoming meetings loaded { count: 2, timestamp: '2026-01-30T03:36:52.001Z' }

      at Logger.logMethod [as log] (utils/logger.ts:82:7)

    console.log
      [INFO] Upcoming meetings loaded { count: 2, timestamp: '2026-01-30T03:36:52.001Z' }

      at Logger.logMethod [as log] (utils/logger.ts:82:7)

    console.log
      [INFO] Upcoming meetings loaded { count: 2, timestamp: '2026-01-30T03:36:52.001Z' }

      at Logger.logMethod [as log] (utils/logger.ts:82:7)

    console.log
      [INFO] Upcoming meetings loaded { count: 2, timestamp: '2026-01-30T03:36:52.001Z' }

      at Logger.logMethod [as log] (utils/logger.ts:82:7)

    console.log
      [INFO] Upcoming meetings loaded { count: 2, timestamp: '2026-01-30T03:36:52.001Z' }

      at Logger.logMethod [as log] (utils/logger.ts:82:7)

    console.log
      [INFO] Upcoming meetings loaded { count: 2, timestamp: '2026-01-30T03:36:52.001Z' }

      at Logger.logMethod [as log] (utils/logger.ts:82:7)

    console.log
      [INFO] Upcoming meetings loaded { count: 2, timestamp: '2026-01-30T03:36:52.001Z' }

      at Logger.logMethod [as log] (utils/logger.ts:82:7)

    console.log
      [INFO] Upcoming meetings loaded { count: 2, timestamp: '2026-01-30T03:36:52.001Z' }

      at Logger.logMethod [as log] (utils/logger.ts:82:7)

    console.log
      [INFO] Upcoming meetings loaded { count: 2, timestamp: '2026-01-30T03:36:52.002Z' }

      at Logger.logMethod [as log] (utils/logger.ts:82:7)

    console.log
      [INFO] Upcoming meetings loaded { count: 2, timestamp: '2026-01-30T03:36:52.002Z' }

      at Logger.logMethod [as log] (utils/logger.ts:82:7)

    console.log
      [INFO] Upcoming meetings loaded { count: 2, timestamp: '2026-01-30T03:36:52.002Z' }

      at Logger.logMethod [as log] (utils/logger.ts:82:7)

    console.log
      [INFO] Upcoming meetings loaded { count: 2, timestamp: '2026-01-30T03:36:52.002Z' }

      at Logger.logMethod [as log] (utils/logger.ts:82:7)

    console.log
      [INFO] Upcoming meetings loaded { count: 2, timestamp: '2026-01-30T03:36:52.002Z' }

      at Logger.logMethod [as log] (utils/logger.ts:82:7)

    console.log
      [INFO] Upcoming meetings loaded { count: 2, timestamp: '2026-01-30T03:36:52.002Z' }

      at Logger.logMethod [as log] (utils/logger.ts:82:7)

    console.log
      [INFO] Upcoming meetings loaded { count: 2, timestamp: '2026-01-30T03:36:52.002Z' }

      at Logger.logMethod [as log] (utils/logger.ts:82:7)

    console.log
      [INFO] Upcoming meetings loaded { count: 2, timestamp: '2026-01-30T03:36:52.002Z' }

      at Logger.logMethod [as log] (utils/logger.ts:82:7)

    console.log
      [INFO] Upcoming meetings loaded { count: 2, timestamp: '2026-01-30T03:36:52.002Z' }

      at Logger.logMethod [as log] (utils/logger.ts:82:7)

    console.log
      [INFO] Upcoming meetings loaded { count: 2, timestamp: '2026-01-30T03:36:52.003Z' }

      at Logger.logMethod [as log] (utils/logger.ts:82:7)

    console.log
      [INFO] Upcoming meetings loaded { count: 2, timestamp: '2026-01-30T03:36:52.003Z' }

      at Logger.logMethod [as log] (utils/logger.ts:82:7)

    console.log
      [INFO] Upcoming meetings loaded { count: 2, timestamp: '2026-01-30T03:36:52.003Z' }

      at Logger.logMethod [as log] (utils/logger.ts:82:7)

    console.log
      [INFO] Upcoming meetings loaded { count: 2, timestamp: '2026-01-30T03:36:52.003Z' }

      at Logger.logMethod [as log] (utils/logger.ts:82:7)

    console.log
      [INFO] Upcoming meetings loaded { count: 2, timestamp: '2026-01-30T03:36:52.003Z' }

      at Logger.logMethod [as log] (utils/logger.ts:82:7)

    console.log
      [INFO] Upcoming meetings loaded { count: 2, timestamp: '2026-01-30T03:36:52.003Z' }

      at Logger.logMethod [as log] (utils/logger.ts:82:7)

    console.log
      [INFO] Upcoming meetings loaded { count: 2, timestamp: '2026-01-30T03:36:52.003Z' }

      at Logger.logMethod [as log] (utils/logger.ts:82:7)

    console.log
      [INFO] Upcoming meetings loaded { count: 2, timestamp: '2026-01-30T03:36:52.003Z' }

      at Logger.logMethod [as log] (utils/logger.ts:82:7)

    console.log
      [INFO] Upcoming meetings loaded { count: 2, timestamp: '2026-01-30T03:36:52.003Z' }

      at Logger.logMethod [as log] (utils/logger.ts:82:7)

    console.log
      [INFO] Upcoming meetings loaded { count: 2, timestamp: '2026-01-30T03:36:52.004Z' }

      at Logger.logMethod [as log] (utils/logger.ts:82:7)

    console.log
      [INFO] Upcoming meetings loaded { count: 2, timestamp: '2026-01-30T03:36:52.004Z' }

      at Logger.logMethod [as log] (utils/logger.ts:82:7)

    console.log
      [INFO] Upcoming meetings loaded { count: 2, timestamp: '2026-01-30T03:36:52.004Z' }

      at Logger.logMethod [as log] (utils/logger.ts:82:7)

    console.log
      [INFO] Upcoming meetings loaded { count: 2, timestamp: '2026-01-30T03:36:52.004Z' }

      at Logger.logMethod [as log] (utils/logger.ts:82:7)

    console.log
      [INFO] Upcoming meetings loaded { count: 2, timestamp: '2026-01-30T03:36:52.004Z' }

      at Logger.logMethod [as log] (utils/logger.ts:82:7)

    console.log
      [INFO] Upcoming meetings loaded { count: 2, timestamp: '2026-01-30T03:36:52.004Z' }

      at Logger.logMethod [as log] (utils/logger.ts:82:7)

    console.log
      [INFO] Upcoming meetings loaded { count: 2, timestamp: '2026-01-30T03:36:52.004Z' }

      at Logger.logMethod [as log] (utils/logger.ts:82:7)

    console.log
      [INFO] Upcoming meetings loaded { count: 2, timestamp: '2026-01-30T03:36:52.004Z' }

      at Logger.logMethod [as log] (utils/logger.ts:82:7)

    console.log
      [INFO] Upcoming meetings loaded { count: 2, timestamp: '2026-01-30T03:36:52.004Z' }

      at Logger.logMethod [as log] (utils/logger.ts:82:7)

    console.log
      [INFO] Upcoming meetings loaded { count: 2, timestamp: '2026-01-30T03:36:52.005Z' }

      at Logger.logMethod [as log] (utils/logger.ts:82:7)

    console.log
      [INFO] Upcoming meetings loaded { count: 2, timestamp: '2026-01-30T03:36:52.006Z' }

      at Logger.logMethod [as log] (utils/logger.ts:82:7)

    console.log
      [INFO] Opening Google Calendar link { meetingId: 'meeting1', timestamp: '2026-01-30T03:36:52.006Z' }

      at Logger.logMethod [as log] (utils/logger.ts:82:7)

    console.log
      [INFO] Upcoming meetings loaded { count: 2, timestamp: '2026-01-30T03:36:52.006Z' }

      at Logger.logMethod [as log] (utils/logger.ts:82:7)

    console.log
      [INFO] Upcoming meetings loaded { count: 2, timestamp: '2026-01-30T03:36:52.006Z' }

      at Logger.logMethod [as log] (utils/logger.ts:82:7)

    console.log
      [INFO] Upcoming meetings loaded { count: 1, timestamp: '2026-01-30T03:36:52.008Z' }

      at Logger.logMethod [as log] (utils/logger.ts:82:7)

    console.log
      [INFO] Upcoming meetings loaded { count: 1, timestamp: '2026-01-30T03:36:52.009Z' }

      at Logger.logMethod [as log] (utils/logger.ts:82:7)

    console.log
      [INFO] Upcoming meetings loaded { count: 1, timestamp: '2026-01-30T03:36:52.009Z' }

      at Logger.logMethod [as log] (utils/logger.ts:82:7)

    console.log
      [INFO] Upcoming meetings loaded { count: 1, timestamp: '2026-01-30T03:36:52.010Z' }

      at Logger.logMethod [as log] (utils/logger.ts:82:7)

    console.log
      [INFO] Upcoming meetings loaded { count: 1, timestamp: '2026-01-30T03:36:52.010Z' }

      at Logger.logMethod [as log] (utils/logger.ts:82:7)

    console.log
      [INFO] Upcoming meetings loaded { count: 1, timestamp: '2026-01-30T03:36:52.010Z' }

      at Logger.logMethod [as log] (utils/logger.ts:82:7)

    console.log
      [INFO] Upcoming meetings loaded { count: 1, timestamp: '2026-01-30T03:36:52.010Z' }

      at Logger.logMethod [as log] (utils/logger.ts:82:7)

    console.log
      [INFO] Upcoming meetings loaded { count: 1, timestamp: '2026-01-30T03:36:52.010Z' }

      at Logger.logMethod [as log] (utils/logger.ts:82:7)

    console.log
      [INFO] Upcoming meetings loaded { count: 1, timestamp: '2026-01-30T03:36:52.011Z' }

      at Logger.logMethod [as log] (utils/logger.ts:82:7)

    console.log
      [INFO] Upcoming meetings loaded { count: 1, timestamp: '2026-01-30T03:36:52.011Z' }

      at Logger.logMethod [as log] (utils/logger.ts:82:7)

    console.log
      [INFO] Upcoming meetings loaded { count: 1, timestamp: '2026-01-30T03:36:52.011Z' }

      at Logger.logMethod [as log] (utils/logger.ts:82:7)

    console.log
      [INFO] Upcoming meetings loaded { count: 1, timestamp: '2026-01-30T03:36:52.011Z' }

      at Logger.logMethod [as log] (utils/logger.ts:82:7)

    console.log
      [INFO] Upcoming meetings loaded { count: 1, timestamp: '2026-01-30T03:36:52.011Z' }

      at Logger.logMethod [as log] (utils/logger.ts:82:7)

    console.log
      [INFO] Upcoming meetings loaded { count: 1, timestamp: '2026-01-30T03:36:52.011Z' }

      at Logger.logMethod [as log] (utils/logger.ts:82:7)

    console.log
      [INFO] Upcoming meetings loaded { count: 1, timestamp: '2026-01-30T03:36:52.012Z' }

      at Logger.logMethod [as log] (utils/logger.ts:82:7)

    console.log
      [INFO] Upcoming meetings loaded { count: 1, timestamp: '2026-01-30T03:36:52.012Z' }

      at Logger.logMethod [as log] (utils/logger.ts:82:7)

    console.log
      [INFO] Upcoming meetings loaded { count: 1, timestamp: '2026-01-30T03:36:52.012Z' }

      at Logger.logMethod [as log] (utils/logger.ts:82:7)

    console.log
      [INFO] Upcoming meetings loaded { count: 1, timestamp: '2026-01-30T03:36:52.012Z' }

      at Logger.logMethod [as log] (utils/logger.ts:82:7)

    console.log
      [INFO] Upcoming meetings loaded { count: 1, timestamp: '2026-01-30T03:36:52.012Z' }

      at Logger.logMethod [as log] (utils/logger.ts:82:7)

    console.log
      [INFO] Upcoming meetings loaded { count: 1, timestamp: '2026-01-30T03:36:52.012Z' }

      at Logger.logMethod [as log] (utils/logger.ts:82:7)

    console.log
      [INFO] Upcoming meetings loaded { count: 1, timestamp: '2026-01-30T03:36:52.012Z' }

      at Logger.logMethod [as log] (utils/logger.ts:82:7)

    console.log
      [INFO] Upcoming meetings loaded { count: 1, timestamp: '2026-01-30T03:36:52.013Z' }

      at Logger.logMethod [as log] (utils/logger.ts:82:7)

    console.log
      [INFO] Upcoming meetings loaded { count: 1, timestamp: '2026-01-30T03:36:52.013Z' }

      at Logger.logMethod [as log] (utils/logger.ts:82:7)

    console.log
      [INFO] Upcoming meetings loaded { count: 1, timestamp: '2026-01-30T03:36:52.013Z' }

      at Logger.logMethod [as log] (utils/logger.ts:82:7)

    console.log
      [INFO] Upcoming meetings loaded { count: 1, timestamp: '2026-01-30T03:36:52.013Z' }

      at Logger.logMethod [as log] (utils/logger.ts:82:7)

    console.log
      [INFO] Upcoming meetings loaded { count: 1, timestamp: '2026-01-30T03:36:52.013Z' }

      at Logger.logMethod [as log] (utils/logger.ts:82:7)

    console.log
      [INFO] Upcoming meetings loaded { count: 1, timestamp: '2026-01-30T03:36:52.013Z' }

      at Logger.logMethod [as log] (utils/logger.ts:82:7)

    console.log
      [INFO] Upcoming meetings loaded { count: 1, timestamp: '2026-01-30T03:36:52.013Z' }

      at Logger.logMethod [as log] (utils/logger.ts:82:7)

    console.log
      [INFO] Upcoming meetings loaded { count: 1, timestamp: '2026-01-30T03:36:52.013Z' }

      at Logger.logMethod [as log] (utils/logger.ts:82:7)

    console.log
      [INFO] Upcoming meetings loaded { count: 1, timestamp: '2026-01-30T03:36:52.014Z' }

      at Logger.logMethod [as log] (utils/logger.ts:82:7)

    console.log
      [INFO] Upcoming meetings loaded { count: 1, timestamp: '2026-01-30T03:36:52.014Z' }

      at Logger.logMethod [as log] (utils/logger.ts:82:7)

    console.log
      [INFO] Upcoming meetings loaded { count: 1, timestamp: '2026-01-30T03:36:52.014Z' }

      at Logger.logMethod [as log] (utils/logger.ts:82:7)

    console.log
      [INFO] Upcoming meetings loaded { count: 1, timestamp: '2026-01-30T03:36:52.014Z' }

      at Logger.logMethod [as log] (utils/logger.ts:82:7)

    console.log
      [INFO] Upcoming meetings loaded { count: 1, timestamp: '2026-01-30T03:36:52.014Z' }

      at Logger.logMethod [as log] (utils/logger.ts:82:7)

    console.log
      [INFO] Upcoming meetings loaded { count: 1, timestamp: '2026-01-30T03:36:52.014Z' }

      at Logger.logMethod [as log] (utils/logger.ts:82:7)

    console.log
      [INFO] Upcoming meetings loaded { count: 1, timestamp: '2026-01-30T03:36:52.014Z' }

      at Logger.logMethod [as log] (utils/logger.ts:82:7)

    console.log
      [INFO] Upcoming meetings loaded { count: 1, timestamp: '2026-01-30T03:36:52.014Z' }

      at Logger.logMethod [as log] (utils/logger.ts:82:7)

    console.log
      [INFO] Upcoming meetings loaded { count: 1, timestamp: '2026-01-30T03:36:52.014Z' }

      at Logger.logMethod [as log] (utils/logger.ts:82:7)

    console.log
      [INFO] Upcoming meetings loaded { count: 1, timestamp: '2026-01-30T03:36:52.014Z' }

      at Logger.logMethod [as log] (utils/logger.ts:82:7)

    console.log
      [INFO] Upcoming meetings loaded { count: 1, timestamp: '2026-01-30T03:36:52.015Z' }

      at Logger.logMethod [as log] (utils/logger.ts:82:7)

    console.log
      [INFO] Upcoming meetings loaded { count: 1, timestamp: '2026-01-30T03:36:52.015Z' }

      at Logger.logMethod [as log] (utils/logger.ts:82:7)

    console.log
      [INFO] Upcoming meetings loaded { count: 1, timestamp: '2026-01-30T03:36:52.015Z' }

      at Logger.logMethod [as log] (utils/logger.ts:82:7)

    console.log
      [INFO] Upcoming meetings loaded { count: 1, timestamp: '2026-01-30T03:36:52.015Z' }

      at Logger.logMethod [as log] (utils/logger.ts:82:7)

    console.log
      [INFO] Upcoming meetings loaded { count: 1, timestamp: '2026-01-30T03:36:52.015Z' }

      at Logger.logMethod [as log] (utils/logger.ts:82:7)

    console.log
      [INFO] Upcoming meetings loaded { count: 1, timestamp: '2026-01-30T03:36:52.015Z' }

      at Logger.logMethod [as log] (utils/logger.ts:82:7)

    console.log
      [INFO] Upcoming meetings loaded { count: 1, timestamp: '2026-01-30T03:36:52.015Z' }

      at Logger.logMethod [as log] (utils/logger.ts:82:7)

    console.log
      [INFO] Upcoming meetings loaded { count: 1, timestamp: '2026-01-30T03:36:52.015Z' }

      at Logger.logMethod [as log] (utils/logger.ts:82:7)

    console.log
      [INFO] Upcoming meetings loaded { count: 1, timestamp: '2026-01-30T03:36:52.015Z' }

      at Logger.logMethod [as log] (utils/logger.ts:82:7)

    console.log
      [INFO] Upcoming meetings loaded { count: 1, timestamp: '2026-01-30T03:36:52.016Z' }

      at Logger.logMethod [as log] (utils/logger.ts:82:7)

    console.log
      [INFO] Upcoming meetings loaded { count: 1, timestamp: '2026-01-30T03:36:52.016Z' }

      at Logger.logMethod [as log] (utils/logger.ts:82:7)

    console.log
      [INFO] Upcoming meetings loaded { count: 1, timestamp: '2026-01-30T03:36:52.016Z' }

      at Logger.logMethod [as log] (utils/logger.ts:82:7)

    console.log
      [INFO] Upcoming meetings loaded { count: 1, timestamp: '2026-01-30T03:36:52.016Z' }

      at Logger.logMethod [as log] (utils/logger.ts:82:7)

    console.log
      [INFO] Upcoming meetings loaded { count: 1, timestamp: '2026-01-30T03:36:52.016Z' }

      at Logger.logMethod [as log] (utils/logger.ts:82:7)

    console.log
      [INFO] Upcoming meetings loaded { count: 1, timestamp: '2026-01-30T03:36:52.016Z' }

      at Logger.logMethod [as log] (utils/logger.ts:82:7)

    console.log
      [INFO] Upcoming meetings loaded { count: 1, timestamp: '2026-01-30T03:36:52.016Z' }

      at Logger.logMethod [as log] (utils/logger.ts:82:7)

    console.log
      [INFO] Upcoming meetings loaded { count: 1, timestamp: '2026-01-30T03:36:52.016Z' }

      at Logger.logMethod [as log] (utils/logger.ts:82:7)

    console.log
      [INFO] Upcoming meetings loaded { count: 1, timestamp: '2026-01-30T03:36:52.016Z' }

      at Logger.logMethod [as log] (utils/logger.ts:82:7)

    console.log
      [INFO] Upcoming meetings loaded { count: 1, timestamp: '2026-01-30T03:36:52.017Z' }

      at Logger.logMethod [as log] (utils/logger.ts:82:7)

    console.log
      [INFO] Upcoming meetings loaded { count: 1, timestamp: '2026-01-30T03:36:52.017Z' }

      at Logger.logMethod [as log] (utils/logger.ts:82:7)

    console.log
      [INFO] Upcoming meetings loaded { count: 1, timestamp: '2026-01-30T03:36:52.017Z' }

      at Logger.logMethod [as log] (utils/logger.ts:82:7)

    console.log
      [INFO] Upcoming meetings loaded { count: 1, timestamp: '2026-01-30T03:36:52.017Z' }

      at Logger.logMethod [as log] (utils/logger.ts:82:7)

    console.log
      [INFO] Upcoming meetings loaded { count: 1, timestamp: '2026-01-30T03:36:52.017Z' }

      at Logger.logMethod [as log] (utils/logger.ts:82:7)

    console.log
      [INFO] Upcoming meetings loaded { count: 1, timestamp: '2026-01-30T03:36:52.017Z' }

      at Logger.logMethod [as log] (utils/logger.ts:82:7)

    console.log
      [INFO] Upcoming meetings loaded { count: 1, timestamp: '2026-01-30T03:36:52.017Z' }

      at Logger.logMethod [as log] (utils/logger.ts:82:7)

    console.log
      [INFO] Upcoming meetings loaded { count: 1, timestamp: '2026-01-30T03:36:52.017Z' }

      at Logger.logMethod [as log] (utils/logger.ts:82:7)

    console.log
      [INFO] Upcoming meetings loaded { count: 1, timestamp: '2026-01-30T03:36:52.017Z' }

      at Logger.logMethod [as log] (utils/logger.ts:82:7)

    console.log
      [INFO] Upcoming meetings loaded { count: 1, timestamp: '2026-01-30T03:36:52.018Z' }

      at Logger.logMethod [as log] (utils/logger.ts:82:7)

    console.log
      [INFO] Upcoming meetings loaded { count: 1, timestamp: '2026-01-30T03:36:52.018Z' }

      at Logger.logMethod [as log] (utils/logger.ts:82:7)

    console.log
      [INFO] Upcoming meetings loaded { count: 1, timestamp: '2026-01-30T03:36:52.018Z' }

      at Logger.logMethod [as log] (utils/logger.ts:82:7)

    console.log
      [INFO] Upcoming meetings loaded { count: 1, timestamp: '2026-01-30T03:36:52.018Z' }

      at Logger.logMethod [as log] (utils/logger.ts:82:7)

    console.log
      [INFO] Upcoming meetings loaded { count: 1, timestamp: '2026-01-30T03:36:52.018Z' }

      at Logger.logMethod [as log] (utils/logger.ts:82:7)

    console.log
      [INFO] Upcoming meetings loaded { count: 1, timestamp: '2026-01-30T03:36:52.018Z' }

      at Logger.logMethod [as log] (utils/logger.ts:82:7)

    console.log
      [INFO] Upcoming meetings loaded { count: 1, timestamp: '2026-01-30T03:36:52.018Z' }

      at Logger.logMethod [as log] (utils/logger.ts:82:7)

    console.log
      [INFO] Upcoming meetings loaded { count: 1, timestamp: '2026-01-30T03:36:52.018Z' }

      at Logger.logMethod [as log] (utils/logger.ts:82:7)

    console.log
      [INFO] Upcoming meetings loaded { count: 1, timestamp: '2026-01-30T03:36:52.018Z' }

      at Logger.logMethod [as log] (utils/logger.ts:82:7)

    console.log
      [INFO] Upcoming meetings loaded { count: 1, timestamp: '2026-01-30T03:36:52.018Z' }

      at Logger.logMethod [as log] (utils/logger.ts:82:7)

    console.log
      [INFO] Upcoming meetings loaded { count: 1, timestamp: '2026-01-30T03:36:52.019Z' }

      at Logger.logMethod [as log] (utils/logger.ts:82:7)

    console.log
      [INFO] Upcoming meetings loaded { count: 1, timestamp: '2026-01-30T03:36:52.019Z' }

      at Logger.logMethod [as log] (utils/logger.ts:82:7)

    console.log
      [INFO] Upcoming meetings loaded { count: 1, timestamp: '2026-01-30T03:36:52.019Z' }

      at Logger.logMethod [as log] (utils/logger.ts:82:7)

    console.log
      [INFO] Upcoming meetings loaded { count: 1, timestamp: '2026-01-30T03:36:52.019Z' }

      at Logger.logMethod [as log] (utils/logger.ts:82:7)

    console.log
      [INFO] Upcoming meetings loaded { count: 1, timestamp: '2026-01-30T03:36:52.019Z' }

      at Logger.logMethod [as log] (utils/logger.ts:82:7)

    console.log
      [INFO] Upcoming meetings loaded { count: 1, timestamp: '2026-01-30T03:36:52.019Z' }

      at Logger.logMethod [as log] (utils/logger.ts:82:7)

    console.log
      [INFO] Upcoming meetings loaded { count: 1, timestamp: '2026-01-30T03:36:52.019Z' }

      at Logger.logMethod [as log] (utils/logger.ts:82:7)

    console.log
      [INFO] Upcoming meetings loaded { count: 1, timestamp: '2026-01-30T03:36:52.019Z' }

      at Logger.logMethod [as log] (utils/logger.ts:82:7)

    console.log
      [INFO] Upcoming meetings loaded { count: 1, timestamp: '2026-01-30T03:36:52.019Z' }

      at Logger.logMethod [as log] (utils/logger.ts:82:7)

    console.log
      [INFO] Upcoming meetings loaded { count: 1, timestamp: '2026-01-30T03:36:52.020Z' }

      at Logger.logMethod [as log] (utils/logger.ts:82:7)

    console.log
      [INFO] Upcoming meetings loaded { count: 1, timestamp: '2026-01-30T03:36:52.020Z' }

      at Logger.logMethod [as log] (utils/logger.ts:82:7)

    console.log
      [INFO] Upcoming meetings loaded { count: 1, timestamp: '2026-01-30T03:36:52.020Z' }

      at Logger.logMethod [as log] (utils/logger.ts:82:7)

    console.log
      [INFO] Upcoming meetings loaded { count: 1, timestamp: '2026-01-30T03:36:52.021Z' }

      at Logger.logMethod [as log] (utils/logger.ts:82:7)

    console.log
      [INFO] Upcoming meetings loaded { count: 1, timestamp: '2026-01-30T03:36:52.022Z' }

      at Logger.logMethod [as log] (utils/logger.ts:82:7)

    console.log
      [INFO] Upcoming meetings loaded { count: 1, timestamp: '2026-01-30T03:36:52.022Z' }

      at Logger.logMethod [as log] (utils/logger.ts:82:7)

    console.log
      [INFO] Upcoming meetings loaded { count: 1, timestamp: '2026-01-30T03:36:52.022Z' }

      at Logger.logMethod [as log] (utils/logger.ts:82:7)

    console.log
      [INFO] Upcoming meetings loaded { count: 1, timestamp: '2026-01-30T03:36:52.022Z' }

      at Logger.logMethod [as log] (utils/logger.ts:82:7)

    console.log
      [INFO] Upcoming meetings loaded { count: 1, timestamp: '2026-01-30T03:36:52.022Z' }

      at Logger.logMethod [as log] (utils/logger.ts:82:7)

    console.log
      [INFO] Upcoming meetings loaded { count: 1, timestamp: '2026-01-30T03:36:52.022Z' }

      at Logger.logMethod [as log] (utils/logger.ts:82:7)

    console.log
      [INFO] Upcoming meetings loaded { count: 1, timestamp: '2026-01-30T03:36:52.022Z' }

      at Logger.logMethod [as log] (utils/logger.ts:82:7)

    console.log
      [INFO] Upcoming meetings loaded { count: 1, timestamp: '2026-01-30T03:36:52.022Z' }

      at Logger.logMethod [as log] (utils/logger.ts:82:7)

    console.log
      [INFO] Upcoming meetings loaded { count: 1, timestamp: '2026-01-30T03:36:52.022Z' }

      at Logger.logMethod [as log] (utils/logger.ts:82:7)

    console.log
      [INFO] Upcoming meetings loaded { count: 1, timestamp: '2026-01-30T03:36:52.023Z' }

      at Logger.logMethod [as log] (utils/logger.ts:82:7)

    console.log
      [INFO] Upcoming meetings loaded { count: 1, timestamp: '2026-01-30T03:36:52.023Z' }

      at Logger.logMethod [as log] (utils/logger.ts:82:7)

    console.log
      [INFO] Upcoming meetings loaded { count: 1, timestamp: '2026-01-30T03:36:52.023Z' }

      at Logger.logMethod [as log] (utils/logger.ts:82:7)

    console.log
      [INFO] Upcoming meetings loaded { count: 1, timestamp: '2026-01-30T03:36:52.023Z' }

      at Logger.logMethod [as log] (utils/logger.ts:82:7)

    console.log
      [INFO] Upcoming meetings loaded { count: 1, timestamp: '2026-01-30T03:36:52.023Z' }

      at Logger.logMethod [as log] (utils/logger.ts:82:7)

    console.log
      [INFO] Upcoming meetings loaded { count: 1, timestamp: '2026-01-30T03:36:52.023Z' }

      at Logger.logMethod [as log] (utils/logger.ts:82:7)

    console.log
      [INFO] Upcoming meetings loaded { count: 1, timestamp: '2026-01-30T03:36:52.023Z' }

      at Logger.logMethod [as log] (utils/logger.ts:82:7)

    console.log
      [INFO] Upcoming meetings loaded { count: 1, timestamp: '2026-01-30T03:36:52.023Z' }

      at Logger.logMethod [as log] (utils/logger.ts:82:7)

    console.log
      [INFO] Upcoming meetings loaded { count: 1, timestamp: '2026-01-30T03:36:52.024Z' }

      at Logger.logMethod [as log] (utils/logger.ts:82:7)

    console.log
      [INFO] Upcoming meetings loaded { count: 1, timestamp: '2026-01-30T03:36:52.024Z' }

      at Logger.logMethod [as log] (utils/logger.ts:82:7)

    console.log
      [INFO] Upcoming meetings loaded { count: 1, timestamp: '2026-01-30T03:36:52.024Z' }

      at Logger.logMethod [as log] (utils/logger.ts:82:7)

    console.log
      [INFO] Upcoming meetings loaded { count: 1, timestamp: '2026-01-30T03:36:52.024Z' }

      at Logger.logMethod [as log] (utils/logger.ts:82:7)

    console.log
      [INFO] Upcoming meetings loaded { count: 1, timestamp: '2026-01-30T03:36:52.024Z' }

      at Logger.logMethod [as log] (utils/logger.ts:82:7)

    console.log
      [INFO] Upcoming meetings loaded { count: 1, timestamp: '2026-01-30T03:36:52.024Z' }

      at Logger.logMethod [as log] (utils/logger.ts:82:7)

    console.log
      [INFO] Upcoming meetings loaded { count: 1, timestamp: '2026-01-30T03:36:52.024Z' }

      at Logger.logMethod [as log] (utils/logger.ts:82:7)

    console.log
      [INFO] Upcoming meetings loaded { count: 1, timestamp: '2026-01-30T03:36:52.024Z' }

      at Logger.logMethod [as log] (utils/logger.ts:82:7)

    console.log
      [INFO] Upcoming meetings loaded { count: 1, timestamp: '2026-01-30T03:36:52.024Z' }

      at Logger.logMethod [as log] (utils/logger.ts:82:7)

    console.log
      [INFO] Upcoming meetings loaded { count: 1, timestamp: '2026-01-30T03:36:52.025Z' }

      at Logger.logMethod [as log] (utils/logger.ts:82:7)

    console.log
      [INFO] Upcoming meetings loaded { count: 1, timestamp: '2026-01-30T03:36:52.025Z' }

      at Logger.logMethod [as log] (utils/logger.ts:82:7)

    console.log
      [INFO] Upcoming meetings loaded { count: 1, timestamp: '2026-01-30T03:36:52.025Z' }

      at Logger.logMethod [as log] (utils/logger.ts:82:7)

    console.log
      [INFO] Upcoming meetings loaded { count: 1, timestamp: '2026-01-30T03:36:52.025Z' }

      at Logger.logMethod [as log] (utils/logger.ts:82:7)

    console.log
      [INFO] Upcoming meetings loaded { count: 1, timestamp: '2026-01-30T03:36:52.025Z' }

      at Logger.logMethod [as log] (utils/logger.ts:82:7)

    console.log
      [INFO] Upcoming meetings loaded { count: 1, timestamp: '2026-01-30T03:36:52.025Z' }

      at Logger.logMethod [as log] (utils/logger.ts:82:7)

    console.log
      [INFO] Upcoming meetings loaded { count: 1, timestamp: '2026-01-30T03:36:52.025Z' }

      at Logger.logMethod [as log] (utils/logger.ts:82:7)

    console.log
      [INFO] Upcoming meetings loaded { count: 1, timestamp: '2026-01-30T03:36:52.025Z' }

      at Logger.logMethod [as log] (utils/logger.ts:82:7)

    console.log
      [INFO] Upcoming meetings loaded { count: 1, timestamp: '2026-01-30T03:36:52.025Z' }

      at Logger.logMethod [as log] (utils/logger.ts:82:7)

    console.log
      [INFO] Upcoming meetings loaded { count: 1, timestamp: '2026-01-30T03:36:52.025Z' }

      at Logger.logMethod [as log] (utils/logger.ts:82:7)

    console.log
      [INFO] Upcoming meetings loaded { count: 1, timestamp: '2026-01-30T03:36:52.026Z' }

      at Logger.logMethod [as log] (utils/logger.ts:82:7)

    console.log
      [INFO] Upcoming meetings loaded { count: 1, timestamp: '2026-01-30T03:36:52.026Z' }

      at Logger.logMethod [as log] (utils/logger.ts:82:7)

    console.log
      [INFO] Upcoming meetings loaded { count: 1, timestamp: '2026-01-30T03:36:52.026Z' }

      at Logger.logMethod [as log] (utils/logger.ts:82:7)

    console.log
      [INFO] Upcoming meetings loaded { count: 1, timestamp: '2026-01-30T03:36:52.026Z' }

      at Logger.logMethod [as log] (utils/logger.ts:82:7)

    console.log
      [INFO] Upcoming meetings loaded { count: 1, timestamp: '2026-01-30T03:36:52.026Z' }

      at Logger.logMethod [as log] (utils/logger.ts:82:7)

    console.log
      [INFO] Upcoming meetings loaded { count: 1, timestamp: '2026-01-30T03:36:52.026Z' }

      at Logger.logMethod [as log] (utils/logger.ts:82:7)

    console.log
      [INFO] Upcoming meetings loaded { count: 1, timestamp: '2026-01-30T03:36:52.026Z' }

      at Logger.logMethod [as log] (utils/logger.ts:82:7)

    console.log
      [INFO] Upcoming meetings loaded { count: 1, timestamp: '2026-01-30T03:36:52.027Z' }

      at Logger.logMethod [as log] (utils/logger.ts:82:7)

    console.log
      [INFO] Upcoming meetings loaded { count: 1, timestamp: '2026-01-30T03:36:52.027Z' }

      at Logger.logMethod [as log] (utils/logger.ts:82:7)

    console.log
      [INFO] Upcoming meetings loaded { count: 1, timestamp: '2026-01-30T03:36:52.027Z' }

      at Logger.logMethod [as log] (utils/logger.ts:82:7)

    console.log
      [INFO] Upcoming meetings loaded { count: 1, timestamp: '2026-01-30T03:36:52.027Z' }

      at Logger.logMethod [as log] (utils/logger.ts:82:7)

    console.log
      [INFO] Upcoming meetings loaded { count: 1, timestamp: '2026-01-30T03:36:52.027Z' }

      at Logger.logMethod [as log] (utils/logger.ts:82:7)

    console.log
      [INFO] Upcoming meetings loaded { count: 1, timestamp: '2026-01-30T03:36:52.027Z' }

      at Logger.logMethod [as log] (utils/logger.ts:82:7)

    console.log
      [INFO] Upcoming meetings loaded { count: 1, timestamp: '2026-01-30T03:36:52.027Z' }

      at Logger.logMethod [as log] (utils/logger.ts:82:7)

    console.log
      [INFO] Upcoming meetings loaded { count: 1, timestamp: '2026-01-30T03:36:52.027Z' }

      at Logger.logMethod [as log] (utils/logger.ts:82:7)

    console.log
      [INFO] Upcoming meetings loaded { count: 1, timestamp: '2026-01-30T03:36:52.027Z' }

      at Logger.logMethod [as log] (utils/logger.ts:82:7)

    console.log
      [INFO] Upcoming meetings loaded { count: 1, timestamp: '2026-01-30T03:36:52.028Z' }

      at Logger.logMethod [as log] (utils/logger.ts:82:7)

    console.log
      [INFO] Upcoming meetings loaded { count: 1, timestamp: '2026-01-30T03:36:52.028Z' }

      at Logger.logMethod [as log] (utils/logger.ts:82:7)

    console.log
      [INFO] Upcoming meetings loaded { count: 1, timestamp: '2026-01-30T03:36:52.028Z' }

      at Logger.logMethod [as log] (utils/logger.ts:82:7)

    console.log
      [INFO] Upcoming meetings loaded { count: 1, timestamp: '2026-01-30T03:36:52.028Z' }

      at Logger.logMethod [as log] (utils/logger.ts:82:7)

    console.log
      [INFO] Upcoming meetings loaded { count: 1, timestamp: '2026-01-30T03:36:52.028Z' }

      at Logger.logMethod [as log] (utils/logger.ts:82:7)

    console.log
      [INFO] Upcoming meetings loaded { count: 1, timestamp: '2026-01-30T03:36:52.028Z' }

      at Logger.logMethod [as log] (utils/logger.ts:82:7)

    console.log
      [INFO] Upcoming meetings loaded { count: 1, timestamp: '2026-01-30T03:36:52.028Z' }

      at Logger.logMethod [as log] (utils/logger.ts:82:7)

    console.log
      [INFO] Upcoming meetings loaded { count: 1, timestamp: '2026-01-30T03:36:52.028Z' }

      at Logger.logMethod [as log] (utils/logger.ts:82:7)

    console.log
      [INFO] Upcoming meetings loaded { count: 1, timestamp: '2026-01-30T03:36:52.028Z' }

      at Logger.logMethod [as log] (utils/logger.ts:82:7)

    console.log
      [INFO] Upcoming meetings loaded { count: 1, timestamp: '2026-01-30T03:36:52.029Z' }

      at Logger.logMethod [as log] (utils/logger.ts:82:7)

    console.log
      [INFO] Upcoming meetings loaded { count: 1, timestamp: '2026-01-30T03:36:52.029Z' }

      at Logger.logMethod [as log] (utils/logger.ts:82:7)

    console.log
      [INFO] Upcoming meetings loaded { count: 1, timestamp: '2026-01-30T03:36:52.029Z' }

      at Logger.logMethod [as log] (utils/logger.ts:82:7)

    console.log
      [INFO] Upcoming meetings loaded { count: 1, timestamp: '2026-01-30T03:36:52.029Z' }

      at Logger.logMethod [as log] (utils/logger.ts:82:7)

    console.log
      [INFO] Upcoming meetings loaded { count: 1, timestamp: '2026-01-30T03:36:52.029Z' }

      at Logger.logMethod [as log] (utils/logger.ts:82:7)

    console.log
      [INFO] Upcoming meetings loaded { count: 1, timestamp: '2026-01-30T03:36:52.029Z' }

      at Logger.logMethod [as log] (utils/logger.ts:82:7)

    console.log
      [INFO] Upcoming meetings loaded { count: 1, timestamp: '2026-01-30T03:36:52.029Z' }

      at Logger.logMethod [as log] (utils/logger.ts:82:7)

    console.log
      [INFO] Upcoming meetings loaded { count: 1, timestamp: '2026-01-30T03:36:52.029Z' }

      at Logger.logMethod [as log] (utils/logger.ts:82:7)

    console.log
      [INFO] Upcoming meetings loaded { count: 1, timestamp: '2026-01-30T03:36:52.029Z' }

      at Logger.logMethod [as log] (utils/logger.ts:82:7)

    console.log
      [INFO] Upcoming meetings loaded { count: 1, timestamp: '2026-01-30T03:36:52.030Z' }

      at Logger.logMethod [as log] (utils/logger.ts:82:7)

    console.log
      [INFO] Upcoming meetings loaded { count: 1, timestamp: '2026-01-30T03:36:52.030Z' }

      at Logger.logMethod [as log] (utils/logger.ts:82:7)

    console.log
      [INFO] Upcoming meetings loaded { count: 1, timestamp: '2026-01-30T03:36:52.030Z' }

      at Logger.logMethod [as log] (utils/logger.ts:82:7)

    console.log
      [INFO] Upcoming meetings loaded { count: 1, timestamp: '2026-01-30T03:36:52.030Z' }

      at Logger.logMethod [as log] (utils/logger.ts:82:7)

    console.log
      [INFO] Upcoming meetings loaded { count: 1, timestamp: '2026-01-30T03:36:52.030Z' }

      at Logger.logMethod [as log] (utils/logger.ts:82:7)

    console.log
      [INFO] Upcoming meetings loaded { count: 1, timestamp: '2026-01-30T03:36:52.030Z' }

      at Logger.logMethod [as log] (utils/logger.ts:82:7)

    console.log
      [INFO] Upcoming meetings loaded { count: 1, timestamp: '2026-01-30T03:36:52.030Z' }

      at Logger.logMethod [as log] (utils/logger.ts:82:7)

    console.log
      [INFO] Upcoming meetings loaded { count: 1, timestamp: '2026-01-30T03:36:52.030Z' }

      at Logger.logMethod [as log] (utils/logger.ts:82:7)

    console.log
      [INFO] Upcoming meetings loaded { count: 1, timestamp: '2026-01-30T03:36:52.030Z' }

      at Logger.logMethod [as log] (utils/logger.ts:82:7)

    console.log
      [INFO] Upcoming meetings loaded { count: 1, timestamp: '2026-01-30T03:36:52.030Z' }

      at Logger.logMethod [as log] (utils/logger.ts:82:7)

    console.log
      [INFO] Upcoming meetings loaded { count: 1, timestamp: '2026-01-30T03:36:52.031Z' }

      at Logger.logMethod [as log] (utils/logger.ts:82:7)

    console.log
      [INFO] Upcoming meetings loaded { count: 1, timestamp: '2026-01-30T03:36:52.031Z' }

      at Logger.logMethod [as log] (utils/logger.ts:82:7)

    console.log
      [INFO] Upcoming meetings loaded { count: 1, timestamp: '2026-01-30T03:36:52.031Z' }

      at Logger.logMethod [as log] (utils/logger.ts:82:7)

    console.log
      [INFO] Upcoming meetings loaded { count: 1, timestamp: '2026-01-30T03:36:52.031Z' }

      at Logger.logMethod [as log] (utils/logger.ts:82:7)

    console.log
      [INFO] Upcoming meetings loaded { count: 1, timestamp: '2026-01-30T03:36:52.031Z' }

      at Logger.logMethod [as log] (utils/logger.ts:82:7)

    console.log
      [INFO] Upcoming meetings loaded { count: 1, timestamp: '2026-01-30T03:36:52.031Z' }

      at Logger.logMethod [as log] (utils/logger.ts:82:7)

    console.log
      [INFO] Upcoming meetings loaded { count: 1, timestamp: '2026-01-30T03:36:52.031Z' }

      at Logger.logMethod [as log] (utils/logger.ts:82:7)

    console.log
      [INFO] Upcoming meetings loaded { count: 1, timestamp: '2026-01-30T03:36:52.031Z' }

      at Logger.logMethod [as log] (utils/logger.ts:82:7)

    console.log
      [INFO] Upcoming meetings loaded { count: 1, timestamp: '2026-01-30T03:36:52.031Z' }

      at Logger.logMethod [as log] (utils/logger.ts:82:7)

    console.log
      [INFO] Upcoming meetings loaded { count: 1, timestamp: '2026-01-30T03:36:52.032Z' }

      at Logger.logMethod [as log] (utils/logger.ts:82:7)

    console.log
      [INFO] Upcoming meetings loaded { count: 1, timestamp: '2026-01-30T03:36:52.032Z' }

      at Logger.logMethod [as log] (utils/logger.ts:82:7)

    console.log
      [INFO] Upcoming meetings loaded { count: 1, timestamp: '2026-01-30T03:36:52.032Z' }

      at Logger.logMethod [as log] (utils/logger.ts:82:7)

    console.log
      [INFO] Upcoming meetings loaded { count: 1, timestamp: '2026-01-30T03:36:52.032Z' }

      at Logger.logMethod [as log] (utils/logger.ts:82:7)

    console.log
      [INFO] Upcoming meetings loaded { count: 1, timestamp: '2026-01-30T03:36:52.032Z' }

      at Logger.logMethod [as log] (utils/logger.ts:82:7)

    console.log
      [INFO] Upcoming meetings loaded { count: 1, timestamp: '2026-01-30T03:36:52.032Z' }

      at Logger.logMethod [as log] (utils/logger.ts:82:7)

    console.log
      [INFO] Upcoming meetings loaded { count: 1, timestamp: '2026-01-30T03:36:52.032Z' }

      at Logger.logMethod [as log] (utils/logger.ts:82:7)

    console.log
      [INFO] Upcoming meetings loaded { count: 1, timestamp: '2026-01-30T03:36:52.032Z' }

      at Logger.logMethod [as log] (utils/logger.ts:82:7)

    console.log
      [INFO] Upcoming meetings loaded { count: 1, timestamp: '2026-01-30T03:36:52.032Z' }

      at Logger.logMethod [as log] (utils/logger.ts:82:7)

    console.log
      [INFO] Upcoming meetings loaded { count: 1, timestamp: '2026-01-30T03:36:52.033Z' }

      at Logger.logMethod [as log] (utils/logger.ts:82:7)

    console.log
      [INFO] Upcoming meetings loaded { count: 1, timestamp: '2026-01-30T03:36:52.033Z' }

      at Logger.logMethod [as log] (utils/logger.ts:82:7)

    console.log
      [INFO] Upcoming meetings loaded { count: 1, timestamp: '2026-01-30T03:36:52.033Z' }

      at Logger.logMethod [as log] (utils/logger.ts:82:7)

    console.log
      [INFO] Upcoming meetings loaded { count: 1, timestamp: '2026-01-30T03:36:52.033Z' }

      at Logger.logMethod [as log] (utils/logger.ts:82:7)

    console.log
      [INFO] Upcoming meetings loaded { count: 1, timestamp: '2026-01-30T03:36:52.033Z' }

      at Logger.logMethod [as log] (utils/logger.ts:82:7)

    console.log
      [INFO] Upcoming meetings loaded { count: 1, timestamp: '2026-01-30T03:36:52.033Z' }

      at Logger.logMethod [as log] (utils/logger.ts:82:7)

    console.log
      [INFO] Upcoming meetings loaded { count: 1, timestamp: '2026-01-30T03:36:52.033Z' }

      at Logger.logMethod [as log] (utils/logger.ts:82:7)

    console.log
      [INFO] Upcoming meetings loaded { count: 1, timestamp: '2026-01-30T03:36:52.033Z' }

      at Logger.logMethod [as log] (utils/logger.ts:82:7)

    console.log
      [INFO] Upcoming meetings loaded { count: 1, timestamp: '2026-01-30T03:36:52.033Z' }

      at Logger.logMethod [as log] (utils/logger.ts:82:7)

    console.log
      [INFO] Upcoming meetings loaded { count: 1, timestamp: '2026-01-30T03:36:52.034Z' }

      at Logger.logMethod [as log] (utils/logger.ts:82:7)

    console.log
      [INFO] Upcoming meetings loaded { count: 1, timestamp: '2026-01-30T03:36:52.034Z' }

      at Logger.logMethod [as log] (utils/logger.ts:82:7)

    console.log
      [INFO] Upcoming meetings loaded { count: 1, timestamp: '2026-01-30T03:36:52.034Z' }

      at Logger.logMethod [as log] (utils/logger.ts:82:7)

    console.log
      [INFO] Upcoming meetings loaded { count: 1, timestamp: '2026-01-30T03:36:52.034Z' }

      at Logger.logMethod [as log] (utils/logger.ts:82:7)

    console.log
      [INFO] Upcoming meetings loaded { count: 1, timestamp: '2026-01-30T03:36:52.034Z' }

      at Logger.logMethod [as log] (utils/logger.ts:82:7)

    console.log
      [INFO] Upcoming meetings loaded { count: 1, timestamp: '2026-01-30T03:36:52.034Z' }

      at Logger.logMethod [as log] (utils/logger.ts:82:7)

    console.log
      [INFO] Upcoming meetings loaded { count: 1, timestamp: '2026-01-30T03:36:52.034Z' }

      at Logger.logMethod [as log] (utils/logger.ts:82:7)

    console.log
      [INFO] Upcoming meetings loaded { count: 1, timestamp: '2026-01-30T03:36:52.034Z' }

      at Logger.logMethod [as log] (utils/logger.ts:82:7)

    console.log
      [INFO] Upcoming meetings loaded { count: 1, timestamp: '2026-01-30T03:36:52.034Z' }

      at Logger.logMethod [as log] (utils/logger.ts:82:7)

    console.log
      [INFO] Upcoming meetings loaded { count: 1, timestamp: '2026-01-30T03:36:52.034Z' }

      at Logger.logMethod [as log] (utils/logger.ts:82:7)

    console.log
      [INFO] Upcoming meetings loaded { count: 1, timestamp: '2026-01-30T03:36:52.035Z' }

      at Logger.logMethod [as log] (utils/logger.ts:82:7)

    console.log
      [INFO] Upcoming meetings loaded { count: 1, timestamp: '2026-01-30T03:36:52.035Z' }

      at Logger.logMethod [as log] (utils/logger.ts:82:7)

    console.log
      [INFO] Upcoming meetings loaded { count: 1, timestamp: '2026-01-30T03:36:52.035Z' }

      at Logger.logMethod [as log] (utils/logger.ts:82:7)

    console.log
      [INFO] Upcoming meetings loaded { count: 1, timestamp: '2026-01-30T03:36:52.035Z' }

      at Logger.logMethod [as log] (utils/logger.ts:82:7)

    console.log
      [INFO] Upcoming meetings loaded { count: 1, timestamp: '2026-01-30T03:36:52.035Z' }

      at Logger.logMethod [as log] (utils/logger.ts:82:7)

    console.log
      [INFO] Upcoming meetings loaded { count: 1, timestamp: '2026-01-30T03:36:52.035Z' }

      at Logger.logMethod [as log] (utils/logger.ts:82:7)

    console.log
      [INFO] Upcoming meetings loaded { count: 1, timestamp: '2026-01-30T03:36:52.035Z' }

      at Logger.logMethod [as log] (utils/logger.ts:82:7)

    console.log
      [INFO] Upcoming meetings loaded { count: 1, timestamp: '2026-01-30T03:36:52.035Z' }

      at Logger.logMethod [as log] (utils/logger.ts:82:7)

    console.log
      [INFO] Upcoming meetings loaded { count: 1, timestamp: '2026-01-30T03:36:52.035Z' }

      at Logger.logMethod [as log] (utils/logger.ts:82:7)

    console.log
      [INFO] Upcoming meetings loaded { count: 1, timestamp: '2026-01-30T03:36:52.036Z' }

      at Logger.logMethod [as log] (utils/logger.ts:82:7)

    console.log
      [INFO] Upcoming meetings loaded { count: 1, timestamp: '2026-01-30T03:36:52.036Z' }

      at Logger.logMethod [as log] (utils/logger.ts:82:7)

    console.log
      [INFO] Upcoming meetings loaded { count: 1, timestamp: '2026-01-30T03:36:52.036Z' }

      at Logger.logMethod [as log] (utils/logger.ts:82:7)

    console.log
      [INFO] Upcoming meetings loaded { count: 1, timestamp: '2026-01-30T03:36:52.036Z' }

      at Logger.logMethod [as log] (utils/logger.ts:82:7)

    console.log
      [INFO] Upcoming meetings loaded { count: 1, timestamp: '2026-01-30T03:36:52.036Z' }

      at Logger.logMethod [as log] (utils/logger.ts:82:7)

    console.log
      [INFO] Upcoming meetings loaded { count: 1, timestamp: '2026-01-30T03:36:52.036Z' }

      at Logger.logMethod [as log] (utils/logger.ts:82:7)

    console.log
      [INFO] Upcoming meetings loaded { count: 1, timestamp: '2026-01-30T03:36:52.036Z' }

      at Logger.logMethod [as log] (utils/logger.ts:82:7)

    console.log
      [INFO] Upcoming meetings loaded { count: 1, timestamp: '2026-01-30T03:36:52.036Z' }

      at Logger.logMethod [as log] (utils/logger.ts:82:7)

    console.log
      [INFO] Upcoming meetings loaded { count: 1, timestamp: '2026-01-30T03:36:52.036Z' }

      at Logger.logMethod [as log] (utils/logger.ts:82:7)

    console.log
      [INFO] Upcoming meetings loaded { count: 1, timestamp: '2026-01-30T03:36:52.037Z' }

      at Logger.logMethod [as log] (utils/logger.ts:82:7)

    console.log
      [INFO] Upcoming meetings loaded { count: 1, timestamp: '2026-01-30T03:36:52.037Z' }

      at Logger.logMethod [as log] (utils/logger.ts:82:7)

    console.log
      [INFO] Upcoming meetings loaded { count: 1, timestamp: '2026-01-30T03:36:52.037Z' }

      at Logger.logMethod [as log] (utils/logger.ts:82:7)

    console.log
      [INFO] Upcoming meetings loaded { count: 1, timestamp: '2026-01-30T03:36:52.037Z' }

      at Logger.logMethod [as log] (utils/logger.ts:82:7)

    console.log
      [INFO] Upcoming meetings loaded { count: 1, timestamp: '2026-01-30T03:36:52.037Z' }

      at Logger.logMethod [as log] (utils/logger.ts:82:7)

    console.log
      [INFO] Upcoming meetings loaded { count: 1, timestamp: '2026-01-30T03:36:52.037Z' }

      at Logger.logMethod [as log] (utils/logger.ts:82:7)

    console.log
      [INFO] Upcoming meetings loaded { count: 1, timestamp: '2026-01-30T03:36:52.037Z' }

      at Logger.logMethod [as log] (utils/logger.ts:82:7)

    console.log
      [INFO] Upcoming meetings loaded { count: 1, timestamp: '2026-01-30T03:36:52.037Z' }

      at Logger.logMethod [as log] (utils/logger.ts:82:7)

    console.log
      [INFO] Upcoming meetings loaded { count: 1, timestamp: '2026-01-30T03:36:52.037Z' }

      at Logger.logMethod [as log] (utils/logger.ts:82:7)

    console.log
      [INFO] Upcoming meetings loaded { count: 1, timestamp: '2026-01-30T03:36:52.038Z' }

      at Logger.logMethod [as log] (utils/logger.ts:82:7)

    console.log
      [INFO] Upcoming meetings loaded { count: 1, timestamp: '2026-01-30T03:36:52.038Z' }

      at Logger.logMethod [as log] (utils/logger.ts:82:7)

    console.log
      [INFO] Upcoming meetings loaded { count: 1, timestamp: '2026-01-30T03:36:52.038Z' }

      at Logger.logMethod [as log] (utils/logger.ts:82:7)

    console.log
      [INFO] Upcoming meetings loaded { count: 1, timestamp: '2026-01-30T03:36:52.038Z' }

      at Logger.logMethod [as log] (utils/logger.ts:82:7)

    console.log
      [INFO] Upcoming meetings loaded { count: 1, timestamp: '2026-01-30T03:36:52.038Z' }

      at Logger.logMethod [as log] (utils/logger.ts:82:7)

    console.log
      [INFO] Upcoming meetings loaded { count: 1, timestamp: '2026-01-30T03:36:52.038Z' }

      at Logger.logMethod [as log] (utils/logger.ts:82:7)

    console.log
      [INFO] Upcoming meetings loaded { count: 1, timestamp: '2026-01-30T03:36:52.038Z' }

      at Logger.logMethod [as log] (utils/logger.ts:82:7)

    console.log
      [INFO] Upcoming meetings loaded { count: 1, timestamp: '2026-01-30T03:36:52.038Z' }

      at Logger.logMethod [as log] (utils/logger.ts:82:7)

    console.log
      [INFO] Upcoming meetings loaded { count: 1, timestamp: '2026-01-30T03:36:52.038Z' }

      at Logger.logMethod [as log] (utils/logger.ts:82:7)

    console.log
      [INFO] Upcoming meetings loaded { count: 1, timestamp: '2026-01-30T03:36:52.039Z' }

      at Logger.logMethod [as log] (utils/logger.ts:82:7)

    console.log
      [INFO] Upcoming meetings loaded { count: 1, timestamp: '2026-01-30T03:36:52.039Z' }

      at Logger.logMethod [as log] (utils/logger.ts:82:7)

    console.log
      [INFO] Upcoming meetings loaded { count: 1, timestamp: '2026-01-30T03:36:52.039Z' }

      at Logger.logMethod [as log] (utils/logger.ts:82:7)

    console.log
      [INFO] Upcoming meetings loaded { count: 1, timestamp: '2026-01-30T03:36:52.039Z' }

      at Logger.logMethod [as log] (utils/logger.ts:82:7)

    console.log
      [INFO] Upcoming meetings loaded { count: 1, timestamp: '2026-01-30T03:36:52.039Z' }

      at Logger.logMethod [as log] (utils/logger.ts:82:7)

    console.log
      [INFO] Upcoming meetings loaded { count: 1, timestamp: '2026-01-30T03:36:52.039Z' }

      at Logger.logMethod [as log] (utils/logger.ts:82:7)

    console.log
      [INFO] Upcoming meetings loaded { count: 1, timestamp: '2026-01-30T03:36:52.039Z' }

      at Logger.logMethod [as log] (utils/logger.ts:82:7)

    console.log
      [INFO] Upcoming meetings loaded { count: 1, timestamp: '2026-01-30T03:36:52.039Z' }

      at Logger.logMethod [as log] (utils/logger.ts:82:7)

    console.log
      [INFO] Upcoming meetings loaded { count: 1, timestamp: '2026-01-30T03:36:52.039Z' }

      at Logger.logMethod [as log] (utils/logger.ts:82:7)

    console.log
      [INFO] Upcoming meetings loaded { count: 1, timestamp: '2026-01-30T03:36:52.040Z' }

      at Logger.logMethod [as log] (utils/logger.ts:82:7)

    console.log
      [INFO] Upcoming meetings loaded { count: 1, timestamp: '2026-01-30T03:36:52.040Z' }

      at Logger.logMethod [as log] (utils/logger.ts:82:7)

    console.log
      [INFO] Upcoming meetings loaded { count: 1, timestamp: '2026-01-30T03:36:52.040Z' }

      at Logger.logMethod [as log] (utils/logger.ts:82:7)

    console.log
      [INFO] Upcoming meetings loaded { count: 1, timestamp: '2026-01-30T03:36:52.040Z' }

      at Logger.logMethod [as log] (utils/logger.ts:82:7)

    console.log
      [INFO] Upcoming meetings loaded { count: 1, timestamp: '2026-01-30T03:36:52.040Z' }

      at Logger.logMethod [as log] (utils/logger.ts:82:7)

    console.log
      [INFO] Upcoming meetings loaded { count: 1, timestamp: '2026-01-30T03:36:52.040Z' }

      at Logger.logMethod [as log] (utils/logger.ts:82:7)

    console.log
      [INFO] Upcoming meetings loaded { count: 1, timestamp: '2026-01-30T03:36:52.040Z' }

      at Logger.logMethod [as log] (utils/logger.ts:82:7)

    console.log
      [INFO] Upcoming meetings loaded { count: 1, timestamp: '2026-01-30T03:36:52.040Z' }

      at Logger.logMethod [as log] (utils/logger.ts:82:7)

    console.log
      [INFO] Upcoming meetings loaded { count: 1, timestamp: '2026-01-30T03:36:52.040Z' }

      at Logger.logMethod [as log] (utils/logger.ts:82:7)

    console.log
      [INFO] Upcoming meetings loaded { count: 1, timestamp: '2026-01-30T03:36:52.040Z' }

      at Logger.logMethod [as log] (utils/logger.ts:82:7)

    console.log
      [INFO] Upcoming meetings loaded { count: 1, timestamp: '2026-01-30T03:36:52.041Z' }

      at Logger.logMethod [as log] (utils/logger.ts:82:7)

    console.log
      [INFO] Upcoming meetings loaded { count: 1, timestamp: '2026-01-30T03:36:52.041Z' }

      at Logger.logMethod [as log] (utils/logger.ts:82:7)

    console.log
      [INFO] Upcoming meetings loaded { count: 1, timestamp: '2026-01-30T03:36:52.041Z' }

      at Logger.logMethod [as log] (utils/logger.ts:82:7)

    console.log
      [INFO] Upcoming meetings loaded { count: 1, timestamp: '2026-01-30T03:36:52.041Z' }

      at Logger.logMethod [as log] (utils/logger.ts:82:7)

    console.log
      [INFO] Upcoming meetings loaded { count: 1, timestamp: '2026-01-30T03:36:52.041Z' }

      at Logger.logMethod [as log] (utils/logger.ts:82:7)

    console.log
      [INFO] Upcoming meetings loaded { count: 1, timestamp: '2026-01-30T03:36:52.041Z' }

      at Logger.logMethod [as log] (utils/logger.ts:82:7)

    console.log
      [INFO] Upcoming meetings loaded { count: 1, timestamp: '2026-01-30T03:36:52.041Z' }

      at Logger.logMethod [as log] (utils/logger.ts:82:7)

    console.log
      [INFO] Upcoming meetings loaded { count: 1, timestamp: '2026-01-30T03:36:52.041Z' }

      at Logger.logMethod [as log] (utils/logger.ts:82:7)

    console.log
      [INFO] Upcoming meetings loaded { count: 1, timestamp: '2026-01-30T03:36:52.041Z' }

      at Logger.logMethod [as log] (utils/logger.ts:82:7)

    console.log
      [INFO] Upcoming meetings loaded { count: 1, timestamp: '2026-01-30T03:36:52.042Z' }

      at Logger.logMethod [as log] (utils/logger.ts:82:7)

    console.log
      [INFO] Upcoming meetings loaded { count: 1, timestamp: '2026-01-30T03:36:52.042Z' }

      at Logger.logMethod [as log] (utils/logger.ts:82:7)

    console.log
      [INFO] Upcoming meetings loaded { count: 1, timestamp: '2026-01-30T03:36:52.042Z' }

      at Logger.logMethod [as log] (utils/logger.ts:82:7)

    console.log
      [INFO] Upcoming meetings loaded { count: 1, timestamp: '2026-01-30T03:36:52.042Z' }

      at Logger.logMethod [as log] (utils/logger.ts:82:7)

    console.log
      [INFO] Upcoming meetings loaded { count: 1, timestamp: '2026-01-30T03:36:52.042Z' }

      at Logger.logMethod [as log] (utils/logger.ts:82:7)

    console.log
      [INFO] Upcoming meetings loaded { count: 1, timestamp: '2026-01-30T03:36:52.042Z' }

      at Logger.logMethod [as log] (utils/logger.ts:82:7)

    console.log
      [INFO] Upcoming meetings loaded { count: 1, timestamp: '2026-01-30T03:36:52.042Z' }

      at Logger.logMethod [as log] (utils/logger.ts:82:7)

    console.log
      [INFO] Upcoming meetings loaded { count: 1, timestamp: '2026-01-30T03:36:52.042Z' }

      at Logger.logMethod [as log] (utils/logger.ts:82:7)

    console.log
      [INFO] Upcoming meetings loaded { count: 1, timestamp: '2026-01-30T03:36:52.043Z' }

      at Logger.logMethod [as log] (utils/logger.ts:82:7)

    console.log
      [INFO] Upcoming meetings loaded { count: 1, timestamp: '2026-01-30T03:36:52.043Z' }

      at Logger.logMethod [as log] (utils/logger.ts:82:7)

    console.log
      [INFO] Upcoming meetings loaded { count: 1, timestamp: '2026-01-30T03:36:52.043Z' }

      at Logger.logMethod [as log] (utils/logger.ts:82:7)

    console.log
      [INFO] Upcoming meetings loaded { count: 1, timestamp: '2026-01-30T03:36:52.043Z' }

      at Logger.logMethod [as log] (utils/logger.ts:82:7)

    console.log
      [INFO] Upcoming meetings loaded { count: 1, timestamp: '2026-01-30T03:36:52.043Z' }

      at Logger.logMethod [as log] (utils/logger.ts:82:7)

    console.log
      [INFO] Upcoming meetings loaded { count: 1, timestamp: '2026-01-30T03:36:52.043Z' }

      at Logger.logMethod [as log] (utils/logger.ts:82:7)

    console.log
      [INFO] Upcoming meetings loaded { count: 1, timestamp: '2026-01-30T03:36:52.043Z' }

      at Logger.logMethod [as log] (utils/logger.ts:82:7)

    console.log
      [INFO] Upcoming meetings loaded { count: 1, timestamp: '2026-01-30T03:36:52.043Z' }

      at Logger.logMethod [as log] (utils/logger.ts:82:7)

    console.log
      [INFO] Upcoming meetings loaded { count: 1, timestamp: '2026-01-30T03:36:52.043Z' }

      at Logger.logMethod [as log] (utils/logger.ts:82:7)

    console.log
      [INFO] Upcoming meetings loaded { count: 1, timestamp: '2026-01-30T03:36:52.043Z' }

      at Logger.logMethod [as log] (utils/logger.ts:82:7)

    console.log
      [INFO] Upcoming meetings loaded { count: 1, timestamp: '2026-01-30T03:36:52.044Z' }

      at Logger.logMethod [as log] (utils/logger.ts:82:7)

    console.log
      [INFO] Upcoming meetings loaded { count: 1, timestamp: '2026-01-30T03:36:52.044Z' }

      at Logger.logMethod [as log] (utils/logger.ts:82:7)

    console.log
      [INFO] Upcoming meetings loaded { count: 1, timestamp: '2026-01-30T03:36:52.044Z' }

      at Logger.logMethod [as log] (utils/logger.ts:82:7)

    console.log
      [INFO] Upcoming meetings loaded { count: 1, timestamp: '2026-01-30T03:36:52.044Z' }

      at Logger.logMethod [as log] (utils/logger.ts:82:7)

    console.log
      [INFO] Upcoming meetings loaded { count: 1, timestamp: '2026-01-30T03:36:52.044Z' }

      at Logger.logMethod [as log] (utils/logger.ts:82:7)

    console.log
      [INFO] Upcoming meetings loaded { count: 1, timestamp: '2026-01-30T03:36:52.044Z' }

      at Logger.logMethod [as log] (utils/logger.ts:82:7)

    console.log
      [INFO] Upcoming meetings loaded { count: 1, timestamp: '2026-01-30T03:36:52.044Z' }

      at Logger.logMethod [as log] (utils/logger.ts:82:7)

    console.log
      [INFO] Upcoming meetings loaded { count: 1, timestamp: '2026-01-30T03:36:52.044Z' }

      at Logger.logMethod [as log] (utils/logger.ts:82:7)

    console.log
      [INFO] Upcoming meetings loaded { count: 1, timestamp: '2026-01-30T03:36:52.044Z' }

      at Logger.logMethod [as log] (utils/logger.ts:82:7)

    console.log
      [INFO] Upcoming meetings loaded { count: 1, timestamp: '2026-01-30T03:36:52.045Z' }

      at Logger.logMethod [as log] (utils/logger.ts:82:7)

    console.log
      [INFO] Upcoming meetings loaded { count: 1, timestamp: '2026-01-30T03:36:52.045Z' }

      at Logger.logMethod [as log] (utils/logger.ts:82:7)

    console.log
      [INFO] Upcoming meetings loaded { count: 1, timestamp: '2026-01-30T03:36:52.045Z' }

      at Logger.logMethod [as log] (utils/logger.ts:82:7)

    console.log
      [INFO] Upcoming meetings loaded { count: 1, timestamp: '2026-01-30T03:36:52.045Z' }

      at Logger.logMethod [as log] (utils/logger.ts:82:7)

    console.log
      [INFO] Upcoming meetings loaded { count: 1, timestamp: '2026-01-30T03:36:52.045Z' }

      at Logger.logMethod [as log] (utils/logger.ts:82:7)

    console.log
      [INFO] Upcoming meetings loaded { count: 1, timestamp: '2026-01-30T03:36:52.045Z' }

      at Logger.logMethod [as log] (utils/logger.ts:82:7)

    console.log
      [INFO] Upcoming meetings loaded { count: 1, timestamp: '2026-01-30T03:36:52.045Z' }

      at Logger.logMethod [as log] (utils/logger.ts:82:7)

    console.log
      [INFO] Upcoming meetings loaded { count: 1, timestamp: '2026-01-30T03:36:52.045Z' }

      at Logger.logMethod [as log] (utils/logger.ts:82:7)

    console.log
      [INFO] Upcoming meetings loaded { count: 1, timestamp: '2026-01-30T03:36:52.045Z' }

      at Logger.logMethod [as log] (utils/logger.ts:82:7)

    console.log
      [INFO] Upcoming meetings loaded { count: 1, timestamp: '2026-01-30T03:36:52.046Z' }

      at Logger.logMethod [as log] (utils/logger.ts:82:7)

    console.log
      [INFO] Upcoming meetings loaded { count: 1, timestamp: '2026-01-30T03:36:52.046Z' }

      at Logger.logMethod [as log] (utils/logger.ts:82:7)

    console.log
      [INFO] Upcoming meetings loaded { count: 1, timestamp: '2026-01-30T03:36:52.046Z' }

      at Logger.logMethod [as log] (utils/logger.ts:82:7)

    console.log
      [INFO] Upcoming meetings loaded { count: 1, timestamp: '2026-01-30T03:36:52.046Z' }

      at Logger.logMethod [as log] (utils/logger.ts:82:7)

    console.log
      [INFO] Upcoming meetings loaded { count: 1, timestamp: '2026-01-30T03:36:52.046Z' }

      at Logger.logMethod [as log] (utils/logger.ts:82:7)

    console.log
      [INFO] Upcoming meetings loaded { count: 1, timestamp: '2026-01-30T03:36:52.046Z' }

      at Logger.logMethod [as log] (utils/logger.ts:82:7)

    console.log
      [INFO] Upcoming meetings loaded { count: 1, timestamp: '2026-01-30T03:36:52.046Z' }

      at Logger.logMethod [as log] (utils/logger.ts:82:7)

    console.log
      [INFO] Upcoming meetings loaded { count: 1, timestamp: '2026-01-30T03:36:52.046Z' }

      at Logger.logMethod [as log] (utils/logger.ts:82:7)

    console.log
      [INFO] Upcoming meetings loaded { count: 1, timestamp: '2026-01-30T03:36:52.046Z' }

      at Logger.logMethod [as log] (utils/logger.ts:82:7)

    console.log
      [INFO] Upcoming meetings loaded { count: 1, timestamp: '2026-01-30T03:36:52.047Z' }

      at Logger.logMethod [as log] (utils/logger.ts:82:7)

    console.log
      [INFO] Upcoming meetings loaded { count: 1, timestamp: '2026-01-30T03:36:52.047Z' }

      at Logger.logMethod [as log] (utils/logger.ts:82:7)

    console.log
      [INFO] Upcoming meetings loaded { count: 1, timestamp: '2026-01-30T03:36:52.047Z' }

      at Logger.logMethod [as log] (utils/logger.ts:82:7)

    console.log
      [INFO] Upcoming meetings loaded { count: 1, timestamp: '2026-01-30T03:36:52.047Z' }

      at Logger.logMethod [as log] (utils/logger.ts:82:7)

    console.log
      [INFO] Upcoming meetings loaded { count: 1, timestamp: '2026-01-30T03:36:52.047Z' }

      at Logger.logMethod [as log] (utils/logger.ts:82:7)

    console.log
      [INFO] Upcoming meetings loaded { count: 1, timestamp: '2026-01-30T03:36:52.047Z' }

      at Logger.logMethod [as log] (utils/logger.ts:82:7)

    console.log
      [INFO] Upcoming meetings loaded { count: 1, timestamp: '2026-01-30T03:36:52.047Z' }

      at Logger.logMethod [as log] (utils/logger.ts:82:7)

    console.log
      [INFO] Upcoming meetings loaded { count: 1, timestamp: '2026-01-30T03:36:52.047Z' }

      at Logger.logMethod [as log] (utils/logger.ts:82:7)

    console.log
      [INFO] Upcoming meetings loaded { count: 1, timestamp: '2026-01-30T03:36:52.047Z' }

      at Logger.logMethod [as log] (utils/logger.ts:82:7)

    console.log
      [INFO] Upcoming meetings loaded { count: 1, timestamp: '2026-01-30T03:36:52.048Z' }

      at Logger.logMethod [as log] (utils/logger.ts:82:7)

    console.log
      [INFO] Upcoming meetings loaded { count: 1, timestamp: '2026-01-30T03:36:52.048Z' }

      at Logger.logMethod [as log] (utils/logger.ts:82:7)

    console.log
      [INFO] Upcoming meetings loaded { count: 1, timestamp: '2026-01-30T03:36:52.048Z' }

      at Logger.logMethod [as log] (utils/logger.ts:82:7)

    console.log
      [INFO] Upcoming meetings loaded { count: 1, timestamp: '2026-01-30T03:36:52.048Z' }

      at Logger.logMethod [as log] (utils/logger.ts:82:7)

    console.log
      [INFO] Upcoming meetings loaded { count: 1, timestamp: '2026-01-30T03:36:52.048Z' }

      at Logger.logMethod [as log] (utils/logger.ts:82:7)

    console.log
      [INFO] Upcoming meetings loaded { count: 1, timestamp: '2026-01-30T03:36:52.048Z' }

      at Logger.logMethod [as log] (utils/logger.ts:82:7)

    console.log
      [INFO] Upcoming meetings loaded { count: 1, timestamp: '2026-01-30T03:36:52.048Z' }

      at Logger.logMethod [as log] (utils/logger.ts:82:7)

    console.log
      [INFO] Upcoming meetings loaded { count: 1, timestamp: '2026-01-30T03:36:52.048Z' }

      at Logger.logMethod [as log] (utils/logger.ts:82:7)

    console.log
      [INFO] Upcoming meetings loaded { count: 1, timestamp: '2026-01-30T03:36:52.048Z' }

      at Logger.logMethod [as log] (utils/logger.ts:82:7)

    console.log
      [INFO] Upcoming meetings loaded { count: 1, timestamp: '2026-01-30T03:36:52.049Z' }

      at Logger.logMethod [as log] (utils/logger.ts:82:7)

    console.log
      [INFO] Upcoming meetings loaded { count: 1, timestamp: '2026-01-30T03:36:52.049Z' }

      at Logger.logMethod [as log] (utils/logger.ts:82:7)

    console.log
      [INFO] Upcoming meetings loaded { count: 1, timestamp: '2026-01-30T03:36:52.049Z' }

      at Logger.logMethod [as log] (utils/logger.ts:82:7)

    console.log
      [INFO] Upcoming meetings loaded { count: 1, timestamp: '2026-01-30T03:36:52.049Z' }

      at Logger.logMethod [as log] (utils/logger.ts:82:7)

    console.log
      [INFO] Upcoming meetings loaded { count: 1, timestamp: '2026-01-30T03:36:52.049Z' }

      at Logger.logMethod [as log] (utils/logger.ts:82:7)

    console.log
      [INFO] Upcoming meetings loaded { count: 1, timestamp: '2026-01-30T03:36:52.049Z' }

      at Logger.logMethod [as log] (utils/logger.ts:82:7)

    console.log
      [INFO] Upcoming meetings loaded { count: 1, timestamp: '2026-01-30T03:36:52.049Z' }

      at Logger.logMethod [as log] (utils/logger.ts:82:7)

    console.log
      [INFO] Upcoming meetings loaded { count: 1, timestamp: '2026-01-30T03:36:52.049Z' }

      at Logger.logMethod [as log] (utils/logger.ts:82:7)

    console.log
      [INFO] Upcoming meetings loaded { count: 1, timestamp: '2026-01-30T03:36:52.049Z' }

      at Logger.logMethod [as log] (utils/logger.ts:82:7)

    console.log
      [INFO] Upcoming meetings loaded { count: 1, timestamp: '2026-01-30T03:36:52.050Z' }

      at Logger.logMethod [as log] (utils/logger.ts:82:7)

    console.log
      [INFO] Upcoming meetings loaded { count: 1, timestamp: '2026-01-30T03:36:52.050Z' }

      at Logger.logMethod [as log] (utils/logger.ts:82:7)

    console.log
      [INFO] Upcoming meetings loaded { count: 1, timestamp: '2026-01-30T03:36:52.050Z' }

      at Logger.logMethod [as log] (utils/logger.ts:82:7)

    console.log
      [INFO] Upcoming meetings loaded { count: 1, timestamp: '2026-01-30T03:36:52.050Z' }

      at Logger.logMethod [as log] (utils/logger.ts:82:7)

    console.log
      [INFO] Upcoming meetings loaded { count: 1, timestamp: '2026-01-30T03:36:52.050Z' }

      at Logger.logMethod [as log] (utils/logger.ts:82:7)

    console.log
      [INFO] Upcoming meetings loaded { count: 1, timestamp: '2026-01-30T03:36:52.050Z' }

      at Logger.logMethod [as log] (utils/logger.ts:82:7)

    console.log
      [INFO] Upcoming meetings loaded { count: 1, timestamp: '2026-01-30T03:36:52.050Z' }

      at Logger.logMethod [as log] (utils/logger.ts:82:7)

    console.log
      [INFO] Upcoming meetings loaded { count: 1, timestamp: '2026-01-30T03:36:52.050Z' }

      at Logger.logMethod [as log] (utils/logger.ts:82:7)

    console.log
      [INFO] Upcoming meetings loaded { count: 1, timestamp: '2026-01-30T03:36:52.050Z' }

      at Logger.logMethod [as log] (utils/logger.ts:82:7)

    console.log
      [INFO] Upcoming meetings loaded { count: 1, timestamp: '2026-01-30T03:36:52.051Z' }

      at Logger.logMethod [as log] (utils/logger.ts:82:7)

    console.log
      [INFO] Upcoming meetings loaded { count: 1, timestamp: '2026-01-30T03:36:52.051Z' }

      at Logger.logMethod [as log] (utils/logger.ts:82:7)

    console.log
      [INFO] Upcoming meetings loaded { count: 1, timestamp: '2026-01-30T03:36:52.051Z' }

      at Logger.logMethod [as log] (utils/logger.ts:82:7)

    console.log
      [INFO] Upcoming meetings loaded { count: 1, timestamp: '2026-01-30T03:36:52.051Z' }

      at Logger.logMethod [as log] (utils/logger.ts:82:7)

    console.log
      [INFO] Upcoming meetings loaded { count: 1, timestamp: '2026-01-30T03:36:52.051Z' }

      at Logger.logMethod [as log] (utils/logger.ts:82:7)

    console.log
      [INFO] Upcoming meetings loaded { count: 1, timestamp: '2026-01-30T03:36:52.051Z' }

      at Logger.logMethod [as log] (utils/logger.ts:82:7)

    console.log
      [INFO] Upcoming meetings loaded { count: 1, timestamp: '2026-01-30T03:36:52.051Z' }

      at Logger.logMethod [as log] (utils/logger.ts:82:7)

    console.log
      [INFO] Upcoming meetings loaded { count: 1, timestamp: '2026-01-30T03:36:52.051Z' }

      at Logger.logMethod [as log] (utils/logger.ts:82:7)

    console.log
      [INFO] Upcoming meetings loaded { count: 1, timestamp: '2026-01-30T03:36:52.051Z' }

      at Logger.logMethod [as log] (utils/logger.ts:82:7)

    console.log
      [INFO] Upcoming meetings loaded { count: 1, timestamp: '2026-01-30T03:36:52.052Z' }

      at Logger.logMethod [as log] (utils/logger.ts:82:7)

    console.log
      [INFO] Upcoming meetings loaded { count: 1, timestamp: '2026-01-30T03:36:52.052Z' }

      at Logger.logMethod [as log] (utils/logger.ts:82:7)

    console.log
      [INFO] Upcoming meetings loaded { count: 1, timestamp: '2026-01-30T03:36:52.052Z' }

      at Logger.logMethod [as log] (utils/logger.ts:82:7)

    console.log
      [INFO] Upcoming meetings loaded { count: 1, timestamp: '2026-01-30T03:36:52.052Z' }

      at Logger.logMethod [as log] (utils/logger.ts:82:7)

    console.log
      [INFO] Upcoming meetings loaded { count: 1, timestamp: '2026-01-30T03:36:52.052Z' }

      at Logger.logMethod [as log] (utils/logger.ts:82:7)

    console.log
      [INFO] Upcoming meetings loaded { count: 1, timestamp: '2026-01-30T03:36:52.052Z' }

      at Logger.logMethod [as log] (utils/logger.ts:82:7)

    console.log
      [INFO] Upcoming meetings loaded { count: 1, timestamp: '2026-01-30T03:36:52.052Z' }

      at Logger.logMethod [as log] (utils/logger.ts:82:7)

    console.log
      [INFO] Upcoming meetings loaded { count: 1, timestamp: '2026-01-30T03:36:52.052Z' }

      at Logger.logMethod [as log] (utils/logger.ts:82:7)

    console.log
      [INFO] Upcoming meetings loaded { count: 1, timestamp: '2026-01-30T03:36:52.052Z' }

      at Logger.logMethod [as log] (utils/logger.ts:82:7)

    console.log
      [INFO] Upcoming meetings loaded { count: 1, timestamp: '2026-01-30T03:36:52.052Z' }

      at Logger.logMethod [as log] (utils/logger.ts:82:7)

    console.log
      [INFO] Upcoming meetings loaded { count: 1, timestamp: '2026-01-30T03:36:52.053Z' }

      at Logger.logMethod [as log] (utils/logger.ts:82:7)

    console.log
      [INFO] Upcoming meetings loaded { count: 1, timestamp: '2026-01-30T03:36:52.053Z' }

      at Logger.logMethod [as log] (utils/logger.ts:82:7)

    console.log
      [INFO] Upcoming meetings loaded { count: 1, timestamp: '2026-01-30T03:36:52.053Z' }

      at Logger.logMethod [as log] (utils/logger.ts:82:7)

    console.log
      [INFO] Upcoming meetings loaded { count: 1, timestamp: '2026-01-30T03:36:52.053Z' }

      at Logger.logMethod [as log] (utils/logger.ts:82:7)

    console.log
      [INFO] Upcoming meetings loaded { count: 1, timestamp: '2026-01-30T03:36:52.053Z' }

      at Logger.logMethod [as log] (utils/logger.ts:82:7)

    console.log
      [INFO] Upcoming meetings loaded { count: 1, timestamp: '2026-01-30T03:36:52.053Z' }

      at Logger.logMethod [as log] (utils/logger.ts:82:7)

    console.log
      [INFO] Upcoming meetings loaded { count: 1, timestamp: '2026-01-30T03:36:52.053Z' }

      at Logger.logMethod [as log] (utils/logger.ts:82:7)

    console.log
      [INFO] Upcoming meetings loaded { count: 1, timestamp: '2026-01-30T03:36:52.053Z' }

      at Logger.logMethod [as log] (utils/logger.ts:82:7)

    console.log
      [INFO] Upcoming meetings loaded { count: 1, timestamp: '2026-01-30T03:36:52.053Z' }

      at Logger.logMethod [as log] (utils/logger.ts:82:7)

    console.log
      [INFO] Upcoming meetings loaded { count: 1, timestamp: '2026-01-30T03:36:52.054Z' }

      at Logger.logMethod [as log] (utils/logger.ts:82:7)

    console.log
      [INFO] Upcoming meetings loaded { count: 1, timestamp: '2026-01-30T03:36:52.054Z' }

      at Logger.logMethod [as log] (utils/logger.ts:82:7)

    console.log
      [INFO] Upcoming meetings loaded { count: 1, timestamp: '2026-01-30T03:36:52.054Z' }

      at Logger.logMethod [as log] (utils/logger.ts:82:7)

    console.log
      [INFO] Upcoming meetings loaded { count: 1, timestamp: '2026-01-30T03:36:52.054Z' }

      at Logger.logMethod [as log] (utils/logger.ts:82:7)

    console.log
      [INFO] Upcoming meetings loaded { count: 1, timestamp: '2026-01-30T03:36:52.054Z' }

      at Logger.logMethod [as log] (utils/logger.ts:82:7)

    console.log
      [INFO] Upcoming meetings loaded { count: 1, timestamp: '2026-01-30T03:36:52.054Z' }

      at Logger.logMethod [as log] (utils/logger.ts:82:7)

    console.log
      [INFO] Upcoming meetings loaded { count: 1, timestamp: '2026-01-30T03:36:52.054Z' }

      at Logger.logMethod [as log] (utils/logger.ts:82:7)

    console.log
      [INFO] Upcoming meetings loaded { count: 1, timestamp: '2026-01-30T03:36:52.054Z' }

      at Logger.logMethod [as log] (utils/logger.ts:82:7)

    console.log
      [INFO] Upcoming meetings loaded { count: 1, timestamp: '2026-01-30T03:36:52.054Z' }

      at Logger.logMethod [as log] (utils/logger.ts:82:7)

    console.log
      [INFO] Upcoming meetings loaded { count: 1, timestamp: '2026-01-30T03:36:52.055Z' }

      at Logger.logMethod [as log] (utils/logger.ts:82:7)

    console.log
      [INFO] Upcoming meetings loaded { count: 1, timestamp: '2026-01-30T03:36:52.055Z' }

      at Logger.logMethod [as log] (utils/logger.ts:82:7)

    console.log
      [INFO] Upcoming meetings loaded { count: 1, timestamp: '2026-01-30T03:36:52.055Z' }

      at Logger.logMethod [as log] (utils/logger.ts:82:7)

    console.log
      [INFO] Upcoming meetings loaded { count: 1, timestamp: '2026-01-30T03:36:52.055Z' }

      at Logger.logMethod [as log] (utils/logger.ts:82:7)

    console.log
      [INFO] Upcoming meetings loaded { count: 1, timestamp: '2026-01-30T03:36:52.055Z' }

      at Logger.logMethod [as log] (utils/logger.ts:82:7)

    console.log
      [INFO] Upcoming meetings loaded { count: 1, timestamp: '2026-01-30T03:36:52.055Z' }

      at Logger.logMethod [as log] (utils/logger.ts:82:7)

    console.log
      [INFO] Upcoming meetings loaded { count: 1, timestamp: '2026-01-30T03:36:52.055Z' }

      at Logger.logMethod [as log] (utils/logger.ts:82:7)

    console.log
      [INFO] Upcoming meetings loaded { count: 1, timestamp: '2026-01-30T03:36:52.055Z' }

      at Logger.logMethod [as log] (utils/logger.ts:82:7)

    console.log
      [INFO] Upcoming meetings loaded { count: 1, timestamp: '2026-01-30T03:36:52.055Z' }

      at Logger.logMethod [as log] (utils/logger.ts:82:7)

    console.log
      [INFO] Upcoming meetings loaded { count: 1, timestamp: '2026-01-30T03:36:52.056Z' }

      at Logger.logMethod [as log] (utils/logger.ts:82:7)

    console.log
      [INFO] Upcoming meetings loaded { count: 1, timestamp: '2026-01-30T03:36:52.056Z' }

      at Logger.logMethod [as log] (utils/logger.ts:82:7)

    console.log
      [INFO] Upcoming meetings loaded { count: 1, timestamp: '2026-01-30T03:36:52.056Z' }

      at Logger.logMethod [as log] (utils/logger.ts:82:7)

    console.log
      [INFO] Upcoming meetings loaded { count: 1, timestamp: '2026-01-30T03:36:52.056Z' }

      at Logger.logMethod [as log] (utils/logger.ts:82:7)

    console.log
      [INFO] Upcoming meetings loaded { count: 1, timestamp: '2026-01-30T03:36:52.056Z' }

      at Logger.logMethod [as log] (utils/logger.ts:82:7)

    console.log
      [INFO] Upcoming meetings loaded { count: 1, timestamp: '2026-01-30T03:36:52.056Z' }

      at Logger.logMethod [as log] (utils/logger.ts:82:7)

    console.log
      [INFO] Upcoming meetings loaded { count: 1, timestamp: '2026-01-30T03:36:52.056Z' }

      at Logger.logMethod [as log] (utils/logger.ts:82:7)

    console.log
      [INFO] Upcoming meetings loaded { count: 1, timestamp: '2026-01-30T03:36:52.056Z' }

      at Logger.logMethod [as log] (utils/logger.ts:82:7)

    console.log
      [INFO] Upcoming meetings loaded { count: 1, timestamp: '2026-01-30T03:36:52.056Z' }

      at Logger.logMethod [as log] (utils/logger.ts:82:7)

    console.log
      [INFO] Upcoming meetings loaded { count: 1, timestamp: '2026-01-30T03:36:52.057Z' }

      at Logger.logMethod [as log] (utils/logger.ts:82:7)

    console.log
      [INFO] Upcoming meetings loaded { count: 1, timestamp: '2026-01-30T03:36:52.057Z' }

      at Logger.logMethod [as log] (utils/logger.ts:82:7)

    console.log
      [INFO] Upcoming meetings loaded { count: 1, timestamp: '2026-01-30T03:36:52.057Z' }

      at Logger.logMethod [as log] (utils/logger.ts:82:7)

    console.log
      [INFO] Upcoming meetings loaded { count: 1, timestamp: '2026-01-30T03:36:52.057Z' }

      at Logger.logMethod [as log] (utils/logger.ts:82:7)

    console.log
      [INFO] Upcoming meetings loaded { count: 1, timestamp: '2026-01-30T03:36:52.057Z' }

      at Logger.logMethod [as log] (utils/logger.ts:82:7)

    console.log
      [INFO] Upcoming meetings loaded { count: 1, timestamp: '2026-01-30T03:36:52.057Z' }

      at Logger.logMethod [as log] (utils/logger.ts:82:7)

    console.log
      [INFO] Upcoming meetings loaded { count: 1, timestamp: '2026-01-30T03:36:52.057Z' }

      at Logger.logMethod [as log] (utils/logger.ts:82:7)

    console.log
      [INFO] Upcoming meetings loaded { count: 1, timestamp: '2026-01-30T03:36:52.058Z' }

      at Logger.logMethod [as log] (utils/logger.ts:82:7)

    console.log
      [INFO] Upcoming meetings loaded { count: 1, timestamp: '2026-01-30T03:36:52.059Z' }

      at Logger.logMethod [as log] (utils/logger.ts:82:7)

    console.log
      [INFO] Opening Google Calendar link { meetingId: 'meeting2', timestamp: '2026-01-30T03:36:52.059Z' }

      at Logger.logMethod [as log] (utils/logger.ts:82:7)

    console.log
      [INFO] Upcoming meetings loaded { count: 1, timestamp: '2026-01-30T03:36:52.060Z' }

      at Logger.logMethod [as log] (utils/logger.ts:82:7)

    console.log
      [INFO] Upcoming meetings loaded { count: 1, timestamp: '2026-01-30T03:36:52.060Z' }

      at Logger.logMethod [as log] (utils/logger.ts:82:7)

    console.log
      [INFO] Upcoming meetings loaded { count: 1, timestamp: '2026-01-30T03:36:52.062Z' }

      at Logger.logMethod [as log] (utils/logger.ts:82:7)

    console.log
      [INFO] Upcoming meetings loaded { count: 1, timestamp: '2026-01-30T03:36:52.063Z' }

      at Logger.logMethod [as log] (utils/logger.ts:82:7)

    console.log
      [INFO] Upcoming meetings loaded { count: 1, timestamp: '2026-01-30T03:36:52.064Z' }

      at Logger.logMethod [as log] (utils/logger.ts:82:7)

    console.log
      [INFO] Upcoming meetings loaded { count: 1, timestamp: '2026-01-30T03:36:52.064Z' }

      at Logger.logMethod [as log] (utils/logger.ts:82:7)

    console.log
      [INFO] Upcoming meetings loaded { count: 1, timestamp: '2026-01-30T03:36:52.064Z' }

      at Logger.logMethod [as log] (utils/logger.ts:82:7)

    console.log
      [INFO] Upcoming meetings loaded { count: 1, timestamp: '2026-01-30T03:36:52.064Z' }

      at Logger.logMethod [as log] (utils/logger.ts:82:7)

    console.log
      [INFO] Upcoming meetings loaded { count: 1, timestamp: '2026-01-30T03:36:52.064Z' }

      at Logger.logMethod [as log] (utils/logger.ts:82:7)

    console.log
      [INFO] Upcoming meetings loaded { count: 1, timestamp: '2026-01-30T03:36:52.064Z' }

      at Logger.logMethod [as log] (utils/logger.ts:82:7)

    console.log
      [INFO] Upcoming meetings loaded { count: 1, timestamp: '2026-01-30T03:36:52.064Z' }

      at Logger.logMethod [as log] (utils/logger.ts:82:7)

    console.log
      [INFO] Upcoming meetings loaded { count: 1, timestamp: '2026-01-30T03:36:52.065Z' }

      at Logger.logMethod [as log] (utils/logger.ts:82:7)

    console.log
      [INFO] Upcoming meetings loaded { count: 1, timestamp: '2026-01-30T03:36:52.065Z' }

      at Logger.logMethod [as log] (utils/logger.ts:82:7)

    console.log
      [INFO] Upcoming meetings loaded { count: 1, timestamp: '2026-01-30T03:36:52.065Z' }

      at Logger.logMethod [as log] (utils/logger.ts:82:7)

    console.log
      [INFO] Upcoming meetings loaded { count: 1, timestamp: '2026-01-30T03:36:52.065Z' }

      at Logger.logMethod [as log] (utils/logger.ts:82:7)

    console.log
      [INFO] Upcoming meetings loaded { count: 1, timestamp: '2026-01-30T03:36:52.065Z' }

      at Logger.logMethod [as log] (utils/logger.ts:82:7)

    console.log
      [INFO] Upcoming meetings loaded { count: 1, timestamp: '2026-01-30T03:36:52.065Z' }

      at Logger.logMethod [as log] (utils/logger.ts:82:7)

    console.log
      [INFO] Upcoming meetings loaded { count: 1, timestamp: '2026-01-30T03:36:52.065Z' }

      at Logger.logMethod [as log] (utils/logger.ts:82:7)

    console.log
      [INFO] Upcoming meetings loaded { count: 1, timestamp: '2026-01-30T03:36:52.065Z' }

      at Logger.logMethod [as log] (utils/logger.ts:82:7)

    console.log
      [INFO] Upcoming meetings loaded { count: 1, timestamp: '2026-01-30T03:36:52.065Z' }

      at Logger.logMethod [as log] (utils/logger.ts:82:7)

    console.log
      [INFO] Upcoming meetings loaded { count: 1, timestamp: '2026-01-30T03:36:52.066Z' }

      at Logger.logMethod [as log] (utils/logger.ts:82:7)

    console.log
      [INFO] Upcoming meetings loaded { count: 1, timestamp: '2026-01-30T03:36:52.066Z' }

      at Logger.logMethod [as log] (utils/logger.ts:82:7)

    console.log
      [INFO] Upcoming meetings loaded { count: 1, timestamp: '2026-01-30T03:36:52.066Z' }

      at Logger.logMethod [as log] (utils/logger.ts:82:7)

    console.log
      [INFO] Upcoming meetings loaded { count: 1, timestamp: '2026-01-30T03:36:52.066Z' }

      at Logger.logMethod [as log] (utils/logger.ts:82:7)

    console.log
      [INFO] Upcoming meetings loaded { count: 1, timestamp: '2026-01-30T03:36:52.066Z' }

      at Logger.logMethod [as log] (utils/logger.ts:82:7)

    console.log
      [INFO] Upcoming meetings loaded { count: 1, timestamp: '2026-01-30T03:36:52.066Z' }

      at Logger.logMethod [as log] (utils/logger.ts:82:7)

    console.log
      [INFO] Upcoming meetings loaded { count: 1, timestamp: '2026-01-30T03:36:52.066Z' }

      at Logger.logMethod [as log] (utils/logger.ts:82:7)

    console.log
      [INFO] Upcoming meetings loaded { count: 1, timestamp: '2026-01-30T03:36:52.066Z' }

      at Logger.logMethod [as log] (utils/logger.ts:82:7)

    console.log
      [INFO] Upcoming meetings loaded { count: 1, timestamp: '2026-01-30T03:36:52.066Z' }

      at Logger.logMethod [as log] (utils/logger.ts:82:7)

    console.log
      [INFO] Upcoming meetings loaded { count: 1, timestamp: '2026-01-30T03:36:52.067Z' }

      at Logger.logMethod [as log] (utils/logger.ts:82:7)

    console.log
      [INFO] Upcoming meetings loaded { count: 1, timestamp: '2026-01-30T03:36:52.067Z' }

      at Logger.logMethod [as log] (utils/logger.ts:82:7)

    console.log
      [INFO] Upcoming meetings loaded { count: 1, timestamp: '2026-01-30T03:36:52.067Z' }

      at Logger.logMethod [as log] (utils/logger.ts:82:7)

    console.log
      [INFO] Upcoming meetings loaded { count: 1, timestamp: '2026-01-30T03:36:52.067Z' }

      at Logger.logMethod [as log] (utils/logger.ts:82:7)

    console.log
      [INFO] Upcoming meetings loaded { count: 1, timestamp: '2026-01-30T03:36:52.067Z' }

      at Logger.logMethod [as log] (utils/logger.ts:82:7)

    console.log
      [INFO] Upcoming meetings loaded { count: 1, timestamp: '2026-01-30T03:36:52.067Z' }

      at Logger.logMethod [as log] (utils/logger.ts:82:7)

    console.log
      [INFO] Upcoming meetings loaded { count: 1, timestamp: '2026-01-30T03:36:52.067Z' }

      at Logger.logMethod [as log] (utils/logger.ts:82:7)

    console.log
      [INFO] Upcoming meetings loaded { count: 1, timestamp: '2026-01-30T03:36:52.068Z' }

      at Logger.logMethod [as log] (utils/logger.ts:82:7)

    console.log
      [INFO] Upcoming meetings loaded { count: 1, timestamp: '2026-01-30T03:36:52.068Z' }

      at Logger.logMethod [as log] (utils/logger.ts:82:7)

    console.log
      [INFO] Upcoming meetings loaded { count: 1, timestamp: '2026-01-30T03:36:52.068Z' }

      at Logger.logMethod [as log] (utils/logger.ts:82:7)

    console.log
      [INFO] Upcoming meetings loaded { count: 1, timestamp: '2026-01-30T03:36:52.068Z' }

      at Logger.logMethod [as log] (utils/logger.ts:82:7)

    console.log
      [INFO] Upcoming meetings loaded { count: 1, timestamp: '2026-01-30T03:36:52.068Z' }

      at Logger.logMethod [as log] (utils/logger.ts:82:7)

    console.log
      [INFO] Upcoming meetings loaded { count: 1, timestamp: '2026-01-30T03:36:52.068Z' }

      at Logger.logMethod [as log] (utils/logger.ts:82:7)

    console.log
      [INFO] Upcoming meetings loaded { count: 1, timestamp: '2026-01-30T03:36:52.068Z' }

      at Logger.logMethod [as log] (utils/logger.ts:82:7)

    console.log
      [INFO] Upcoming meetings loaded { count: 1, timestamp: '2026-01-30T03:36:52.068Z' }

      at Logger.logMethod [as log] (utils/logger.ts:82:7)

    console.log
      [INFO] Upcoming meetings loaded { count: 1, timestamp: '2026-01-30T03:36:52.068Z' }

      at Logger.logMethod [as log] (utils/logger.ts:82:7)

    console.log
      [INFO] Upcoming meetings loaded { count: 1, timestamp: '2026-01-30T03:36:52.069Z' }

      at Logger.logMethod [as log] (utils/logger.ts:82:7)

    console.log
      [INFO] Upcoming meetings loaded { count: 1, timestamp: '2026-01-30T03:36:52.069Z' }

      at Logger.logMethod [as log] (utils/logger.ts:82:7)

    console.log
      [INFO] Upcoming meetings loaded { count: 1, timestamp: '2026-01-30T03:36:52.069Z' }

      at Logger.logMethod [as log] (utils/logger.ts:82:7)

    console.log
      [INFO] Upcoming meetings loaded { count: 1, timestamp: '2026-01-30T03:36:52.069Z' }

      at Logger.logMethod [as log] (utils/logger.ts:82:7)

    console.log
      [INFO] Upcoming meetings loaded { count: 1, timestamp: '2026-01-30T03:36:52.069Z' }

      at Logger.logMethod [as log] (utils/logger.ts:82:7)

    console.log
      [INFO] Upcoming meetings loaded { count: 1, timestamp: '2026-01-30T03:36:52.069Z' }

      at Logger.logMethod [as log] (utils/logger.ts:82:7)

    console.log
      [INFO] Upcoming meetings loaded { count: 1, timestamp: '2026-01-30T03:36:52.069Z' }

      at Logger.logMethod [as log] (utils/logger.ts:82:7)

    console.log
      [INFO] Upcoming meetings loaded { count: 1, timestamp: '2026-01-30T03:36:52.069Z' }

      at Logger.logMethod [as log] (utils/logger.ts:82:7)

    console.log
      [INFO] Upcoming meetings loaded { count: 1, timestamp: '2026-01-30T03:36:52.069Z' }

      at Logger.logMethod [as log] (utils/logger.ts:82:7)

    console.log
      [INFO] Upcoming meetings loaded { count: 1, timestamp: '2026-01-30T03:36:52.070Z' }

      at Logger.logMethod [as log] (utils/logger.ts:82:7)

    console.log
      [INFO] Upcoming meetings loaded { count: 1, timestamp: '2026-01-30T03:36:52.070Z' }

      at Logger.logMethod [as log] (utils/logger.ts:82:7)

    console.log
      [INFO] Upcoming meetings loaded { count: 1, timestamp: '2026-01-30T03:36:52.070Z' }

      at Logger.logMethod [as log] (utils/logger.ts:82:7)

    console.log
      [INFO] Upcoming meetings loaded { count: 1, timestamp: '2026-01-30T03:36:52.070Z' }

      at Logger.logMethod [as log] (utils/logger.ts:82:7)

    console.log
      [INFO] Upcoming meetings loaded { count: 1, timestamp: '2026-01-30T03:36:52.070Z' }

      at Logger.logMethod [as log] (utils/logger.ts:82:7)

    console.log
      [INFO] Upcoming meetings loaded { count: 1, timestamp: '2026-01-30T03:36:52.070Z' }

      at Logger.logMethod [as log] (utils/logger.ts:82:7)

    console.log
      [INFO] Upcoming meetings loaded { count: 1, timestamp: '2026-01-30T03:36:52.070Z' }

      at Logger.logMethod [as log] (utils/logger.ts:82:7)

    console.log
      [INFO] Upcoming meetings loaded { count: 1, timestamp: '2026-01-30T03:36:52.070Z' }

      at Logger.logMethod [as log] (utils/logger.ts:82:7)

    console.log
      [INFO] Upcoming meetings loaded { count: 1, timestamp: '2026-01-30T03:36:52.070Z' }

      at Logger.logMethod [as log] (utils/logger.ts:82:7)

    console.log
      [INFO] Upcoming meetings loaded { count: 1, timestamp: '2026-01-30T03:36:52.071Z' }

      at Logger.logMethod [as log] (utils/logger.ts:82:7)

    console.log
      [INFO] Upcoming meetings loaded { count: 1, timestamp: '2026-01-30T03:36:52.071Z' }

      at Logger.logMethod [as log] (utils/logger.ts:82:7)

    console.log
      [INFO] Upcoming meetings loaded { count: 1, timestamp: '2026-01-30T03:36:52.071Z' }

      at Logger.logMethod [as log] (utils/logger.ts:82:7)

    console.log
      [INFO] Upcoming meetings loaded { count: 1, timestamp: '2026-01-30T03:36:52.071Z' }

      at Logger.logMethod [as log] (utils/logger.ts:82:7)

    console.log
      [INFO] Upcoming meetings loaded { count: 1, timestamp: '2026-01-30T03:36:52.071Z' }

      at Logger.logMethod [as log] (utils/logger.ts:82:7)

    console.log
      [INFO] Upcoming meetings loaded { count: 1, timestamp: '2026-01-30T03:36:52.071Z' }

      at Logger.logMethod [as log] (utils/logger.ts:82:7)

    console.log
      [INFO] Upcoming meetings loaded { count: 1, timestamp: '2026-01-30T03:36:52.071Z' }

      at Logger.logMethod [as log] (utils/logger.ts:82:7)

    console.log
      [INFO] Upcoming meetings loaded { count: 1, timestamp: '2026-01-30T03:36:52.071Z' }

      at Logger.logMethod [as log] (utils/logger.ts:82:7)

    console.log
      [INFO] Upcoming meetings loaded { count: 1, timestamp: '2026-01-30T03:36:52.072Z' }

      at Logger.logMethod [as log] (utils/logger.ts:82:7)

    console.log
      [INFO] Upcoming meetings loaded { count: 1, timestamp: '2026-01-30T03:36:52.072Z' }

      at Logger.logMethod [as log] (utils/logger.ts:82:7)

    console.log
      [INFO] Upcoming meetings loaded { count: 1, timestamp: '2026-01-30T03:36:52.072Z' }

      at Logger.logMethod [as log] (utils/logger.ts:82:7)

    console.log
      [INFO] Upcoming meetings loaded { count: 1, timestamp: '2026-01-30T03:36:52.072Z' }

      at Logger.logMethod [as log] (utils/logger.ts:82:7)

    console.log
      [INFO] Upcoming meetings loaded { count: 1, timestamp: '2026-01-30T03:36:52.072Z' }

      at Logger.logMethod [as log] (utils/logger.ts:82:7)

    console.log
      [INFO] Upcoming meetings loaded { count: 1, timestamp: '2026-01-30T03:36:52.072Z' }

      at Logger.logMethod [as log] (utils/logger.ts:82:7)

    console.log
      [INFO] Upcoming meetings loaded { count: 1, timestamp: '2026-01-30T03:36:52.072Z' }

      at Logger.logMethod [as log] (utils/logger.ts:82:7)

    console.log
      [INFO] Upcoming meetings loaded { count: 1, timestamp: '2026-01-30T03:36:52.073Z' }

      at Logger.logMethod [as log] (utils/logger.ts:82:7)

    console.log
      [INFO] Upcoming meetings loaded { count: 1, timestamp: '2026-01-30T03:36:52.073Z' }

      at Logger.logMethod [as log] (utils/logger.ts:82:7)

    console.log
      [INFO] Upcoming meetings loaded { count: 1, timestamp: '2026-01-30T03:36:52.073Z' }

      at Logger.logMethod [as log] (utils/logger.ts:82:7)

    console.log
      [INFO] Upcoming meetings loaded { count: 1, timestamp: '2026-01-30T03:36:52.073Z' }

      at Logger.logMethod [as log] (utils/logger.ts:82:7)

    console.log
      [INFO] Upcoming meetings loaded { count: 1, timestamp: '2026-01-30T03:36:52.073Z' }

      at Logger.logMethod [as log] (utils/logger.ts:82:7)

    console.log
      [INFO] Upcoming meetings loaded { count: 1, timestamp: '2026-01-30T03:36:52.073Z' }

      at Logger.logMethod [as log] (utils/logger.ts:82:7)

    console.log
      [INFO] Upcoming meetings loaded { count: 1, timestamp: '2026-01-30T03:36:52.073Z' }

      at Logger.logMethod [as log] (utils/logger.ts:82:7)

    console.log
      [INFO] Upcoming meetings loaded { count: 1, timestamp: '2026-01-30T03:36:52.073Z' }

      at Logger.logMethod [as log] (utils/logger.ts:82:7)

    console.log
      [INFO] Upcoming meetings loaded { count: 1, timestamp: '2026-01-30T03:36:52.074Z' }

      at Logger.logMethod [as log] (utils/logger.ts:82:7)

    console.log
      [INFO] Upcoming meetings loaded { count: 1, timestamp: '2026-01-30T03:36:52.074Z' }

      at Logger.logMethod [as log] (utils/logger.ts:82:7)

    console.log
      [INFO] Upcoming meetings loaded { count: 1, timestamp: '2026-01-30T03:36:52.074Z' }

      at Logger.logMethod [as log] (utils/logger.ts:82:7)

    console.log
      [INFO] Upcoming meetings loaded { count: 1, timestamp: '2026-01-30T03:36:52.074Z' }

      at Logger.logMethod [as log] (utils/logger.ts:82:7)

    console.log
      [INFO] Upcoming meetings loaded { count: 1, timestamp: '2026-01-30T03:36:52.074Z' }

      at Logger.logMethod [as log] (utils/logger.ts:82:7)

    console.log
      [INFO] Upcoming meetings loaded { count: 1, timestamp: '2026-01-30T03:36:52.074Z' }

      at Logger.logMethod [as log] (utils/logger.ts:82:7)

    console.log
      [INFO] Upcoming meetings loaded { count: 1, timestamp: '2026-01-30T03:36:52.074Z' }

      at Logger.logMethod [as log] (utils/logger.ts:82:7)

    console.log
      [INFO] Upcoming meetings loaded { count: 1, timestamp: '2026-01-30T03:36:52.074Z' }

      at Logger.logMethod [as log] (utils/logger.ts:82:7)

    console.log
      [INFO] Upcoming meetings loaded { count: 1, timestamp: '2026-01-30T03:36:52.074Z' }

      at Logger.logMethod [as log] (utils/logger.ts:82:7)

    console.log
      [INFO] Upcoming meetings loaded { count: 1, timestamp: '2026-01-30T03:36:52.075Z' }

      at Logger.logMethod [as log] (utils/logger.ts:82:7)

    console.log
      [INFO] Upcoming meetings loaded { count: 1, timestamp: '2026-01-30T03:36:52.075Z' }

      at Logger.logMethod [as log] (utils/logger.ts:82:7)

    console.log
      [INFO] Upcoming meetings loaded { count: 1, timestamp: '2026-01-30T03:36:52.075Z' }

      at Logger.logMethod [as log] (utils/logger.ts:82:7)

    console.log
      [INFO] Upcoming meetings loaded { count: 1, timestamp: '2026-01-30T03:36:52.075Z' }

      at Logger.logMethod [as log] (utils/logger.ts:82:7)

    console.log
      [INFO] Upcoming meetings loaded { count: 1, timestamp: '2026-01-30T03:36:52.075Z' }

      at Logger.logMethod [as log] (utils/logger.ts:82:7)

    console.log
      [INFO] Upcoming meetings loaded { count: 1, timestamp: '2026-01-30T03:36:52.075Z' }

      at Logger.logMethod [as log] (utils/logger.ts:82:7)

    console.log
      [INFO] Upcoming meetings loaded { count: 1, timestamp: '2026-01-30T03:36:52.075Z' }

      at Logger.logMethod [as log] (utils/logger.ts:82:7)

    console.log
      [INFO] Upcoming meetings loaded { count: 1, timestamp: '2026-01-30T03:36:52.075Z' }

      at Logger.logMethod [as log] (utils/logger.ts:82:7)

    console.log
      [INFO] Upcoming meetings loaded { count: 1, timestamp: '2026-01-30T03:36:52.077Z' }

      at Logger.logMethod [as log] (utils/logger.ts:82:7)

    console.log
      [INFO] Upcoming meetings loaded { count: 1, timestamp: '2026-01-30T03:36:52.077Z' }

      at Logger.logMethod [as log] (utils/logger.ts:82:7)

    console.log
      [INFO] Upcoming meetings loaded { count: 1, timestamp: '2026-01-30T03:36:52.077Z' }

      at Logger.logMethod [as log] (utils/logger.ts:82:7)

    console.log
      [INFO] Upcoming meetings loaded { count: 1, timestamp: '2026-01-30T03:36:52.077Z' }

      at Logger.logMethod [as log] (utils/logger.ts:82:7)

    console.log
      [INFO] Upcoming meetings loaded { count: 1, timestamp: '2026-01-30T03:36:52.078Z' }

      at Logger.logMethod [as log] (utils/logger.ts:82:7)

    console.log
      [INFO] Upcoming meetings loaded { count: 1, timestamp: '2026-01-30T03:36:52.078Z' }

      at Logger.logMethod [as log] (utils/logger.ts:82:7)

    console.log
      [INFO] Upcoming meetings loaded { count: 1, timestamp: '2026-01-30T03:36:52.078Z' }

      at Logger.logMethod [as log] (utils/logger.ts:82:7)

    console.log
      [INFO] Upcoming meetings loaded { count: 1, timestamp: '2026-01-30T03:36:52.078Z' }

      at Logger.logMethod [as log] (utils/logger.ts:82:7)

    console.log
      [INFO] Upcoming meetings loaded { count: 1, timestamp: '2026-01-30T03:36:52.078Z' }

      at Logger.logMethod [as log] (utils/logger.ts:82:7)

    console.log
      [INFO] Upcoming meetings loaded { count: 1, timestamp: '2026-01-30T03:36:52.078Z' }

      at Logger.logMethod [as log] (utils/logger.ts:82:7)

    console.log
      [INFO] Upcoming meetings loaded { count: 1, timestamp: '2026-01-30T03:36:52.078Z' }

      at Logger.logMethod [as log] (utils/logger.ts:82:7)

    console.log
      [INFO] Upcoming meetings loaded { count: 1, timestamp: '2026-01-30T03:36:52.078Z' }

      at Logger.logMethod [as log] (utils/logger.ts:82:7)

    console.log
      [INFO] Upcoming meetings loaded { count: 1, timestamp: '2026-01-30T03:36:52.078Z' }

      at Logger.logMethod [as log] (utils/logger.ts:82:7)

    console.log
      [INFO] Upcoming meetings loaded { count: 1, timestamp: '2026-01-30T03:36:52.079Z' }

      at Logger.logMethod [as log] (utils/logger.ts:82:7)

    console.log
      [INFO] Upcoming meetings loaded { count: 1, timestamp: '2026-01-30T03:36:52.079Z' }

      at Logger.logMethod [as log] (utils/logger.ts:82:7)

    console.log
      [INFO] Upcoming meetings loaded { count: 1, timestamp: '2026-01-30T03:36:52.079Z' }

      at Logger.logMethod [as log] (utils/logger.ts:82:7)

    console.log
      [INFO] Upcoming meetings loaded { count: 1, timestamp: '2026-01-30T03:36:52.079Z' }

      at Logger.logMethod [as log] (utils/logger.ts:82:7)

    console.log
      [INFO] Upcoming meetings loaded { count: 1, timestamp: '2026-01-30T03:36:52.079Z' }

      at Logger.logMethod [as log] (utils/logger.ts:82:7)

    console.log
      [INFO] Upcoming meetings loaded { count: 1, timestamp: '2026-01-30T03:36:52.079Z' }

      at Logger.logMethod [as log] (utils/logger.ts:82:7)

    console.log
      [INFO] Upcoming meetings loaded { count: 1, timestamp: '2026-01-30T03:36:52.079Z' }

      at Logger.logMethod [as log] (utils/logger.ts:82:7)

    console.log
      [INFO] Upcoming meetings loaded { count: 1, timestamp: '2026-01-30T03:36:52.079Z' }

      at Logger.logMethod [as log] (utils/logger.ts:82:7)

    console.log
      [INFO] Upcoming meetings loaded { count: 1, timestamp: '2026-01-30T03:36:52.079Z' }

      at Logger.logMethod [as log] (utils/logger.ts:82:7)

    console.log
      [INFO] Upcoming meetings loaded { count: 1, timestamp: '2026-01-30T03:36:52.080Z' }

      at Logger.logMethod [as log] (utils/logger.ts:82:7)

    console.log
      [INFO] Upcoming meetings loaded { count: 1, timestamp: '2026-01-30T03:36:52.080Z' }

      at Logger.logMethod [as log] (utils/logger.ts:82:7)

    console.log
      [INFO] Upcoming meetings loaded { count: 1, timestamp: '2026-01-30T03:36:52.080Z' }

      at Logger.logMethod [as log] (utils/logger.ts:82:7)

    console.log
      [INFO] Upcoming meetings loaded { count: 1, timestamp: '2026-01-30T03:36:52.080Z' }

      at Logger.logMethod [as log] (utils/logger.ts:82:7)

    console.log
      [INFO] Upcoming meetings loaded { count: 1, timestamp: '2026-01-30T03:36:52.080Z' }

      at Logger.logMethod [as log] (utils/logger.ts:82:7)

    console.log
      [INFO] Upcoming meetings loaded { count: 1, timestamp: '2026-01-30T03:36:52.080Z' }

      at Logger.logMethod [as log] (utils/logger.ts:82:7)

    console.log
      [INFO] Upcoming meetings loaded { count: 1, timestamp: '2026-01-30T03:36:52.080Z' }

      at Logger.logMethod [as log] (utils/logger.ts:82:7)

    console.log
      [INFO] Upcoming meetings loaded { count: 1, timestamp: '2026-01-30T03:36:52.080Z' }

      at Logger.logMethod [as log] (utils/logger.ts:82:7)

    console.log
      [INFO] Upcoming meetings loaded { count: 1, timestamp: '2026-01-30T03:36:52.080Z' }

      at Logger.logMethod [as log] (utils/logger.ts:82:7)

    console.log
      [INFO] Upcoming meetings loaded { count: 1, timestamp: '2026-01-30T03:36:52.081Z' }

      at Logger.logMethod [as log] (utils/logger.ts:82:7)

    console.log
      [INFO] Upcoming meetings loaded { count: 1, timestamp: '2026-01-30T03:36:52.081Z' }

      at Logger.logMethod [as log] (utils/logger.ts:82:7)

    console.log
      [INFO] Upcoming meetings loaded { count: 1, timestamp: '2026-01-30T03:36:52.081Z' }

      at Logger.logMethod [as log] (utils/logger.ts:82:7)

    console.log
      [INFO] Upcoming meetings loaded { count: 1, timestamp: '2026-01-30T03:36:52.081Z' }

      at Logger.logMethod [as log] (utils/logger.ts:82:7)

    console.log
      [INFO] Upcoming meetings loaded { count: 1, timestamp: '2026-01-30T03:36:52.081Z' }

      at Logger.logMethod [as log] (utils/logger.ts:82:7)

    console.log
      [INFO] Upcoming meetings loaded { count: 1, timestamp: '2026-01-30T03:36:52.081Z' }

      at Logger.logMethod [as log] (utils/logger.ts:82:7)

    console.log
      [INFO] Upcoming meetings loaded { count: 1, timestamp: '2026-01-30T03:36:52.081Z' }

      at Logger.logMethod [as log] (utils/logger.ts:82:7)

    console.log
      [INFO] Upcoming meetings loaded { count: 1, timestamp: '2026-01-30T03:36:52.081Z' }

      at Logger.logMethod [as log] (utils/logger.ts:82:7)

    console.log
      [INFO] Upcoming meetings loaded { count: 1, timestamp: '2026-01-30T03:36:52.081Z' }

      at Logger.logMethod [as log] (utils/logger.ts:82:7)

    console.log
      [INFO] Upcoming meetings loaded { count: 1, timestamp: '2026-01-30T03:36:52.082Z' }

      at Logger.logMethod [as log] (utils/logger.ts:82:7)

    console.log
      [INFO] Upcoming meetings loaded { count: 1, timestamp: '2026-01-30T03:36:52.082Z' }

      at Logger.logMethod [as log] (utils/logger.ts:82:7)

    console.log
      [INFO] Upcoming meetings loaded { count: 1, timestamp: '2026-01-30T03:36:52.082Z' }

      at Logger.logMethod [as log] (utils/logger.ts:82:7)

    console.log
      [INFO] Upcoming meetings loaded { count: 1, timestamp: '2026-01-30T03:36:52.082Z' }

      at Logger.logMethod [as log] (utils/logger.ts:82:7)

    console.log
      [INFO] Upcoming meetings loaded { count: 1, timestamp: '2026-01-30T03:36:52.082Z' }

      at Logger.logMethod [as log] (utils/logger.ts:82:7)

    console.log
      [INFO] Upcoming meetings loaded { count: 1, timestamp: '2026-01-30T03:36:52.082Z' }

      at Logger.logMethod [as log] (utils/logger.ts:82:7)

    console.log
      [INFO] Upcoming meetings loaded { count: 1, timestamp: '2026-01-30T03:36:52.082Z' }

      at Logger.logMethod [as log] (utils/logger.ts:82:7)

    console.log
      [INFO] Upcoming meetings loaded { count: 1, timestamp: '2026-01-30T03:36:52.082Z' }

      at Logger.logMethod [as log] (utils/logger.ts:82:7)

    console.log
      [INFO] Upcoming meetings loaded { count: 1, timestamp: '2026-01-30T03:36:52.082Z' }

      at Logger.logMethod [as log] (utils/logger.ts:82:7)

    console.log
      [INFO] Upcoming meetings loaded { count: 1, timestamp: '2026-01-30T03:36:52.083Z' }

      at Logger.logMethod [as log] (utils/logger.ts:82:7)

    console.log
      [INFO] Upcoming meetings loaded { count: 1, timestamp: '2026-01-30T03:36:52.083Z' }

      at Logger.logMethod [as log] (utils/logger.ts:82:7)

    console.log
      [INFO] Upcoming meetings loaded { count: 1, timestamp: '2026-01-30T03:36:52.083Z' }

      at Logger.logMethod [as log] (utils/logger.ts:82:7)

    console.log
      [INFO] Upcoming meetings loaded { count: 1, timestamp: '2026-01-30T03:36:52.083Z' }

      at Logger.logMethod [as log] (utils/logger.ts:82:7)

    console.log
      [INFO] Upcoming meetings loaded { count: 1, timestamp: '2026-01-30T03:36:52.083Z' }

      at Logger.logMethod [as log] (utils/logger.ts:82:7)

    console.log
      [INFO] Upcoming meetings loaded { count: 1, timestamp: '2026-01-30T03:36:52.083Z' }

      at Logger.logMethod [as log] (utils/logger.ts:82:7)

    console.log
      [INFO] Upcoming meetings loaded { count: 1, timestamp: '2026-01-30T03:36:52.083Z' }

      at Logger.logMethod [as log] (utils/logger.ts:82:7)

    console.log
      [INFO] Upcoming meetings loaded { count: 1, timestamp: '2026-01-30T03:36:52.083Z' }

      at Logger.logMethod [as log] (utils/logger.ts:82:7)

    console.log
      [INFO] Upcoming meetings loaded { count: 1, timestamp: '2026-01-30T03:36:52.083Z' }

      at Logger.logMethod [as log] (utils/logger.ts:82:7)

    console.log
      [INFO] Upcoming meetings loaded { count: 1, timestamp: '2026-01-30T03:36:52.084Z' }

      at Logger.logMethod [as log] (utils/logger.ts:82:7)

    console.log
      [INFO] Upcoming meetings loaded { count: 1, timestamp: '2026-01-30T03:36:52.084Z' }

      at Logger.logMethod [as log] (utils/logger.ts:82:7)

    console.log
      [INFO] Upcoming meetings loaded { count: 1, timestamp: '2026-01-30T03:36:52.084Z' }

      at Logger.logMethod [as log] (utils/logger.ts:82:7)

    console.log
      [INFO] Upcoming meetings loaded { count: 1, timestamp: '2026-01-30T03:36:52.084Z' }

      at Logger.logMethod [as log] (utils/logger.ts:82:7)

    console.log
      [INFO] Upcoming meetings loaded { count: 1, timestamp: '2026-01-30T03:36:52.084Z' }

      at Logger.logMethod [as log] (utils/logger.ts:82:7)

    console.log
      [INFO] Upcoming meetings loaded { count: 1, timestamp: '2026-01-30T03:36:52.084Z' }

      at Logger.logMethod [as log] (utils/logger.ts:82:7)

    console.log
      [INFO] Upcoming meetings loaded { count: 1, timestamp: '2026-01-30T03:36:52.084Z' }

      at Logger.logMethod [as log] (utils/logger.ts:82:7)

    console.log
      [INFO] Upcoming meetings loaded { count: 1, timestamp: '2026-01-30T03:36:52.084Z' }

      at Logger.logMethod [as log] (utils/logger.ts:82:7)

    console.log
      [INFO] Upcoming meetings loaded { count: 1, timestamp: '2026-01-30T03:36:52.085Z' }

      at Logger.logMethod [as log] (utils/logger.ts:82:7)

    console.log
      [INFO] Upcoming meetings loaded { count: 1, timestamp: '2026-01-30T03:36:52.085Z' }

      at Logger.logMethod [as log] (utils/logger.ts:82:7)

    console.log
      [INFO] Upcoming meetings loaded { count: 1, timestamp: '2026-01-30T03:36:52.085Z' }

      at Logger.logMethod [as log] (utils/logger.ts:82:7)

    console.log
      [INFO] Upcoming meetings loaded { count: 1, timestamp: '2026-01-30T03:36:52.085Z' }

      at Logger.logMethod [as log] (utils/logger.ts:82:7)

    console.log
      [INFO] Upcoming meetings loaded { count: 1, timestamp: '2026-01-30T03:36:52.085Z' }

      at Logger.logMethod [as log] (utils/logger.ts:82:7)

    console.log
      [INFO] Upcoming meetings loaded { count: 1, timestamp: '2026-01-30T03:36:52.085Z' }

      at Logger.logMethod [as log] (utils/logger.ts:82:7)

    console.log
      [INFO] Upcoming meetings loaded { count: 1, timestamp: '2026-01-30T03:36:52.085Z' }

      at Logger.logMethod [as log] (utils/logger.ts:82:7)

    console.log
      [INFO] Upcoming meetings loaded { count: 1, timestamp: '2026-01-30T03:36:52.085Z' }

      at Logger.logMethod [as log] (utils/logger.ts:82:7)

    console.log
      [INFO] Upcoming meetings loaded { count: 1, timestamp: '2026-01-30T03:36:52.085Z' }

      at Logger.logMethod [as log] (utils/logger.ts:82:7)

    console.log
      [INFO] Upcoming meetings loaded { count: 1, timestamp: '2026-01-30T03:36:52.086Z' }

      at Logger.logMethod [as log] (utils/logger.ts:82:7)

    console.log
      [INFO] Upcoming meetings loaded { count: 1, timestamp: '2026-01-30T03:36:52.086Z' }

      at Logger.logMethod [as log] (utils/logger.ts:82:7)

    console.log
      [INFO] Upcoming meetings loaded { count: 1, timestamp: '2026-01-30T03:36:52.086Z' }

      at Logger.logMethod [as log] (utils/logger.ts:82:7)

    console.log
      [INFO] Upcoming meetings loaded { count: 1, timestamp: '2026-01-30T03:36:52.086Z' }

      at Logger.logMethod [as log] (utils/logger.ts:82:7)

    console.log
      [INFO] Upcoming meetings loaded { count: 1, timestamp: '2026-01-30T03:36:52.086Z' }

      at Logger.logMethod [as log] (utils/logger.ts:82:7)

    console.log
      [INFO] Upcoming meetings loaded { count: 1, timestamp: '2026-01-30T03:36:52.086Z' }

      at Logger.logMethod [as log] (utils/logger.ts:82:7)

    console.log
      [INFO] Upcoming meetings loaded { count: 1, timestamp: '2026-01-30T03:36:52.086Z' }

      at Logger.logMethod [as log] (utils/logger.ts:82:7)

    console.log
      [INFO] Upcoming meetings loaded { count: 1, timestamp: '2026-01-30T03:36:52.086Z' }

      at Logger.logMethod [as log] (utils/logger.ts:82:7)

    console.log
      [INFO] Upcoming meetings loaded { count: 1, timestamp: '2026-01-30T03:36:52.086Z' }

      at Logger.logMethod [as log] (utils/logger.ts:82:7)

    console.log
      [INFO] Upcoming meetings loaded { count: 1, timestamp: '2026-01-30T03:36:52.086Z' }

      at Logger.logMethod [as log] (utils/logger.ts:82:7)

    console.log
      [INFO] Upcoming meetings loaded { count: 1, timestamp: '2026-01-30T03:36:52.087Z' }

      at Logger.logMethod [as log] (utils/logger.ts:82:7)

    console.log
      [INFO] Upcoming meetings loaded { count: 1, timestamp: '2026-01-30T03:36:52.087Z' }

      at Logger.logMethod [as log] (utils/logger.ts:82:7)

    console.log
      [INFO] Upcoming meetings loaded { count: 1, timestamp: '2026-01-30T03:36:52.087Z' }

      at Logger.logMethod [as log] (utils/logger.ts:82:7)

    console.log
      [INFO] Upcoming meetings loaded { count: 1, timestamp: '2026-01-30T03:36:52.087Z' }

      at Logger.logMethod [as log] (utils/logger.ts:82:7)

    console.log
      [INFO] Upcoming meetings loaded { count: 1, timestamp: '2026-01-30T03:36:52.087Z' }

      at Logger.logMethod [as log] (utils/logger.ts:82:7)

    console.log
      [INFO] Upcoming meetings loaded { count: 1, timestamp: '2026-01-30T03:36:52.087Z' }

      at Logger.logMethod [as log] (utils/logger.ts:82:7)

    console.log
      [INFO] Upcoming meetings loaded { count: 1, timestamp: '2026-01-30T03:36:52.087Z' }

      at Logger.logMethod [as log] (utils/logger.ts:82:7)

    console.log
      [INFO] Upcoming meetings loaded { count: 1, timestamp: '2026-01-30T03:36:52.087Z' }

      at Logger.logMethod [as log] (utils/logger.ts:82:7)

    console.log
      [INFO] Upcoming meetings loaded { count: 1, timestamp: '2026-01-30T03:36:52.088Z' }

      at Logger.logMethod [as log] (utils/logger.ts:82:7)

    console.log
      [INFO] Upcoming meetings loaded { count: 1, timestamp: '2026-01-30T03:36:52.088Z' }

      at Logger.logMethod [as log] (utils/logger.ts:82:7)

    console.log
      [INFO] Upcoming meetings loaded { count: 1, timestamp: '2026-01-30T03:36:52.088Z' }

      at Logger.logMethod [as log] (utils/logger.ts:82:7)

    console.log
      [INFO] Upcoming meetings loaded { count: 1, timestamp: '2026-01-30T03:36:52.088Z' }

      at Logger.logMethod [as log] (utils/logger.ts:82:7)

    console.log
      [INFO] Upcoming meetings loaded { count: 1, timestamp: '2026-01-30T03:36:52.088Z' }

      at Logger.logMethod [as log] (utils/logger.ts:82:7)

    console.log
      [INFO] Upcoming meetings loaded { count: 1, timestamp: '2026-01-30T03:36:52.088Z' }

      at Logger.logMethod [as log] (utils/logger.ts:82:7)

    console.log
      [INFO] Upcoming meetings loaded { count: 1, timestamp: '2026-01-30T03:36:52.088Z' }

      at Logger.logMethod [as log] (utils/logger.ts:82:7)

    console.log
      [INFO] Upcoming meetings loaded { count: 1, timestamp: '2026-01-30T03:36:52.088Z' }

      at Logger.logMethod [as log] (utils/logger.ts:82:7)

    console.log
      [INFO] Upcoming meetings loaded { count: 1, timestamp: '2026-01-30T03:36:52.088Z' }

      at Logger.logMethod [as log] (utils/logger.ts:82:7)

    console.log
      [INFO] Upcoming meetings loaded { count: 1, timestamp: '2026-01-30T03:36:52.089Z' }

      at Logger.logMethod [as log] (utils/logger.ts:82:7)

    console.log
      [INFO] Upcoming meetings loaded { count: 1, timestamp: '2026-01-30T03:36:52.089Z' }

      at Logger.logMethod [as log] (utils/logger.ts:82:7)

    console.log
      [INFO] Upcoming meetings loaded { count: 1, timestamp: '2026-01-30T03:36:52.089Z' }

      at Logger.logMethod [as log] (utils/logger.ts:82:7)

    console.log
      [INFO] Upcoming meetings loaded { count: 1, timestamp: '2026-01-30T03:36:52.089Z' }

      at Logger.logMethod [as log] (utils/logger.ts:82:7)

    console.log
      [INFO] Upcoming meetings loaded { count: 1, timestamp: '2026-01-30T03:36:52.089Z' }

      at Logger.logMethod [as log] (utils/logger.ts:82:7)

    console.log
      [INFO] Upcoming meetings loaded { count: 1, timestamp: '2026-01-30T03:36:52.089Z' }

      at Logger.logMethod [as log] (utils/logger.ts:82:7)

    console.log
      [INFO] Upcoming meetings loaded { count: 1, timestamp: '2026-01-30T03:36:52.089Z' }

      at Logger.logMethod [as log] (utils/logger.ts:82:7)

    console.log
      [INFO] Upcoming meetings loaded { count: 1, timestamp: '2026-01-30T03:36:52.089Z' }

      at Logger.logMethod [as log] (utils/logger.ts:82:7)

    console.log
      [INFO] Upcoming meetings loaded { count: 1, timestamp: '2026-01-30T03:36:52.090Z' }

      at Logger.logMethod [as log] (utils/logger.ts:82:7)

    console.log
      [INFO] Upcoming meetings loaded { count: 1, timestamp: '2026-01-30T03:36:52.090Z' }

      at Logger.logMethod [as log] (utils/logger.ts:82:7)

    console.log
      [INFO] Upcoming meetings loaded { count: 1, timestamp: '2026-01-30T03:36:52.090Z' }

      at Logger.logMethod [as log] (utils/logger.ts:82:7)

    console.log
      [INFO] Upcoming meetings loaded { count: 1, timestamp: '2026-01-30T03:36:52.090Z' }

      at Logger.logMethod [as log] (utils/logger.ts:82:7)

    console.log
      [INFO] Upcoming meetings loaded { count: 1, timestamp: '2026-01-30T03:36:52.090Z' }

      at Logger.logMethod [as log] (utils/logger.ts:82:7)

    console.log
      [INFO] Upcoming meetings loaded { count: 1, timestamp: '2026-01-30T03:36:52.090Z' }

      at Logger.logMethod [as log] (utils/logger.ts:82:7)

    console.log
      [INFO] Upcoming meetings loaded { count: 1, timestamp: '2026-01-30T03:36:52.090Z' }

      at Logger.logMethod [as log] (utils/logger.ts:82:7)

    console.log
      [INFO] Upcoming meetings loaded { count: 1, timestamp: '2026-01-30T03:36:52.090Z' }

      at Logger.logMethod [as log] (utils/logger.ts:82:7)

    console.log
      [INFO] Upcoming meetings loaded { count: 1, timestamp: '2026-01-30T03:36:52.090Z' }

      at Logger.logMethod [as log] (utils/logger.ts:82:7)

    console.log
      [INFO] Upcoming meetings loaded { count: 1, timestamp: '2026-01-30T03:36:52.090Z' }

      at Logger.logMethod [as log] (utils/logger.ts:82:7)

    console.log
      [INFO] Upcoming meetings loaded { count: 1, timestamp: '2026-01-30T03:36:52.091Z' }

      at Logger.logMethod [as log] (utils/logger.ts:82:7)

    console.log
      [INFO] Upcoming meetings loaded { count: 1, timestamp: '2026-01-30T03:36:52.091Z' }

      at Logger.logMethod [as log] (utils/logger.ts:82:7)

    console.log
      [INFO] Upcoming meetings loaded { count: 1, timestamp: '2026-01-30T03:36:52.091Z' }

      at Logger.logMethod [as log] (utils/logger.ts:82:7)

    console.log
      [INFO] Upcoming meetings loaded { count: 1, timestamp: '2026-01-30T03:36:52.091Z' }

      at Logger.logMethod [as log] (utils/logger.ts:82:7)

    console.log
      [INFO] Upcoming meetings loaded { count: 1, timestamp: '2026-01-30T03:36:52.091Z' }

      at Logger.logMethod [as log] (utils/logger.ts:82:7)

    console.log
      [INFO] Upcoming meetings loaded { count: 1, timestamp: '2026-01-30T03:36:52.091Z' }

      at Logger.logMethod [as log] (utils/logger.ts:82:7)

    console.log
      [INFO] Upcoming meetings loaded { count: 1, timestamp: '2026-01-30T03:36:52.091Z' }

      at Logger.logMethod [as log] (utils/logger.ts:82:7)

    console.log
      [INFO] Upcoming meetings loaded { count: 1, timestamp: '2026-01-30T03:36:52.091Z' }

      at Logger.logMethod [as log] (utils/logger.ts:82:7)

    console.log
      [INFO] Upcoming meetings loaded { count: 1, timestamp: '2026-01-30T03:36:52.092Z' }

      at Logger.logMethod [as log] (utils/logger.ts:82:7)

    console.log
      [INFO] Upcoming meetings loaded { count: 1, timestamp: '2026-01-30T03:36:52.092Z' }

      at Logger.logMethod [as log] (utils/logger.ts:82:7)

    console.log
      [INFO] Upcoming meetings loaded { count: 1, timestamp: '2026-01-30T03:36:52.092Z' }

      at Logger.logMethod [as log] (utils/logger.ts:82:7)

    console.log
      [INFO] Upcoming meetings loaded { count: 1, timestamp: '2026-01-30T03:36:52.092Z' }

      at Logger.logMethod [as log] (utils/logger.ts:82:7)

    console.log
      [INFO] Upcoming meetings loaded { count: 1, timestamp: '2026-01-30T03:36:52.092Z' }

      at Logger.logMethod [as log] (utils/logger.ts:82:7)

    console.log
      [INFO] Upcoming meetings loaded { count: 1, timestamp: '2026-01-30T03:36:52.092Z' }

      at Logger.logMethod [as log] (utils/logger.ts:82:7)

    console.log
      [INFO] Upcoming meetings loaded { count: 1, timestamp: '2026-01-30T03:36:52.092Z' }

      at Logger.logMethod [as log] (utils/logger.ts:82:7)

    console.log
      [INFO] Upcoming meetings loaded { count: 1, timestamp: '2026-01-30T03:36:52.092Z' }

      at Logger.logMethod [as log] (utils/logger.ts:82:7)

    console.log
      [INFO] Upcoming meetings loaded { count: 1, timestamp: '2026-01-30T03:36:52.092Z' }

      at Logger.logMethod [as log] (utils/logger.ts:82:7)

    console.log
      [INFO] Upcoming meetings loaded { count: 1, timestamp: '2026-01-30T03:36:52.093Z' }

      at Logger.logMethod [as log] (utils/logger.ts:82:7)

    console.log
      [INFO] Upcoming meetings loaded { count: 1, timestamp: '2026-01-30T03:36:52.093Z' }

      at Logger.logMethod [as log] (utils/logger.ts:82:7)

    console.log
      [INFO] Upcoming meetings loaded { count: 1, timestamp: '2026-01-30T03:36:52.093Z' }

      at Logger.logMethod [as log] (utils/logger.ts:82:7)

    console.log
      [INFO] Upcoming meetings loaded { count: 1, timestamp: '2026-01-30T03:36:52.093Z' }

      at Logger.logMethod [as log] (utils/logger.ts:82:7)

    console.log
      [INFO] Upcoming meetings loaded { count: 1, timestamp: '2026-01-30T03:36:52.093Z' }

      at Logger.logMethod [as log] (utils/logger.ts:82:7)

    console.log
      [INFO] Upcoming meetings loaded { count: 1, timestamp: '2026-01-30T03:36:52.093Z' }

      at Logger.logMethod [as log] (utils/logger.ts:82:7)

    console.log
      [INFO] Upcoming meetings loaded { count: 1, timestamp: '2026-01-30T03:36:52.093Z' }

      at Logger.logMethod [as log] (utils/logger.ts:82:7)

    console.log
      [INFO] Upcoming meetings loaded { count: 1, timestamp: '2026-01-30T03:36:52.093Z' }

      at Logger.logMethod [as log] (utils/logger.ts:82:7)

    console.log
      [INFO] Upcoming meetings loaded { count: 1, timestamp: '2026-01-30T03:36:52.093Z' }

      at Logger.logMethod [as log] (utils/logger.ts:82:7)

    console.log
      [INFO] Upcoming meetings loaded { count: 1, timestamp: '2026-01-30T03:36:52.094Z' }

      at Logger.logMethod [as log] (utils/logger.ts:82:7)

    console.log
      [INFO] Upcoming meetings loaded { count: 1, timestamp: '2026-01-30T03:36:52.094Z' }

      at Logger.logMethod [as log] (utils/logger.ts:82:7)

    console.log
      [INFO] Upcoming meetings loaded { count: 1, timestamp: '2026-01-30T03:36:52.094Z' }

      at Logger.logMethod [as log] (utils/logger.ts:82:7)

    console.log
      [INFO] Upcoming meetings loaded { count: 1, timestamp: '2026-01-30T03:36:52.094Z' }

      at Logger.logMethod [as log] (utils/logger.ts:82:7)

    console.log
      [INFO] Upcoming meetings loaded { count: 1, timestamp: '2026-01-30T03:36:52.094Z' }

      at Logger.logMethod [as log] (utils/logger.ts:82:7)

    console.log
      [INFO] Upcoming meetings loaded { count: 1, timestamp: '2026-01-30T03:36:52.094Z' }

      at Logger.logMethod [as log] (utils/logger.ts:82:7)

    console.log
      [INFO] Upcoming meetings loaded { count: 1, timestamp: '2026-01-30T03:36:52.094Z' }

      at Logger.logMethod [as log] (utils/logger.ts:82:7)

    console.log
      [INFO] Upcoming meetings loaded { count: 1, timestamp: '2026-01-30T03:36:52.094Z' }

      at Logger.logMethod [as log] (utils/logger.ts:82:7)

    console.log
      [INFO] Upcoming meetings loaded { count: 1, timestamp: '2026-01-30T03:36:52.094Z' }

      at Logger.logMethod [as log] (utils/logger.ts:82:7)

    console.log
      [INFO] Upcoming meetings loaded { count: 1, timestamp: '2026-01-30T03:36:52.095Z' }

      at Logger.logMethod [as log] (utils/logger.ts:82:7)

    console.log
      [INFO] Upcoming meetings loaded { count: 1, timestamp: '2026-01-30T03:36:52.095Z' }

      at Logger.logMethod [as log] (utils/logger.ts:82:7)

    console.log
      [INFO] Upcoming meetings loaded { count: 1, timestamp: '2026-01-30T03:36:52.095Z' }

      at Logger.logMethod [as log] (utils/logger.ts:82:7)

    console.log
      [INFO] Upcoming meetings loaded { count: 1, timestamp: '2026-01-30T03:36:52.095Z' }

      at Logger.logMethod [as log] (utils/logger.ts:82:7)

    console.log
      [INFO] Upcoming meetings loaded { count: 1, timestamp: '2026-01-30T03:36:52.095Z' }

      at Logger.logMethod [as log] (utils/logger.ts:82:7)

    console.log
      [INFO] Upcoming meetings loaded { count: 1, timestamp: '2026-01-30T03:36:52.095Z' }

      at Logger.logMethod [as log] (utils/logger.ts:82:7)

    console.log
      [INFO] Upcoming meetings loaded { count: 1, timestamp: '2026-01-30T03:36:52.095Z' }

      at Logger.logMethod [as log] (utils/logger.ts:82:7)

    console.log
      [INFO] Upcoming meetings loaded { count: 1, timestamp: '2026-01-30T03:36:52.095Z' }

      at Logger.logMethod [as log] (utils/logger.ts:82:7)

    console.log
      [INFO] Upcoming meetings loaded { count: 1, timestamp: '2026-01-30T03:36:52.095Z' }

      at Logger.logMethod [as log] (utils/logger.ts:82:7)

    console.log
      [INFO] Upcoming meetings loaded { count: 1, timestamp: '2026-01-30T03:36:52.096Z' }

      at Logger.logMethod [as log] (utils/logger.ts:82:7)

    console.log
      [INFO] Upcoming meetings loaded { count: 1, timestamp: '2026-01-30T03:36:52.096Z' }

      at Logger.logMethod [as log] (utils/logger.ts:82:7)

    console.log
      [INFO] Upcoming meetings loaded { count: 1, timestamp: '2026-01-30T03:36:52.096Z' }

      at Logger.logMethod [as log] (utils/logger.ts:82:7)

    console.log
      [INFO] Upcoming meetings loaded { count: 1, timestamp: '2026-01-30T03:36:52.096Z' }

      at Logger.logMethod [as log] (utils/logger.ts:82:7)

    console.log
      [INFO] Upcoming meetings loaded { count: 1, timestamp: '2026-01-30T03:36:52.096Z' }

      at Logger.logMethod [as log] (utils/logger.ts:82:7)

    console.log
      [INFO] Upcoming meetings loaded { count: 1, timestamp: '2026-01-30T03:36:52.096Z' }

      at Logger.logMethod [as log] (utils/logger.ts:82:7)

    console.log
      [INFO] Upcoming meetings loaded { count: 1, timestamp: '2026-01-30T03:36:52.096Z' }

      at Logger.logMethod [as log] (utils/logger.ts:82:7)

    console.log
      [INFO] Upcoming meetings loaded { count: 1, timestamp: '2026-01-30T03:36:52.096Z' }

      at Logger.logMethod [as log] (utils/logger.ts:82:7)

    console.log
      [INFO] Upcoming meetings loaded { count: 1, timestamp: '2026-01-30T03:36:52.096Z' }

      at Logger.logMethod [as log] (utils/logger.ts:82:7)

    console.log
      [INFO] Upcoming meetings loaded { count: 1, timestamp: '2026-01-30T03:36:52.097Z' }

      at Logger.logMethod [as log] (utils/logger.ts:82:7)

    console.log
      [INFO] Upcoming meetings loaded { count: 1, timestamp: '2026-01-30T03:36:52.097Z' }

      at Logger.logMethod [as log] (utils/logger.ts:82:7)

    console.log
      [INFO] Upcoming meetings loaded { count: 1, timestamp: '2026-01-30T03:36:52.097Z' }

      at Logger.logMethod [as log] (utils/logger.ts:82:7)

    console.log
      [INFO] Upcoming meetings loaded { count: 1, timestamp: '2026-01-30T03:36:52.097Z' }

      at Logger.logMethod [as log] (utils/logger.ts:82:7)

    console.log
      [INFO] Upcoming meetings loaded { count: 1, timestamp: '2026-01-30T03:36:52.097Z' }

      at Logger.logMethod [as log] (utils/logger.ts:82:7)

    console.log
      [INFO] Upcoming meetings loaded { count: 1, timestamp: '2026-01-30T03:36:52.097Z' }

      at Logger.logMethod [as log] (utils/logger.ts:82:7)

    console.log
      [INFO] Upcoming meetings loaded { count: 1, timestamp: '2026-01-30T03:36:52.097Z' }

      at Logger.logMethod [as log] (utils/logger.ts:82:7)

    console.log
      [INFO] Upcoming meetings loaded { count: 1, timestamp: '2026-01-30T03:36:52.097Z' }

      at Logger.logMethod [as log] (utils/logger.ts:82:7)

    console.log
      [INFO] Upcoming meetings loaded { count: 1, timestamp: '2026-01-30T03:36:52.097Z' }

      at Logger.logMethod [as log] (utils/logger.ts:82:7)

    console.log
      [INFO] Upcoming meetings loaded { count: 1, timestamp: '2026-01-30T03:36:52.098Z' }

      at Logger.logMethod [as log] (utils/logger.ts:82:7)

    console.log
      [INFO] Upcoming meetings loaded { count: 1, timestamp: '2026-01-30T03:36:52.098Z' }

      at Logger.logMethod [as log] (utils/logger.ts:82:7)

    console.log
      [INFO] Upcoming meetings loaded { count: 1, timestamp: '2026-01-30T03:36:52.098Z' }

      at Logger.logMethod [as log] (utils/logger.ts:82:7)

    console.log
      [INFO] Upcoming meetings loaded { count: 1, timestamp: '2026-01-30T03:36:52.098Z' }

      at Logger.logMethod [as log] (utils/logger.ts:82:7)

    console.log
      [INFO] Upcoming meetings loaded { count: 1, timestamp: '2026-01-30T03:36:52.098Z' }

      at Logger.logMethod [as log] (utils/logger.ts:82:7)

    console.log
      [INFO] Upcoming meetings loaded { count: 1, timestamp: '2026-01-30T03:36:52.098Z' }

      at Logger.logMethod [as log] (utils/logger.ts:82:7)

    console.log
      [INFO] Upcoming meetings loaded { count: 1, timestamp: '2026-01-30T03:36:52.098Z' }

      at Logger.logMethod [as log] (utils/logger.ts:82:7)

    console.log
      [INFO] Upcoming meetings loaded { count: 1, timestamp: '2026-01-30T03:36:52.098Z' }

      at Logger.logMethod [as log] (utils/logger.ts:82:7)

    console.log
      [INFO] Upcoming meetings loaded { count: 1, timestamp: '2026-01-30T03:36:52.098Z' }

      at Logger.logMethod [as log] (utils/logger.ts:82:7)

    console.log
      [INFO] Upcoming meetings loaded { count: 1, timestamp: '2026-01-30T03:36:52.099Z' }

      at Logger.logMethod [as log] (utils/logger.ts:82:7)

    console.log
      [INFO] Upcoming meetings loaded { count: 1, timestamp: '2026-01-30T03:36:52.099Z' }

      at Logger.logMethod [as log] (utils/logger.ts:82:7)

    console.log
      [INFO] Upcoming meetings loaded { count: 1, timestamp: '2026-01-30T03:36:52.099Z' }

      at Logger.logMethod [as log] (utils/logger.ts:82:7)

    console.log
      [INFO] Upcoming meetings loaded { count: 1, timestamp: '2026-01-30T03:36:52.099Z' }

      at Logger.logMethod [as log] (utils/logger.ts:82:7)

    console.log
      [INFO] Upcoming meetings loaded { count: 1, timestamp: '2026-01-30T03:36:52.099Z' }

      at Logger.logMethod [as log] (utils/logger.ts:82:7)

    console.log
      [INFO] Upcoming meetings loaded { count: 1, timestamp: '2026-01-30T03:36:52.099Z' }

      at Logger.logMethod [as log] (utils/logger.ts:82:7)

    console.log
      [INFO] Upcoming meetings loaded { count: 1, timestamp: '2026-01-30T03:36:52.099Z' }

      at Logger.logMethod [as log] (utils/logger.ts:82:7)

    console.log
      [INFO] Upcoming meetings loaded { count: 1, timestamp: '2026-01-30T03:36:52.099Z' }

      at Logger.logMethod [as log] (utils/logger.ts:82:7)

    console.log
      [INFO] Upcoming meetings loaded { count: 1, timestamp: '2026-01-30T03:36:52.099Z' }

      at Logger.logMethod [as log] (utils/logger.ts:82:7)

    console.log
      [INFO] Upcoming meetings loaded { count: 1, timestamp: '2026-01-30T03:36:52.100Z' }

      at Logger.logMethod [as log] (utils/logger.ts:82:7)

    console.log
      [INFO] Upcoming meetings loaded { count: 1, timestamp: '2026-01-30T03:36:52.100Z' }

      at Logger.logMethod [as log] (utils/logger.ts:82:7)

    console.log
      [INFO] Upcoming meetings loaded { count: 1, timestamp: '2026-01-30T03:36:52.100Z' }

      at Logger.logMethod [as log] (utils/logger.ts:82:7)

    console.log
      [INFO] Upcoming meetings loaded { count: 1, timestamp: '2026-01-30T03:36:52.100Z' }

      at Logger.logMethod [as log] (utils/logger.ts:82:7)

    console.log
      [INFO] Upcoming meetings loaded { count: 1, timestamp: '2026-01-30T03:36:52.100Z' }

      at Logger.logMethod [as log] (utils/logger.ts:82:7)

    console.log
      [INFO] Upcoming meetings loaded { count: 1, timestamp: '2026-01-30T03:36:52.100Z' }

      at Logger.logMethod [as log] (utils/logger.ts:82:7)

    console.log
      [INFO] Upcoming meetings loaded { count: 1, timestamp: '2026-01-30T03:36:52.100Z' }

      at Logger.logMethod [as log] (utils/logger.ts:82:7)

    console.log
      [INFO] Upcoming meetings loaded { count: 1, timestamp: '2026-01-30T03:36:52.100Z' }

      at Logger.logMethod [as log] (utils/logger.ts:82:7)

    console.log
      [INFO] Upcoming meetings loaded { count: 1, timestamp: '2026-01-30T03:36:52.100Z' }

      at Logger.logMethod [as log] (utils/logger.ts:82:7)

    console.log
      [INFO] Upcoming meetings loaded { count: 1, timestamp: '2026-01-30T03:36:52.100Z' }

      at Logger.logMethod [as log] (utils/logger.ts:82:7)

    console.log
      [INFO] Upcoming meetings loaded { count: 1, timestamp: '2026-01-30T03:36:52.101Z' }

      at Logger.logMethod [as log] (utils/logger.ts:82:7)

    console.log
      [INFO] Upcoming meetings loaded { count: 1, timestamp: '2026-01-30T03:36:52.101Z' }

      at Logger.logMethod [as log] (utils/logger.ts:82:7)

    console.log
      [INFO] Upcoming meetings loaded { count: 1, timestamp: '2026-01-30T03:36:52.101Z' }

      at Logger.logMethod [as log] (utils/logger.ts:82:7)

    console.log
      [INFO] Upcoming meetings loaded { count: 1, timestamp: '2026-01-30T03:36:52.101Z' }

      at Logger.logMethod [as log] (utils/logger.ts:82:7)

    console.log
      [INFO] Upcoming meetings loaded { count: 1, timestamp: '2026-01-30T03:36:52.101Z' }

      at Logger.logMethod [as log] (utils/logger.ts:82:7)

    console.log
      [INFO] Upcoming meetings loaded { count: 1, timestamp: '2026-01-30T03:36:52.101Z' }

      at Logger.logMethod [as log] (utils/logger.ts:82:7)

    console.log
      [INFO] Upcoming meetings loaded { count: 1, timestamp: '2026-01-30T03:36:52.101Z' }

      at Logger.logMethod [as log] (utils/logger.ts:82:7)

    console.log
      [INFO] Upcoming meetings loaded { count: 1, timestamp: '2026-01-30T03:36:52.101Z' }

      at Logger.logMethod [as log] (utils/logger.ts:82:7)

    console.log
      [INFO] Upcoming meetings loaded { count: 1, timestamp: '2026-01-30T03:36:52.101Z' }

      at Logger.logMethod [as log] (utils/logger.ts:82:7)

    console.log
      [INFO] Upcoming meetings loaded { count: 1, timestamp: '2026-01-30T03:36:52.102Z' }

      at Logger.logMethod [as log] (utils/logger.ts:82:7)

    console.log
      [INFO] Upcoming meetings loaded { count: 1, timestamp: '2026-01-30T03:36:52.102Z' }

      at Logger.logMethod [as log] (utils/logger.ts:82:7)

    console.log
      [INFO] Upcoming meetings loaded { count: 1, timestamp: '2026-01-30T03:36:52.102Z' }

      at Logger.logMethod [as log] (utils/logger.ts:82:7)

    console.log
      [INFO] Upcoming meetings loaded { count: 1, timestamp: '2026-01-30T03:36:52.102Z' }

      at Logger.logMethod [as log] (utils/logger.ts:82:7)

    console.log
      [INFO] Upcoming meetings loaded { count: 1, timestamp: '2026-01-30T03:36:52.102Z' }

      at Logger.logMethod [as log] (utils/logger.ts:82:7)

    console.log
      [INFO] Upcoming meetings loaded { count: 1, timestamp: '2026-01-30T03:36:52.102Z' }

      at Logger.logMethod [as log] (utils/logger.ts:82:7)

    console.log
      [INFO] Upcoming meetings loaded { count: 1, timestamp: '2026-01-30T03:36:52.102Z' }

      at Logger.logMethod [as log] (utils/logger.ts:82:7)

    console.log
      [INFO] Upcoming meetings loaded { count: 1, timestamp: '2026-01-30T03:36:52.103Z' }

      at Logger.logMethod [as log] (utils/logger.ts:82:7)

    console.log
      [INFO] Upcoming meetings loaded { count: 1, timestamp: '2026-01-30T03:36:52.103Z' }

      at Logger.logMethod [as log] (utils/logger.ts:82:7)

    console.log
      [INFO] Upcoming meetings loaded { count: 1, timestamp: '2026-01-30T03:36:52.103Z' }

      at Logger.logMethod [as log] (utils/logger.ts:82:7)

    console.log
      [INFO] Upcoming meetings loaded { count: 1, timestamp: '2026-01-30T03:36:52.103Z' }

      at Logger.logMethod [as log] (utils/logger.ts:82:7)

    console.log
      [INFO] Upcoming meetings loaded { count: 1, timestamp: '2026-01-30T03:36:52.103Z' }

      at Logger.logMethod [as log] (utils/logger.ts:82:7)

    console.log
      [INFO] Upcoming meetings loaded { count: 1, timestamp: '2026-01-30T03:36:52.103Z' }

      at Logger.logMethod [as log] (utils/logger.ts:82:7)

    console.log
      [INFO] Upcoming meetings loaded { count: 1, timestamp: '2026-01-30T03:36:52.104Z' }

      at Logger.logMethod [as log] (utils/logger.ts:82:7)

    console.log
      [INFO] Upcoming meetings loaded { count: 1, timestamp: '2026-01-30T03:36:52.104Z' }

      at Logger.logMethod [as log] (utils/logger.ts:82:7)

    console.log
      [INFO] Upcoming meetings loaded { count: 1, timestamp: '2026-01-30T03:36:52.104Z' }

      at Logger.logMethod [as log] (utils/logger.ts:82:7)

    console.log
      [INFO] Upcoming meetings loaded { count: 1, timestamp: '2026-01-30T03:36:52.104Z' }

      at Logger.logMethod [as log] (utils/logger.ts:82:7)

    console.log
      [INFO] Upcoming meetings loaded { count: 1, timestamp: '2026-01-30T03:36:52.104Z' }

      at Logger.logMethod [as log] (utils/logger.ts:82:7)

    console.log
      [INFO] Upcoming meetings loaded { count: 1, timestamp: '2026-01-30T03:36:52.104Z' }

      at Logger.logMethod [as log] (utils/logger.ts:82:7)

    console.log
      [INFO] Upcoming meetings loaded { count: 1, timestamp: '2026-01-30T03:36:52.105Z' }

      at Logger.logMethod [as log] (utils/logger.ts:82:7)

    console.log
      [INFO] Upcoming meetings loaded { count: 1, timestamp: '2026-01-30T03:36:52.105Z' }

      at Logger.logMethod [as log] (utils/logger.ts:82:7)

    console.log
      [INFO] Upcoming meetings loaded { count: 1, timestamp: '2026-01-30T03:36:52.105Z' }

      at Logger.logMethod [as log] (utils/logger.ts:82:7)

    console.log
      [INFO] Upcoming meetings loaded { count: 1, timestamp: '2026-01-30T03:36:52.105Z' }

      at Logger.logMethod [as log] (utils/logger.ts:82:7)

    console.log
      [INFO] Upcoming meetings loaded { count: 1, timestamp: '2026-01-30T03:36:52.105Z' }

      at Logger.logMethod [as log] (utils/logger.ts:82:7)

    console.log
      [INFO] Upcoming meetings loaded { count: 1, timestamp: '2026-01-30T03:36:52.105Z' }

      at Logger.logMethod [as log] (utils/logger.ts:82:7)

    console.log
      [INFO] Upcoming meetings loaded { count: 1, timestamp: '2026-01-30T03:36:52.105Z' }

      at Logger.logMethod [as log] (utils/logger.ts:82:7)

    console.log
      [INFO] Upcoming meetings loaded { count: 1, timestamp: '2026-01-30T03:36:52.105Z' }

      at Logger.logMethod [as log] (utils/logger.ts:82:7)

    console.log
      [INFO] Upcoming meetings loaded { count: 1, timestamp: '2026-01-30T03:36:52.105Z' }

      at Logger.logMethod [as log] (utils/logger.ts:82:7)

    console.log
      [INFO] Upcoming meetings loaded { count: 1, timestamp: '2026-01-30T03:36:52.106Z' }

      at Logger.logMethod [as log] (utils/logger.ts:82:7)

    console.log
      [INFO] Upcoming meetings loaded { count: 1, timestamp: '2026-01-30T03:36:52.106Z' }

      at Logger.logMethod [as log] (utils/logger.ts:82:7)

    console.log
      [INFO] Upcoming meetings loaded { count: 1, timestamp: '2026-01-30T03:36:52.106Z' }

      at Logger.logMethod [as log] (utils/logger.ts:82:7)

    console.log
      [INFO] Upcoming meetings loaded { count: 1, timestamp: '2026-01-30T03:36:52.106Z' }

      at Logger.logMethod [as log] (utils/logger.ts:82:7)

    console.log
      [INFO] Upcoming meetings loaded { count: 1, timestamp: '2026-01-30T03:36:52.106Z' }

      at Logger.logMethod [as log] (utils/logger.ts:82:7)

    console.log
      [INFO] Upcoming meetings loaded { count: 1, timestamp: '2026-01-30T03:36:52.106Z' }

      at Logger.logMethod [as log] (utils/logger.ts:82:7)

    console.log
      [INFO] Upcoming meetings loaded { count: 1, timestamp: '2026-01-30T03:36:52.106Z' }

      at Logger.logMethod [as log] (utils/logger.ts:82:7)

    console.log
      [INFO] Upcoming meetings loaded { count: 1, timestamp: '2026-01-30T03:36:52.106Z' }

      at Logger.logMethod [as log] (utils/logger.ts:82:7)

    console.log
      [INFO] Upcoming meetings loaded { count: 1, timestamp: '2026-01-30T03:36:52.107Z' }

      at Logger.logMethod [as log] (utils/logger.ts:82:7)

    console.log
      [INFO] Upcoming meetings loaded { count: 1, timestamp: '2026-01-30T03:36:52.107Z' }

      at Logger.logMethod [as log] (utils/logger.ts:82:7)

    console.log
      [INFO] Upcoming meetings loaded { count: 1, timestamp: '2026-01-30T03:36:52.107Z' }

      at Logger.logMethod [as log] (utils/logger.ts:82:7)

    console.log
      [INFO] Upcoming meetings loaded { count: 1, timestamp: '2026-01-30T03:36:52.107Z' }

      at Logger.logMethod [as log] (utils/logger.ts:82:7)

    console.log
      [INFO] Upcoming meetings loaded { count: 1, timestamp: '2026-01-30T03:36:52.107Z' }

      at Logger.logMethod [as log] (utils/logger.ts:82:7)

    console.log
      [INFO] Upcoming meetings loaded { count: 1, timestamp: '2026-01-30T03:36:52.107Z' }

      at Logger.logMethod [as log] (utils/logger.ts:82:7)

    console.log
      [INFO] Upcoming meetings loaded { count: 1, timestamp: '2026-01-30T03:36:52.107Z' }

      at Logger.logMethod [as log] (utils/logger.ts:82:7)

    console.log
      [INFO] Upcoming meetings loaded { count: 1, timestamp: '2026-01-30T03:36:52.107Z' }

      at Logger.logMethod [as log] (utils/logger.ts:82:7)

    console.log
      [INFO] Upcoming meetings loaded { count: 1, timestamp: '2026-01-30T03:36:52.108Z' }

      at Logger.logMethod [as log] (utils/logger.ts:82:7)

    console.log
      [INFO] Upcoming meetings loaded { count: 1, timestamp: '2026-01-30T03:36:52.108Z' }

      at Logger.logMethod [as log] (utils/logger.ts:82:7)

    console.log
      [INFO] Upcoming meetings loaded { count: 1, timestamp: '2026-01-30T03:36:52.108Z' }

      at Logger.logMethod [as log] (utils/logger.ts:82:7)

    console.log
      [INFO] Upcoming meetings loaded { count: 1, timestamp: '2026-01-30T03:36:52.108Z' }

      at Logger.logMethod [as log] (utils/logger.ts:82:7)

    console.log
      [INFO] Upcoming meetings loaded { count: 1, timestamp: '2026-01-30T03:36:52.108Z' }

      at Logger.logMethod [as log] (utils/logger.ts:82:7)

    console.log
      [INFO] Upcoming meetings loaded { count: 1, timestamp: '2026-01-30T03:36:52.108Z' }

      at Logger.logMethod [as log] (utils/logger.ts:82:7)

    console.log
      [INFO] Upcoming meetings loaded { count: 1, timestamp: '2026-01-30T03:36:52.108Z' }

      at Logger.logMethod [as log] (utils/logger.ts:82:7)

    console.log
      [INFO] Upcoming meetings loaded { count: 1, timestamp: '2026-01-30T03:36:52.108Z' }

      at Logger.logMethod [as log] (utils/logger.ts:82:7)

    console.log
      [INFO] Upcoming meetings loaded { count: 1, timestamp: '2026-01-30T03:36:52.108Z' }

      at Logger.logMethod [as log] (utils/logger.ts:82:7)

    console.log
      [INFO] Upcoming meetings loaded { count: 1, timestamp: '2026-01-30T03:36:52.109Z' }

      at Logger.logMethod [as log] (utils/logger.ts:82:7)

    console.log
      [INFO] Upcoming meetings loaded { count: 1, timestamp: '2026-01-30T03:36:52.109Z' }

      at Logger.logMethod [as log] (utils/logger.ts:82:7)

    console.log
      [INFO] Upcoming meetings loaded { count: 1, timestamp: '2026-01-30T03:36:52.109Z' }

      at Logger.logMethod [as log] (utils/logger.ts:82:7)

    console.log
      [INFO] Upcoming meetings loaded { count: 1, timestamp: '2026-01-30T03:36:52.109Z' }

      at Logger.logMethod [as log] (utils/logger.ts:82:7)

    console.log
      [INFO] Upcoming meetings loaded { count: 1, timestamp: '2026-01-30T03:36:52.109Z' }

      at Logger.logMethod [as log] (utils/logger.ts:82:7)

    console.log
      [INFO] Upcoming meetings loaded { count: 1, timestamp: '2026-01-30T03:36:52.109Z' }

      at Logger.logMethod [as log] (utils/logger.ts:82:7)

    console.log
      [INFO] Upcoming meetings loaded { count: 1, timestamp: '2026-01-30T03:36:52.109Z' }

      at Logger.logMethod [as log] (utils/logger.ts:82:7)

    console.log
      [INFO] Upcoming meetings loaded { count: 1, timestamp: '2026-01-30T03:36:52.109Z' }

      at Logger.logMethod [as log] (utils/logger.ts:82:7)

    console.log
      [INFO] Upcoming meetings loaded { count: 1, timestamp: '2026-01-30T03:36:52.109Z' }

      at Logger.logMethod [as log] (utils/logger.ts:82:7)

    console.log
      [INFO] Upcoming meetings loaded { count: 1, timestamp: '2026-01-30T03:36:52.110Z' }

      at Logger.logMethod [as log] (utils/logger.ts:82:7)

    console.log
      [INFO] Upcoming meetings loaded { count: 1, timestamp: '2026-01-30T03:36:52.110Z' }

      at Logger.logMethod [as log] (utils/logger.ts:82:7)

    console.log
      [INFO] Upcoming meetings loaded { count: 1, timestamp: '2026-01-30T03:36:52.110Z' }

      at Logger.logMethod [as log] (utils/logger.ts:82:7)

    console.log
      [INFO] Upcoming meetings loaded { count: 1, timestamp: '2026-01-30T03:36:52.110Z' }

      at Logger.logMethod [as log] (utils/logger.ts:82:7)

    console.log
      [INFO] Upcoming meetings loaded { count: 1, timestamp: '2026-01-30T03:36:52.110Z' }

      at Logger.logMethod [as log] (utils/logger.ts:82:7)

    console.log
      [INFO] Upcoming meetings loaded { count: 1, timestamp: '2026-01-30T03:36:52.111Z' }

      at Logger.logMethod [as log] (utils/logger.ts:82:7)

    console.log
      [INFO] Upcoming meetings loaded { count: 1, timestamp: '2026-01-30T03:36:52.111Z' }

      at Logger.logMethod [as log] (utils/logger.ts:82:7)

    console.log
      [INFO] Upcoming meetings loaded { count: 1, timestamp: '2026-01-30T03:36:52.111Z' }

      at Logger.logMethod [as log] (utils/logger.ts:82:7)

    console.log
      [INFO] Upcoming meetings loaded { count: 1, timestamp: '2026-01-30T03:36:52.111Z' }

      at Logger.logMethod [as log] (utils/logger.ts:82:7)

    console.log
      [INFO] Upcoming meetings loaded { count: 1, timestamp: '2026-01-30T03:36:52.111Z' }

      at Logger.logMethod [as log] (utils/logger.ts:82:7)

    console.log
      [INFO] Upcoming meetings loaded { count: 1, timestamp: '2026-01-30T03:36:52.111Z' }

      at Logger.logMethod [as log] (utils/logger.ts:82:7)

    console.log
      [INFO] Upcoming meetings loaded { count: 1, timestamp: '2026-01-30T03:36:52.111Z' }

      at Logger.logMethod [as log] (utils/logger.ts:82:7)

    console.log
      [INFO] Upcoming meetings loaded { count: 1, timestamp: '2026-01-30T03:36:52.111Z' }

      at Logger.logMethod [as log] (utils/logger.ts:82:7)

    console.log
      [INFO] Upcoming meetings loaded { count: 1, timestamp: '2026-01-30T03:36:52.111Z' }

      at Logger.logMethod [as log] (utils/logger.ts:82:7)

    console.log
      [INFO] Upcoming meetings loaded { count: 1, timestamp: '2026-01-30T03:36:52.112Z' }

      at Logger.logMethod [as log] (utils/logger.ts:82:7)

    console.log
      [INFO] Upcoming meetings loaded { count: 1, timestamp: '2026-01-30T03:36:52.112Z' }

      at Logger.logMethod [as log] (utils/logger.ts:82:7)

    console.log
      [INFO] Upcoming meetings loaded { count: 2, timestamp: '2026-01-30T03:36:52.114Z' }

      at Logger.logMethod [as log] (utils/logger.ts:82:7)

    console.log
      [INFO] Upcoming meetings loaded { count: 2, timestamp: '2026-01-30T03:36:52.116Z' }

      at Logger.logMethod [as log] (utils/logger.ts:82:7)

    console.log
      [INFO] Upcoming meetings loaded { count: 2, timestamp: '2026-01-30T03:36:52.116Z' }

      at Logger.logMethod [as log] (utils/logger.ts:82:7)

    console.log
      [INFO] Upcoming meetings loaded { count: 2, timestamp: '2026-01-30T03:36:52.116Z' }

      at Logger.logMethod [as log] (utils/logger.ts:82:7)

    console.log
      [INFO] Upcoming meetings loaded { count: 2, timestamp: '2026-01-30T03:36:52.116Z' }

      at Logger.logMethod [as log] (utils/logger.ts:82:7)

    console.log
      [INFO] Upcoming meetings loaded { count: 2, timestamp: '2026-01-30T03:36:52.117Z' }

      at Logger.logMethod [as log] (utils/logger.ts:82:7)

    console.log
      [INFO] Upcoming meetings loaded { count: 2, timestamp: '2026-01-30T03:36:52.117Z' }

      at Logger.logMethod [as log] (utils/logger.ts:82:7)

    console.log
      [INFO] Upcoming meetings loaded { count: 2, timestamp: '2026-01-30T03:36:52.117Z' }

      at Logger.logMethod [as log] (utils/logger.ts:82:7)

    console.log
      [INFO] Upcoming meetings loaded { count: 2, timestamp: '2026-01-30T03:36:52.117Z' }

      at Logger.logMethod [as log] (utils/logger.ts:82:7)

    console.log
      [INFO] Upcoming meetings loaded { count: 2, timestamp: '2026-01-30T03:36:52.117Z' }

      at Logger.logMethod [as log] (utils/logger.ts:82:7)

    console.log
      [INFO] Upcoming meetings loaded { count: 2, timestamp: '2026-01-30T03:36:52.117Z' }

      at Logger.logMethod [as log] (utils/logger.ts:82:7)

    console.log
      [INFO] Upcoming meetings loaded { count: 2, timestamp: '2026-01-30T03:36:52.117Z' }

      at Logger.logMethod [as log] (utils/logger.ts:82:7)

    console.log
      [INFO] Upcoming meetings loaded { count: 2, timestamp: '2026-01-30T03:36:52.117Z' }

      at Logger.logMethod [as log] (utils/logger.ts:82:7)

    console.log
      [INFO] Upcoming meetings loaded { count: 2, timestamp: '2026-01-30T03:36:52.118Z' }

      at Logger.logMethod [as log] (utils/logger.ts:82:7)

    console.log
      [INFO] Upcoming meetings loaded { count: 2, timestamp: '2026-01-30T03:36:52.118Z' }

      at Logger.logMethod [as log] (utils/logger.ts:82:7)

    console.log
      [INFO] Upcoming meetings loaded { count: 2, timestamp: '2026-01-30T03:36:52.118Z' }

      at Logger.logMethod [as log] (utils/logger.ts:82:7)

    console.log
      [INFO] Upcoming meetings loaded { count: 2, timestamp: '2026-01-30T03:36:52.118Z' }

      at Logger.logMethod [as log] (utils/logger.ts:82:7)

    console.log
      [INFO] Upcoming meetings loaded { count: 2, timestamp: '2026-01-30T03:36:52.118Z' }

      at Logger.logMethod [as log] (utils/logger.ts:82:7)

    console.log
      [INFO] Upcoming meetings loaded { count: 2, timestamp: '2026-01-30T03:36:52.118Z' }

      at Logger.logMethod [as log] (utils/logger.ts:82:7)

    console.log
      [INFO] Upcoming meetings loaded { count: 2, timestamp: '2026-01-30T03:36:52.118Z' }

      at Logger.logMethod [as log] (utils/logger.ts:82:7)

    console.log
      [INFO] Upcoming meetings loaded { count: 2, timestamp: '2026-01-30T03:36:52.118Z' }

      at Logger.logMethod [as log] (utils/logger.ts:82:7)

    console.log
      [INFO] Upcoming meetings loaded { count: 2, timestamp: '2026-01-30T03:36:52.118Z' }

      at Logger.logMethod [as log] (utils/logger.ts:82:7)

    console.log
      [INFO] Upcoming meetings loaded { count: 2, timestamp: '2026-01-30T03:36:52.119Z' }

      at Logger.logMethod [as log] (utils/logger.ts:82:7)

    console.log
      [INFO] Upcoming meetings loaded { count: 2, timestamp: '2026-01-30T03:36:52.119Z' }

      at Logger.logMethod [as log] (utils/logger.ts:82:7)

    console.log
      [INFO] Upcoming meetings loaded { count: 2, timestamp: '2026-01-30T03:36:52.119Z' }

      at Logger.logMethod [as log] (utils/logger.ts:82:7)

    console.log
      [INFO] Upcoming meetings loaded { count: 2, timestamp: '2026-01-30T03:36:52.119Z' }

      at Logger.logMethod [as log] (utils/logger.ts:82:7)

    console.log
      [INFO] Upcoming meetings loaded { count: 2, timestamp: '2026-01-30T03:36:52.119Z' }

      at Logger.logMethod [as log] (utils/logger.ts:82:7)

    console.log
      [INFO] Upcoming meetings loaded { count: 2, timestamp: '2026-01-30T03:36:52.119Z' }

      at Logger.logMethod [as log] (utils/logger.ts:82:7)

    console.log
      [INFO] Upcoming meetings loaded { count: 2, timestamp: '2026-01-30T03:36:52.119Z' }

      at Logger.logMethod [as log] (utils/logger.ts:82:7)

    console.log
      [INFO] Upcoming meetings loaded { count: 2, timestamp: '2026-01-30T03:36:52.119Z' }

      at Logger.logMethod [as log] (utils/logger.ts:82:7)

    console.log
      [INFO] Upcoming meetings loaded { count: 2, timestamp: '2026-01-30T03:36:52.119Z' }

      at Logger.logMethod [as log] (utils/logger.ts:82:7)

    console.log
      [INFO] Upcoming meetings loaded { count: 2, timestamp: '2026-01-30T03:36:52.120Z' }

      at Logger.logMethod [as log] (utils/logger.ts:82:7)

    console.log
      [INFO] Upcoming meetings loaded { count: 2, timestamp: '2026-01-30T03:36:52.120Z' }

      at Logger.logMethod [as log] (utils/logger.ts:82:7)

    console.log
      [INFO] Upcoming meetings loaded { count: 2, timestamp: '2026-01-30T03:36:52.120Z' }

      at Logger.logMethod [as log] (utils/logger.ts:82:7)

    console.log
      [INFO] Upcoming meetings loaded { count: 2, timestamp: '2026-01-30T03:36:52.120Z' }

      at Logger.logMethod [as log] (utils/logger.ts:82:7)

    console.log
      [INFO] Upcoming meetings loaded { count: 2, timestamp: '2026-01-30T03:36:52.120Z' }

      at Logger.logMethod [as log] (utils/logger.ts:82:7)

    console.log
      [INFO] Upcoming meetings loaded { count: 2, timestamp: '2026-01-30T03:36:52.120Z' }

      at Logger.logMethod [as log] (utils/logger.ts:82:7)

    console.log
      [INFO] Upcoming meetings loaded { count: 2, timestamp: '2026-01-30T03:36:52.120Z' }

      at Logger.logMethod [as log] (utils/logger.ts:82:7)

    console.log
      [INFO] Upcoming meetings loaded { count: 2, timestamp: '2026-01-30T03:36:52.120Z' }

      at Logger.logMethod [as log] (utils/logger.ts:82:7)

    console.log
      [INFO] Upcoming meetings loaded { count: 2, timestamp: '2026-01-30T03:36:52.120Z' }

      at Logger.logMethod [as log] (utils/logger.ts:82:7)

    console.log
      [INFO] Upcoming meetings loaded { count: 2, timestamp: '2026-01-30T03:36:52.121Z' }

      at Logger.logMethod [as log] (utils/logger.ts:82:7)

    console.log
      [INFO] Upcoming meetings loaded { count: 2, timestamp: '2026-01-30T03:36:52.121Z' }

      at Logger.logMethod [as log] (utils/logger.ts:82:7)

    console.log
      [INFO] Upcoming meetings loaded { count: 2, timestamp: '2026-01-30T03:36:52.121Z' }

      at Logger.logMethod [as log] (utils/logger.ts:82:7)

    console.log
      [INFO] Upcoming meetings loaded { count: 2, timestamp: '2026-01-30T03:36:52.121Z' }

      at Logger.logMethod [as log] (utils/logger.ts:82:7)

    console.log
      [INFO] Upcoming meetings loaded { count: 2, timestamp: '2026-01-30T03:36:52.121Z' }

      at Logger.logMethod [as log] (utils/logger.ts:82:7)

    console.log
      [INFO] Upcoming meetings loaded { count: 2, timestamp: '2026-01-30T03:36:52.121Z' }

      at Logger.logMethod [as log] (utils/logger.ts:82:7)

    console.log
      [INFO] Upcoming meetings loaded { count: 2, timestamp: '2026-01-30T03:36:52.121Z' }

      at Logger.logMethod [as log] (utils/logger.ts:82:7)

    console.log
      [INFO] Upcoming meetings loaded { count: 2, timestamp: '2026-01-30T03:36:52.121Z' }

      at Logger.logMethod [as log] (utils/logger.ts:82:7)

    console.log
      [INFO] Upcoming meetings loaded { count: 2, timestamp: '2026-01-30T03:36:52.121Z' }

      at Logger.logMethod [as log] (utils/logger.ts:82:7)

    console.log
      [INFO] Upcoming meetings loaded { count: 2, timestamp: '2026-01-30T03:36:52.122Z' }

      at Logger.logMethod [as log] (utils/logger.ts:82:7)

    console.log
      [INFO] Upcoming meetings loaded { count: 2, timestamp: '2026-01-30T03:36:52.122Z' }

      at Logger.logMethod [as log] (utils/logger.ts:82:7)

    console.log
      [INFO] Upcoming meetings loaded { count: 2, timestamp: '2026-01-30T03:36:52.122Z' }

      at Logger.logMethod [as log] (utils/logger.ts:82:7)

    console.log
      [INFO] Upcoming meetings loaded { count: 2, timestamp: '2026-01-30T03:36:52.122Z' }

      at Logger.logMethod [as log] (utils/logger.ts:82:7)

    console.log
      [INFO] Upcoming meetings loaded { count: 2, timestamp: '2026-01-30T03:36:52.122Z' }

      at Logger.logMethod [as log] (utils/logger.ts:82:7)

    console.log
      [INFO] Upcoming meetings loaded { count: 2, timestamp: '2026-01-30T03:36:52.122Z' }

      at Logger.logMethod [as log] (utils/logger.ts:82:7)

    console.log
      [INFO] Upcoming meetings loaded { count: 2, timestamp: '2026-01-30T03:36:52.122Z' }

      at Logger.logMethod [as log] (utils/logger.ts:82:7)

    console.log
      [INFO] Upcoming meetings loaded { count: 2, timestamp: '2026-01-30T03:36:52.122Z' }

      at Logger.logMethod [as log] (utils/logger.ts:82:7)

    console.log
      [INFO] Upcoming meetings loaded { count: 2, timestamp: '2026-01-30T03:36:52.122Z' }

      at Logger.logMethod [as log] (utils/logger.ts:82:7)

    console.log
      [INFO] Upcoming meetings loaded { count: 2, timestamp: '2026-01-30T03:36:52.123Z' }

      at Logger.logMethod [as log] (utils/logger.ts:82:7)

    console.log
      [INFO] Upcoming meetings loaded { count: 2, timestamp: '2026-01-30T03:36:52.123Z' }

      at Logger.logMethod [as log] (utils/logger.ts:82:7)

    console.log
      [INFO] Upcoming meetings loaded { count: 2, timestamp: '2026-01-30T03:36:52.123Z' }

      at Logger.logMethod [as log] (utils/logger.ts:82:7)

    console.log
      [INFO] Upcoming meetings loaded { count: 2, timestamp: '2026-01-30T03:36:52.123Z' }

      at Logger.logMethod [as log] (utils/logger.ts:82:7)

    console.log
      [INFO] Upcoming meetings loaded { count: 2, timestamp: '2026-01-30T03:36:52.123Z' }

      at Logger.logMethod [as log] (utils/logger.ts:82:7)

    console.log
      [INFO] Upcoming meetings loaded { count: 2, timestamp: '2026-01-30T03:36:52.123Z' }

      at Logger.logMethod [as log] (utils/logger.ts:82:7)

    console.log
      [INFO] Upcoming meetings loaded { count: 2, timestamp: '2026-01-30T03:36:52.123Z' }

      at Logger.logMethod [as log] (utils/logger.ts:82:7)

    console.log
      [INFO] Upcoming meetings loaded { count: 2, timestamp: '2026-01-30T03:36:52.123Z' }

      at Logger.logMethod [as log] (utils/logger.ts:82:7)

    console.log
      [INFO] Upcoming meetings loaded { count: 2, timestamp: '2026-01-30T03:36:52.123Z' }

      at Logger.logMethod [as log] (utils/logger.ts:82:7)

    console.log
      [INFO] Upcoming meetings loaded { count: 2, timestamp: '2026-01-30T03:36:52.123Z' }

      at Logger.logMethod [as log] (utils/logger.ts:82:7)

    console.log
      [INFO] Upcoming meetings loaded { count: 2, timestamp: '2026-01-30T03:36:52.124Z' }

      at Logger.logMethod [as log] (utils/logger.ts:82:7)

    console.log
      [INFO] Upcoming meetings loaded { count: 2, timestamp: '2026-01-30T03:36:52.124Z' }

      at Logger.logMethod [as log] (utils/logger.ts:82:7)

    console.log
      [INFO] Upcoming meetings loaded { count: 2, timestamp: '2026-01-30T03:36:52.124Z' }

      at Logger.logMethod [as log] (utils/logger.ts:82:7)

    console.log
      [INFO] Upcoming meetings loaded { count: 2, timestamp: '2026-01-30T03:36:52.124Z' }

      at Logger.logMethod [as log] (utils/logger.ts:82:7)

    console.log
      [INFO] Upcoming meetings loaded { count: 2, timestamp: '2026-01-30T03:36:52.124Z' }

      at Logger.logMethod [as log] (utils/logger.ts:82:7)

    console.log
      [INFO] Upcoming meetings loaded { count: 2, timestamp: '2026-01-30T03:36:52.124Z' }

      at Logger.logMethod [as log] (utils/logger.ts:82:7)

    console.log
      [INFO] Upcoming meetings loaded { count: 2, timestamp: '2026-01-30T03:36:52.124Z' }

      at Logger.logMethod [as log] (utils/logger.ts:82:7)

    console.log
      [INFO] Upcoming meetings loaded { count: 2, timestamp: '2026-01-30T03:36:52.124Z' }

      at Logger.logMethod [as log] (utils/logger.ts:82:7)

    console.log
      [INFO] Upcoming meetings loaded { count: 2, timestamp: '2026-01-30T03:36:52.124Z' }

      at Logger.logMethod [as log] (utils/logger.ts:82:7)

    console.log
      [INFO] Upcoming meetings loaded { count: 2, timestamp: '2026-01-30T03:36:52.125Z' }

      at Logger.logMethod [as log] (utils/logger.ts:82:7)

    console.log
      [INFO] Upcoming meetings loaded { count: 2, timestamp: '2026-01-30T03:36:52.125Z' }

      at Logger.logMethod [as log] (utils/logger.ts:82:7)

    console.log
      [INFO] Upcoming meetings loaded { count: 2, timestamp: '2026-01-30T03:36:52.125Z' }

      at Logger.logMethod [as log] (utils/logger.ts:82:7)

    console.log
      [INFO] Upcoming meetings loaded { count: 2, timestamp: '2026-01-30T03:36:52.125Z' }

      at Logger.logMethod [as log] (utils/logger.ts:82:7)

    console.log
      [INFO] Upcoming meetings loaded { count: 2, timestamp: '2026-01-30T03:36:52.125Z' }

      at Logger.logMethod [as log] (utils/logger.ts:82:7)

    console.log
      [INFO] Upcoming meetings loaded { count: 2, timestamp: '2026-01-30T03:36:52.125Z' }

      at Logger.logMethod [as log] (utils/logger.ts:82:7)

    console.log
      [INFO] Upcoming meetings loaded { count: 2, timestamp: '2026-01-30T03:36:52.125Z' }

      at Logger.logMethod [as log] (utils/logger.ts:82:7)

    console.log
      [INFO] Upcoming meetings loaded { count: 2, timestamp: '2026-01-30T03:36:52.125Z' }

      at Logger.logMethod [as log] (utils/logger.ts:82:7)

    console.log
      [INFO] Upcoming meetings loaded { count: 2, timestamp: '2026-01-30T03:36:52.126Z' }

      at Logger.logMethod [as log] (utils/logger.ts:82:7)

    console.log
      [INFO] Upcoming meetings loaded { count: 2, timestamp: '2026-01-30T03:36:52.126Z' }

      at Logger.logMethod [as log] (utils/logger.ts:82:7)

    console.log
      [INFO] Upcoming meetings loaded { count: 2, timestamp: '2026-01-30T03:36:52.126Z' }

      at Logger.logMethod [as log] (utils/logger.ts:82:7)

    console.log
      [INFO] Upcoming meetings loaded { count: 2, timestamp: '2026-01-30T03:36:52.126Z' }

      at Logger.logMethod [as log] (utils/logger.ts:82:7)

    console.log
      [INFO] Upcoming meetings loaded { count: 2, timestamp: '2026-01-30T03:36:52.126Z' }

      at Logger.logMethod [as log] (utils/logger.ts:82:7)

    console.log
      [INFO] Upcoming meetings loaded { count: 2, timestamp: '2026-01-30T03:36:52.126Z' }

      at Logger.logMethod [as log] (utils/logger.ts:82:7)

    console.log
      [INFO] Upcoming meetings loaded { count: 2, timestamp: '2026-01-30T03:36:52.126Z' }

      at Logger.logMethod [as log] (utils/logger.ts:82:7)

    console.log
      [INFO] Upcoming meetings loaded { count: 2, timestamp: '2026-01-30T03:36:52.126Z' }

      at Logger.logMethod [as log] (utils/logger.ts:82:7)

    console.log
      [INFO] Upcoming meetings loaded { count: 2, timestamp: '2026-01-30T03:36:52.126Z' }

      at Logger.logMethod [as log] (utils/logger.ts:82:7)

    console.log
      [INFO] Upcoming meetings loaded { count: 2, timestamp: '2026-01-30T03:36:52.127Z' }

      at Logger.logMethod [as log] (utils/logger.ts:82:7)

    console.log
      [INFO] Upcoming meetings loaded { count: 2, timestamp: '2026-01-30T03:36:52.127Z' }

      at Logger.logMethod [as log] (utils/logger.ts:82:7)

    console.log
      [INFO] Upcoming meetings loaded { count: 2, timestamp: '2026-01-30T03:36:52.127Z' }

      at Logger.logMethod [as log] (utils/logger.ts:82:7)

    console.log
      [INFO] Upcoming meetings loaded { count: 2, timestamp: '2026-01-30T03:36:52.127Z' }

      at Logger.logMethod [as log] (utils/logger.ts:82:7)

    console.log
      [INFO] Upcoming meetings loaded { count: 2, timestamp: '2026-01-30T03:36:52.127Z' }

      at Logger.logMethod [as log] (utils/logger.ts:82:7)

    console.log
      [INFO] Upcoming meetings loaded { count: 2, timestamp: '2026-01-30T03:36:52.127Z' }

      at Logger.logMethod [as log] (utils/logger.ts:82:7)

    console.log
      [INFO] Upcoming meetings loaded { count: 2, timestamp: '2026-01-30T03:36:52.127Z' }

      at Logger.logMethod [as log] (utils/logger.ts:82:7)

    console.log
      [INFO] Upcoming meetings loaded { count: 2, timestamp: '2026-01-30T03:36:52.127Z' }

      at Logger.logMethod [as log] (utils/logger.ts:82:7)

    console.log
      [INFO] Upcoming meetings loaded { count: 2, timestamp: '2026-01-30T03:36:52.127Z' }

      at Logger.logMethod [as log] (utils/logger.ts:82:7)

    console.log
      [INFO] Upcoming meetings loaded { count: 2, timestamp: '2026-01-30T03:36:52.128Z' }

      at Logger.logMethod [as log] (utils/logger.ts:82:7)

    console.log
      [INFO] Upcoming meetings loaded { count: 2, timestamp: '2026-01-30T03:36:52.128Z' }

      at Logger.logMethod [as log] (utils/logger.ts:82:7)

    console.log
      [INFO] Upcoming meetings loaded { count: 2, timestamp: '2026-01-30T03:36:52.128Z' }

      at Logger.logMethod [as log] (utils/logger.ts:82:7)

    console.log
      [INFO] Upcoming meetings loaded { count: 2, timestamp: '2026-01-30T03:36:52.128Z' }

      at Logger.logMethod [as log] (utils/logger.ts:82:7)

    console.log
      [INFO] Upcoming meetings loaded { count: 2, timestamp: '2026-01-30T03:36:52.128Z' }

      at Logger.logMethod [as log] (utils/logger.ts:82:7)

    console.log
      [INFO] Upcoming meetings loaded { count: 2, timestamp: '2026-01-30T03:36:52.128Z' }

      at Logger.logMethod [as log] (utils/logger.ts:82:7)

    console.log
      [INFO] Upcoming meetings loaded { count: 2, timestamp: '2026-01-30T03:36:52.128Z' }

      at Logger.logMethod [as log] (utils/logger.ts:82:7)

    console.log
      [INFO] Upcoming meetings loaded { count: 2, timestamp: '2026-01-30T03:36:52.128Z' }

      at Logger.logMethod [as log] (utils/logger.ts:82:7)

    console.log
      [INFO] Upcoming meetings loaded { count: 2, timestamp: '2026-01-30T03:36:52.128Z' }

      at Logger.logMethod [as log] (utils/logger.ts:82:7)

    console.log
      [INFO] Upcoming meetings loaded { count: 2, timestamp: '2026-01-30T03:36:52.128Z' }

      at Logger.logMethod [as log] (utils/logger.ts:82:7)

    console.log
      [INFO] Upcoming meetings loaded { count: 2, timestamp: '2026-01-30T03:36:52.129Z' }

      at Logger.logMethod [as log] (utils/logger.ts:82:7)

    console.log
      [INFO] Upcoming meetings loaded { count: 2, timestamp: '2026-01-30T03:36:52.129Z' }

      at Logger.logMethod [as log] (utils/logger.ts:82:7)

    console.log
      [INFO] Upcoming meetings loaded { count: 2, timestamp: '2026-01-30T03:36:52.129Z' }

      at Logger.logMethod [as log] (utils/logger.ts:82:7)

    console.log
      [INFO] Upcoming meetings loaded { count: 2, timestamp: '2026-01-30T03:36:52.129Z' }

      at Logger.logMethod [as log] (utils/logger.ts:82:7)

    console.log
      [INFO] Upcoming meetings loaded { count: 2, timestamp: '2026-01-30T03:36:52.129Z' }

      at Logger.logMethod [as log] (utils/logger.ts:82:7)

    console.log
      [INFO] Upcoming meetings loaded { count: 2, timestamp: '2026-01-30T03:36:52.129Z' }

      at Logger.logMethod [as log] (utils/logger.ts:82:7)

    console.log
      [INFO] Upcoming meetings loaded { count: 2, timestamp: '2026-01-30T03:36:52.129Z' }

      at Logger.logMethod [as log] (utils/logger.ts:82:7)

    console.log
      [INFO] Upcoming meetings loaded { count: 2, timestamp: '2026-01-30T03:36:52.129Z' }

      at Logger.logMethod [as log] (utils/logger.ts:82:7)

    console.log
      [INFO] Upcoming meetings loaded { count: 2, timestamp: '2026-01-30T03:36:52.129Z' }

      at Logger.logMethod [as log] (utils/logger.ts:82:7)

    console.log
      [INFO] Upcoming meetings loaded { count: 2, timestamp: '2026-01-30T03:36:52.130Z' }

      at Logger.logMethod [as log] (utils/logger.ts:82:7)

    console.log
      [INFO] Upcoming meetings loaded { count: 2, timestamp: '2026-01-30T03:36:52.130Z' }

      at Logger.logMethod [as log] (utils/logger.ts:82:7)

    console.log
      [INFO] Upcoming meetings loaded { count: 2, timestamp: '2026-01-30T03:36:52.130Z' }

      at Logger.logMethod [as log] (utils/logger.ts:82:7)

    console.log
      [INFO] Upcoming meetings loaded { count: 2, timestamp: '2026-01-30T03:36:52.130Z' }

      at Logger.logMethod [as log] (utils/logger.ts:82:7)

    console.log
      [INFO] Upcoming meetings loaded { count: 2, timestamp: '2026-01-30T03:36:52.130Z' }

      at Logger.logMethod [as log] (utils/logger.ts:82:7)

    console.log
      [INFO] Upcoming meetings loaded { count: 2, timestamp: '2026-01-30T03:36:52.130Z' }

      at Logger.logMethod [as log] (utils/logger.ts:82:7)

    console.log
      [INFO] Upcoming meetings loaded { count: 2, timestamp: '2026-01-30T03:36:52.130Z' }

      at Logger.logMethod [as log] (utils/logger.ts:82:7)

    console.log
      [INFO] Upcoming meetings loaded { count: 2, timestamp: '2026-01-30T03:36:52.130Z' }

      at Logger.logMethod [as log] (utils/logger.ts:82:7)

    console.log
      [INFO] Upcoming meetings loaded { count: 2, timestamp: '2026-01-30T03:36:52.130Z' }

      at Logger.logMethod [as log] (utils/logger.ts:82:7)

    console.log
      [INFO] Upcoming meetings loaded { count: 2, timestamp: '2026-01-30T03:36:52.131Z' }

      at Logger.logMethod [as log] (utils/logger.ts:82:7)

    console.log
      [INFO] Upcoming meetings loaded { count: 2, timestamp: '2026-01-30T03:36:52.131Z' }

      at Logger.logMethod [as log] (utils/logger.ts:82:7)

    console.log
      [INFO] Upcoming meetings loaded { count: 2, timestamp: '2026-01-30T03:36:52.131Z' }

      at Logger.logMethod [as log] (utils/logger.ts:82:7)

    console.log
      [INFO] Upcoming meetings loaded { count: 2, timestamp: '2026-01-30T03:36:52.131Z' }

      at Logger.logMethod [as log] (utils/logger.ts:82:7)

    console.log
      [INFO] Upcoming meetings loaded { count: 2, timestamp: '2026-01-30T03:36:52.131Z' }

      at Logger.logMethod [as log] (utils/logger.ts:82:7)

    console.log
      [INFO] Upcoming meetings loaded { count: 2, timestamp: '2026-01-30T03:36:52.132Z' }

      at Logger.logMethod [as log] (utils/logger.ts:82:7)

    console.log
      [INFO] Upcoming meetings loaded { count: 2, timestamp: '2026-01-30T03:36:52.133Z' }

      at Logger.logMethod [as log] (utils/logger.ts:82:7)

    console.log
      [INFO] Upcoming meetings loaded { count: 2, timestamp: '2026-01-30T03:36:52.133Z' }

      at Logger.logMethod [as log] (utils/logger.ts:82:7)

    console.log
      [INFO] Upcoming meetings loaded { count: 2, timestamp: '2026-01-30T03:36:52.133Z' }

      at Logger.logMethod [as log] (utils/logger.ts:82:7)

    console.log
      [INFO] Upcoming meetings loaded { count: 2, timestamp: '2026-01-30T03:36:52.133Z' }

      at Logger.logMethod [as log] (utils/logger.ts:82:7)

    console.log
      [INFO] Upcoming meetings loaded { count: 2, timestamp: '2026-01-30T03:36:52.133Z' }

      at Logger.logMethod [as log] (utils/logger.ts:82:7)

    console.log
      [INFO] Upcoming meetings loaded { count: 2, timestamp: '2026-01-30T03:36:52.133Z' }

      at Logger.logMethod [as log] (utils/logger.ts:82:7)

    console.log
      [INFO] Upcoming meetings loaded { count: 2, timestamp: '2026-01-30T03:36:52.133Z' }

      at Logger.logMethod [as log] (utils/logger.ts:82:7)

    console.log
      [INFO] Upcoming meetings loaded { count: 2, timestamp: '2026-01-30T03:36:52.133Z' }

      at Logger.logMethod [as log] (utils/logger.ts:82:7)

    console.log
      [INFO] Upcoming meetings loaded { count: 2, timestamp: '2026-01-30T03:36:52.134Z' }

      at Logger.logMethod [as log] (utils/logger.ts:82:7)

    console.log
      [INFO] Upcoming meetings loaded { count: 2, timestamp: '2026-01-30T03:36:52.134Z' }

      at Logger.logMethod [as log] (utils/logger.ts:82:7)

    console.log
      [INFO] Upcoming meetings loaded { count: 2, timestamp: '2026-01-30T03:36:52.134Z' }

      at Logger.logMethod [as log] (utils/logger.ts:82:7)

    console.log
      [INFO] Upcoming meetings loaded { count: 2, timestamp: '2026-01-30T03:36:52.134Z' }

      at Logger.logMethod [as log] (utils/logger.ts:82:7)

    console.log
      [INFO] Upcoming meetings loaded { count: 2, timestamp: '2026-01-30T03:36:52.134Z' }

      at Logger.logMethod [as log] (utils/logger.ts:82:7)

    console.log
      [INFO] Upcoming meetings loaded { count: 2, timestamp: '2026-01-30T03:36:52.134Z' }

      at Logger.logMethod [as log] (utils/logger.ts:82:7)

    console.log
      [INFO] Upcoming meetings loaded { count: 2, timestamp: '2026-01-30T03:36:52.134Z' }

      at Logger.logMethod [as log] (utils/logger.ts:82:7)

    console.log
      [INFO] Upcoming meetings loaded { count: 2, timestamp: '2026-01-30T03:36:52.134Z' }

      at Logger.logMethod [as log] (utils/logger.ts:82:7)

    console.log
      [INFO] Upcoming meetings loaded { count: 2, timestamp: '2026-01-30T03:36:52.134Z' }

      at Logger.logMethod [as log] (utils/logger.ts:82:7)

    console.log
      [INFO] Upcoming meetings loaded { count: 2, timestamp: '2026-01-30T03:36:52.134Z' }

      at Logger.logMethod [as log] (utils/logger.ts:82:7)

    console.log
      [INFO] Upcoming meetings loaded { count: 2, timestamp: '2026-01-30T03:36:52.135Z' }

      at Logger.logMethod [as log] (utils/logger.ts:82:7)

    console.log
      [INFO] Upcoming meetings loaded { count: 2, timestamp: '2026-01-30T03:36:52.135Z' }

      at Logger.logMethod [as log] (utils/logger.ts:82:7)

    console.log
      [INFO] Upcoming meetings loaded { count: 2, timestamp: '2026-01-30T03:36:52.135Z' }

      at Logger.logMethod [as log] (utils/logger.ts:82:7)

    console.log
      [INFO] Upcoming meetings loaded { count: 2, timestamp: '2026-01-30T03:36:52.135Z' }

      at Logger.logMethod [as log] (utils/logger.ts:82:7)

    console.log
      [INFO] Upcoming meetings loaded { count: 2, timestamp: '2026-01-30T03:36:52.135Z' }

      at Logger.logMethod [as log] (utils/logger.ts:82:7)

    console.log
      [INFO] Upcoming meetings loaded { count: 2, timestamp: '2026-01-30T03:36:52.135Z' }

      at Logger.logMethod [as log] (utils/logger.ts:82:7)

    console.log
      [INFO] Upcoming meetings loaded { count: 2, timestamp: '2026-01-30T03:36:52.135Z' }

      at Logger.logMethod [as log] (utils/logger.ts:82:7)

    console.log
      [INFO] Upcoming meetings loaded { count: 2, timestamp: '2026-01-30T03:36:52.135Z' }

      at Logger.logMethod [as log] (utils/logger.ts:82:7)

    console.log
      [INFO] Upcoming meetings loaded { count: 2, timestamp: '2026-01-30T03:36:52.135Z' }

      at Logger.logMethod [as log] (utils/logger.ts:82:7)

    console.log
      [INFO] Upcoming meetings loaded { count: 2, timestamp: '2026-01-30T03:36:52.136Z' }

      at Logger.logMethod [as log] (utils/logger.ts:82:7)

    console.log
      [INFO] Upcoming meetings loaded { count: 2, timestamp: '2026-01-30T03:36:52.136Z' }

      at Logger.logMethod [as log] (utils/logger.ts:82:7)

    console.log
      [INFO] Upcoming meetings loaded { count: 2, timestamp: '2026-01-30T03:36:52.136Z' }

      at Logger.logMethod [as log] (utils/logger.ts:82:7)

    console.log
      [INFO] Upcoming meetings loaded { count: 2, timestamp: '2026-01-30T03:36:52.136Z' }

      at Logger.logMethod [as log] (utils/logger.ts:82:7)

    console.log
      [INFO] Upcoming meetings loaded { count: 2, timestamp: '2026-01-30T03:36:52.136Z' }

      at Logger.logMethod [as log] (utils/logger.ts:82:7)

    console.log
      [INFO] Upcoming meetings loaded { count: 2, timestamp: '2026-01-30T03:36:52.136Z' }

      at Logger.logMethod [as log] (utils/logger.ts:82:7)

    console.log
      [INFO] Upcoming meetings loaded { count: 2, timestamp: '2026-01-30T03:36:52.136Z' }

      at Logger.logMethod [as log] (utils/logger.ts:82:7)

    console.log
      [INFO] Upcoming meetings loaded { count: 2, timestamp: '2026-01-30T03:36:52.136Z' }

      at Logger.logMethod [as log] (utils/logger.ts:82:7)

    console.log
      [INFO] Upcoming meetings loaded { count: 2, timestamp: '2026-01-30T03:36:52.136Z' }

      at Logger.logMethod [as log] (utils/logger.ts:82:7)

    console.log
      [INFO] Upcoming meetings loaded { count: 2, timestamp: '2026-01-30T03:36:52.137Z' }

      at Logger.logMethod [as log] (utils/logger.ts:82:7)

    console.log
      [INFO] Upcoming meetings loaded { count: 2, timestamp: '2026-01-30T03:36:52.137Z' }

      at Logger.logMethod [as log] (utils/logger.ts:82:7)

    console.log
      [INFO] Upcoming meetings loaded { count: 2, timestamp: '2026-01-30T03:36:52.137Z' }

      at Logger.logMethod [as log] (utils/logger.ts:82:7)

    console.log
      [INFO] Upcoming meetings loaded { count: 2, timestamp: '2026-01-30T03:36:52.137Z' }

      at Logger.logMethod [as log] (utils/logger.ts:82:7)

    console.log
      [INFO] Upcoming meetings loaded { count: 2, timestamp: '2026-01-30T03:36:52.137Z' }

      at Logger.logMethod [as log] (utils/logger.ts:82:7)

    console.log
      [INFO] Upcoming meetings loaded { count: 2, timestamp: '2026-01-30T03:36:52.137Z' }

      at Logger.logMethod [as log] (utils/logger.ts:82:7)

    console.log
      [INFO] Upcoming meetings loaded { count: 2, timestamp: '2026-01-30T03:36:52.137Z' }

      at Logger.logMethod [as log] (utils/logger.ts:82:7)

    console.log
      [INFO] Upcoming meetings loaded { count: 2, timestamp: '2026-01-30T03:36:52.137Z' }

      at Logger.logMethod [as log] (utils/logger.ts:82:7)

    console.log
      [INFO] Upcoming meetings loaded { count: 2, timestamp: '2026-01-30T03:36:52.137Z' }

      at Logger.logMethod [as log] (utils/logger.ts:82:7)

    console.log
      [INFO] Upcoming meetings loaded { count: 2, timestamp: '2026-01-30T03:36:52.137Z' }

      at Logger.logMethod [as log] (utils/logger.ts:82:7)

    console.log
      [INFO] Upcoming meetings loaded { count: 2, timestamp: '2026-01-30T03:36:52.138Z' }

      at Logger.logMethod [as log] (utils/logger.ts:82:7)

    console.log
      [INFO] Upcoming meetings loaded { count: 2, timestamp: '2026-01-30T03:36:52.138Z' }

      at Logger.logMethod [as log] (utils/logger.ts:82:7)

    console.log
      [INFO] Upcoming meetings loaded { count: 2, timestamp: '2026-01-30T03:36:52.138Z' }

      at Logger.logMethod [as log] (utils/logger.ts:82:7)

    console.log
      [INFO] Upcoming meetings loaded { count: 2, timestamp: '2026-01-30T03:36:52.138Z' }

      at Logger.logMethod [as log] (utils/logger.ts:82:7)

    console.log
      [INFO] Upcoming meetings loaded { count: 2, timestamp: '2026-01-30T03:36:52.138Z' }

      at Logger.logMethod [as log] (utils/logger.ts:82:7)

    console.log
      [INFO] Upcoming meetings loaded { count: 2, timestamp: '2026-01-30T03:36:52.138Z' }

      at Logger.logMethod [as log] (utils/logger.ts:82:7)

    console.log
      [INFO] Upcoming meetings loaded { count: 2, timestamp: '2026-01-30T03:36:52.138Z' }

      at Logger.logMethod [as log] (utils/logger.ts:82:7)

    console.log
      [INFO] Upcoming meetings loaded { count: 2, timestamp: '2026-01-30T03:36:52.138Z' }

      at Logger.logMethod [as log] (utils/logger.ts:82:7)

    console.log
      [INFO] Upcoming meetings loaded { count: 2, timestamp: '2026-01-30T03:36:52.138Z' }

      at Logger.logMethod [as log] (utils/logger.ts:82:7)

    console.log
      [INFO] Upcoming meetings loaded { count: 2, timestamp: '2026-01-30T03:36:52.139Z' }

      at Logger.logMethod [as log] (utils/logger.ts:82:7)

    console.log
      [INFO] Upcoming meetings loaded { count: 2, timestamp: '2026-01-30T03:36:52.139Z' }

      at Logger.logMethod [as log] (utils/logger.ts:82:7)

    console.log
      [INFO] Upcoming meetings loaded { count: 2, timestamp: '2026-01-30T03:36:52.139Z' }

      at Logger.logMethod [as log] (utils/logger.ts:82:7)

    console.log
      [INFO] Upcoming meetings loaded { count: 2, timestamp: '2026-01-30T03:36:52.139Z' }

      at Logger.logMethod [as log] (utils/logger.ts:82:7)

    console.log
      [INFO] Upcoming meetings loaded { count: 2, timestamp: '2026-01-30T03:36:52.139Z' }

      at Logger.logMethod [as log] (utils/logger.ts:82:7)

    console.log
      [INFO] Upcoming meetings loaded { count: 2, timestamp: '2026-01-30T03:36:52.139Z' }

      at Logger.logMethod [as log] (utils/logger.ts:82:7)

    console.log
      [INFO] Upcoming meetings loaded { count: 2, timestamp: '2026-01-30T03:36:52.139Z' }

      at Logger.logMethod [as log] (utils/logger.ts:82:7)

    console.log
      [INFO] Upcoming meetings loaded { count: 2, timestamp: '2026-01-30T03:36:52.139Z' }

      at Logger.logMethod [as log] (utils/logger.ts:82:7)

    console.log
      [INFO] Upcoming meetings loaded { count: 2, timestamp: '2026-01-30T03:36:52.139Z' }

      at Logger.logMethod [as log] (utils/logger.ts:82:7)

    console.log
      [INFO] Upcoming meetings loaded { count: 2, timestamp: '2026-01-30T03:36:52.139Z' }

      at Logger.logMethod [as log] (utils/logger.ts:82:7)

    console.log
      [INFO] Upcoming meetings loaded { count: 2, timestamp: '2026-01-30T03:36:52.140Z' }

      at Logger.logMethod [as log] (utils/logger.ts:82:7)

    console.log
      [INFO] Upcoming meetings loaded { count: 2, timestamp: '2026-01-30T03:36:52.140Z' }

      at Logger.logMethod [as log] (utils/logger.ts:82:7)

    console.log
      [INFO] Upcoming meetings loaded { count: 2, timestamp: '2026-01-30T03:36:52.140Z' }

      at Logger.logMethod [as log] (utils/logger.ts:82:7)

    console.log
      [INFO] Upcoming meetings loaded { count: 2, timestamp: '2026-01-30T03:36:52.140Z' }

      at Logger.logMethod [as log] (utils/logger.ts:82:7)

    console.log
      [INFO] Upcoming meetings loaded { count: 2, timestamp: '2026-01-30T03:36:52.140Z' }

      at Logger.logMethod [as log] (utils/logger.ts:82:7)

    console.log
      [INFO] Upcoming meetings loaded { count: 2, timestamp: '2026-01-30T03:36:52.140Z' }

      at Logger.logMethod [as log] (utils/logger.ts:82:7)

    console.log
      [INFO] Upcoming meetings loaded { count: 2, timestamp: '2026-01-30T03:36:52.140Z' }

      at Logger.logMethod [as log] (utils/logger.ts:82:7)

    console.log
      [INFO] Upcoming meetings loaded { count: 2, timestamp: '2026-01-30T03:36:52.140Z' }

      at Logger.logMethod [as log] (utils/logger.ts:82:7)

    console.log
      [INFO] Upcoming meetings loaded { count: 2, timestamp: '2026-01-30T03:36:52.140Z' }

      at Logger.logMethod [as log] (utils/logger.ts:82:7)

    console.log
      [INFO] Upcoming meetings loaded { count: 2, timestamp: '2026-01-30T03:36:52.141Z' }

      at Logger.logMethod [as log] (utils/logger.ts:82:7)

    console.log
      [INFO] Upcoming meetings loaded { count: 2, timestamp: '2026-01-30T03:36:52.141Z' }

      at Logger.logMethod [as log] (utils/logger.ts:82:7)

    console.log
      [INFO] Upcoming meetings loaded { count: 2, timestamp: '2026-01-30T03:36:52.141Z' }

      at Logger.logMethod [as log] (utils/logger.ts:82:7)

    console.log
      [INFO] Upcoming meetings loaded { count: 2, timestamp: '2026-01-30T03:36:52.141Z' }

      at Logger.logMethod [as log] (utils/logger.ts:82:7)

    console.log
      [INFO] Upcoming meetings loaded { count: 2, timestamp: '2026-01-30T03:36:52.141Z' }

      at Logger.logMethod [as log] (utils/logger.ts:82:7)

    console.log
      [INFO] Upcoming meetings loaded { count: 2, timestamp: '2026-01-30T03:36:52.141Z' }

      at Logger.logMethod [as log] (utils/logger.ts:82:7)

    console.log
      [INFO] Upcoming meetings loaded { count: 2, timestamp: '2026-01-30T03:36:52.141Z' }

      at Logger.logMethod [as log] (utils/logger.ts:82:7)

    console.log
      [INFO] Upcoming meetings loaded { count: 2, timestamp: '2026-01-30T03:36:52.141Z' }

      at Logger.logMethod [as log] (utils/logger.ts:82:7)

    console.log
      [INFO] Upcoming meetings loaded { count: 2, timestamp: '2026-01-30T03:36:52.141Z' }

      at Logger.logMethod [as log] (utils/logger.ts:82:7)

    console.log
      [INFO] Upcoming meetings loaded { count: 2, timestamp: '2026-01-30T03:36:52.141Z' }

      at Logger.logMethod [as log] (utils/logger.ts:82:7)

    console.log
      [INFO] Upcoming meetings loaded { count: 2, timestamp: '2026-01-30T03:36:52.142Z' }

      at Logger.logMethod [as log] (utils/logger.ts:82:7)

    console.log
      [INFO] Upcoming meetings loaded { count: 2, timestamp: '2026-01-30T03:36:52.142Z' }

      at Logger.logMethod [as log] (utils/logger.ts:82:7)

    console.log
      [INFO] Upcoming meetings loaded { count: 2, timestamp: '2026-01-30T03:36:52.142Z' }

      at Logger.logMethod [as log] (utils/logger.ts:82:7)

    console.log
      [INFO] Upcoming meetings loaded { count: 2, timestamp: '2026-01-30T03:36:52.142Z' }

      at Logger.logMethod [as log] (utils/logger.ts:82:7)

    console.log
      [INFO] Upcoming meetings loaded { count: 2, timestamp: '2026-01-30T03:36:52.142Z' }

      at Logger.logMethod [as log] (utils/logger.ts:82:7)

    console.log
      [INFO] Upcoming meetings loaded { count: 2, timestamp: '2026-01-30T03:36:52.142Z' }

      at Logger.logMethod [as log] (utils/logger.ts:82:7)

    console.log
      [INFO] Upcoming meetings loaded { count: 2, timestamp: '2026-01-30T03:36:52.142Z' }

      at Logger.logMethod [as log] (utils/logger.ts:82:7)

    console.log
      [INFO] Upcoming meetings loaded { count: 2, timestamp: '2026-01-30T03:36:52.142Z' }

      at Logger.logMethod [as log] (utils/logger.ts:82:7)

    console.log
      [INFO] Upcoming meetings loaded { count: 2, timestamp: '2026-01-30T03:36:52.142Z' }

      at Logger.logMethod [as log] (utils/logger.ts:82:7)

    console.log
      [INFO] Upcoming meetings loaded { count: 2, timestamp: '2026-01-30T03:36:52.143Z' }

      at Logger.logMethod [as log] (utils/logger.ts:82:7)

    console.log
      [INFO] Upcoming meetings loaded { count: 2, timestamp: '2026-01-30T03:36:52.143Z' }

      at Logger.logMethod [as log] (utils/logger.ts:82:7)

    console.log
      [INFO] Upcoming meetings loaded { count: 2, timestamp: '2026-01-30T03:36:52.143Z' }

      at Logger.logMethod [as log] (utils/logger.ts:82:7)

    console.log
      [INFO] Upcoming meetings loaded { count: 2, timestamp: '2026-01-30T03:36:52.143Z' }

      at Logger.logMethod [as log] (utils/logger.ts:82:7)

    console.log
      [INFO] Upcoming meetings loaded { count: 2, timestamp: '2026-01-30T03:36:52.143Z' }

      at Logger.logMethod [as log] (utils/logger.ts:82:7)

    console.log
      [INFO] Upcoming meetings loaded { count: 2, timestamp: '2026-01-30T03:36:52.143Z' }

      at Logger.logMethod [as log] (utils/logger.ts:82:7)

    console.log
      [INFO] Upcoming meetings loaded { count: 2, timestamp: '2026-01-30T03:36:52.143Z' }

      at Logger.logMethod [as log] (utils/logger.ts:82:7)

    console.log
      [INFO] Upcoming meetings loaded { count: 2, timestamp: '2026-01-30T03:36:52.143Z' }

      at Logger.logMethod [as log] (utils/logger.ts:82:7)

    console.log
      [INFO] Upcoming meetings loaded { count: 2, timestamp: '2026-01-30T03:36:52.143Z' }

      at Logger.logMethod [as log] (utils/logger.ts:82:7)

    console.log
      [INFO] Upcoming meetings loaded { count: 2, timestamp: '2026-01-30T03:36:52.144Z' }

      at Logger.logMethod [as log] (utils/logger.ts:82:7)

    console.log
      [INFO] Upcoming meetings loaded { count: 2, timestamp: '2026-01-30T03:36:52.144Z' }

      at Logger.logMethod [as log] (utils/logger.ts:82:7)

    console.log
      [INFO] Upcoming meetings loaded { count: 2, timestamp: '2026-01-30T03:36:52.144Z' }

      at Logger.logMethod [as log] (utils/logger.ts:82:7)

    console.log
      [INFO] Upcoming meetings loaded { count: 2, timestamp: '2026-01-30T03:36:52.144Z' }

      at Logger.logMethod [as log] (utils/logger.ts:82:7)

    console.log
      [INFO] Upcoming meetings loaded { count: 2, timestamp: '2026-01-30T03:36:52.144Z' }

      at Logger.logMethod [as log] (utils/logger.ts:82:7)

    console.log
      [INFO] Upcoming meetings loaded { count: 2, timestamp: '2026-01-30T03:36:52.144Z' }

      at Logger.logMethod [as log] (utils/logger.ts:82:7)

    console.log
      [INFO] Upcoming meetings loaded { count: 2, timestamp: '2026-01-30T03:36:52.144Z' }

      at Logger.logMethod [as log] (utils/logger.ts:82:7)

    console.log
      [INFO] Upcoming meetings loaded { count: 2, timestamp: '2026-01-30T03:36:52.144Z' }

      at Logger.logMethod [as log] (utils/logger.ts:82:7)

    console.log
      [INFO] Upcoming meetings loaded { count: 2, timestamp: '2026-01-30T03:36:52.144Z' }

      at Logger.logMethod [as log] (utils/logger.ts:82:7)

    console.log
      [INFO] Upcoming meetings loaded { count: 2, timestamp: '2026-01-30T03:36:52.144Z' }

      at Logger.logMethod [as log] (utils/logger.ts:82:7)

    console.log
      [INFO] Upcoming meetings loaded { count: 2, timestamp: '2026-01-30T03:36:52.145Z' }

      at Logger.logMethod [as log] (utils/logger.ts:82:7)

    console.log
      [INFO] Upcoming meetings loaded { count: 2, timestamp: '2026-01-30T03:36:52.145Z' }

      at Logger.logMethod [as log] (utils/logger.ts:82:7)

    console.log
      [INFO] Upcoming meetings loaded { count: 2, timestamp: '2026-01-30T03:36:52.145Z' }

      at Logger.logMethod [as log] (utils/logger.ts:82:7)

    console.log
      [INFO] Upcoming meetings loaded { count: 2, timestamp: '2026-01-30T03:36:52.145Z' }

      at Logger.logMethod [as log] (utils/logger.ts:82:7)

    console.log
      [INFO] Upcoming meetings loaded { count: 2, timestamp: '2026-01-30T03:36:52.145Z' }

      at Logger.logMethod [as log] (utils/logger.ts:82:7)

    console.log
      [INFO] Upcoming meetings loaded { count: 2, timestamp: '2026-01-30T03:36:52.145Z' }

      at Logger.logMethod [as log] (utils/logger.ts:82:7)

    console.log
      [INFO] Upcoming meetings loaded { count: 2, timestamp: '2026-01-30T03:36:52.145Z' }

      at Logger.logMethod [as log] (utils/logger.ts:82:7)

    console.log
      [INFO] Upcoming meetings loaded { count: 2, timestamp: '2026-01-30T03:36:52.145Z' }

      at Logger.logMethod [as log] (utils/logger.ts:82:7)

    console.log
      [INFO] Upcoming meetings loaded { count: 2, timestamp: '2026-01-30T03:36:52.145Z' }

      at Logger.logMethod [as log] (utils/logger.ts:82:7)

    console.log
      [INFO] Upcoming meetings loaded { count: 2, timestamp: '2026-01-30T03:36:52.146Z' }

      at Logger.logMethod [as log] (utils/logger.ts:82:7)

    console.log
      [INFO] Upcoming meetings loaded { count: 2, timestamp: '2026-01-30T03:36:52.146Z' }

      at Logger.logMethod [as log] (utils/logger.ts:82:7)

    console.log
      [INFO] Upcoming meetings loaded { count: 2, timestamp: '2026-01-30T03:36:52.146Z' }

      at Logger.logMethod [as log] (utils/logger.ts:82:7)

    console.log
      [INFO] Upcoming meetings loaded { count: 2, timestamp: '2026-01-30T03:36:52.146Z' }

      at Logger.logMethod [as log] (utils/logger.ts:82:7)

    console.log
      [INFO] Upcoming meetings loaded { count: 2, timestamp: '2026-01-30T03:36:52.146Z' }

      at Logger.logMethod [as log] (utils/logger.ts:82:7)

    console.log
      [INFO] Upcoming meetings loaded { count: 2, timestamp: '2026-01-30T03:36:52.146Z' }

      at Logger.logMethod [as log] (utils/logger.ts:82:7)

    console.log
      [INFO] Upcoming meetings loaded { count: 2, timestamp: '2026-01-30T03:36:52.146Z' }

      at Logger.logMethod [as log] (utils/logger.ts:82:7)

    console.log
      [INFO] Upcoming meetings loaded { count: 2, timestamp: '2026-01-30T03:36:52.146Z' }

      at Logger.logMethod [as log] (utils/logger.ts:82:7)

    console.log
      [INFO] Upcoming meetings loaded { count: 2, timestamp: '2026-01-30T03:36:52.146Z' }

      at Logger.logMethod [as log] (utils/logger.ts:82:7)

    console.log
      [INFO] Upcoming meetings loaded { count: 2, timestamp: '2026-01-30T03:36:52.146Z' }

      at Logger.logMethod [as log] (utils/logger.ts:82:7)

    console.log
      [INFO] Upcoming meetings loaded { count: 2, timestamp: '2026-01-30T03:36:52.147Z' }

      at Logger.logMethod [as log] (utils/logger.ts:82:7)

    console.log
      [INFO] Upcoming meetings loaded { count: 2, timestamp: '2026-01-30T03:36:52.147Z' }

      at Logger.logMethod [as log] (utils/logger.ts:82:7)

    console.log
      [INFO] Upcoming meetings loaded { count: 2, timestamp: '2026-01-30T03:36:52.147Z' }

      at Logger.logMethod [as log] (utils/logger.ts:82:7)

    console.log
      [INFO] Upcoming meetings loaded { count: 2, timestamp: '2026-01-30T03:36:52.147Z' }

      at Logger.logMethod [as log] (utils/logger.ts:82:7)

    console.log
      [INFO] Upcoming meetings loaded { count: 2, timestamp: '2026-01-30T03:36:52.147Z' }

      at Logger.logMethod [as log] (utils/logger.ts:82:7)

    console.log
      [INFO] Upcoming meetings loaded { count: 2, timestamp: '2026-01-30T03:36:52.147Z' }

      at Logger.logMethod [as log] (utils/logger.ts:82:7)

    console.log
      [INFO] Upcoming meetings loaded { count: 2, timestamp: '2026-01-30T03:36:52.147Z' }

      at Logger.logMethod [as log] (utils/logger.ts:82:7)

    console.log
      [INFO] Upcoming meetings loaded { count: 2, timestamp: '2026-01-30T03:36:52.147Z' }

      at Logger.logMethod [as log] (utils/logger.ts:82:7)

    console.log
      [INFO] Upcoming meetings loaded { count: 2, timestamp: '2026-01-30T03:36:52.147Z' }

      at Logger.logMethod [as log] (utils/logger.ts:82:7)

    console.log
      [INFO] Upcoming meetings loaded { count: 2, timestamp: '2026-01-30T03:36:52.148Z' }

      at Logger.logMethod [as log] (utils/logger.ts:82:7)

    console.log
      [INFO] Upcoming meetings loaded { count: 2, timestamp: '2026-01-30T03:36:52.148Z' }

      at Logger.logMethod [as log] (utils/logger.ts:82:7)

    console.log
      [INFO] Upcoming meetings loaded { count: 2, timestamp: '2026-01-30T03:36:52.148Z' }

      at Logger.logMethod [as log] (utils/logger.ts:82:7)

    console.log
      [INFO] Upcoming meetings loaded { count: 2, timestamp: '2026-01-30T03:36:52.148Z' }

      at Logger.logMethod [as log] (utils/logger.ts:82:7)

    console.log
      [INFO] Upcoming meetings loaded { count: 2, timestamp: '2026-01-30T03:36:52.148Z' }

      at Logger.logMethod [as log] (utils/logger.ts:82:7)

    console.log
      [INFO] Upcoming meetings loaded { count: 2, timestamp: '2026-01-30T03:36:52.148Z' }

      at Logger.logMethod [as log] (utils/logger.ts:82:7)

    console.log
      [INFO] Upcoming meetings loaded { count: 2, timestamp: '2026-01-30T03:36:52.148Z' }

      at Logger.logMethod [as log] (utils/logger.ts:82:7)

    console.log
      [INFO] Upcoming meetings loaded { count: 2, timestamp: '2026-01-30T03:36:52.148Z' }

      at Logger.logMethod [as log] (utils/logger.ts:82:7)

    console.log
      [INFO] Upcoming meetings loaded { count: 2, timestamp: '2026-01-30T03:36:52.148Z' }

      at Logger.logMethod [as log] (utils/logger.ts:82:7)

    console.log
      [INFO] Upcoming meetings loaded { count: 2, timestamp: '2026-01-30T03:36:52.149Z' }

      at Logger.logMethod [as log] (utils/logger.ts:82:7)

    console.log
      [INFO] Upcoming meetings loaded { count: 2, timestamp: '2026-01-30T03:36:52.149Z' }

      at Logger.logMethod [as log] (utils/logger.ts:82:7)

    console.log
      [INFO] Upcoming meetings loaded { count: 2, timestamp: '2026-01-30T03:36:52.149Z' }

      at Logger.logMethod [as log] (utils/logger.ts:82:7)

    console.log
      [INFO] Upcoming meetings loaded { count: 2, timestamp: '2026-01-30T03:36:52.149Z' }

      at Logger.logMethod [as log] (utils/logger.ts:82:7)

    console.log
      [INFO] Upcoming meetings loaded { count: 2, timestamp: '2026-01-30T03:36:52.149Z' }

      at Logger.logMethod [as log] (utils/logger.ts:82:7)

    console.log
      [INFO] Upcoming meetings loaded { count: 2, timestamp: '2026-01-30T03:36:52.149Z' }

      at Logger.logMethod [as log] (utils/logger.ts:82:7)

    console.log
      [INFO] Upcoming meetings loaded { count: 2, timestamp: '2026-01-30T03:36:52.149Z' }

      at Logger.logMethod [as log] (utils/logger.ts:82:7)

    console.log
      [INFO] Upcoming meetings loaded { count: 2, timestamp: '2026-01-30T03:36:52.149Z' }

      at Logger.logMethod [as log] (utils/logger.ts:82:7)

    console.log
      [INFO] Upcoming meetings loaded { count: 2, timestamp: '2026-01-30T03:36:52.149Z' }

      at Logger.logMethod [as log] (utils/logger.ts:82:7)

    console.log
      [INFO] Upcoming meetings loaded { count: 2, timestamp: '2026-01-30T03:36:52.150Z' }

      at Logger.logMethod [as log] (utils/logger.ts:82:7)

    console.log
      [INFO] Upcoming meetings loaded { count: 2, timestamp: '2026-01-30T03:36:52.150Z' }

      at Logger.logMethod [as log] (utils/logger.ts:82:7)

    console.log
      [INFO] Upcoming meetings loaded { count: 2, timestamp: '2026-01-30T03:36:52.150Z' }

      at Logger.logMethod [as log] (utils/logger.ts:82:7)

    console.log
      [INFO] Upcoming meetings loaded { count: 2, timestamp: '2026-01-30T03:36:52.150Z' }

      at Logger.logMethod [as log] (utils/logger.ts:82:7)

    console.log
      [INFO] Upcoming meetings loaded { count: 2, timestamp: '2026-01-30T03:36:52.150Z' }

      at Logger.logMethod [as log] (utils/logger.ts:82:7)

    console.log
      [INFO] Upcoming meetings loaded { count: 2, timestamp: '2026-01-30T03:36:52.150Z' }

      at Logger.logMethod [as log] (utils/logger.ts:82:7)

    console.log
      [INFO] Upcoming meetings loaded { count: 2, timestamp: '2026-01-30T03:36:52.150Z' }

      at Logger.logMethod [as log] (utils/logger.ts:82:7)

    console.log
      [INFO] Upcoming meetings loaded { count: 2, timestamp: '2026-01-30T03:36:52.150Z' }

      at Logger.logMethod [as log] (utils/logger.ts:82:7)

    console.log
      [INFO] Upcoming meetings loaded { count: 2, timestamp: '2026-01-30T03:36:52.150Z' }

      at Logger.logMethod [as log] (utils/logger.ts:82:7)

    console.log
      [INFO] Upcoming meetings loaded { count: 2, timestamp: '2026-01-30T03:36:52.151Z' }

      at Logger.logMethod [as log] (utils/logger.ts:82:7)

    console.log
      [INFO] Upcoming meetings loaded { count: 2, timestamp: '2026-01-30T03:36:52.151Z' }

      at Logger.logMethod [as log] (utils/logger.ts:82:7)

    console.log
      [INFO] Upcoming meetings loaded { count: 2, timestamp: '2026-01-30T03:36:52.151Z' }

      at Logger.logMethod [as log] (utils/logger.ts:82:7)

    console.log
      [INFO] Upcoming meetings loaded { count: 2, timestamp: '2026-01-30T03:36:52.151Z' }

      at Logger.logMethod [as log] (utils/logger.ts:82:7)

    console.log
      [INFO] Upcoming meetings loaded { count: 2, timestamp: '2026-01-30T03:36:52.151Z' }

      at Logger.logMethod [as log] (utils/logger.ts:82:7)

    console.log
      [INFO] Upcoming meetings loaded { count: 2, timestamp: '2026-01-30T03:36:52.151Z' }

      at Logger.logMethod [as log] (utils/logger.ts:82:7)

    console.log
      [INFO] Upcoming meetings loaded { count: 2, timestamp: '2026-01-30T03:36:52.151Z' }

      at Logger.logMethod [as log] (utils/logger.ts:82:7)

    console.log
      [INFO] Upcoming meetings loaded { count: 2, timestamp: '2026-01-30T03:36:52.151Z' }

      at Logger.logMethod [as log] (utils/logger.ts:82:7)

    console.log
      [INFO] Upcoming meetings loaded { count: 2, timestamp: '2026-01-30T03:36:52.151Z' }

      at Logger.logMethod [as log] (utils/logger.ts:82:7)

    console.log
      [INFO] Upcoming meetings loaded { count: 2, timestamp: '2026-01-30T03:36:52.152Z' }

      at Logger.logMethod [as log] (utils/logger.ts:82:7)

    console.log
      [INFO] Upcoming meetings loaded { count: 2, timestamp: '2026-01-30T03:36:52.152Z' }

      at Logger.logMethod [as log] (utils/logger.ts:82:7)

    console.log
      [INFO] Upcoming meetings loaded { count: 2, timestamp: '2026-01-30T03:36:52.152Z' }

      at Logger.logMethod [as log] (utils/logger.ts:82:7)

    console.log
      [INFO] Upcoming meetings loaded { count: 2, timestamp: '2026-01-30T03:36:52.152Z' }

      at Logger.logMethod [as log] (utils/logger.ts:82:7)

    console.log
      [INFO] Upcoming meetings loaded { count: 2, timestamp: '2026-01-30T03:36:52.152Z' }

      at Logger.logMethod [as log] (utils/logger.ts:82:7)

    console.log
      [INFO] Upcoming meetings loaded { count: 2, timestamp: '2026-01-30T03:36:52.152Z' }

      at Logger.logMethod [as log] (utils/logger.ts:82:7)

    console.log
      [INFO] Upcoming meetings loaded { count: 2, timestamp: '2026-01-30T03:36:52.152Z' }

      at Logger.logMethod [as log] (utils/logger.ts:82:7)

    console.log
      [INFO] Upcoming meetings loaded { count: 2, timestamp: '2026-01-30T03:36:52.152Z' }

      at Logger.logMethod [as log] (utils/logger.ts:82:7)

    console.log
      [INFO] Upcoming meetings loaded { count: 2, timestamp: '2026-01-30T03:36:52.152Z' }

      at Logger.logMethod [as log] (utils/logger.ts:82:7)

    console.log
      [INFO] Upcoming meetings loaded { count: 2, timestamp: '2026-01-30T03:36:52.152Z' }

      at Logger.logMethod [as log] (utils/logger.ts:82:7)

    console.log
      [INFO] Upcoming meetings loaded { count: 2, timestamp: '2026-01-30T03:36:52.153Z' }

      at Logger.logMethod [as log] (utils/logger.ts:82:7)

    console.log
      [INFO] Upcoming meetings loaded { count: 2, timestamp: '2026-01-30T03:36:52.153Z' }

      at Logger.logMethod [as log] (utils/logger.ts:82:7)

    console.log
      [INFO] Upcoming meetings loaded { count: 2, timestamp: '2026-01-30T03:36:52.153Z' }

      at Logger.logMethod [as log] (utils/logger.ts:82:7)

    console.log
      [INFO] Upcoming meetings loaded { count: 2, timestamp: '2026-01-30T03:36:52.153Z' }

      at Logger.logMethod [as log] (utils/logger.ts:82:7)

    console.log
      [INFO] Upcoming meetings loaded { count: 2, timestamp: '2026-01-30T03:36:52.153Z' }

      at Logger.logMethod [as log] (utils/logger.ts:82:7)

    console.log
      [INFO] Upcoming meetings loaded { count: 2, timestamp: '2026-01-30T03:36:52.153Z' }

      at Logger.logMethod [as log] (utils/logger.ts:82:7)

    console.log
      [INFO] Upcoming meetings loaded { count: 2, timestamp: '2026-01-30T03:36:52.153Z' }

      at Logger.logMethod [as log] (utils/logger.ts:82:7)

    console.log
      [INFO] Upcoming meetings loaded { count: 2, timestamp: '2026-01-30T03:36:52.153Z' }

      at Logger.logMethod [as log] (utils/logger.ts:82:7)

    console.log
      [INFO] Upcoming meetings loaded { count: 2, timestamp: '2026-01-30T03:36:52.153Z' }

      at Logger.logMethod [as log] (utils/logger.ts:82:7)

    console.log
      [INFO] Upcoming meetings loaded { count: 2, timestamp: '2026-01-30T03:36:52.154Z' }

      at Logger.logMethod [as log] (utils/logger.ts:82:7)

    console.log
      [INFO] Upcoming meetings loaded { count: 2, timestamp: '2026-01-30T03:36:52.154Z' }

      at Logger.logMethod [as log] (utils/logger.ts:82:7)

    console.log
      [INFO] Upcoming meetings loaded { count: 2, timestamp: '2026-01-30T03:36:52.154Z' }

      at Logger.logMethod [as log] (utils/logger.ts:82:7)

    console.log
      [INFO] Upcoming meetings loaded { count: 2, timestamp: '2026-01-30T03:36:52.154Z' }

      at Logger.logMethod [as log] (utils/logger.ts:82:7)

    console.log
      [INFO] Upcoming meetings loaded { count: 2, timestamp: '2026-01-30T03:36:52.154Z' }

      at Logger.logMethod [as log] (utils/logger.ts:82:7)

    console.log
      [INFO] Upcoming meetings loaded { count: 2, timestamp: '2026-01-30T03:36:52.154Z' }

      at Logger.logMethod [as log] (utils/logger.ts:82:7)

    console.log
      [INFO] Upcoming meetings loaded { count: 2, timestamp: '2026-01-30T03:36:52.154Z' }

      at Logger.logMethod [as log] (utils/logger.ts:82:7)

    console.log
      [INFO] Upcoming meetings loaded { count: 2, timestamp: '2026-01-30T03:36:52.154Z' }

      at Logger.logMethod [as log] (utils/logger.ts:82:7)

    console.log
      [INFO] Upcoming meetings loaded { count: 2, timestamp: '2026-01-30T03:36:52.154Z' }

      at Logger.logMethod [as log] (utils/logger.ts:82:7)

    console.log
      [INFO] Upcoming meetings loaded { count: 2, timestamp: '2026-01-30T03:36:52.155Z' }

      at Logger.logMethod [as log] (utils/logger.ts:82:7)

    console.log
      [INFO] Upcoming meetings loaded { count: 2, timestamp: '2026-01-30T03:36:52.155Z' }

      at Logger.logMethod [as log] (utils/logger.ts:82:7)

    console.log
      [INFO] Upcoming meetings loaded { count: 2, timestamp: '2026-01-30T03:36:52.155Z' }

      at Logger.logMethod [as log] (utils/logger.ts:82:7)

    console.log
      [INFO] Upcoming meetings loaded { count: 2, timestamp: '2026-01-30T03:36:52.155Z' }

      at Logger.logMethod [as log] (utils/logger.ts:82:7)

    console.log
      [INFO] Upcoming meetings loaded { count: 2, timestamp: '2026-01-30T03:36:52.155Z' }

      at Logger.logMethod [as log] (utils/logger.ts:82:7)

    console.log
      [INFO] Upcoming meetings loaded { count: 2, timestamp: '2026-01-30T03:36:52.155Z' }

      at Logger.logMethod [as log] (utils/logger.ts:82:7)

    console.log
      [INFO] Upcoming meetings loaded { count: 2, timestamp: '2026-01-30T03:36:52.155Z' }

      at Logger.logMethod [as log] (utils/logger.ts:82:7)

    console.log
      [INFO] Upcoming meetings loaded { count: 2, timestamp: '2026-01-30T03:36:52.155Z' }

      at Logger.logMethod [as log] (utils/logger.ts:82:7)

    console.log
      [INFO] Upcoming meetings loaded { count: 2, timestamp: '2026-01-30T03:36:52.155Z' }

      at Logger.logMethod [as log] (utils/logger.ts:82:7)

    console.log
      [INFO] Upcoming meetings loaded { count: 2, timestamp: '2026-01-30T03:36:52.155Z' }

      at Logger.logMethod [as log] (utils/logger.ts:82:7)

    console.log
      [INFO] Upcoming meetings loaded { count: 2, timestamp: '2026-01-30T03:36:52.156Z' }

      at Logger.logMethod [as log] (utils/logger.ts:82:7)

    console.log
      [INFO] Upcoming meetings loaded { count: 2, timestamp: '2026-01-30T03:36:52.156Z' }

      at Logger.logMethod [as log] (utils/logger.ts:82:7)

    console.log
      [INFO] Upcoming meetings loaded { count: 2, timestamp: '2026-01-30T03:36:52.156Z' }

      at Logger.logMethod [as log] (utils/logger.ts:82:7)

    console.log
      [INFO] Upcoming meetings loaded { count: 2, timestamp: '2026-01-30T03:36:52.156Z' }

      at Logger.logMethod [as log] (utils/logger.ts:82:7)

    console.log
      [INFO] Upcoming meetings loaded { count: 2, timestamp: '2026-01-30T03:36:52.156Z' }

      at Logger.logMethod [as log] (utils/logger.ts:82:7)

    console.log
      [INFO] Upcoming meetings loaded { count: 2, timestamp: '2026-01-30T03:36:52.156Z' }

      at Logger.logMethod [as log] (utils/logger.ts:82:7)

    console.log
      [INFO] Upcoming meetings loaded { count: 2, timestamp: '2026-01-30T03:36:52.156Z' }

      at Logger.logMethod [as log] (utils/logger.ts:82:7)

    console.log
      [INFO] Upcoming meetings loaded { count: 2, timestamp: '2026-01-30T03:36:52.156Z' }

      at Logger.logMethod [as log] (utils/logger.ts:82:7)

    console.log
      [INFO] Upcoming meetings loaded { count: 2, timestamp: '2026-01-30T03:36:52.156Z' }

      at Logger.logMethod [as log] (utils/logger.ts:82:7)

    console.log
      [INFO] Upcoming meetings loaded { count: 2, timestamp: '2026-01-30T03:36:52.157Z' }

      at Logger.logMethod [as log] (utils/logger.ts:82:7)

    console.log
      [INFO] Upcoming meetings loaded { count: 2, timestamp: '2026-01-30T03:36:52.157Z' }

      at Logger.logMethod [as log] (utils/logger.ts:82:7)

    console.log
      [INFO] Upcoming meetings loaded { count: 2, timestamp: '2026-01-30T03:36:52.157Z' }

      at Logger.logMethod [as log] (utils/logger.ts:82:7)

    console.log
      [INFO] Upcoming meetings loaded { count: 2, timestamp: '2026-01-30T03:36:52.157Z' }

      at Logger.logMethod [as log] (utils/logger.ts:82:7)

    console.log
      [INFO] Upcoming meetings loaded { count: 2, timestamp: '2026-01-30T03:36:52.157Z' }

      at Logger.logMethod [as log] (utils/logger.ts:82:7)

    console.log
      [INFO] Upcoming meetings loaded { count: 2, timestamp: '2026-01-30T03:36:52.157Z' }

      at Logger.logMethod [as log] (utils/logger.ts:82:7)

    console.log
      [INFO] Upcoming meetings loaded { count: 2, timestamp: '2026-01-30T03:36:52.157Z' }

      at Logger.logMethod [as log] (utils/logger.ts:82:7)

    console.log
      [INFO] Upcoming meetings loaded { count: 2, timestamp: '2026-01-30T03:36:52.157Z' }

      at Logger.logMethod [as log] (utils/logger.ts:82:7)

    console.log
      [INFO] Upcoming meetings loaded { count: 2, timestamp: '2026-01-30T03:36:52.157Z' }

      at Logger.logMethod [as log] (utils/logger.ts:82:7)

    console.log
      [INFO] Upcoming meetings loaded { count: 2, timestamp: '2026-01-30T03:36:52.158Z' }

      at Logger.logMethod [as log] (utils/logger.ts:82:7)

    console.log
      [INFO] Upcoming meetings loaded { count: 2, timestamp: '2026-01-30T03:36:52.158Z' }

      at Logger.logMethod [as log] (utils/logger.ts:82:7)

    console.log
      [INFO] Upcoming meetings loaded { count: 2, timestamp: '2026-01-30T03:36:52.158Z' }

      at Logger.logMethod [as log] (utils/logger.ts:82:7)

    console.log
      [INFO] Upcoming meetings loaded { count: 2, timestamp: '2026-01-30T03:36:52.158Z' }

      at Logger.logMethod [as log] (utils/logger.ts:82:7)

    console.log
      [INFO] Upcoming meetings loaded { count: 2, timestamp: '2026-01-30T03:36:52.158Z' }

      at Logger.logMethod [as log] (utils/logger.ts:82:7)

    console.log
      [INFO] Upcoming meetings loaded { count: 2, timestamp: '2026-01-30T03:36:52.158Z' }

      at Logger.logMethod [as log] (utils/logger.ts:82:7)

    console.log
      [INFO] Upcoming meetings loaded { count: 2, timestamp: '2026-01-30T03:36:52.158Z' }

      at Logger.logMethod [as log] (utils/logger.ts:82:7)

    console.log
      [INFO] Upcoming meetings loaded { count: 2, timestamp: '2026-01-30T03:36:52.158Z' }

      at Logger.logMethod [as log] (utils/logger.ts:82:7)

    console.log
      [INFO] Upcoming meetings loaded { count: 2, timestamp: '2026-01-30T03:36:52.158Z' }

      at Logger.logMethod [as log] (utils/logger.ts:82:7)

    console.log
      [INFO] Upcoming meetings loaded { count: 2, timestamp: '2026-01-30T03:36:52.159Z' }

      at Logger.logMethod [as log] (utils/logger.ts:82:7)

    console.log
      [INFO] Upcoming meetings loaded { count: 2, timestamp: '2026-01-30T03:36:52.159Z' }

      at Logger.logMethod [as log] (utils/logger.ts:82:7)

    console.log
      [INFO] Upcoming meetings loaded { count: 2, timestamp: '2026-01-30T03:36:52.159Z' }

      at Logger.logMethod [as log] (utils/logger.ts:82:7)

    console.log
      [INFO] Upcoming meetings loaded { count: 2, timestamp: '2026-01-30T03:36:52.159Z' }

      at Logger.logMethod [as log] (utils/logger.ts:82:7)

    console.log
      [INFO] Upcoming meetings loaded { count: 2, timestamp: '2026-01-30T03:36:52.159Z' }

      at Logger.logMethod [as log] (utils/logger.ts:82:7)

    console.log
      [INFO] Upcoming meetings loaded { count: 2, timestamp: '2026-01-30T03:36:52.159Z' }

      at Logger.logMethod [as log] (utils/logger.ts:82:7)

    console.log
      [INFO] Upcoming meetings loaded { count: 2, timestamp: '2026-01-30T03:36:52.159Z' }

      at Logger.logMethod [as log] (utils/logger.ts:82:7)

    console.log
      [INFO] Upcoming meetings loaded { count: 2, timestamp: '2026-01-30T03:36:52.159Z' }

      at Logger.logMethod [as log] (utils/logger.ts:82:7)

    console.log
      [INFO] Upcoming meetings loaded { count: 2, timestamp: '2026-01-30T03:36:52.159Z' }

      at Logger.logMethod [as log] (utils/logger.ts:82:7)

    console.log
      [INFO] Upcoming meetings loaded { count: 2, timestamp: '2026-01-30T03:36:52.159Z' }

      at Logger.logMethod [as log] (utils/logger.ts:82:7)

    console.log
      [INFO] Upcoming meetings loaded { count: 2, timestamp: '2026-01-30T03:36:52.160Z' }

      at Logger.logMethod [as log] (utils/logger.ts:82:7)

    console.log
      [INFO] Upcoming meetings loaded { count: 2, timestamp: '2026-01-30T03:36:52.160Z' }

      at Logger.logMethod [as log] (utils/logger.ts:82:7)

    console.log
      [INFO] Upcoming meetings loaded { count: 2, timestamp: '2026-01-30T03:36:52.160Z' }

      at Logger.logMethod [as log] (utils/logger.ts:82:7)

    console.log
      [INFO] Upcoming meetings loaded { count: 2, timestamp: '2026-01-30T03:36:52.160Z' }

      at Logger.logMethod [as log] (utils/logger.ts:82:7)

    console.log
      [INFO] Upcoming meetings loaded { count: 2, timestamp: '2026-01-30T03:36:52.160Z' }

      at Logger.logMethod [as log] (utils/logger.ts:82:7)

    console.log
      [INFO] Upcoming meetings loaded { count: 2, timestamp: '2026-01-30T03:36:52.160Z' }

      at Logger.logMethod [as log] (utils/logger.ts:82:7)

    console.log
      [INFO] Upcoming meetings loaded { count: 2, timestamp: '2026-01-30T03:36:52.160Z' }

      at Logger.logMethod [as log] (utils/logger.ts:82:7)

    console.log
      [INFO] Upcoming meetings loaded { count: 2, timestamp: '2026-01-30T03:36:52.160Z' }

      at Logger.logMethod [as log] (utils/logger.ts:82:7)

    console.log
      [INFO] Upcoming meetings loaded { count: 2, timestamp: '2026-01-30T03:36:52.160Z' }

      at Logger.logMethod [as log] (utils/logger.ts:82:7)

    console.log
      [INFO] Upcoming meetings loaded { count: 2, timestamp: '2026-01-30T03:36:52.160Z' }

      at Logger.logMethod [as log] (utils/logger.ts:82:7)

    console.log
      [INFO] Upcoming meetings loaded { count: 2, timestamp: '2026-01-30T03:36:52.161Z' }

      at Logger.logMethod [as log] (utils/logger.ts:82:7)

    console.log
      [INFO] Upcoming meetings loaded { count: 2, timestamp: '2026-01-30T03:36:52.161Z' }

      at Logger.logMethod [as log] (utils/logger.ts:82:7)

    console.log
      [INFO] Upcoming meetings loaded { count: 2, timestamp: '2026-01-30T03:36:52.161Z' }

      at Logger.logMethod [as log] (utils/logger.ts:82:7)

    console.log
      [INFO] Upcoming meetings loaded { count: 2, timestamp: '2026-01-30T03:36:52.161Z' }

      at Logger.logMethod [as log] (utils/logger.ts:82:7)

    console.log
      [INFO] Upcoming meetings loaded { count: 2, timestamp: '2026-01-30T03:36:52.161Z' }

      at Logger.logMethod [as log] (utils/logger.ts:82:7)

    console.log
      [INFO] Upcoming meetings loaded { count: 2, timestamp: '2026-01-30T03:36:52.161Z' }

      at Logger.logMethod [as log] (utils/logger.ts:82:7)

    console.log
      [INFO] Upcoming meetings loaded { count: 2, timestamp: '2026-01-30T03:36:52.161Z' }

      at Logger.logMethod [as log] (utils/logger.ts:82:7)

    console.log
      [INFO] Upcoming meetings loaded { count: 2, timestamp: '2026-01-30T03:36:52.161Z' }

      at Logger.logMethod [as log] (utils/logger.ts:82:7)

    console.log
      [INFO] Upcoming meetings loaded { count: 2, timestamp: '2026-01-30T03:36:52.161Z' }

      at Logger.logMethod [as log] (utils/logger.ts:82:7)

    console.log
      [INFO] Upcoming meetings loaded { count: 2, timestamp: '2026-01-30T03:36:52.162Z' }

      at Logger.logMethod [as log] (utils/logger.ts:82:7)

    console.log
      [INFO] Upcoming meetings loaded { count: 2, timestamp: '2026-01-30T03:36:52.162Z' }

      at Logger.logMethod [as log] (utils/logger.ts:82:7)

    console.log
      [INFO] Upcoming meetings loaded { count: 2, timestamp: '2026-01-30T03:36:52.162Z' }

      at Logger.logMethod [as log] (utils/logger.ts:82:7)

    console.log
      [INFO] Upcoming meetings loaded { count: 2, timestamp: '2026-01-30T03:36:52.162Z' }

      at Logger.logMethod [as log] (utils/logger.ts:82:7)

    console.log
      [INFO] Upcoming meetings loaded { count: 2, timestamp: '2026-01-30T03:36:52.162Z' }

      at Logger.logMethod [as log] (utils/logger.ts:82:7)

    console.log
      [INFO] Upcoming meetings loaded { count: 2, timestamp: '2026-01-30T03:36:52.162Z' }

      at Logger.logMethod [as log] (utils/logger.ts:82:7)

    console.log
      [INFO] Upcoming meetings loaded { count: 2, timestamp: '2026-01-30T03:36:52.162Z' }

      at Logger.logMethod [as log] (utils/logger.ts:82:7)

    console.log
      [INFO] Upcoming meetings loaded { count: 2, timestamp: '2026-01-30T03:36:52.162Z' }

      at Logger.logMethod [as log] (utils/logger.ts:82:7)

    console.log
      [INFO] Upcoming meetings loaded { count: 2, timestamp: '2026-01-30T03:36:52.162Z' }

      at Logger.logMethod [as log] (utils/logger.ts:82:7)

    console.log
      [INFO] Upcoming meetings loaded { count: 2, timestamp: '2026-01-30T03:36:52.162Z' }

      at Logger.logMethod [as log] (utils/logger.ts:82:7)

    console.log
      [INFO] Upcoming meetings loaded { count: 2, timestamp: '2026-01-30T03:36:52.163Z' }

      at Logger.logMethod [as log] (utils/logger.ts:82:7)

    console.log
      [INFO] Upcoming meetings loaded { count: 2, timestamp: '2026-01-30T03:36:52.163Z' }

      at Logger.logMethod [as log] (utils/logger.ts:82:7)

    console.log
      [INFO] Upcoming meetings loaded { count: 2, timestamp: '2026-01-30T03:36:52.163Z' }

      at Logger.logMethod [as log] (utils/logger.ts:82:7)

    console.log
      [INFO] Upcoming meetings loaded { count: 2, timestamp: '2026-01-30T03:36:52.163Z' }

      at Logger.logMethod [as log] (utils/logger.ts:82:7)

    console.log
      [INFO] Upcoming meetings loaded { count: 2, timestamp: '2026-01-30T03:36:52.163Z' }

      at Logger.logMethod [as log] (utils/logger.ts:82:7)

    console.log
      [INFO] Upcoming meetings loaded { count: 2, timestamp: '2026-01-30T03:36:52.163Z' }

      at Logger.logMethod [as log] (utils/logger.ts:82:7)

    console.log
      [INFO] Upcoming meetings loaded { count: 2, timestamp: '2026-01-30T03:36:52.163Z' }

      at Logger.logMethod [as log] (utils/logger.ts:82:7)

    console.log
      [INFO] Upcoming meetings loaded { count: 2, timestamp: '2026-01-30T03:36:52.163Z' }

      at Logger.logMethod [as log] (utils/logger.ts:82:7)

    console.log
      [INFO] Upcoming meetings loaded { count: 2, timestamp: '2026-01-30T03:36:52.163Z' }

      at Logger.logMethod [as log] (utils/logger.ts:82:7)

    console.log
      [INFO] Upcoming meetings loaded { count: 2, timestamp: '2026-01-30T03:36:52.164Z' }

      at Logger.logMethod [as log] (utils/logger.ts:82:7)

    console.log
      [INFO] Meeting added to phone calendar { meetingId: 'meeting1', timestamp: '2026-01-30T03:36:52.164Z' }

      at Logger.logMethod [as log] (utils/logger.ts:82:7)

    console.log
      [INFO] Upcoming meetings loaded { count: 2, timestamp: '2026-01-30T03:36:52.164Z' }

      at Logger.logMethod [as log] (utils/logger.ts:82:7)

    console.log
      [INFO] Upcoming meetings loaded { count: 2, timestamp: '2026-01-30T03:36:52.165Z' }

      at Logger.logMethod [as log] (utils/logger.ts:82:7)

    console.log
      [INFO] Upcoming meetings loaded { count: 2, timestamp: '2026-01-30T03:36:52.166Z' }

      at Logger.logMethod [as log] (utils/logger.ts:82:7)

    console.log
      [INFO] Upcoming meetings loaded { count: 2, timestamp: '2026-01-30T03:36:52.168Z' }

      at Logger.logMethod [as log] (utils/logger.ts:82:7)

    console.log
      [INFO] Upcoming meetings loaded { count: 2, timestamp: '2026-01-30T03:36:52.169Z' }

      at Logger.logMethod [as log] (utils/logger.ts:82:7)

    console.log
      [INFO] Upcoming meetings loaded { count: 2, timestamp: '2026-01-30T03:36:52.169Z' }

      at Logger.logMethod [as log] (utils/logger.ts:82:7)

    console.log
      [INFO] Upcoming meetings loaded { count: 2, timestamp: '2026-01-30T03:36:52.169Z' }

      at Logger.logMethod [as log] (utils/logger.ts:82:7)

    console.log
      [INFO] Upcoming meetings loaded { count: 2, timestamp: '2026-01-30T03:36:52.169Z' }

      at Logger.logMethod [as log] (utils/logger.ts:82:7)

    console.log
      [INFO] Upcoming meetings loaded { count: 2, timestamp: '2026-01-30T03:36:52.169Z' }

      at Logger.logMethod [as log] (utils/logger.ts:82:7)

    console.log
      [INFO] Upcoming meetings loaded { count: 2, timestamp: '2026-01-30T03:36:52.169Z' }

      at Logger.logMethod [as log] (utils/logger.ts:82:7)

    console.log
      [INFO] Upcoming meetings loaded { count: 2, timestamp: '2026-01-30T03:36:52.169Z' }

      at Logger.logMethod [as log] (utils/logger.ts:82:7)

    console.log
      [INFO] Upcoming meetings loaded { count: 2, timestamp: '2026-01-30T03:36:52.169Z' }

      at Logger.logMethod [as log] (utils/logger.ts:82:7)

    console.log
      [INFO] Upcoming meetings loaded { count: 2, timestamp: '2026-01-30T03:36:52.169Z' }

      at Logger.logMethod [as log] (utils/logger.ts:82:7)

    console.log
      [INFO] Upcoming meetings loaded { count: 2, timestamp: '2026-01-30T03:36:52.170Z' }

      at Logger.logMethod [as log] (utils/logger.ts:82:7)

    console.log
      [INFO] Upcoming meetings loaded { count: 2, timestamp: '2026-01-30T03:36:52.170Z' }

      at Logger.logMethod [as log] (utils/logger.ts:82:7)

    console.log
      [INFO] Upcoming meetings loaded { count: 2, timestamp: '2026-01-30T03:36:52.170Z' }

      at Logger.logMethod [as log] (utils/logger.ts:82:7)

    console.log
      [INFO] Upcoming meetings loaded { count: 2, timestamp: '2026-01-30T03:36:52.170Z' }

      at Logger.logMethod [as log] (utils/logger.ts:82:7)

    console.log
      [INFO] Upcoming meetings loaded { count: 2, timestamp: '2026-01-30T03:36:52.170Z' }

      at Logger.logMethod [as log] (utils/logger.ts:82:7)

    console.log
      [INFO] Upcoming meetings loaded { count: 2, timestamp: '2026-01-30T03:36:52.170Z' }

      at Logger.logMethod [as log] (utils/logger.ts:82:7)

    console.log
      [INFO] Upcoming meetings loaded { count: 2, timestamp: '2026-01-30T03:36:52.170Z' }

      at Logger.logMethod [as log] (utils/logger.ts:82:7)

    console.log
      [INFO] Upcoming meetings loaded { count: 2, timestamp: '2026-01-30T03:36:52.170Z' }

      at Logger.logMethod [as log] (utils/logger.ts:82:7)

    console.log
      [INFO] Upcoming meetings loaded { count: 2, timestamp: '2026-01-30T03:36:52.171Z' }

      at Logger.logMethod [as log] (utils/logger.ts:82:7)

    console.log
      [INFO] Upcoming meetings loaded { count: 2, timestamp: '2026-01-30T03:36:52.171Z' }

      at Logger.logMethod [as log] (utils/logger.ts:82:7)

    console.log
      [INFO] Upcoming meetings loaded { count: 2, timestamp: '2026-01-30T03:36:52.171Z' }

      at Logger.logMethod [as log] (utils/logger.ts:82:7)

    console.log
      [INFO] Upcoming meetings loaded { count: 2, timestamp: '2026-01-30T03:36:52.171Z' }

      at Logger.logMethod [as log] (utils/logger.ts:82:7)

    console.log
      [INFO] Upcoming meetings loaded { count: 2, timestamp: '2026-01-30T03:36:52.171Z' }

      at Logger.logMethod [as log] (utils/logger.ts:82:7)

    console.log
      [INFO] Upcoming meetings loaded { count: 2, timestamp: '2026-01-30T03:36:52.171Z' }

      at Logger.logMethod [as log] (utils/logger.ts:82:7)

    console.log
      [INFO] Upcoming meetings loaded { count: 2, timestamp: '2026-01-30T03:36:52.171Z' }

      at Logger.logMethod [as log] (utils/logger.ts:82:7)

    console.log
      [INFO] Upcoming meetings loaded { count: 2, timestamp: '2026-01-30T03:36:52.171Z' }

      at Logger.logMethod [as log] (utils/logger.ts:82:7)

    console.log
      [INFO] Upcoming meetings loaded { count: 2, timestamp: '2026-01-30T03:36:52.171Z' }

      at Logger.logMethod [as log] (utils/logger.ts:82:7)

    console.log
      [INFO] Upcoming meetings loaded { count: 2, timestamp: '2026-01-30T03:36:52.171Z' }

      at Logger.logMethod [as log] (utils/logger.ts:82:7)

    console.log
      [INFO] Upcoming meetings loaded { count: 2, timestamp: '2026-01-30T03:36:52.172Z' }

      at Logger.logMethod [as log] (utils/logger.ts:82:7)

    console.log
      [INFO] Upcoming meetings loaded { count: 2, timestamp: '2026-01-30T03:36:52.172Z' }

      at Logger.logMethod [as log] (utils/logger.ts:82:7)

    console.log
      [INFO] Upcoming meetings loaded { count: 2, timestamp: '2026-01-30T03:36:52.172Z' }

      at Logger.logMethod [as log] (utils/logger.ts:82:7)

    console.log
      [INFO] Upcoming meetings loaded { count: 2, timestamp: '2026-01-30T03:36:52.172Z' }

      at Logger.logMethod [as log] (utils/logger.ts:82:7)

    console.log
      [INFO] Upcoming meetings loaded { count: 2, timestamp: '2026-01-30T03:36:52.172Z' }

      at Logger.logMethod [as log] (utils/logger.ts:82:7)

    console.log
      [INFO] Upcoming meetings loaded { count: 2, timestamp: '2026-01-30T03:36:52.172Z' }

      at Logger.logMethod [as log] (utils/logger.ts:82:7)

    console.log
      [INFO] Upcoming meetings loaded { count: 2, timestamp: '2026-01-30T03:36:52.172Z' }

      at Logger.logMethod [as log] (utils/logger.ts:82:7)

    console.log
      [INFO] Upcoming meetings loaded { count: 2, timestamp: '2026-01-30T03:36:52.172Z' }

      at Logger.logMethod [as log] (utils/logger.ts:82:7)

    console.log
      [INFO] Upcoming meetings loaded { count: 2, timestamp: '2026-01-30T03:36:52.173Z' }

      at Logger.logMethod [as log] (utils/logger.ts:82:7)

    console.log
      [INFO] Upcoming meetings loaded { count: 2, timestamp: '2026-01-30T03:36:52.173Z' }

      at Logger.logMethod [as log] (utils/logger.ts:82:7)

    console.log
      [INFO] Upcoming meetings loaded { count: 2, timestamp: '2026-01-30T03:36:52.173Z' }

      at Logger.logMethod [as log] (utils/logger.ts:82:7)

    console.log
      [INFO] Upcoming meetings loaded { count: 2, timestamp: '2026-01-30T03:36:52.173Z' }

      at Logger.logMethod [as log] (utils/logger.ts:82:7)

    console.log
      [INFO] Upcoming meetings loaded { count: 2, timestamp: '2026-01-30T03:36:52.173Z' }

      at Logger.logMethod [as log] (utils/logger.ts:82:7)

    console.log
      [INFO] Upcoming meetings loaded { count: 2, timestamp: '2026-01-30T03:36:52.173Z' }

      at Logger.logMethod [as log] (utils/logger.ts:82:7)

    console.log
      [INFO] Upcoming meetings loaded { count: 2, timestamp: '2026-01-30T03:36:52.173Z' }

      at Logger.logMethod [as log] (utils/logger.ts:82:7)

    console.log
      [INFO] Upcoming meetings loaded { count: 2, timestamp: '2026-01-30T03:36:52.173Z' }

      at Logger.logMethod [as log] (utils/logger.ts:82:7)

    console.log
      [INFO] Upcoming meetings loaded { count: 2, timestamp: '2026-01-30T03:36:52.173Z' }

      at Logger.logMethod [as log] (utils/logger.ts:82:7)

    console.log
      [INFO] Upcoming meetings loaded { count: 2, timestamp: '2026-01-30T03:36:52.173Z' }

      at Logger.logMethod [as log] (utils/logger.ts:82:7)

    console.log
      [INFO] Upcoming meetings loaded { count: 2, timestamp: '2026-01-30T03:36:52.174Z' }

      at Logger.logMethod [as log] (utils/logger.ts:82:7)

    console.log
      [INFO] Upcoming meetings loaded { count: 2, timestamp: '2026-01-30T03:36:52.174Z' }

      at Logger.logMethod [as log] (utils/logger.ts:82:7)

    console.log
      [INFO] Upcoming meetings loaded { count: 2, timestamp: '2026-01-30T03:36:52.174Z' }

      at Logger.logMethod [as log] (utils/logger.ts:82:7)

    console.log
      [INFO] Upcoming meetings loaded { count: 2, timestamp: '2026-01-30T03:36:52.174Z' }

      at Logger.logMethod [as log] (utils/logger.ts:82:7)

    console.log
      [INFO] Upcoming meetings loaded { count: 2, timestamp: '2026-01-30T03:36:52.174Z' }

      at Logger.logMethod [as log] (utils/logger.ts:82:7)

    console.log
      [INFO] Upcoming meetings loaded { count: 2, timestamp: '2026-01-30T03:36:52.174Z' }

      at Logger.logMethod [as log] (utils/logger.ts:82:7)

    console.log
      [INFO] Upcoming meetings loaded { count: 2, timestamp: '2026-01-30T03:36:52.174Z' }

      at Logger.logMethod [as log] (utils/logger.ts:82:7)

    console.log
      [INFO] Upcoming meetings loaded { count: 2, timestamp: '2026-01-30T03:36:52.174Z' }

      at Logger.logMethod [as log] (utils/logger.ts:82:7)

    console.log
      [INFO] Upcoming meetings loaded { count: 2, timestamp: '2026-01-30T03:36:52.174Z' }

      at Logger.logMethod [as log] (utils/logger.ts:82:7)

    console.log
      [INFO] Upcoming meetings loaded { count: 2, timestamp: '2026-01-30T03:36:52.175Z' }

      at Logger.logMethod [as log] (utils/logger.ts:82:7)

    console.log
      [INFO] Upcoming meetings loaded { count: 2, timestamp: '2026-01-30T03:36:52.175Z' }

      at Logger.logMethod [as log] (utils/logger.ts:82:7)

    console.log
      [INFO] Upcoming meetings loaded { count: 2, timestamp: '2026-01-30T03:36:52.175Z' }

      at Logger.logMethod [as log] (utils/logger.ts:82:7)

    console.log
      [INFO] Upcoming meetings loaded { count: 2, timestamp: '2026-01-30T03:36:52.175Z' }

      at Logger.logMethod [as log] (utils/logger.ts:82:7)

    console.log
      [INFO] Upcoming meetings loaded { count: 2, timestamp: '2026-01-30T03:36:52.175Z' }

      at Logger.logMethod [as log] (utils/logger.ts:82:7)

    console.log
      [INFO] Upcoming meetings loaded { count: 2, timestamp: '2026-01-30T03:36:52.175Z' }

      at Logger.logMethod [as log] (utils/logger.ts:82:7)

    console.log
      [INFO] Upcoming meetings loaded { count: 2, timestamp: '2026-01-30T03:36:52.175Z' }

      at Logger.logMethod [as log] (utils/logger.ts:82:7)

    console.log
      [INFO] Upcoming meetings loaded { count: 2, timestamp: '2026-01-30T03:36:52.175Z' }

      at Logger.logMethod [as log] (utils/logger.ts:82:7)

    console.log
      [INFO] Upcoming meetings loaded { count: 2, timestamp: '2026-01-30T03:36:52.175Z' }

      at Logger.logMethod [as log] (utils/logger.ts:82:7)

    console.log
      [INFO] Upcoming meetings loaded { count: 2, timestamp: '2026-01-30T03:36:52.175Z' }

      at Logger.logMethod [as log] (utils/logger.ts:82:7)

    console.log
      [INFO] Upcoming meetings loaded { count: 2, timestamp: '2026-01-30T03:36:52.176Z' }

      at Logger.logMethod [as log] (utils/logger.ts:82:7)

    console.log
      [INFO] Upcoming meetings loaded { count: 2, timestamp: '2026-01-30T03:36:52.176Z' }

      at Logger.logMethod [as log] (utils/logger.ts:82:7)

    console.log
      [INFO] Upcoming meetings loaded { count: 2, timestamp: '2026-01-30T03:36:52.176Z' }

      at Logger.logMethod [as log] (utils/logger.ts:82:7)

    console.log
      [INFO] Upcoming meetings loaded { count: 2, timestamp: '2026-01-30T03:36:52.176Z' }

      at Logger.logMethod [as log] (utils/logger.ts:82:7)

    console.log
      [INFO] Upcoming meetings loaded { count: 2, timestamp: '2026-01-30T03:36:52.176Z' }

      at Logger.logMethod [as log] (utils/logger.ts:82:7)

    console.log
      [INFO] Upcoming meetings loaded { count: 2, timestamp: '2026-01-30T03:36:52.176Z' }

      at Logger.logMethod [as log] (utils/logger.ts:82:7)

    console.log
      [INFO] Upcoming meetings loaded { count: 2, timestamp: '2026-01-30T03:36:52.176Z' }

      at Logger.logMethod [as log] (utils/logger.ts:82:7)

    console.log
      [INFO] Upcoming meetings loaded { count: 2, timestamp: '2026-01-30T03:36:52.176Z' }

      at Logger.logMethod [as log] (utils/logger.ts:82:7)

    console.log
      [INFO] Upcoming meetings loaded { count: 2, timestamp: '2026-01-30T03:36:52.176Z' }

      at Logger.logMethod [as log] (utils/logger.ts:82:7)

    console.log
      [INFO] Upcoming meetings loaded { count: 2, timestamp: '2026-01-30T03:36:52.177Z' }

      at Logger.logMethod [as log] (utils/logger.ts:82:7)

    console.log
      [INFO] Upcoming meetings loaded { count: 2, timestamp: '2026-01-30T03:36:52.177Z' }

      at Logger.logMethod [as log] (utils/logger.ts:82:7)

    console.log
      [INFO] Upcoming meetings loaded { count: 2, timestamp: '2026-01-30T03:36:52.177Z' }

      at Logger.logMethod [as log] (utils/logger.ts:82:7)

    console.log
      [INFO] Upcoming meetings loaded { count: 2, timestamp: '2026-01-30T03:36:52.177Z' }

      at Logger.logMethod [as log] (utils/logger.ts:82:7)

    console.log
      [INFO] Upcoming meetings loaded { count: 2, timestamp: '2026-01-30T03:36:52.177Z' }

      at Logger.logMethod [as log] (utils/logger.ts:82:7)

    console.log
      [INFO] Upcoming meetings loaded { count: 2, timestamp: '2026-01-30T03:36:52.177Z' }

      at Logger.logMethod [as log] (utils/logger.ts:82:7)

    console.log
      [INFO] Upcoming meetings loaded { count: 2, timestamp: '2026-01-30T03:36:52.177Z' }

      at Logger.logMethod [as log] (utils/logger.ts:82:7)

    console.log
      [INFO] Upcoming meetings loaded { count: 2, timestamp: '2026-01-30T03:36:52.177Z' }

      at Logger.logMethod [as log] (utils/logger.ts:82:7)

    console.log
      [INFO] Upcoming meetings loaded { count: 2, timestamp: '2026-01-30T03:36:52.177Z' }

      at Logger.logMethod [as log] (utils/logger.ts:82:7)

    console.log
      [INFO] Upcoming meetings loaded { count: 2, timestamp: '2026-01-30T03:36:52.177Z' }

      at Logger.logMethod [as log] (utils/logger.ts:82:7)

    console.log
      [INFO] Upcoming meetings loaded { count: 2, timestamp: '2026-01-30T03:36:52.178Z' }

      at Logger.logMethod [as log] (utils/logger.ts:82:7)

    console.log
      [INFO] Upcoming meetings loaded { count: 2, timestamp: '2026-01-30T03:36:52.178Z' }

      at Logger.logMethod [as log] (utils/logger.ts:82:7)

    console.log
      [INFO] Upcoming meetings loaded { count: 2, timestamp: '2026-01-30T03:36:52.178Z' }

      at Logger.logMethod [as log] (utils/logger.ts:82:7)

    console.log
      [INFO] Upcoming meetings loaded { count: 2, timestamp: '2026-01-30T03:36:52.178Z' }

      at Logger.logMethod [as log] (utils/logger.ts:82:7)

    console.log
      [INFO] Upcoming meetings loaded { count: 2, timestamp: '2026-01-30T03:36:52.178Z' }

      at Logger.logMethod [as log] (utils/logger.ts:82:7)

    console.log
      [INFO] Upcoming meetings loaded { count: 2, timestamp: '2026-01-30T03:36:52.178Z' }

      at Logger.logMethod [as log] (utils/logger.ts:82:7)

    console.log
      [INFO] Upcoming meetings loaded { count: 2, timestamp: '2026-01-30T03:36:52.178Z' }

      at Logger.logMethod [as log] (utils/logger.ts:82:7)

    console.log
      [INFO] Upcoming meetings loaded { count: 2, timestamp: '2026-01-30T03:36:52.178Z' }

      at Logger.logMethod [as log] (utils/logger.ts:82:7)

    console.log
      [INFO] Upcoming meetings loaded { count: 2, timestamp: '2026-01-30T03:36:52.178Z' }

      at Logger.logMethod [as log] (utils/logger.ts:82:7)

    console.log
      [INFO] Upcoming meetings loaded { count: 2, timestamp: '2026-01-30T03:36:52.179Z' }

      at Logger.logMethod [as log] (utils/logger.ts:82:7)

    console.log
      [INFO] Upcoming meetings loaded { count: 2, timestamp: '2026-01-30T03:36:52.179Z' }

      at Logger.logMethod [as log] (utils/logger.ts:82:7)

    console.log
      [INFO] Upcoming meetings loaded { count: 2, timestamp: '2026-01-30T03:36:52.179Z' }

      at Logger.logMethod [as log] (utils/logger.ts:82:7)

    console.log
      [INFO] Upcoming meetings loaded { count: 2, timestamp: '2026-01-30T03:36:52.179Z' }

      at Logger.logMethod [as log] (utils/logger.ts:82:7)

    console.log
      [INFO] Upcoming meetings loaded { count: 2, timestamp: '2026-01-30T03:36:52.179Z' }

      at Logger.logMethod [as log] (utils/logger.ts:82:7)

    console.log
      [INFO] Upcoming meetings loaded { count: 2, timestamp: '2026-01-30T03:36:52.179Z' }

      at Logger.logMethod [as log] (utils/logger.ts:82:7)

    console.log
      [INFO] Upcoming meetings loaded { count: 2, timestamp: '2026-01-30T03:36:52.179Z' }

      at Logger.logMethod [as log] (utils/logger.ts:82:7)

    console.log
      [INFO] Upcoming meetings loaded { count: 2, timestamp: '2026-01-30T03:36:52.179Z' }

      at Logger.logMethod [as log] (utils/logger.ts:82:7)

    console.log
      [INFO] Upcoming meetings loaded { count: 2, timestamp: '2026-01-30T03:36:52.179Z' }

      at Logger.logMethod [as log] (utils/logger.ts:82:7)

    console.log
      [INFO] Upcoming meetings loaded { count: 2, timestamp: '2026-01-30T03:36:52.179Z' }

      at Logger.logMethod [as log] (utils/logger.ts:82:7)

    console.log
      [INFO] Upcoming meetings loaded { count: 2, timestamp: '2026-01-30T03:36:52.180Z' }

      at Logger.logMethod [as log] (utils/logger.ts:82:7)

    console.log
      [INFO] Upcoming meetings loaded { count: 2, timestamp: '2026-01-30T03:36:52.180Z' }

      at Logger.logMethod [as log] (utils/logger.ts:82:7)

    console.log
      [INFO] Upcoming meetings loaded { count: 2, timestamp: '2026-01-30T03:36:52.180Z' }

      at Logger.logMethod [as log] (utils/logger.ts:82:7)

    console.log
      [INFO] Upcoming meetings loaded { count: 2, timestamp: '2026-01-30T03:36:52.180Z' }

      at Logger.logMethod [as log] (utils/logger.ts:82:7)

    console.log
      [INFO] Upcoming meetings loaded { count: 2, timestamp: '2026-01-30T03:36:52.180Z' }

      at Logger.logMethod [as log] (utils/logger.ts:82:7)

    console.log
      [INFO] Upcoming meetings loaded { count: 2, timestamp: '2026-01-30T03:36:52.180Z' }

      at Logger.logMethod [as log] (utils/logger.ts:82:7)

    console.log
      [INFO] Upcoming meetings loaded { count: 2, timestamp: '2026-01-30T03:36:52.180Z' }

      at Logger.logMethod [as log] (utils/logger.ts:82:7)

    console.log
      [INFO] Upcoming meetings loaded { count: 2, timestamp: '2026-01-30T03:36:52.180Z' }

      at Logger.logMethod [as log] (utils/logger.ts:82:7)

    console.log
      [INFO] Upcoming meetings loaded { count: 2, timestamp: '2026-01-30T03:36:52.180Z' }

      at Logger.logMethod [as log] (utils/logger.ts:82:7)

    console.log
      [INFO] Upcoming meetings loaded { count: 2, timestamp: '2026-01-30T03:36:52.181Z' }

      at Logger.logMethod [as log] (utils/logger.ts:82:7)

    console.log
      [INFO] Upcoming meetings loaded { count: 2, timestamp: '2026-01-30T03:36:52.181Z' }

      at Logger.logMethod [as log] (utils/logger.ts:82:7)

    console.log
      [INFO] Upcoming meetings loaded { count: 2, timestamp: '2026-01-30T03:36:52.181Z' }

      at Logger.logMethod [as log] (utils/logger.ts:82:7)

    console.log
      [INFO] Upcoming meetings loaded { count: 2, timestamp: '2026-01-30T03:36:52.181Z' }

      at Logger.logMethod [as log] (utils/logger.ts:82:7)

    console.log
      [INFO] Upcoming meetings loaded { count: 2, timestamp: '2026-01-30T03:36:52.181Z' }

      at Logger.logMethod [as log] (utils/logger.ts:82:7)

    console.log
      [INFO] Upcoming meetings loaded { count: 2, timestamp: '2026-01-30T03:36:52.181Z' }

      at Logger.logMethod [as log] (utils/logger.ts:82:7)

    console.log
      [INFO] Upcoming meetings loaded { count: 2, timestamp: '2026-01-30T03:36:52.181Z' }

      at Logger.logMethod [as log] (utils/logger.ts:82:7)

    console.log
      [INFO] Upcoming meetings loaded { count: 2, timestamp: '2026-01-30T03:36:52.181Z' }

      at Logger.logMethod [as log] (utils/logger.ts:82:7)

    console.log
      [INFO] Upcoming meetings loaded { count: 2, timestamp: '2026-01-30T03:36:52.182Z' }

      at Logger.logMethod [as log] (utils/logger.ts:82:7)

    console.log
      [INFO] Upcoming meetings loaded { count: 2, timestamp: '2026-01-30T03:36:52.182Z' }

      at Logger.logMethod [as log] (utils/logger.ts:82:7)

    console.log
      [INFO] Upcoming meetings loaded { count: 2, timestamp: '2026-01-30T03:36:52.182Z' }

      at Logger.logMethod [as log] (utils/logger.ts:82:7)

    console.log
      [INFO] Upcoming meetings loaded { count: 2, timestamp: '2026-01-30T03:36:52.182Z' }

      at Logger.logMethod [as log] (utils/logger.ts:82:7)

    console.log
      [INFO] Upcoming meetings loaded { count: 2, timestamp: '2026-01-30T03:36:52.182Z' }

      at Logger.logMethod [as log] (utils/logger.ts:82:7)

    console.log
      [INFO] Upcoming meetings loaded { count: 2, timestamp: '2026-01-30T03:36:52.182Z' }

      at Logger.logMethod [as log] (utils/logger.ts:82:7)

    console.log
      [INFO] Upcoming meetings loaded { count: 2, timestamp: '2026-01-30T03:36:52.182Z' }

      at Logger.logMethod [as log] (utils/logger.ts:82:7)

    console.log
      [INFO] Upcoming meetings loaded { count: 2, timestamp: '2026-01-30T03:36:52.182Z' }

      at Logger.logMethod [as log] (utils/logger.ts:82:7)

    console.log
      [INFO] Upcoming meetings loaded { count: 2, timestamp: '2026-01-30T03:36:52.182Z' }

      at Logger.logMethod [as log] (utils/logger.ts:82:7)

    console.log
      [INFO] Upcoming meetings loaded { count: 2, timestamp: '2026-01-30T03:36:52.182Z' }

      at Logger.logMethod [as log] (utils/logger.ts:82:7)

    console.log
      [INFO] Upcoming meetings loaded { count: 2, timestamp: '2026-01-30T03:36:52.183Z' }

      at Logger.logMethod [as log] (utils/logger.ts:82:7)

    console.log
      [INFO] Upcoming meetings loaded { count: 2, timestamp: '2026-01-30T03:36:52.183Z' }

      at Logger.logMethod [as log] (utils/logger.ts:82:7)

    console.log
      [INFO] Upcoming meetings loaded { count: 2, timestamp: '2026-01-30T03:36:52.183Z' }

      at Logger.logMethod [as log] (utils/logger.ts:82:7)

    console.log
      [INFO] Upcoming meetings loaded { count: 2, timestamp: '2026-01-30T03:36:52.183Z' }

      at Logger.logMethod [as log] (utils/logger.ts:82:7)

    console.log
      [INFO] Upcoming meetings loaded { count: 2, timestamp: '2026-01-30T03:36:52.183Z' }

      at Logger.logMethod [as log] (utils/logger.ts:82:7)

    console.log
      [INFO] Upcoming meetings loaded { count: 2, timestamp: '2026-01-30T03:36:52.185Z' }

      at Logger.logMethod [as log] (utils/logger.ts:82:7)

    console.log
      [INFO] Upcoming meetings loaded { count: 2, timestamp: '2026-01-30T03:36:52.185Z' }

      at Logger.logMethod [as log] (utils/logger.ts:82:7)

    console.log
      [INFO] Upcoming meetings loaded { count: 2, timestamp: '2026-01-30T03:36:52.185Z' }

      at Logger.logMethod [as log] (utils/logger.ts:82:7)

    console.log
      [INFO] Upcoming meetings loaded { count: 2, timestamp: '2026-01-30T03:36:52.185Z' }

      at Logger.logMethod [as log] (utils/logger.ts:82:7)

    console.log
      [INFO] Upcoming meetings loaded { count: 2, timestamp: '2026-01-30T03:36:52.185Z' }

      at Logger.logMethod [as log] (utils/logger.ts:82:7)

    console.log
      [INFO] Upcoming meetings loaded { count: 2, timestamp: '2026-01-30T03:36:52.186Z' }

      at Logger.logMethod [as log] (utils/logger.ts:82:7)

    console.log
      [INFO] Upcoming meetings loaded { count: 2, timestamp: '2026-01-30T03:36:52.186Z' }

      at Logger.logMethod [as log] (utils/logger.ts:82:7)

    console.log
      [INFO] Upcoming meetings loaded { count: 2, timestamp: '2026-01-30T03:36:52.186Z' }

      at Logger.logMethod [as log] (utils/logger.ts:82:7)

    console.log
      [INFO] Upcoming meetings loaded { count: 2, timestamp: '2026-01-30T03:36:52.186Z' }

      at Logger.logMethod [as log] (utils/logger.ts:82:7)

    console.log
      [INFO] Upcoming meetings loaded { count: 2, timestamp: '2026-01-30T03:36:52.186Z' }

      at Logger.logMethod [as log] (utils/logger.ts:82:7)

    console.log
      [INFO] Upcoming meetings loaded { count: 2, timestamp: '2026-01-30T03:36:52.186Z' }

      at Logger.logMethod [as log] (utils/logger.ts:82:7)

    console.log
      [INFO] Upcoming meetings loaded { count: 2, timestamp: '2026-01-30T03:36:52.187Z' }

      at Logger.logMethod [as log] (utils/logger.ts:82:7)

    console.log
      [INFO] Upcoming meetings loaded { count: 2, timestamp: '2026-01-30T03:36:52.187Z' }

      at Logger.logMethod [as log] (utils/logger.ts:82:7)

    console.log
      [INFO] Upcoming meetings loaded { count: 2, timestamp: '2026-01-30T03:36:52.187Z' }

      at Logger.logMethod [as log] (utils/logger.ts:82:7)

    console.log
      [INFO] Upcoming meetings loaded { count: 2, timestamp: '2026-01-30T03:36:52.187Z' }

      at Logger.logMethod [as log] (utils/logger.ts:82:7)

    console.log
      [INFO] Upcoming meetings loaded { count: 2, timestamp: '2026-01-30T03:36:52.187Z' }

      at Logger.logMethod [as log] (utils/logger.ts:82:7)

    console.log
      [INFO] Upcoming meetings loaded { count: 2, timestamp: '2026-01-30T03:36:52.187Z' }

      at Logger.logMethod [as log] (utils/logger.ts:82:7)

    console.log
      [INFO] Upcoming meetings loaded { count: 2, timestamp: '2026-01-30T03:36:52.187Z' }

      at Logger.logMethod [as log] (utils/logger.ts:82:7)

    console.log
      [INFO] Upcoming meetings loaded { count: 2, timestamp: '2026-01-30T03:36:52.187Z' }

      at Logger.logMethod [as log] (utils/logger.ts:82:7)

    console.log
      [INFO] Upcoming meetings loaded { count: 2, timestamp: '2026-01-30T03:36:52.188Z' }

      at Logger.logMethod [as log] (utils/logger.ts:82:7)

    console.log
      [INFO] Upcoming meetings loaded { count: 2, timestamp: '2026-01-30T03:36:52.188Z' }

      at Logger.logMethod [as log] (utils/logger.ts:82:7)

    console.log
      [INFO] Upcoming meetings loaded { count: 2, timestamp: '2026-01-30T03:36:52.188Z' }

      at Logger.logMethod [as log] (utils/logger.ts:82:7)

    console.log
      [INFO] Upcoming meetings loaded { count: 2, timestamp: '2026-01-30T03:36:52.188Z' }

      at Logger.logMethod [as log] (utils/logger.ts:82:7)

    console.log
      [INFO] Upcoming meetings loaded { count: 2, timestamp: '2026-01-30T03:36:52.188Z' }

      at Logger.logMethod [as log] (utils/logger.ts:82:7)

    console.log
      [INFO] Upcoming meetings loaded { count: 2, timestamp: '2026-01-30T03:36:52.188Z' }

      at Logger.logMethod [as log] (utils/logger.ts:82:7)

    console.log
      [INFO] Upcoming meetings loaded { count: 2, timestamp: '2026-01-30T03:36:52.188Z' }

      at Logger.logMethod [as log] (utils/logger.ts:82:7)

    console.log
      [INFO] Upcoming meetings loaded { count: 2, timestamp: '2026-01-30T03:36:52.188Z' }

      at Logger.logMethod [as log] (utils/logger.ts:82:7)

    console.log
      [INFO] Upcoming meetings loaded { count: 2, timestamp: '2026-01-30T03:36:52.188Z' }

      at Logger.logMethod [as log] (utils/logger.ts:82:7)

    console.log
      [INFO] Upcoming meetings loaded { count: 2, timestamp: '2026-01-30T03:36:52.189Z' }

      at Logger.logMethod [as log] (utils/logger.ts:82:7)

    console.log
      [INFO] Upcoming meetings loaded { count: 2, timestamp: '2026-01-30T03:36:52.189Z' }

      at Logger.logMethod [as log] (utils/logger.ts:82:7)

    console.log
      [INFO] Upcoming meetings loaded { count: 2, timestamp: '2026-01-30T03:36:52.189Z' }

      at Logger.logMethod [as log] (utils/logger.ts:82:7)

    console.log
      [INFO] Upcoming meetings loaded { count: 2, timestamp: '2026-01-30T03:36:52.189Z' }

      at Logger.logMethod [as log] (utils/logger.ts:82:7)

    console.log
      [INFO] Upcoming meetings loaded { count: 2, timestamp: '2026-01-30T03:36:52.189Z' }

      at Logger.logMethod [as log] (utils/logger.ts:82:7)

    console.log
      [INFO] Upcoming meetings loaded { count: 2, timestamp: '2026-01-30T03:36:52.189Z' }

      at Logger.logMethod [as log] (utils/logger.ts:82:7)

    console.log
      [INFO] Upcoming meetings loaded { count: 2, timestamp: '2026-01-30T03:36:52.189Z' }

      at Logger.logMethod [as log] (utils/logger.ts:82:7)

    console.log
      [INFO] Upcoming meetings loaded { count: 2, timestamp: '2026-01-30T03:36:52.189Z' }

      at Logger.logMethod [as log] (utils/logger.ts:82:7)

    console.log
      [INFO] Upcoming meetings loaded { count: 2, timestamp: '2026-01-30T03:36:52.189Z' }

      at Logger.logMethod [as log] (utils/logger.ts:82:7)

    console.log
      [INFO] Upcoming meetings loaded { count: 2, timestamp: '2026-01-30T03:36:52.190Z' }

      at Logger.logMethod [as log] (utils/logger.ts:82:7)

    console.log
      [INFO] Upcoming meetings loaded { count: 2, timestamp: '2026-01-30T03:36:52.190Z' }

      at Logger.logMethod [as log] (utils/logger.ts:82:7)

    console.log
      [INFO] Upcoming meetings loaded { count: 2, timestamp: '2026-01-30T03:36:52.190Z' }

      at Logger.logMethod [as log] (utils/logger.ts:82:7)

    console.log
      [INFO] Upcoming meetings loaded { count: 2, timestamp: '2026-01-30T03:36:52.190Z' }

      at Logger.logMethod [as log] (utils/logger.ts:82:7)

    console.log
      [INFO] Upcoming meetings loaded { count: 2, timestamp: '2026-01-30T03:36:52.190Z' }

      at Logger.logMethod [as log] (utils/logger.ts:82:7)

    console.log
      [INFO] Upcoming meetings loaded { count: 2, timestamp: '2026-01-30T03:36:52.190Z' }

      at Logger.logMethod [as log] (utils/logger.ts:82:7)

    console.log
      [INFO] Upcoming meetings loaded { count: 2, timestamp: '2026-01-30T03:36:52.190Z' }

      at Logger.logMethod [as log] (utils/logger.ts:82:7)

    console.log
      [INFO] Upcoming meetings loaded { count: 2, timestamp: '2026-01-30T03:36:52.190Z' }

      at Logger.logMethod [as log] (utils/logger.ts:82:7)

    console.log
      [INFO] Upcoming meetings loaded { count: 2, timestamp: '2026-01-30T03:36:52.190Z' }

      at Logger.logMethod [as log] (utils/logger.ts:82:7)

    console.log
      [INFO] Upcoming meetings loaded { count: 2, timestamp: '2026-01-30T03:36:52.190Z' }

      at Logger.logMethod [as log] (utils/logger.ts:82:7)

    console.log
      [INFO] Upcoming meetings loaded { count: 2, timestamp: '2026-01-30T03:36:52.191Z' }

      at Logger.logMethod [as log] (utils/logger.ts:82:7)

    console.log
      [INFO] Upcoming meetings loaded { count: 2, timestamp: '2026-01-30T03:36:52.191Z' }

      at Logger.logMethod [as log] (utils/logger.ts:82:7)

    console.log
      [INFO] Upcoming meetings loaded { count: 2, timestamp: '2026-01-30T03:36:52.191Z' }

      at Logger.logMethod [as log] (utils/logger.ts:82:7)

    console.log
      [INFO] Upcoming meetings loaded { count: 2, timestamp: '2026-01-30T03:36:52.191Z' }

      at Logger.logMethod [as log] (utils/logger.ts:82:7)

    console.log
      [INFO] Upcoming meetings loaded { count: 2, timestamp: '2026-01-30T03:36:52.191Z' }

      at Logger.logMethod [as log] (utils/logger.ts:82:7)

    console.log
      [INFO] Upcoming meetings loaded { count: 2, timestamp: '2026-01-30T03:36:52.191Z' }

      at Logger.logMethod [as log] (utils/logger.ts:82:7)

    console.log
      [INFO] Upcoming meetings loaded { count: 2, timestamp: '2026-01-30T03:36:52.191Z' }

      at Logger.logMethod [as log] (utils/logger.ts:82:7)

    console.log
      [INFO] Upcoming meetings loaded { count: 2, timestamp: '2026-01-30T03:36:52.191Z' }

      at Logger.logMethod [as log] (utils/logger.ts:82:7)

    console.log
      [INFO] Upcoming meetings loaded { count: 2, timestamp: '2026-01-30T03:36:52.191Z' }

      at Logger.logMethod [as log] (utils/logger.ts:82:7)

    console.log
      [INFO] Upcoming meetings loaded { count: 2, timestamp: '2026-01-30T03:36:52.192Z' }

      at Logger.logMethod [as log] (utils/logger.ts:82:7)

    console.log
      [INFO] Upcoming meetings loaded { count: 2, timestamp: '2026-01-30T03:36:52.192Z' }

      at Logger.logMethod [as log] (utils/logger.ts:82:7)

    console.log
      [INFO] Upcoming meetings loaded { count: 2, timestamp: '2026-01-30T03:36:52.192Z' }

      at Logger.logMethod [as log] (utils/logger.ts:82:7)

    console.log
      [INFO] Upcoming meetings loaded { count: 2, timestamp: '2026-01-30T03:36:52.192Z' }

      at Logger.logMethod [as log] (utils/logger.ts:82:7)

    console.log
      [INFO] Upcoming meetings loaded { count: 2, timestamp: '2026-01-30T03:36:52.192Z' }

      at Logger.logMethod [as log] (utils/logger.ts:82:7)

    console.log
      [INFO] Upcoming meetings loaded { count: 2, timestamp: '2026-01-30T03:36:52.192Z' }

      at Logger.logMethod [as log] (utils/logger.ts:82:7)

    console.log
      [INFO] Upcoming meetings loaded { count: 2, timestamp: '2026-01-30T03:36:52.192Z' }

      at Logger.logMethod [as log] (utils/logger.ts:82:7)

    console.log
      [INFO] Upcoming meetings loaded { count: 2, timestamp: '2026-01-30T03:36:52.192Z' }

      at Logger.logMethod [as log] (utils/logger.ts:82:7)

    console.log
      [INFO] Upcoming meetings loaded { count: 2, timestamp: '2026-01-30T03:36:52.192Z' }

      at Logger.logMethod [as log] (utils/logger.ts:82:7)

    console.log
      [INFO] Upcoming meetings loaded { count: 2, timestamp: '2026-01-30T03:36:52.192Z' }

      at Logger.logMethod [as log] (utils/logger.ts:82:7)

    console.log
      [INFO] Upcoming meetings loaded { count: 2, timestamp: '2026-01-30T03:36:52.193Z' }

      at Logger.logMethod [as log] (utils/logger.ts:82:7)

    console.log
      [INFO] Upcoming meetings loaded { count: 2, timestamp: '2026-01-30T03:36:52.193Z' }

      at Logger.logMethod [as log] (utils/logger.ts:82:7)

    console.log
      [INFO] Upcoming meetings loaded { count: 2, timestamp: '2026-01-30T03:36:52.193Z' }

      at Logger.logMethod [as log] (utils/logger.ts:82:7)

    console.log
      [INFO] Upcoming meetings loaded { count: 2, timestamp: '2026-01-30T03:36:52.193Z' }

      at Logger.logMethod [as log] (utils/logger.ts:82:7)

    console.log
      [INFO] Upcoming meetings loaded { count: 2, timestamp: '2026-01-30T03:36:52.193Z' }

      at Logger.logMethod [as log] (utils/logger.ts:82:7)

    console.log
      [INFO] Upcoming meetings loaded { count: 2, timestamp: '2026-01-30T03:36:52.193Z' }

      at Logger.logMethod [as log] (utils/logger.ts:82:7)

    console.log
      [INFO] Upcoming meetings loaded { count: 2, timestamp: '2026-01-30T03:36:52.193Z' }

      at Logger.logMethod [as log] (utils/logger.ts:82:7)

    console.log
      [INFO] Upcoming meetings loaded { count: 2, timestamp: '2026-01-30T03:36:52.193Z' }

      at Logger.logMethod [as log] (utils/logger.ts:82:7)

    console.log
      [INFO] Upcoming meetings loaded { count: 2, timestamp: '2026-01-30T03:36:52.193Z' }

      at Logger.logMethod [as log] (utils/logger.ts:82:7)

    console.log
      [INFO] Upcoming meetings loaded { count: 2, timestamp: '2026-01-30T03:36:52.194Z' }

      at Logger.logMethod [as log] (utils/logger.ts:82:7)

    console.log
      [INFO] Upcoming meetings loaded { count: 2, timestamp: '2026-01-30T03:36:52.194Z' }

      at Logger.logMethod [as log] (utils/logger.ts:82:7)

    console.log
      [INFO] Upcoming meetings loaded { count: 2, timestamp: '2026-01-30T03:36:52.194Z' }

      at Logger.logMethod [as log] (utils/logger.ts:82:7)

    console.log
      [INFO] Upcoming meetings loaded { count: 2, timestamp: '2026-01-30T03:36:52.194Z' }

      at Logger.logMethod [as log] (utils/logger.ts:82:7)

    console.log
      [INFO] Upcoming meetings loaded { count: 2, timestamp: '2026-01-30T03:36:52.194Z' }

      at Logger.logMethod [as log] (utils/logger.ts:82:7)

    console.log
      [INFO] Upcoming meetings loaded { count: 2, timestamp: '2026-01-30T03:36:52.194Z' }

      at Logger.logMethod [as log] (utils/logger.ts:82:7)

    console.log
      [INFO] Upcoming meetings loaded { count: 2, timestamp: '2026-01-30T03:36:52.194Z' }

      at Logger.logMethod [as log] (utils/logger.ts:82:7)

    console.log
      [INFO] Upcoming meetings loaded { count: 2, timestamp: '2026-01-30T03:36:52.194Z' }

      at Logger.logMethod [as log] (utils/logger.ts:82:7)

    console.log
      [INFO] Upcoming meetings loaded { count: 2, timestamp: '2026-01-30T03:36:52.194Z' }

      at Logger.logMethod [as log] (utils/logger.ts:82:7)

    console.log
      [INFO] Upcoming meetings loaded { count: 2, timestamp: '2026-01-30T03:36:52.194Z' }

      at Logger.logMethod [as log] (utils/logger.ts:82:7)

    console.log
      [INFO] Upcoming meetings loaded { count: 2, timestamp: '2026-01-30T03:36:52.195Z' }

      at Logger.logMethod [as log] (utils/logger.ts:82:7)

    console.log
      [INFO] Upcoming meetings loaded { count: 2, timestamp: '2026-01-30T03:36:52.195Z' }

      at Logger.logMethod [as log] (utils/logger.ts:82:7)

    console.log
      [INFO] Upcoming meetings loaded { count: 2, timestamp: '2026-01-30T03:36:52.195Z' }

      at Logger.logMethod [as log] (utils/logger.ts:82:7)

    console.log
      [INFO] Upcoming meetings loaded { count: 2, timestamp: '2026-01-30T03:36:52.195Z' }

      at Logger.logMethod [as log] (utils/logger.ts:82:7)

    console.log
      [INFO] Upcoming meetings loaded { count: 2, timestamp: '2026-01-30T03:36:52.195Z' }

      at Logger.logMethod [as log] (utils/logger.ts:82:7)

    console.log
      [INFO] Upcoming meetings loaded { count: 2, timestamp: '2026-01-30T03:36:52.195Z' }

      at Logger.logMethod [as log] (utils/logger.ts:82:7)

    console.log
      [INFO] Upcoming meetings loaded { count: 2, timestamp: '2026-01-30T03:36:52.195Z' }

      at Logger.logMethod [as log] (utils/logger.ts:82:7)

    console.log
      [INFO] Upcoming meetings loaded { count: 2, timestamp: '2026-01-30T03:36:52.195Z' }

      at Logger.logMethod [as log] (utils/logger.ts:82:7)

    console.log
      [INFO] Upcoming meetings loaded { count: 2, timestamp: '2026-01-30T03:36:52.195Z' }

      at Logger.logMethod [as log] (utils/logger.ts:82:7)

    console.log
      [INFO] Upcoming meetings loaded { count: 2, timestamp: '2026-01-30T03:36:52.196Z' }

      at Logger.logMethod [as log] (utils/logger.ts:82:7)

    console.log
      [INFO] Upcoming meetings loaded { count: 2, timestamp: '2026-01-30T03:36:52.196Z' }

      at Logger.logMethod [as log] (utils/logger.ts:82:7)

    console.log
      [INFO] Upcoming meetings loaded { count: 2, timestamp: '2026-01-30T03:36:52.196Z' }

      at Logger.logMethod [as log] (utils/logger.ts:82:7)

    console.log
      [INFO] Upcoming meetings loaded { count: 2, timestamp: '2026-01-30T03:36:52.196Z' }

      at Logger.logMethod [as log] (utils/logger.ts:82:7)

    console.log
      [INFO] Upcoming meetings loaded { count: 2, timestamp: '2026-01-30T03:36:52.196Z' }

      at Logger.logMethod [as log] (utils/logger.ts:82:7)

    console.log
      [INFO] Upcoming meetings loaded { count: 2, timestamp: '2026-01-30T03:36:52.196Z' }

      at Logger.logMethod [as log] (utils/logger.ts:82:7)

    console.log
      [INFO] Upcoming meetings loaded { count: 2, timestamp: '2026-01-30T03:36:52.196Z' }

      at Logger.logMethod [as log] (utils/logger.ts:82:7)

    console.log
      [INFO] Upcoming meetings loaded { count: 2, timestamp: '2026-01-30T03:36:52.196Z' }

      at Logger.logMethod [as log] (utils/logger.ts:82:7)

    console.log
      [INFO] Upcoming meetings loaded { count: 2, timestamp: '2026-01-30T03:36:52.196Z' }

      at Logger.logMethod [as log] (utils/logger.ts:82:7)

    console.log
      [INFO] Upcoming meetings loaded { count: 2, timestamp: '2026-01-30T03:36:52.197Z' }

      at Logger.logMethod [as log] (utils/logger.ts:82:7)

    console.log
      [INFO] Upcoming meetings loaded { count: 2, timestamp: '2026-01-30T03:36:52.197Z' }

      at Logger.logMethod [as log] (utils/logger.ts:82:7)

    console.log
      [INFO] Upcoming meetings loaded { count: 2, timestamp: '2026-01-30T03:36:52.197Z' }

      at Logger.logMethod [as log] (utils/logger.ts:82:7)

    console.log
      [INFO] Upcoming meetings loaded { count: 2, timestamp: '2026-01-30T03:36:52.197Z' }

      at Logger.logMethod [as log] (utils/logger.ts:82:7)

    console.log
      [INFO] Upcoming meetings loaded { count: 2, timestamp: '2026-01-30T03:36:52.197Z' }

      at Logger.logMethod [as log] (utils/logger.ts:82:7)

    console.log
      [INFO] Upcoming meetings loaded { count: 2, timestamp: '2026-01-30T03:36:52.197Z' }

      at Logger.logMethod [as log] (utils/logger.ts:82:7)

    console.log
      [INFO] Upcoming meetings loaded { count: 2, timestamp: '2026-01-30T03:36:52.197Z' }

      at Logger.logMethod [as log] (utils/logger.ts:82:7)

    console.log
      [INFO] Upcoming meetings loaded { count: 2, timestamp: '2026-01-30T03:36:52.197Z' }

      at Logger.logMethod [as log] (utils/logger.ts:82:7)

    console.log
      [INFO] Upcoming meetings loaded { count: 2, timestamp: '2026-01-30T03:36:52.197Z' }

      at Logger.logMethod [as log] (utils/logger.ts:82:7)

    console.log
      [INFO] Upcoming meetings loaded { count: 2, timestamp: '2026-01-30T03:36:52.198Z' }

      at Logger.logMethod [as log] (utils/logger.ts:82:7)

    console.log
      [INFO] Upcoming meetings loaded { count: 2, timestamp: '2026-01-30T03:36:52.198Z' }

      at Logger.logMethod [as log] (utils/logger.ts:82:7)

    console.log
      [INFO] Upcoming meetings loaded { count: 2, timestamp: '2026-01-30T03:36:52.198Z' }

      at Logger.logMethod [as log] (utils/logger.ts:82:7)

    console.log
      [INFO] Upcoming meetings loaded { count: 2, timestamp: '2026-01-30T03:36:52.198Z' }

      at Logger.logMethod [as log] (utils/logger.ts:82:7)

    console.log
      [INFO] Upcoming meetings loaded { count: 2, timestamp: '2026-01-30T03:36:52.198Z' }

      at Logger.logMethod [as log] (utils/logger.ts:82:7)

    console.log
      [INFO] Upcoming meetings loaded { count: 2, timestamp: '2026-01-30T03:36:52.198Z' }

      at Logger.logMethod [as log] (utils/logger.ts:82:7)

    console.log
      [INFO] Upcoming meetings loaded { count: 2, timestamp: '2026-01-30T03:36:52.198Z' }

      at Logger.logMethod [as log] (utils/logger.ts:82:7)

    console.log
      [INFO] Upcoming meetings loaded { count: 2, timestamp: '2026-01-30T03:36:52.198Z' }

      at Logger.logMethod [as log] (utils/logger.ts:82:7)

    console.log
      [INFO] Upcoming meetings loaded { count: 2, timestamp: '2026-01-30T03:36:52.198Z' }

      at Logger.logMethod [as log] (utils/logger.ts:82:7)

    console.log
      [INFO] Upcoming meetings loaded { count: 2, timestamp: '2026-01-30T03:36:52.198Z' }

      at Logger.logMethod [as log] (utils/logger.ts:82:7)

    console.log
      [INFO] Upcoming meetings loaded { count: 2, timestamp: '2026-01-30T03:36:52.199Z' }

      at Logger.logMethod [as log] (utils/logger.ts:82:7)

    console.log
      [INFO] Upcoming meetings loaded { count: 2, timestamp: '2026-01-30T03:36:52.199Z' }

      at Logger.logMethod [as log] (utils/logger.ts:82:7)

    console.log
      [INFO] Upcoming meetings loaded { count: 2, timestamp: '2026-01-30T03:36:52.199Z' }

      at Logger.logMethod [as log] (utils/logger.ts:82:7)

    console.log
      [INFO] Upcoming meetings loaded { count: 2, timestamp: '2026-01-30T03:36:52.199Z' }

      at Logger.logMethod [as log] (utils/logger.ts:82:7)

    console.log
      [INFO] Upcoming meetings loaded { count: 2, timestamp: '2026-01-30T03:36:52.199Z' }

      at Logger.logMethod [as log] (utils/logger.ts:82:7)

    console.log
      [INFO] Upcoming meetings loaded { count: 2, timestamp: '2026-01-30T03:36:52.199Z' }

      at Logger.logMethod [as log] (utils/logger.ts:82:7)

    console.log
      [INFO] Upcoming meetings loaded { count: 2, timestamp: '2026-01-30T03:36:52.199Z' }

      at Logger.logMethod [as log] (utils/logger.ts:82:7)

    console.log
      [INFO] Upcoming meetings loaded { count: 2, timestamp: '2026-01-30T03:36:52.199Z' }

      at Logger.logMethod [as log] (utils/logger.ts:82:7)

    console.log
      [INFO] Upcoming meetings loaded { count: 2, timestamp: '2026-01-30T03:36:52.199Z' }

      at Logger.logMethod [as log] (utils/logger.ts:82:7)

    console.log
      [INFO] Upcoming meetings loaded { count: 2, timestamp: '2026-01-30T03:36:52.199Z' }

      at Logger.logMethod [as log] (utils/logger.ts:82:7)

    console.log
      [INFO] Upcoming meetings loaded { count: 2, timestamp: '2026-01-30T03:36:52.200Z' }

      at Logger.logMethod [as log] (utils/logger.ts:82:7)

    console.log
      [INFO] Upcoming meetings loaded { count: 2, timestamp: '2026-01-30T03:36:52.200Z' }

      at Logger.logMethod [as log] (utils/logger.ts:82:7)

    console.log
      [INFO] Upcoming meetings loaded { count: 2, timestamp: '2026-01-30T03:36:52.200Z' }

      at Logger.logMethod [as log] (utils/logger.ts:82:7)

    console.log
      [INFO] Upcoming meetings loaded { count: 2, timestamp: '2026-01-30T03:36:52.200Z' }

      at Logger.logMethod [as log] (utils/logger.ts:82:7)

    console.log
      [INFO] Upcoming meetings loaded { count: 2, timestamp: '2026-01-30T03:36:52.200Z' }

      at Logger.logMethod [as log] (utils/logger.ts:82:7)

    console.log
      [INFO] Upcoming meetings loaded { count: 2, timestamp: '2026-01-30T03:36:52.200Z' }

      at Logger.logMethod [as log] (utils/logger.ts:82:7)

    console.log
      [INFO] Upcoming meetings loaded { count: 2, timestamp: '2026-01-30T03:36:52.200Z' }

      at Logger.logMethod [as log] (utils/logger.ts:82:7)

    console.log
      [INFO] Upcoming meetings loaded { count: 2, timestamp: '2026-01-30T03:36:52.200Z' }

      at Logger.logMethod [as log] (utils/logger.ts:82:7)

    console.log
      [INFO] Upcoming meetings loaded { count: 2, timestamp: '2026-01-30T03:36:52.200Z' }

      at Logger.logMethod [as log] (utils/logger.ts:82:7)

    console.log
      [INFO] Upcoming meetings loaded { count: 2, timestamp: '2026-01-30T03:36:52.201Z' }

      at Logger.logMethod [as log] (utils/logger.ts:82:7)

    console.log
      [INFO] Upcoming meetings loaded { count: 2, timestamp: '2026-01-30T03:36:52.201Z' }

      at Logger.logMethod [as log] (utils/logger.ts:82:7)

    console.log
      [INFO] Upcoming meetings loaded { count: 2, timestamp: '2026-01-30T03:36:52.201Z' }

      at Logger.logMethod [as log] (utils/logger.ts:82:7)

    console.log
      [INFO] Upcoming meetings loaded { count: 2, timestamp: '2026-01-30T03:36:52.201Z' }

      at Logger.logMethod [as log] (utils/logger.ts:82:7)

    console.log
      [INFO] Upcoming meetings loaded { count: 2, timestamp: '2026-01-30T03:36:52.201Z' }

      at Logger.logMethod [as log] (utils/logger.ts:82:7)

    console.log
      [INFO] Upcoming meetings loaded { count: 2, timestamp: '2026-01-30T03:36:52.201Z' }

      at Logger.logMethod [as log] (utils/logger.ts:82:7)

    console.log
      [INFO] Upcoming meetings loaded { count: 2, timestamp: '2026-01-30T03:36:52.201Z' }

      at Logger.logMethod [as log] (utils/logger.ts:82:7)

    console.log
      [INFO] Upcoming meetings loaded { count: 2, timestamp: '2026-01-30T03:36:52.201Z' }

      at Logger.logMethod [as log] (utils/logger.ts:82:7)

    console.log
      [INFO] Upcoming meetings loaded { count: 2, timestamp: '2026-01-30T03:36:52.201Z' }

      at Logger.logMethod [as log] (utils/logger.ts:82:7)

    console.log
      [INFO] Upcoming meetings loaded { count: 2, timestamp: '2026-01-30T03:36:52.202Z' }

      at Logger.logMethod [as log] (utils/logger.ts:82:7)

    console.log
      [INFO] Upcoming meetings loaded { count: 2, timestamp: '2026-01-30T03:36:52.202Z' }

      at Logger.logMethod [as log] (utils/logger.ts:82:7)

    console.log
      [INFO] Upcoming meetings loaded { count: 2, timestamp: '2026-01-30T03:36:52.202Z' }

      at Logger.logMethod [as log] (utils/logger.ts:82:7)

    console.log
      [INFO] Upcoming meetings loaded { count: 2, timestamp: '2026-01-30T03:36:52.202Z' }

      at Logger.logMethod [as log] (utils/logger.ts:82:7)

    console.log
      [INFO] Upcoming meetings loaded { count: 2, timestamp: '2026-01-30T03:36:52.202Z' }

      at Logger.logMethod [as log] (utils/logger.ts:82:7)

    console.log
      [INFO] Upcoming meetings loaded { count: 2, timestamp: '2026-01-30T03:36:52.202Z' }

      at Logger.logMethod [as log] (utils/logger.ts:82:7)

    console.log
      [INFO] Upcoming meetings loaded { count: 2, timestamp: '2026-01-30T03:36:52.202Z' }

      at Logger.logMethod [as log] (utils/logger.ts:82:7)

    console.log
      [INFO] Upcoming meetings loaded { count: 2, timestamp: '2026-01-30T03:36:52.202Z' }

      at Logger.logMethod [as log] (utils/logger.ts:82:7)

    console.log
      [INFO] Upcoming meetings loaded { count: 2, timestamp: '2026-01-30T03:36:52.202Z' }

      at Logger.logMethod [as log] (utils/logger.ts:82:7)

    console.log
      [INFO] Upcoming meetings loaded { count: 2, timestamp: '2026-01-30T03:36:52.202Z' }

      at Logger.logMethod [as log] (utils/logger.ts:82:7)

    console.log
      [INFO] Upcoming meetings loaded { count: 2, timestamp: '2026-01-30T03:36:52.203Z' }

      at Logger.logMethod [as log] (utils/logger.ts:82:7)

    console.log
      [INFO] Upcoming meetings loaded { count: 2, timestamp: '2026-01-30T03:36:52.203Z' }

      at Logger.logMethod [as log] (utils/logger.ts:82:7)

    console.log
      [INFO] Upcoming meetings loaded { count: 2, timestamp: '2026-01-30T03:36:52.203Z' }

      at Logger.logMethod [as log] (utils/logger.ts:82:7)

    console.log
      [INFO] Upcoming meetings loaded { count: 2, timestamp: '2026-01-30T03:36:52.203Z' }

      at Logger.logMethod [as log] (utils/logger.ts:82:7)

    console.log
      [INFO] Upcoming meetings loaded { count: 2, timestamp: '2026-01-30T03:36:52.203Z' }

      at Logger.logMethod [as log] (utils/logger.ts:82:7)

    console.log
      [INFO] Upcoming meetings loaded { count: 2, timestamp: '2026-01-30T03:36:52.203Z' }

      at Logger.logMethod [as log] (utils/logger.ts:82:7)

    console.log
      [INFO] Upcoming meetings loaded { count: 2, timestamp: '2026-01-30T03:36:52.203Z' }

      at Logger.logMethod [as log] (utils/logger.ts:82:7)

    console.log
      [INFO] Upcoming meetings loaded { count: 2, timestamp: '2026-01-30T03:36:52.203Z' }

      at Logger.logMethod [as log] (utils/logger.ts:82:7)

    console.log
      [INFO] Upcoming meetings loaded { count: 2, timestamp: '2026-01-30T03:36:52.203Z' }

      at Logger.logMethod [as log] (utils/logger.ts:82:7)

    console.log
      [INFO] Upcoming meetings loaded { count: 2, timestamp: '2026-01-30T03:36:52.203Z' }

      at Logger.logMethod [as log] (utils/logger.ts:82:7)

    console.log
      [INFO] Upcoming meetings loaded { count: 2, timestamp: '2026-01-30T03:36:52.204Z' }

      at Logger.logMethod [as log] (utils/logger.ts:82:7)

    console.log
      [INFO] Upcoming meetings loaded { count: 2, timestamp: '2026-01-30T03:36:52.204Z' }

      at Logger.logMethod [as log] (utils/logger.ts:82:7)

    console.log
      [INFO] Upcoming meetings loaded { count: 2, timestamp: '2026-01-30T03:36:52.204Z' }

      at Logger.logMethod [as log] (utils/logger.ts:82:7)

    console.log
      [INFO] Upcoming meetings loaded { count: 2, timestamp: '2026-01-30T03:36:52.204Z' }

      at Logger.logMethod [as log] (utils/logger.ts:82:7)

    console.log
      [INFO] Upcoming meetings loaded { count: 2, timestamp: '2026-01-30T03:36:52.204Z' }

      at Logger.logMethod [as log] (utils/logger.ts:82:7)

    console.log
      [INFO] Upcoming meetings loaded { count: 2, timestamp: '2026-01-30T03:36:52.204Z' }

      at Logger.logMethod [as log] (utils/logger.ts:82:7)

    console.log
      [INFO] Upcoming meetings loaded { count: 2, timestamp: '2026-01-30T03:36:52.204Z' }

      at Logger.logMethod [as log] (utils/logger.ts:82:7)

    console.log
      [INFO] Upcoming meetings loaded { count: 2, timestamp: '2026-01-30T03:36:52.204Z' }

      at Logger.logMethod [as log] (utils/logger.ts:82:7)

    console.log
      [INFO] Upcoming meetings loaded { count: 2, timestamp: '2026-01-30T03:36:52.204Z' }

      at Logger.logMethod [as log] (utils/logger.ts:82:7)

    console.log
      [INFO] Upcoming meetings loaded { count: 2, timestamp: '2026-01-30T03:36:52.205Z' }

      at Logger.logMethod [as log] (utils/logger.ts:82:7)

    console.log
      [INFO] Upcoming meetings loaded { count: 2, timestamp: '2026-01-30T03:36:52.205Z' }

      at Logger.logMethod [as log] (utils/logger.ts:82:7)

    console.log
      [INFO] Upcoming meetings loaded { count: 2, timestamp: '2026-01-30T03:36:52.205Z' }

      at Logger.logMethod [as log] (utils/logger.ts:82:7)

    console.log
      [INFO] Upcoming meetings loaded { count: 2, timestamp: '2026-01-30T03:36:52.205Z' }

      at Logger.logMethod [as log] (utils/logger.ts:82:7)

    console.log
      [INFO] Upcoming meetings loaded { count: 2, timestamp: '2026-01-30T03:36:52.205Z' }

      at Logger.logMethod [as log] (utils/logger.ts:82:7)

    console.log
      [INFO] Upcoming meetings loaded { count: 2, timestamp: '2026-01-30T03:36:52.205Z' }

      at Logger.logMethod [as log] (utils/logger.ts:82:7)

    console.log
      [INFO] Upcoming meetings loaded { count: 2, timestamp: '2026-01-30T03:36:52.205Z' }

      at Logger.logMethod [as log] (utils/logger.ts:82:7)

    console.log
      [INFO] Upcoming meetings loaded { count: 2, timestamp: '2026-01-30T03:36:52.205Z' }

      at Logger.logMethod [as log] (utils/logger.ts:82:7)

    console.log
      [INFO] Upcoming meetings loaded { count: 2, timestamp: '2026-01-30T03:36:52.205Z' }

      at Logger.logMethod [as log] (utils/logger.ts:82:7)

    console.log
      [INFO] Upcoming meetings loaded { count: 2, timestamp: '2026-01-30T03:36:52.205Z' }

      at Logger.logMethod [as log] (utils/logger.ts:82:7)

    console.log
      [INFO] Upcoming meetings loaded { count: 2, timestamp: '2026-01-30T03:36:52.206Z' }

      at Logger.logMethod [as log] (utils/logger.ts:82:7)

    console.log
      [INFO] Upcoming meetings loaded { count: 2, timestamp: '2026-01-30T03:36:52.206Z' }

      at Logger.logMethod [as log] (utils/logger.ts:82:7)

    console.log
      [INFO] Upcoming meetings loaded { count: 2, timestamp: '2026-01-30T03:36:52.206Z' }

      at Logger.logMethod [as log] (utils/logger.ts:82:7)

    console.log
      [INFO] Upcoming meetings loaded { count: 2, timestamp: '2026-01-30T03:36:52.206Z' }

      at Logger.logMethod [as log] (utils/logger.ts:82:7)

    console.log
      [INFO] Upcoming meetings loaded { count: 2, timestamp: '2026-01-30T03:36:52.206Z' }

      at Logger.logMethod [as log] (utils/logger.ts:82:7)

    console.log
      [INFO] Upcoming meetings loaded { count: 2, timestamp: '2026-01-30T03:36:52.206Z' }

      at Logger.logMethod [as log] (utils/logger.ts:82:7)

    console.log
      [INFO] Upcoming meetings loaded { count: 2, timestamp: '2026-01-30T03:36:52.206Z' }

      at Logger.logMethod [as log] (utils/logger.ts:82:7)

    console.log
      [INFO] Upcoming meetings loaded { count: 2, timestamp: '2026-01-30T03:36:52.206Z' }

      at Logger.logMethod [as log] (utils/logger.ts:82:7)

    console.log
      [INFO] Upcoming meetings loaded { count: 2, timestamp: '2026-01-30T03:36:52.206Z' }

      at Logger.logMethod [as log] (utils/logger.ts:82:7)

    console.log
      [INFO] Upcoming meetings loaded { count: 2, timestamp: '2026-01-30T03:36:52.206Z' }

      at Logger.logMethod [as log] (utils/logger.ts:82:7)

    console.log
      [INFO] Upcoming meetings loaded { count: 2, timestamp: '2026-01-30T03:36:52.207Z' }

      at Logger.logMethod [as log] (utils/logger.ts:82:7)

    console.log
      [INFO] Upcoming meetings loaded { count: 2, timestamp: '2026-01-30T03:36:52.207Z' }

      at Logger.logMethod [as log] (utils/logger.ts:82:7)

    console.log
      [INFO] Upcoming meetings loaded { count: 2, timestamp: '2026-01-30T03:36:52.207Z' }

      at Logger.logMethod [as log] (utils/logger.ts:82:7)

    console.log
      [INFO] Upcoming meetings loaded { count: 2, timestamp: '2026-01-30T03:36:52.207Z' }

      at Logger.logMethod [as log] (utils/logger.ts:82:7)

    console.log
      [INFO] Upcoming meetings loaded { count: 2, timestamp: '2026-01-30T03:36:52.207Z' }

      at Logger.logMethod [as log] (utils/logger.ts:82:7)

    console.log
      [INFO] Upcoming meetings loaded { count: 2, timestamp: '2026-01-30T03:36:52.207Z' }

      at Logger.logMethod [as log] (utils/logger.ts:82:7)

    console.log
      [INFO] Upcoming meetings loaded { count: 2, timestamp: '2026-01-30T03:36:52.207Z' }

      at Logger.logMethod [as log] (utils/logger.ts:82:7)

    console.log
      [INFO] Upcoming meetings loaded { count: 2, timestamp: '2026-01-30T03:36:52.207Z' }

      at Logger.logMethod [as log] (utils/logger.ts:82:7)

    console.log
      [INFO] Upcoming meetings loaded { count: 2, timestamp: '2026-01-30T03:36:52.207Z' }

      at Logger.logMethod [as log] (utils/logger.ts:82:7)

    console.log
      [INFO] Upcoming meetings loaded { count: 2, timestamp: '2026-01-30T03:36:52.207Z' }

      at Logger.logMethod [as log] (utils/logger.ts:82:7)

    console.log
      [INFO] Upcoming meetings loaded { count: 2, timestamp: '2026-01-30T03:36:52.208Z' }

      at Logger.logMethod [as log] (utils/logger.ts:82:7)

    console.log
      [INFO] Upcoming meetings loaded { count: 2, timestamp: '2026-01-30T03:36:52.208Z' }

      at Logger.logMethod [as log] (utils/logger.ts:82:7)

    console.log
      [INFO] Upcoming meetings loaded { count: 2, timestamp: '2026-01-30T03:36:52.208Z' }

      at Logger.logMethod [as log] (utils/logger.ts:82:7)

    console.log
      [INFO] Upcoming meetings loaded { count: 2, timestamp: '2026-01-30T03:36:52.208Z' }

      at Logger.logMethod [as log] (utils/logger.ts:82:7)

    console.log
      [INFO] Upcoming meetings loaded { count: 2, timestamp: '2026-01-30T03:36:52.208Z' }

      at Logger.logMethod [as log] (utils/logger.ts:82:7)

    console.log
      [INFO] Upcoming meetings loaded { count: 2, timestamp: '2026-01-30T03:36:52.208Z' }

      at Logger.logMethod [as log] (utils/logger.ts:82:7)

    console.log
      [INFO] Upcoming meetings loaded { count: 2, timestamp: '2026-01-30T03:36:52.208Z' }

      at Logger.logMethod [as log] (utils/logger.ts:82:7)

    console.log
      [INFO] Upcoming meetings loaded { count: 2, timestamp: '2026-01-30T03:36:52.208Z' }

      at Logger.logMethod [as log] (utils/logger.ts:82:7)

    console.log
      [INFO] Upcoming meetings loaded { count: 2, timestamp: '2026-01-30T03:36:52.208Z' }

      at Logger.logMethod [as log] (utils/logger.ts:82:7)

    console.log
      [INFO] Upcoming meetings loaded { count: 2, timestamp: '2026-01-30T03:36:52.209Z' }

      at Logger.logMethod [as log] (utils/logger.ts:82:7)

    console.log
      [INFO] Upcoming meetings loaded { count: 2, timestamp: '2026-01-30T03:36:52.209Z' }

      at Logger.logMethod [as log] (utils/logger.ts:82:7)

    console.log
      [INFO] Upcoming meetings loaded { count: 2, timestamp: '2026-01-30T03:36:52.209Z' }

      at Logger.logMethod [as log] (utils/logger.ts:82:7)

    console.log
      [INFO] Upcoming meetings loaded { count: 2, timestamp: '2026-01-30T03:36:52.209Z' }

      at Logger.logMethod [as log] (utils/logger.ts:82:7)

    console.log
      [INFO] Upcoming meetings loaded { count: 2, timestamp: '2026-01-30T03:36:52.209Z' }

      at Logger.logMethod [as log] (utils/logger.ts:82:7)

    console.log
      [INFO] Upcoming meetings loaded { count: 2, timestamp: '2026-01-30T03:36:52.209Z' }

      at Logger.logMethod [as log] (utils/logger.ts:82:7)

    console.log
      [INFO] Upcoming meetings loaded { count: 2, timestamp: '2026-01-30T03:36:52.209Z' }

      at Logger.logMethod [as log] (utils/logger.ts:82:7)

    console.log
      [INFO] Upcoming meetings loaded { count: 2, timestamp: '2026-01-30T03:36:52.209Z' }

      at Logger.logMethod [as log] (utils/logger.ts:82:7)

    console.log
      [INFO] Upcoming meetings loaded { count: 2, timestamp: '2026-01-30T03:36:52.209Z' }

      at Logger.logMethod [as log] (utils/logger.ts:82:7)

    console.log
      [INFO] Upcoming meetings loaded { count: 2, timestamp: '2026-01-30T03:36:52.210Z' }

      at Logger.logMethod [as log] (utils/logger.ts:82:7)

    console.log
      [INFO] Upcoming meetings loaded { count: 2, timestamp: '2026-01-30T03:36:52.210Z' }

      at Logger.logMethod [as log] (utils/logger.ts:82:7)

    console.log
      [INFO] Upcoming meetings loaded { count: 2, timestamp: '2026-01-30T03:36:52.210Z' }

      at Logger.logMethod [as log] (utils/logger.ts:82:7)

    console.log
      [INFO] Upcoming meetings loaded { count: 2, timestamp: '2026-01-30T03:36:52.210Z' }

      at Logger.logMethod [as log] (utils/logger.ts:82:7)

    console.log
      [INFO] Upcoming meetings loaded { count: 2, timestamp: '2026-01-30T03:36:52.210Z' }

      at Logger.logMethod [as log] (utils/logger.ts:82:7)

    console.log
      [INFO] Upcoming meetings loaded { count: 2, timestamp: '2026-01-30T03:36:52.210Z' }

      at Logger.logMethod [as log] (utils/logger.ts:82:7)

    console.log
      [INFO] Upcoming meetings loaded { count: 2, timestamp: '2026-01-30T03:36:52.210Z' }

      at Logger.logMethod [as log] (utils/logger.ts:82:7)

    console.log
      [INFO] Upcoming meetings loaded { count: 2, timestamp: '2026-01-30T03:36:52.210Z' }

      at Logger.logMethod [as log] (utils/logger.ts:82:7)

    console.log
      [INFO] Upcoming meetings loaded { count: 2, timestamp: '2026-01-30T03:36:52.211Z' }

      at Logger.logMethod [as log] (utils/logger.ts:82:7)

    console.log
      [INFO] Upcoming meetings loaded { count: 2, timestamp: '2026-01-30T03:36:52.211Z' }

      at Logger.logMethod [as log] (utils/logger.ts:82:7)

    console.log
      [INFO] Upcoming meetings loaded { count: 2, timestamp: '2026-01-30T03:36:52.211Z' }

      at Logger.logMethod [as log] (utils/logger.ts:82:7)

    console.log
      [INFO] Upcoming meetings loaded { count: 2, timestamp: '2026-01-30T03:36:52.211Z' }

      at Logger.logMethod [as log] (utils/logger.ts:82:7)

    console.log
      [INFO] Upcoming meetings loaded { count: 2, timestamp: '2026-01-30T03:36:52.211Z' }

      at Logger.logMethod [as log] (utils/logger.ts:82:7)

    console.log
      [INFO] Upcoming meetings loaded { count: 2, timestamp: '2026-01-30T03:36:52.211Z' }

      at Logger.logMethod [as log] (utils/logger.ts:82:7)

    console.log
      [INFO] Upcoming meetings loaded { count: 2, timestamp: '2026-01-30T03:36:52.211Z' }

      at Logger.logMethod [as log] (utils/logger.ts:82:7)

    console.log
      [INFO] Upcoming meetings loaded { count: 2, timestamp: '2026-01-30T03:36:52.211Z' }

      at Logger.logMethod [as log] (utils/logger.ts:82:7)

    console.log
      [INFO] Upcoming meetings loaded { count: 2, timestamp: '2026-01-30T03:36:52.211Z' }

      at Logger.logMethod [as log] (utils/logger.ts:82:7)

    console.log
      [INFO] Upcoming meetings loaded { count: 2, timestamp: '2026-01-30T03:36:52.212Z' }

      at Logger.logMethod [as log] (utils/logger.ts:82:7)

    console.log
      [INFO] Upcoming meetings loaded { count: 2, timestamp: '2026-01-30T03:36:52.212Z' }

      at Logger.logMethod [as log] (utils/logger.ts:82:7)

    console.log
      [INFO] Upcoming meetings loaded { count: 2, timestamp: '2026-01-30T03:36:52.212Z' }

      at Logger.logMethod [as log] (utils/logger.ts:82:7)

    console.log
      [INFO] Upcoming meetings loaded { count: 2, timestamp: '2026-01-30T03:36:52.212Z' }

      at Logger.logMethod [as log] (utils/logger.ts:82:7)

    console.log
      [INFO] Upcoming meetings loaded { count: 2, timestamp: '2026-01-30T03:36:52.212Z' }

      at Logger.logMethod [as log] (utils/logger.ts:82:7)

    console.log
      [INFO] Upcoming meetings loaded { count: 2, timestamp: '2026-01-30T03:36:52.212Z' }

      at Logger.logMethod [as log] (utils/logger.ts:82:7)

    console.log
      [INFO] Upcoming meetings loaded { count: 2, timestamp: '2026-01-30T03:36:52.212Z' }

      at Logger.logMethod [as log] (utils/logger.ts:82:7)

    console.log
      [INFO] Upcoming meetings loaded { count: 2, timestamp: '2026-01-30T03:36:52.212Z' }

      at Logger.logMethod [as log] (utils/logger.ts:82:7)

    console.log
      [INFO] Upcoming meetings loaded { count: 2, timestamp: '2026-01-30T03:36:52.213Z' }

      at Logger.logMethod [as log] (utils/logger.ts:82:7)

    console.log
      [INFO] Upcoming meetings loaded { count: 2, timestamp: '2026-01-30T03:36:52.213Z' }

      at Logger.logMethod [as log] (utils/logger.ts:82:7)

    console.log
      [INFO] Upcoming meetings loaded { count: 2, timestamp: '2026-01-30T03:36:52.213Z' }

      at Logger.logMethod [as log] (utils/logger.ts:82:7)

    console.log
      [INFO] Upcoming meetings loaded { count: 2, timestamp: '2026-01-30T03:36:52.213Z' }

      at Logger.logMethod [as log] (utils/logger.ts:82:7)

    console.log
      [INFO] Upcoming meetings loaded { count: 2, timestamp: '2026-01-30T03:36:52.213Z' }

      at Logger.logMethod [as log] (utils/logger.ts:82:7)

    console.log
      [INFO] Upcoming meetings loaded { count: 2, timestamp: '2026-01-30T03:36:52.213Z' }

      at Logger.logMethod [as log] (utils/logger.ts:82:7)

    console.log
      [INFO] Upcoming meetings loaded { count: 2, timestamp: '2026-01-30T03:36:52.213Z' }

      at Logger.logMethod [as log] (utils/logger.ts:82:7)

    console.log
      [INFO] Upcoming meetings loaded { count: 2, timestamp: '2026-01-30T03:36:52.213Z' }

      at Logger.logMethod [as log] (utils/logger.ts:82:7)

    console.log
      [INFO] Upcoming meetings loaded { count: 2, timestamp: '2026-01-30T03:36:52.213Z' }

      at Logger.logMethod [as log] (utils/logger.ts:82:7)

    console.log
      [INFO] Upcoming meetings loaded { count: 2, timestamp: '2026-01-30T03:36:52.214Z' }

      at Logger.logMethod [as log] (utils/logger.ts:82:7)

    console.log
      [INFO] Upcoming meetings loaded { count: 2, timestamp: '2026-01-30T03:36:52.214Z' }

      at Logger.logMethod [as log] (utils/logger.ts:82:7)

    console.log
      [INFO] Upcoming meetings loaded { count: 2, timestamp: '2026-01-30T03:36:52.214Z' }

      at Logger.logMethod [as log] (utils/logger.ts:82:7)

    console.log
      [INFO] Upcoming meetings loaded { count: 2, timestamp: '2026-01-30T03:36:52.214Z' }

      at Logger.logMethod [as log] (utils/logger.ts:82:7)

    console.log
      [INFO] Upcoming meetings loaded { count: 2, timestamp: '2026-01-30T03:36:52.214Z' }

      at Logger.logMethod [as log] (utils/logger.ts:82:7)

    console.log
      [INFO] Upcoming meetings loaded { count: 2, timestamp: '2026-01-30T03:36:52.214Z' }

      at Logger.logMethod [as log] (utils/logger.ts:82:7)

    console.log
      [INFO] Upcoming meetings loaded { count: 2, timestamp: '2026-01-30T03:36:52.214Z' }

      at Logger.logMethod [as log] (utils/logger.ts:82:7)

    console.log
      [INFO] Upcoming meetings loaded { count: 2, timestamp: '2026-01-30T03:36:52.214Z' }

      at Logger.logMethod [as log] (utils/logger.ts:82:7)

    console.log
      [INFO] Upcoming meetings loaded { count: 2, timestamp: '2026-01-30T03:36:52.214Z' }

      at Logger.logMethod [as log] (utils/logger.ts:82:7)

    console.log
      [INFO] Upcoming meetings loaded { count: 2, timestamp: '2026-01-30T03:36:52.214Z' }

      at Logger.logMethod [as log] (utils/logger.ts:82:7)

    console.log
      [INFO] Upcoming meetings loaded { count: 2, timestamp: '2026-01-30T03:36:52.215Z' }

      at Logger.logMethod [as log] (utils/logger.ts:82:7)

    console.log
      [INFO] Upcoming meetings loaded { count: 2, timestamp: '2026-01-30T03:36:52.215Z' }

      at Logger.logMethod [as log] (utils/logger.ts:82:7)

    console.log
      [INFO] Upcoming meetings loaded { count: 2, timestamp: '2026-01-30T03:36:52.215Z' }

      at Logger.logMethod [as log] (utils/logger.ts:82:7)

    console.log
      [INFO] Upcoming meetings loaded { count: 2, timestamp: '2026-01-30T03:36:52.215Z' }

      at Logger.logMethod [as log] (utils/logger.ts:82:7)

    console.log
      [INFO] Upcoming meetings loaded { count: 2, timestamp: '2026-01-30T03:36:52.215Z' }

      at Logger.logMethod [as log] (utils/logger.ts:82:7)

    console.log
      [INFO] Upcoming meetings loaded { count: 2, timestamp: '2026-01-30T03:36:52.215Z' }

      at Logger.logMethod [as log] (utils/logger.ts:82:7)

    console.log
      [INFO] Upcoming meetings loaded { count: 2, timestamp: '2026-01-30T03:36:52.215Z' }

      at Logger.logMethod [as log] (utils/logger.ts:82:7)

    console.log
      [INFO] Upcoming meetings loaded { count: 2, timestamp: '2026-01-30T03:36:52.215Z' }

      at Logger.logMethod [as log] (utils/logger.ts:82:7)

    console.log
      [INFO] Upcoming meetings loaded { count: 2, timestamp: '2026-01-30T03:36:52.215Z' }

      at Logger.logMethod [as log] (utils/logger.ts:82:7)

    console.log
      [INFO] Upcoming meetings loaded { count: 2, timestamp: '2026-01-30T03:36:52.216Z' }

      at Logger.logMethod [as log] (utils/logger.ts:82:7)

    console.log
      [INFO] Upcoming meetings loaded { count: 2, timestamp: '2026-01-30T03:36:52.216Z' }

      at Logger.logMethod [as log] (utils/logger.ts:82:7)

    console.log
      [INFO] Upcoming meetings loaded { count: 1, timestamp: '2026-01-30T03:36:52.218Z' }

      at Logger.logMethod [as log] (utils/logger.ts:82:7)

    console.log
      [INFO] Upcoming meetings loaded { count: 1, timestamp: '2026-01-30T03:36:52.219Z' }

      at Logger.logMethod [as log] (utils/logger.ts:82:7)

    console.log
      [INFO] Upcoming meetings loaded { count: 1, timestamp: '2026-01-30T03:36:52.219Z' }

      at Logger.logMethod [as log] (utils/logger.ts:82:7)

    console.log
      [INFO] Upcoming meetings loaded { count: 1, timestamp: '2026-01-30T03:36:52.219Z' }

      at Logger.logMethod [as log] (utils/logger.ts:82:7)

    console.log
      [INFO] Upcoming meetings loaded { count: 1, timestamp: '2026-01-30T03:36:52.220Z' }

      at Logger.logMethod [as log] (utils/logger.ts:82:7)

    console.log
      [INFO] Upcoming meetings loaded { count: 1, timestamp: '2026-01-30T03:36:52.220Z' }

      at Logger.logMethod [as log] (utils/logger.ts:82:7)

    console.log
      [INFO] Upcoming meetings loaded { count: 1, timestamp: '2026-01-30T03:36:52.220Z' }

      at Logger.logMethod [as log] (utils/logger.ts:82:7)

    console.log
      [INFO] Upcoming meetings loaded { count: 1, timestamp: '2026-01-30T03:36:52.220Z' }

      at Logger.logMethod [as log] (utils/logger.ts:82:7)

    console.log
      [INFO] Upcoming meetings loaded { count: 1, timestamp: '2026-01-30T03:36:52.220Z' }

      at Logger.logMethod [as log] (utils/logger.ts:82:7)

    console.log
      [INFO] Upcoming meetings loaded { count: 1, timestamp: '2026-01-30T03:36:52.220Z' }

      at Logger.logMethod [as log] (utils/logger.ts:82:7)

    console.log
      [INFO] Upcoming meetings loaded { count: 1, timestamp: '2026-01-30T03:36:52.220Z' }

      at Logger.logMethod [as log] (utils/logger.ts:82:7)

    console.log
      [INFO] Upcoming meetings loaded { count: 1, timestamp: '2026-01-30T03:36:52.220Z' }

      at Logger.logMethod [as log] (utils/logger.ts:82:7)

    console.log
      [INFO] Upcoming meetings loaded { count: 1, timestamp: '2026-01-30T03:36:52.220Z' }

      at Logger.logMethod [as log] (utils/logger.ts:82:7)

    console.log
      [INFO] Upcoming meetings loaded { count: 1, timestamp: '2026-01-30T03:36:52.220Z' }

      at Logger.logMethod [as log] (utils/logger.ts:82:7)

    console.log
      [INFO] Upcoming meetings loaded { count: 1, timestamp: '2026-01-30T03:36:52.221Z' }

      at Logger.logMethod [as log] (utils/logger.ts:82:7)

    console.log
      [INFO] Upcoming meetings loaded { count: 1, timestamp: '2026-01-30T03:36:52.221Z' }

      at Logger.logMethod [as log] (utils/logger.ts:82:7)

    console.log
      [INFO] Upcoming meetings loaded { count: 1, timestamp: '2026-01-30T03:36:52.221Z' }

      at Logger.logMethod [as log] (utils/logger.ts:82:7)

    console.log
      [INFO] Upcoming meetings loaded { count: 1, timestamp: '2026-01-30T03:36:52.221Z' }

      at Logger.logMethod [as log] (utils/logger.ts:82:7)

    console.log
      [INFO] Upcoming meetings loaded { count: 1, timestamp: '2026-01-30T03:36:52.221Z' }

      at Logger.logMethod [as log] (utils/logger.ts:82:7)

    console.log
      [INFO] Upcoming meetings loaded { count: 1, timestamp: '2026-01-30T03:36:52.221Z' }

      at Logger.logMethod [as log] (utils/logger.ts:82:7)

    console.log
      [INFO] Upcoming meetings loaded { count: 1, timestamp: '2026-01-30T03:36:52.221Z' }

      at Logger.logMethod [as log] (utils/logger.ts:82:7)

    console.log
      [INFO] Upcoming meetings loaded { count: 1, timestamp: '2026-01-30T03:36:52.221Z' }

      at Logger.logMethod [as log] (utils/logger.ts:82:7)

    console.log
      [INFO] Upcoming meetings loaded { count: 1, timestamp: '2026-01-30T03:36:52.221Z' }

      at Logger.logMethod [as log] (utils/logger.ts:82:7)

    console.log
      [INFO] Upcoming meetings loaded { count: 1, timestamp: '2026-01-30T03:36:52.222Z' }

      at Logger.logMethod [as log] (utils/logger.ts:82:7)

    console.log
      [INFO] Upcoming meetings loaded { count: 1, timestamp: '2026-01-30T03:36:52.222Z' }

      at Logger.logMethod [as log] (utils/logger.ts:82:7)

    console.log
      [INFO] Upcoming meetings loaded { count: 1, timestamp: '2026-01-30T03:36:52.222Z' }

      at Logger.logMethod [as log] (utils/logger.ts:82:7)

    console.log
      [INFO] Upcoming meetings loaded { count: 1, timestamp: '2026-01-30T03:36:52.222Z' }

      at Logger.logMethod [as log] (utils/logger.ts:82:7)

    console.log
      [INFO] Upcoming meetings loaded { count: 1, timestamp: '2026-01-30T03:36:52.222Z' }

      at Logger.logMethod [as log] (utils/logger.ts:82:7)

    console.log
      [INFO] Upcoming meetings loaded { count: 1, timestamp: '2026-01-30T03:36:52.222Z' }

      at Logger.logMethod [as log] (utils/logger.ts:82:7)

    console.log
      [INFO] Upcoming meetings loaded { count: 1, timestamp: '2026-01-30T03:36:52.222Z' }

      at Logger.logMethod [as log] (utils/logger.ts:82:7)

    console.log
      [INFO] Upcoming meetings loaded { count: 1, timestamp: '2026-01-30T03:36:52.222Z' }

      at Logger.logMethod [as log] (utils/logger.ts:82:7)

    console.log
      [INFO] Upcoming meetings loaded { count: 1, timestamp: '2026-01-30T03:36:52.222Z' }

      at Logger.logMethod [as log] (utils/logger.ts:82:7)

    console.log
      [INFO] Upcoming meetings loaded { count: 1, timestamp: '2026-01-30T03:36:52.223Z' }

      at Logger.logMethod [as log] (utils/logger.ts:82:7)

    console.log
      [INFO] Upcoming meetings loaded { count: 1, timestamp: '2026-01-30T03:36:52.223Z' }

      at Logger.logMethod [as log] (utils/logger.ts:82:7)

    console.log
      [INFO] Upcoming meetings loaded { count: 1, timestamp: '2026-01-30T03:36:52.223Z' }

      at Logger.logMethod [as log] (utils/logger.ts:82:7)

    console.log
      [INFO] Upcoming meetings loaded { count: 1, timestamp: '2026-01-30T03:36:52.223Z' }

      at Logger.logMethod [as log] (utils/logger.ts:82:7)

    console.log
      [INFO] Upcoming meetings loaded { count: 1, timestamp: '2026-01-30T03:36:52.223Z' }

      at Logger.logMethod [as log] (utils/logger.ts:82:7)

    console.log
      [INFO] Upcoming meetings loaded { count: 1, timestamp: '2026-01-30T03:36:52.223Z' }

      at Logger.logMethod [as log] (utils/logger.ts:82:7)

    console.log
      [INFO] Upcoming meetings loaded { count: 1, timestamp: '2026-01-30T03:36:52.223Z' }

      at Logger.logMethod [as log] (utils/logger.ts:82:7)

    console.log
      [INFO] Upcoming meetings loaded { count: 1, timestamp: '2026-01-30T03:36:52.223Z' }

      at Logger.logMethod [as log] (utils/logger.ts:82:7)

    console.log
      [INFO] Upcoming meetings loaded { count: 1, timestamp: '2026-01-30T03:36:52.223Z' }

      at Logger.logMethod [as log] (utils/logger.ts:82:7)

    console.log
      [INFO] Upcoming meetings loaded { count: 1, timestamp: '2026-01-30T03:36:52.223Z' }

      at Logger.logMethod [as log] (utils/logger.ts:82:7)

    console.log
      [INFO] Upcoming meetings loaded { count: 1, timestamp: '2026-01-30T03:36:52.224Z' }

      at Logger.logMethod [as log] (utils/logger.ts:82:7)

    console.log
      [INFO] Upcoming meetings loaded { count: 1, timestamp: '2026-01-30T03:36:52.224Z' }

      at Logger.logMethod [as log] (utils/logger.ts:82:7)

    console.log
      [INFO] Upcoming meetings loaded { count: 1, timestamp: '2026-01-30T03:36:52.224Z' }

      at Logger.logMethod [as log] (utils/logger.ts:82:7)

    console.log
      [INFO] Upcoming meetings loaded { count: 1, timestamp: '2026-01-30T03:36:52.224Z' }

      at Logger.logMethod [as log] (utils/logger.ts:82:7)

    console.log
      [INFO] Upcoming meetings loaded { count: 1, timestamp: '2026-01-30T03:36:52.224Z' }

      at Logger.logMethod [as log] (utils/logger.ts:82:7)

    console.log
      [INFO] Upcoming meetings loaded { count: 1, timestamp: '2026-01-30T03:36:52.224Z' }

      at Logger.logMethod [as log] (utils/logger.ts:82:7)

    console.log
      [INFO] Upcoming meetings loaded { count: 1, timestamp: '2026-01-30T03:36:52.224Z' }

      at Logger.logMethod [as log] (utils/logger.ts:82:7)

    console.log
      [INFO] Upcoming meetings loaded { count: 1, timestamp: '2026-01-30T03:36:52.224Z' }

      at Logger.logMethod [as log] (utils/logger.ts:82:7)

    console.log
      [INFO] Upcoming meetings loaded { count: 1, timestamp: '2026-01-30T03:36:52.224Z' }

      at Logger.logMethod [as log] (utils/logger.ts:82:7)

    console.log
      [INFO] Upcoming meetings loaded { count: 1, timestamp: '2026-01-30T03:36:52.225Z' }

      at Logger.logMethod [as log] (utils/logger.ts:82:7)

    console.log
      [INFO] Upcoming meetings loaded { count: 1, timestamp: '2026-01-30T03:36:52.225Z' }

      at Logger.logMethod [as log] (utils/logger.ts:82:7)

    console.log
      [INFO] Upcoming meetings loaded { count: 1, timestamp: '2026-01-30T03:36:52.225Z' }

      at Logger.logMethod [as log] (utils/logger.ts:82:7)

    console.log
      [INFO] Upcoming meetings loaded { count: 1, timestamp: '2026-01-30T03:36:52.225Z' }

      at Logger.logMethod [as log] (utils/logger.ts:82:7)

    console.log
      [INFO] Upcoming meetings loaded { count: 1, timestamp: '2026-01-30T03:36:52.225Z' }

      at Logger.logMethod [as log] (utils/logger.ts:82:7)

    console.log
      [INFO] Upcoming meetings loaded { count: 1, timestamp: '2026-01-30T03:36:52.225Z' }

      at Logger.logMethod [as log] (utils/logger.ts:82:7)

    console.log
      [INFO] Upcoming meetings loaded { count: 1, timestamp: '2026-01-30T03:36:52.225Z' }

      at Logger.logMethod [as log] (utils/logger.ts:82:7)

    console.log
      [INFO] Upcoming meetings loaded { count: 1, timestamp: '2026-01-30T03:36:52.225Z' }

      at Logger.logMethod [as log] (utils/logger.ts:82:7)

    console.log
      [INFO] Upcoming meetings loaded { count: 1, timestamp: '2026-01-30T03:36:52.225Z' }

      at Logger.logMethod [as log] (utils/logger.ts:82:7)

    console.log
      [INFO] Upcoming meetings loaded { count: 1, timestamp: '2026-01-30T03:36:52.225Z' }

      at Logger.logMethod [as log] (utils/logger.ts:82:7)

    console.log
      [INFO] Upcoming meetings loaded { count: 1, timestamp: '2026-01-30T03:36:52.226Z' }

      at Logger.logMethod [as log] (utils/logger.ts:82:7)

    console.log
      [INFO] Upcoming meetings loaded { count: 1, timestamp: '2026-01-30T03:36:52.226Z' }

      at Logger.logMethod [as log] (utils/logger.ts:82:7)

    console.log
      [INFO] Upcoming meetings loaded { count: 1, timestamp: '2026-01-30T03:36:52.226Z' }

      at Logger.logMethod [as log] (utils/logger.ts:82:7)

    console.log
      [INFO] Upcoming meetings loaded { count: 1, timestamp: '2026-01-30T03:36:52.226Z' }

      at Logger.logMethod [as log] (utils/logger.ts:82:7)

    console.log
      [INFO] Upcoming meetings loaded { count: 1, timestamp: '2026-01-30T03:36:52.226Z' }

      at Logger.logMethod [as log] (utils/logger.ts:82:7)

    console.log
      [INFO] Upcoming meetings loaded { count: 1, timestamp: '2026-01-30T03:36:52.226Z' }

      at Logger.logMethod [as log] (utils/logger.ts:82:7)

    console.log
      [INFO] Upcoming meetings loaded { count: 1, timestamp: '2026-01-30T03:36:52.226Z' }

      at Logger.logMethod [as log] (utils/logger.ts:82:7)

    console.log
      [INFO] Upcoming meetings loaded { count: 1, timestamp: '2026-01-30T03:36:52.226Z' }

      at Logger.logMethod [as log] (utils/logger.ts:82:7)

    console.log
      [INFO] Upcoming meetings loaded { count: 1, timestamp: '2026-01-30T03:36:52.226Z' }

      at Logger.logMethod [as log] (utils/logger.ts:82:7)

    console.log
      [INFO] Upcoming meetings loaded { count: 1, timestamp: '2026-01-30T03:36:52.226Z' }

      at Logger.logMethod [as log] (utils/logger.ts:82:7)

    console.log
      [INFO] Upcoming meetings loaded { count: 1, timestamp: '2026-01-30T03:36:52.227Z' }

      at Logger.logMethod [as log] (utils/logger.ts:82:7)

    console.log
      [INFO] Upcoming meetings loaded { count: 1, timestamp: '2026-01-30T03:36:52.227Z' }

      at Logger.logMethod [as log] (utils/logger.ts:82:7)

    console.log
      [INFO] Upcoming meetings loaded { count: 1, timestamp: '2026-01-30T03:36:52.227Z' }

      at Logger.logMethod [as log] (utils/logger.ts:82:7)

    console.log
      [INFO] Upcoming meetings loaded { count: 1, timestamp: '2026-01-30T03:36:52.227Z' }

      at Logger.logMethod [as log] (utils/logger.ts:82:7)

    console.log
      [INFO] Upcoming meetings loaded { count: 1, timestamp: '2026-01-30T03:36:52.227Z' }

      at Logger.logMethod [as log] (utils/logger.ts:82:7)

    console.log
      [INFO] Upcoming meetings loaded { count: 1, timestamp: '2026-01-30T03:36:52.227Z' }

      at Logger.logMethod [as log] (utils/logger.ts:82:7)

    console.log
      [INFO] Upcoming meetings loaded { count: 1, timestamp: '2026-01-30T03:36:52.227Z' }

      at Logger.logMethod [as log] (utils/logger.ts:82:7)

    console.log
      [INFO] Upcoming meetings loaded { count: 1, timestamp: '2026-01-30T03:36:52.227Z' }

      at Logger.logMethod [as log] (utils/logger.ts:82:7)

    console.log
      [INFO] Upcoming meetings loaded { count: 1, timestamp: '2026-01-30T03:36:52.227Z' }

      at Logger.logMethod [as log] (utils/logger.ts:82:7)

    console.log
      [INFO] Upcoming meetings loaded { count: 1, timestamp: '2026-01-30T03:36:52.228Z' }

      at Logger.logMethod [as log] (utils/logger.ts:82:7)

    console.log
      [INFO] Upcoming meetings loaded { count: 1, timestamp: '2026-01-30T03:36:52.228Z' }

      at Logger.logMethod [as log] (utils/logger.ts:82:7)

    console.log
      [INFO] Upcoming meetings loaded { count: 1, timestamp: '2026-01-30T03:36:52.228Z' }

      at Logger.logMethod [as log] (utils/logger.ts:82:7)

    console.log
      [INFO] Upcoming meetings loaded { count: 1, timestamp: '2026-01-30T03:36:52.228Z' }

      at Logger.logMethod [as log] (utils/logger.ts:82:7)

    console.log
      [INFO] Upcoming meetings loaded { count: 1, timestamp: '2026-01-30T03:36:52.228Z' }

      at Logger.logMethod [as log] (utils/logger.ts:82:7)

    console.log
      [INFO] Upcoming meetings loaded { count: 1, timestamp: '2026-01-30T03:36:52.228Z' }

      at Logger.logMethod [as log] (utils/logger.ts:82:7)

    console.log
      [INFO] Upcoming meetings loaded { count: 1, timestamp: '2026-01-30T03:36:52.228Z' }

      at Logger.logMethod [as log] (utils/logger.ts:82:7)

    console.log
      [INFO] Upcoming meetings loaded { count: 1, timestamp: '2026-01-30T03:36:52.228Z' }

      at Logger.logMethod [as log] (utils/logger.ts:82:7)

    console.log
      [INFO] Upcoming meetings loaded { count: 1, timestamp: '2026-01-30T03:36:52.228Z' }

      at Logger.logMethod [as log] (utils/logger.ts:82:7)

    console.log
      [INFO] Upcoming meetings loaded { count: 1, timestamp: '2026-01-30T03:36:52.229Z' }

      at Logger.logMethod [as log] (utils/logger.ts:82:7)

    console.log
      [INFO] Upcoming meetings loaded { count: 1, timestamp: '2026-01-30T03:36:52.229Z' }

      at Logger.logMethod [as log] (utils/logger.ts:82:7)

    console.log
      [INFO] Upcoming meetings loaded { count: 1, timestamp: '2026-01-30T03:36:52.229Z' }

      at Logger.logMethod [as log] (utils/logger.ts:82:7)

    console.log
      [INFO] Upcoming meetings loaded { count: 1, timestamp: '2026-01-30T03:36:52.229Z' }

      at Logger.logMethod [as log] (utils/logger.ts:82:7)

    console.log
      [INFO] Upcoming meetings loaded { count: 1, timestamp: '2026-01-30T03:36:52.229Z' }

      at Logger.logMethod [as log] (utils/logger.ts:82:7)

    console.log
      [INFO] Upcoming meetings loaded { count: 1, timestamp: '2026-01-30T03:36:52.229Z' }

      at Logger.logMethod [as log] (utils/logger.ts:82:7)

    console.log
      [INFO] Upcoming meetings loaded { count: 1, timestamp: '2026-01-30T03:36:52.229Z' }

      at Logger.logMethod [as log] (utils/logger.ts:82:7)

    console.log
      [INFO] Upcoming meetings loaded { count: 1, timestamp: '2026-01-30T03:36:52.229Z' }

      at Logger.logMethod [as log] (utils/logger.ts:82:7)

    console.log
      [INFO] Upcoming meetings loaded { count: 1, timestamp: '2026-01-30T03:36:52.229Z' }

      at Logger.logMethod [as log] (utils/logger.ts:82:7)

    console.log
      [INFO] Upcoming meetings loaded { count: 1, timestamp: '2026-01-30T03:36:52.230Z' }

      at Logger.logMethod [as log] (utils/logger.ts:82:7)

    console.log
      [INFO] Upcoming meetings loaded { count: 1, timestamp: '2026-01-30T03:36:52.230Z' }

      at Logger.logMethod [as log] (utils/logger.ts:82:7)

    console.log
      [INFO] Upcoming meetings loaded { count: 1, timestamp: '2026-01-30T03:36:52.230Z' }

      at Logger.logMethod [as log] (utils/logger.ts:82:7)

    console.log
      [INFO] Upcoming meetings loaded { count: 1, timestamp: '2026-01-30T03:36:52.230Z' }

      at Logger.logMethod [as log] (utils/logger.ts:82:7)

    console.log
      [INFO] Upcoming meetings loaded { count: 1, timestamp: '2026-01-30T03:36:52.230Z' }

      at Logger.logMethod [as log] (utils/logger.ts:82:7)

    console.log
      [INFO] Upcoming meetings loaded { count: 1, timestamp: '2026-01-30T03:36:52.230Z' }

      at Logger.logMethod [as log] (utils/logger.ts:82:7)

    console.log
      [INFO] Upcoming meetings loaded { count: 1, timestamp: '2026-01-30T03:36:52.230Z' }

      at Logger.logMethod [as log] (utils/logger.ts:82:7)

    console.log
      [INFO] Upcoming meetings loaded { count: 1, timestamp: '2026-01-30T03:36:52.230Z' }

      at Logger.logMethod [as log] (utils/logger.ts:82:7)

    console.log
      [INFO] Upcoming meetings loaded { count: 1, timestamp: '2026-01-30T03:36:52.230Z' }

      at Logger.logMethod [as log] (utils/logger.ts:82:7)

    console.log
      [INFO] Upcoming meetings loaded { count: 1, timestamp: '2026-01-30T03:36:52.230Z' }

      at Logger.logMethod [as log] (utils/logger.ts:82:7)

    console.log
      [INFO] Upcoming meetings loaded { count: 1, timestamp: '2026-01-30T03:36:52.231Z' }

      at Logger.logMethod [as log] (utils/logger.ts:82:7)

    console.log
      [INFO] Upcoming meetings loaded { count: 1, timestamp: '2026-01-30T03:36:52.231Z' }

      at Logger.logMethod [as log] (utils/logger.ts:82:7)

    console.log
      [INFO] Upcoming meetings loaded { count: 1, timestamp: '2026-01-30T03:36:52.231Z' }

      at Logger.logMethod [as log] (utils/logger.ts:82:7)

    console.log
      [INFO] Upcoming meetings loaded { count: 1, timestamp: '2026-01-30T03:36:52.231Z' }

      at Logger.logMethod [as log] (utils/logger.ts:82:7)

    console.log
      [INFO] Upcoming meetings loaded { count: 1, timestamp: '2026-01-30T03:36:52.231Z' }

      at Logger.logMethod [as log] (utils/logger.ts:82:7)

    console.log
      [INFO] Upcoming meetings loaded { count: 1, timestamp: '2026-01-30T03:36:52.231Z' }

      at Logger.logMethod [as log] (utils/logger.ts:82:7)

    console.log
      [INFO] Upcoming meetings loaded { count: 1, timestamp: '2026-01-30T03:36:52.231Z' }

      at Logger.logMethod [as log] (utils/logger.ts:82:7)

    console.log
      [INFO] Upcoming meetings loaded { count: 1, timestamp: '2026-01-30T03:36:52.231Z' }

      at Logger.logMethod [as log] (utils/logger.ts:82:7)

    console.log
      [INFO] Upcoming meetings loaded { count: 1, timestamp: '2026-01-30T03:36:52.231Z' }

      at Logger.logMethod [as log] (utils/logger.ts:82:7)

    console.log
      [INFO] Upcoming meetings loaded { count: 1, timestamp: '2026-01-30T03:36:52.232Z' }

      at Logger.logMethod [as log] (utils/logger.ts:82:7)

    console.log
      [INFO] Upcoming meetings loaded { count: 1, timestamp: '2026-01-30T03:36:52.232Z' }

      at Logger.logMethod [as log] (utils/logger.ts:82:7)

    console.log
      [INFO] Upcoming meetings loaded { count: 1, timestamp: '2026-01-30T03:36:52.232Z' }

      at Logger.logMethod [as log] (utils/logger.ts:82:7)

    console.log
      [INFO] Upcoming meetings loaded { count: 1, timestamp: '2026-01-30T03:36:52.232Z' }

      at Logger.logMethod [as log] (utils/logger.ts:82:7)

    console.log
      [INFO] Upcoming meetings loaded { count: 1, timestamp: '2026-01-30T03:36:52.232Z' }

      at Logger.logMethod [as log] (utils/logger.ts:82:7)

    console.log
      [INFO] Upcoming meetings loaded { count: 1, timestamp: '2026-01-30T03:36:52.232Z' }

      at Logger.logMethod [as log] (utils/logger.ts:82:7)

    console.log
      [INFO] Upcoming meetings loaded { count: 1, timestamp: '2026-01-30T03:36:52.232Z' }

      at Logger.logMethod [as log] (utils/logger.ts:82:7)

    console.log
      [INFO] Upcoming meetings loaded { count: 1, timestamp: '2026-01-30T03:36:52.232Z' }

      at Logger.logMethod [as log] (utils/logger.ts:82:7)

    console.log
      [INFO] Upcoming meetings loaded { count: 1, timestamp: '2026-01-30T03:36:52.232Z' }

      at Logger.logMethod [as log] (utils/logger.ts:82:7)

    console.log
      [INFO] Upcoming meetings loaded { count: 1, timestamp: '2026-01-30T03:36:52.232Z' }

      at Logger.logMethod [as log] (utils/logger.ts:82:7)

    console.log
      [INFO] Upcoming meetings loaded { count: 1, timestamp: '2026-01-30T03:36:52.233Z' }

      at Logger.logMethod [as log] (utils/logger.ts:82:7)

    console.log
      [INFO] Upcoming meetings loaded { count: 1, timestamp: '2026-01-30T03:36:52.233Z' }

      at Logger.logMethod [as log] (utils/logger.ts:82:7)

    console.log
      [INFO] Upcoming meetings loaded { count: 1, timestamp: '2026-01-30T03:36:52.233Z' }

      at Logger.logMethod [as log] (utils/logger.ts:82:7)

    console.log
      [INFO] Upcoming meetings loaded { count: 1, timestamp: '2026-01-30T03:36:52.233Z' }

      at Logger.logMethod [as log] (utils/logger.ts:82:7)

    console.log
      [INFO] Upcoming meetings loaded { count: 1, timestamp: '2026-01-30T03:36:52.233Z' }

      at Logger.logMethod [as log] (utils/logger.ts:82:7)

    console.log
      [INFO] Upcoming meetings loaded { count: 1, timestamp: '2026-01-30T03:36:52.233Z' }

      at Logger.logMethod [as log] (utils/logger.ts:82:7)

    console.log
      [INFO] Upcoming meetings loaded { count: 1, timestamp: '2026-01-30T03:36:52.233Z' }

      at Logger.logMethod [as log] (utils/logger.ts:82:7)

    console.log
      [INFO] Upcoming meetings loaded { count: 1, timestamp: '2026-01-30T03:36:52.233Z' }

      at Logger.logMethod [as log] (utils/logger.ts:82:7)

    console.log
      [INFO] Upcoming meetings loaded { count: 1, timestamp: '2026-01-30T03:36:52.233Z' }

      at Logger.logMethod [as log] (utils/logger.ts:82:7)

    console.log
      [INFO] Upcoming meetings loaded { count: 1, timestamp: '2026-01-30T03:36:52.234Z' }

      at Logger.logMethod [as log] (utils/logger.ts:82:7)

    console.log
      [INFO] Upcoming meetings loaded { count: 1, timestamp: '2026-01-30T03:36:52.234Z' }

      at Logger.logMethod [as log] (utils/logger.ts:82:7)

    console.log
      [INFO] Upcoming meetings loaded { count: 1, timestamp: '2026-01-30T03:36:52.234Z' }

      at Logger.logMethod [as log] (utils/logger.ts:82:7)

    console.log
      [INFO] Upcoming meetings loaded { count: 1, timestamp: '2026-01-30T03:36:52.234Z' }

      at Logger.logMethod [as log] (utils/logger.ts:82:7)

    console.log
      [INFO] Upcoming meetings loaded { count: 1, timestamp: '2026-01-30T03:36:52.234Z' }

      at Logger.logMethod [as log] (utils/logger.ts:82:7)

    console.log
      [INFO] Upcoming meetings loaded { count: 1, timestamp: '2026-01-30T03:36:52.234Z' }

      at Logger.logMethod [as log] (utils/logger.ts:82:7)

    console.log
      [INFO] Upcoming meetings loaded { count: 1, timestamp: '2026-01-30T03:36:52.234Z' }

      at Logger.logMethod [as log] (utils/logger.ts:82:7)

    console.log
      [INFO] Upcoming meetings loaded { count: 1, timestamp: '2026-01-30T03:36:52.234Z' }

      at Logger.logMethod [as log] (utils/logger.ts:82:7)

    console.log
      [INFO] Upcoming meetings loaded { count: 1, timestamp: '2026-01-30T03:36:52.234Z' }

      at Logger.logMethod [as log] (utils/logger.ts:82:7)

    console.log
      [INFO] Upcoming meetings loaded { count: 1, timestamp: '2026-01-30T03:36:52.234Z' }

      at Logger.logMethod [as log] (utils/logger.ts:82:7)

    console.log
      [INFO] Upcoming meetings loaded { count: 1, timestamp: '2026-01-30T03:36:52.235Z' }

      at Logger.logMethod [as log] (utils/logger.ts:82:7)

    console.log
      [INFO] Upcoming meetings loaded { count: 1, timestamp: '2026-01-30T03:36:52.235Z' }

      at Logger.logMethod [as log] (utils/logger.ts:82:7)

    console.log
      [INFO] Upcoming meetings loaded { count: 1, timestamp: '2026-01-30T03:36:52.235Z' }

      at Logger.logMethod [as log] (utils/logger.ts:82:7)

    console.log
      [INFO] Upcoming meetings loaded { count: 1, timestamp: '2026-01-30T03:36:52.235Z' }

      at Logger.logMethod [as log] (utils/logger.ts:82:7)

    console.log
      [INFO] Upcoming meetings loaded { count: 1, timestamp: '2026-01-30T03:36:52.237Z' }

      at Logger.logMethod [as log] (utils/logger.ts:82:7)

    console.log
      [INFO] Upcoming meetings loaded { count: 1, timestamp: '2026-01-30T03:36:52.237Z' }

      at Logger.logMethod [as log] (utils/logger.ts:82:7)

    console.log
      [INFO] Upcoming meetings loaded { count: 1, timestamp: '2026-01-30T03:36:52.237Z' }

      at Logger.logMethod [as log] (utils/logger.ts:82:7)

    console.log
      [INFO] Upcoming meetings loaded { count: 1, timestamp: '2026-01-30T03:36:52.237Z' }

      at Logger.logMethod [as log] (utils/logger.ts:82:7)

    console.log
      [INFO] Upcoming meetings loaded { count: 1, timestamp: '2026-01-30T03:36:52.237Z' }

      at Logger.logMethod [as log] (utils/logger.ts:82:7)

    console.log
      [INFO] Upcoming meetings loaded { count: 1, timestamp: '2026-01-30T03:36:52.237Z' }

      at Logger.logMethod [as log] (utils/logger.ts:82:7)

    console.log
      [INFO] Upcoming meetings loaded { count: 1, timestamp: '2026-01-30T03:36:52.238Z' }

      at Logger.logMethod [as log] (utils/logger.ts:82:7)

    console.log
      [INFO] Upcoming meetings loaded { count: 1, timestamp: '2026-01-30T03:36:52.238Z' }

      at Logger.logMethod [as log] (utils/logger.ts:82:7)

    console.log
      [INFO] Upcoming meetings loaded { count: 1, timestamp: '2026-01-30T03:36:52.238Z' }

      at Logger.logMethod [as log] (utils/logger.ts:82:7)

    console.log
      [INFO] Upcoming meetings loaded { count: 1, timestamp: '2026-01-30T03:36:52.238Z' }

      at Logger.logMethod [as log] (utils/logger.ts:82:7)

    console.log
      [INFO] Upcoming meetings loaded { count: 1, timestamp: '2026-01-30T03:36:52.238Z' }

      at Logger.logMethod [as log] (utils/logger.ts:82:7)

    console.log
      [INFO] Upcoming meetings loaded { count: 1, timestamp: '2026-01-30T03:36:52.238Z' }

      at Logger.logMethod [as log] (utils/logger.ts:82:7)

    console.log
      [INFO] Upcoming meetings loaded { count: 1, timestamp: '2026-01-30T03:36:52.239Z' }

      at Logger.logMethod [as log] (utils/logger.ts:82:7)

    console.log
      [INFO] Upcoming meetings loaded { count: 1, timestamp: '2026-01-30T03:36:52.239Z' }

      at Logger.logMethod [as log] (utils/logger.ts:82:7)

    console.log
      [INFO] Upcoming meetings loaded { count: 1, timestamp: '2026-01-30T03:36:52.239Z' }

      at Logger.logMethod [as log] (utils/logger.ts:82:7)

    console.log
      [INFO] Upcoming meetings loaded { count: 1, timestamp: '2026-01-30T03:36:52.239Z' }

      at Logger.logMethod [as log] (utils/logger.ts:82:7)

    console.log
      [INFO] Upcoming meetings loaded { count: 1, timestamp: '2026-01-30T03:36:52.239Z' }

      at Logger.logMethod [as log] (utils/logger.ts:82:7)

    console.log
      [INFO] Upcoming meetings loaded { count: 1, timestamp: '2026-01-30T03:36:52.239Z' }

      at Logger.logMethod [as log] (utils/logger.ts:82:7)

    console.log
      [INFO] Upcoming meetings loaded { count: 1, timestamp: '2026-01-30T03:36:52.239Z' }

      at Logger.logMethod [as log] (utils/logger.ts:82:7)

    console.log
      [INFO] Upcoming meetings loaded { count: 1, timestamp: '2026-01-30T03:36:52.239Z' }

      at Logger.logMethod [as log] (utils/logger.ts:82:7)

    console.log
      [INFO] Upcoming meetings loaded { count: 1, timestamp: '2026-01-30T03:36:52.239Z' }

      at Logger.logMethod [as log] (utils/logger.ts:82:7)

    console.log
      [INFO] Upcoming meetings loaded { count: 1, timestamp: '2026-01-30T03:36:52.240Z' }

      at Logger.logMethod [as log] (utils/logger.ts:82:7)

    console.log
      [INFO] Upcoming meetings loaded { count: 1, timestamp: '2026-01-30T03:36:52.240Z' }

      at Logger.logMethod [as log] (utils/logger.ts:82:7)

    console.log
      [INFO] Upcoming meetings loaded { count: 1, timestamp: '2026-01-30T03:36:52.240Z' }

      at Logger.logMethod [as log] (utils/logger.ts:82:7)

    console.log
      [INFO] Upcoming meetings loaded { count: 1, timestamp: '2026-01-30T03:36:52.240Z' }

      at Logger.logMethod [as log] (utils/logger.ts:82:7)

    console.log
      [INFO] Upcoming meetings loaded { count: 1, timestamp: '2026-01-30T03:36:52.240Z' }

      at Logger.logMethod [as log] (utils/logger.ts:82:7)

    console.log
      [INFO] Upcoming meetings loaded { count: 1, timestamp: '2026-01-30T03:36:52.240Z' }

      at Logger.logMethod [as log] (utils/logger.ts:82:7)

    console.log
      [INFO] Upcoming meetings loaded { count: 1, timestamp: '2026-01-30T03:36:52.240Z' }

      at Logger.logMethod [as log] (utils/logger.ts:82:7)

    console.log
      [INFO] Upcoming meetings loaded { count: 1, timestamp: '2026-01-30T03:36:52.240Z' }

      at Logger.logMethod [as log] (utils/logger.ts:82:7)

    console.log
      [INFO] Upcoming meetings loaded { count: 1, timestamp: '2026-01-30T03:36:52.240Z' }

      at Logger.logMethod [as log] (utils/logger.ts:82:7)

    console.log
      [INFO] Upcoming meetings loaded { count: 1, timestamp: '2026-01-30T03:36:52.241Z' }

      at Logger.logMethod [as log] (utils/logger.ts:82:7)

    console.log
      [INFO] Upcoming meetings loaded { count: 1, timestamp: '2026-01-30T03:36:52.241Z' }

      at Logger.logMethod [as log] (utils/logger.ts:82:7)

    console.log
      [INFO] Upcoming meetings loaded { count: 1, timestamp: '2026-01-30T03:36:52.241Z' }

      at Logger.logMethod [as log] (utils/logger.ts:82:7)

    console.log
      [INFO] Upcoming meetings loaded { count: 1, timestamp: '2026-01-30T03:36:52.241Z' }

      at Logger.logMethod [as log] (utils/logger.ts:82:7)

    console.log
      [INFO] Upcoming meetings loaded { count: 1, timestamp: '2026-01-30T03:36:52.241Z' }

      at Logger.logMethod [as log] (utils/logger.ts:82:7)

    console.log
      [INFO] Upcoming meetings loaded { count: 1, timestamp: '2026-01-30T03:36:52.241Z' }

      at Logger.logMethod [as log] (utils/logger.ts:82:7)

    console.log
      [INFO] Upcoming meetings loaded { count: 1, timestamp: '2026-01-30T03:36:52.241Z' }

      at Logger.logMethod [as log] (utils/logger.ts:82:7)

    console.log
      [INFO] Upcoming meetings loaded { count: 1, timestamp: '2026-01-30T03:36:52.241Z' }

      at Logger.logMethod [as log] (utils/logger.ts:82:7)

    console.log
      [INFO] Upcoming meetings loaded { count: 1, timestamp: '2026-01-30T03:36:52.241Z' }

      at Logger.logMethod [as log] (utils/logger.ts:82:7)

    console.log
      [INFO] Upcoming meetings loaded { count: 1, timestamp: '2026-01-30T03:36:52.241Z' }

      at Logger.logMethod [as log] (utils/logger.ts:82:7)

    console.log
      [INFO] Upcoming meetings loaded { count: 1, timestamp: '2026-01-30T03:36:52.242Z' }

      at Logger.logMethod [as log] (utils/logger.ts:82:7)

    console.log
      [INFO] Upcoming meetings loaded { count: 1, timestamp: '2026-01-30T03:36:52.242Z' }

      at Logger.logMethod [as log] (utils/logger.ts:82:7)

    console.log
      [INFO] Upcoming meetings loaded { count: 1, timestamp: '2026-01-30T03:36:52.242Z' }

      at Logger.logMethod [as log] (utils/logger.ts:82:7)

    console.log
      [INFO] Upcoming meetings loaded { count: 1, timestamp: '2026-01-30T03:36:52.242Z' }

      at Logger.logMethod [as log] (utils/logger.ts:82:7)

    console.log
      [INFO] Upcoming meetings loaded { count: 1, timestamp: '2026-01-30T03:36:52.242Z' }

      at Logger.logMethod [as log] (utils/logger.ts:82:7)

    console.log
      [INFO] Upcoming meetings loaded { count: 1, timestamp: '2026-01-30T03:36:52.242Z' }

      at Logger.logMethod [as log] (utils/logger.ts:82:7)

    console.log
      [INFO] Upcoming meetings loaded { count: 1, timestamp: '2026-01-30T03:36:52.242Z' }

      at Logger.logMethod [as log] (utils/logger.ts:82:7)

    console.log
      [INFO] Upcoming meetings loaded { count: 1, timestamp: '2026-01-30T03:36:52.242Z' }

      at Logger.logMethod [as log] (utils/logger.ts:82:7)

    console.log
      [INFO] Upcoming meetings loaded { count: 1, timestamp: '2026-01-30T03:36:52.242Z' }

      at Logger.logMethod [as log] (utils/logger.ts:82:7)

    console.log
      [INFO] Upcoming meetings loaded { count: 1, timestamp: '2026-01-30T03:36:52.243Z' }

      at Logger.logMethod [as log] (utils/logger.ts:82:7)

    console.log
      [INFO] Upcoming meetings loaded { count: 1, timestamp: '2026-01-30T03:36:52.243Z' }

      at Logger.logMethod [as log] (utils/logger.ts:82:7)

    console.log
      [INFO] Upcoming meetings loaded { count: 1, timestamp: '2026-01-30T03:36:52.243Z' }

      at Logger.logMethod [as log] (utils/logger.ts:82:7)

    console.log
      [INFO] Upcoming meetings loaded { count: 1, timestamp: '2026-01-30T03:36:52.243Z' }

      at Logger.logMethod [as log] (utils/logger.ts:82:7)

    console.log
      [INFO] Upcoming meetings loaded { count: 1, timestamp: '2026-01-30T03:36:52.243Z' }

      at Logger.logMethod [as log] (utils/logger.ts:82:7)

    console.log
      [INFO] Upcoming meetings loaded { count: 1, timestamp: '2026-01-30T03:36:52.243Z' }

      at Logger.logMethod [as log] (utils/logger.ts:82:7)

    console.log
      [INFO] Upcoming meetings loaded { count: 1, timestamp: '2026-01-30T03:36:52.243Z' }

      at Logger.logMethod [as log] (utils/logger.ts:82:7)

    console.log
      [INFO] Upcoming meetings loaded { count: 1, timestamp: '2026-01-30T03:36:52.243Z' }

      at Logger.logMethod [as log] (utils/logger.ts:82:7)

    console.log
      [INFO] Upcoming meetings loaded { count: 1, timestamp: '2026-01-30T03:36:52.243Z' }

      at Logger.logMethod [as log] (utils/logger.ts:82:7)

    console.log
      [INFO] Upcoming meetings loaded { count: 1, timestamp: '2026-01-30T03:36:52.244Z' }

      at Logger.logMethod [as log] (utils/logger.ts:82:7)

    console.log
      [INFO] Upcoming meetings loaded { count: 1, timestamp: '2026-01-30T03:36:52.244Z' }

      at Logger.logMethod [as log] (utils/logger.ts:82:7)

    console.log
      [INFO] Upcoming meetings loaded { count: 1, timestamp: '2026-01-30T03:36:52.244Z' }

      at Logger.logMethod [as log] (utils/logger.ts:82:7)

    console.log
      [INFO] Upcoming meetings loaded { count: 1, timestamp: '2026-01-30T03:36:52.244Z' }

      at Logger.logMethod [as log] (utils/logger.ts:82:7)

    console.log
      [INFO] Upcoming meetings loaded { count: 1, timestamp: '2026-01-30T03:36:52.244Z' }

      at Logger.logMethod [as log] (utils/logger.ts:82:7)

    console.log
      [INFO] Upcoming meetings loaded { count: 1, timestamp: '2026-01-30T03:36:52.245Z' }

      at Logger.logMethod [as log] (utils/logger.ts:82:7)

    console.log
      [INFO] Upcoming meetings loaded { count: 1, timestamp: '2026-01-30T03:36:52.245Z' }

      at Logger.logMethod [as log] (utils/logger.ts:82:7)

    console.log
      [INFO] Upcoming meetings loaded { count: 1, timestamp: '2026-01-30T03:36:52.245Z' }

      at Logger.logMethod [as log] (utils/logger.ts:82:7)

    console.log
      [INFO] Upcoming meetings loaded { count: 1, timestamp: '2026-01-30T03:36:52.245Z' }

      at Logger.logMethod [as log] (utils/logger.ts:82:7)

    console.log
      [INFO] Upcoming meetings loaded { count: 1, timestamp: '2026-01-30T03:36:52.245Z' }

      at Logger.logMethod [as log] (utils/logger.ts:82:7)

    console.log
      [INFO] Upcoming meetings loaded { count: 1, timestamp: '2026-01-30T03:36:52.246Z' }

      at Logger.logMethod [as log] (utils/logger.ts:82:7)

    console.log
      [INFO] Upcoming meetings loaded { count: 1, timestamp: '2026-01-30T03:36:52.246Z' }

      at Logger.logMethod [as log] (utils/logger.ts:82:7)

    console.log
      [INFO] Upcoming meetings loaded { count: 1, timestamp: '2026-01-30T03:36:52.246Z' }

      at Logger.logMethod [as log] (utils/logger.ts:82:7)

    console.log
      [INFO] Upcoming meetings loaded { count: 1, timestamp: '2026-01-30T03:36:52.246Z' }

      at Logger.logMethod [as log] (utils/logger.ts:82:7)

    console.log
      [INFO] Upcoming meetings loaded { count: 1, timestamp: '2026-01-30T03:36:52.246Z' }

      at Logger.logMethod [as log] (utils/logger.ts:82:7)

    console.log
      [INFO] Upcoming meetings loaded { count: 1, timestamp: '2026-01-30T03:36:52.246Z' }

      at Logger.logMethod [as log] (utils/logger.ts:82:7)

    console.log
      [INFO] Upcoming meetings loaded { count: 1, timestamp: '2026-01-30T03:36:52.246Z' }

      at Logger.logMethod [as log] (utils/logger.ts:82:7)

    console.log
      [INFO] Upcoming meetings loaded { count: 1, timestamp: '2026-01-30T03:36:52.246Z' }

      at Logger.logMethod [as log] (utils/logger.ts:82:7)

    console.log
      [INFO] Upcoming meetings loaded { count: 1, timestamp: '2026-01-30T03:36:52.247Z' }

      at Logger.logMethod [as log] (utils/logger.ts:82:7)

    console.log
      [INFO] Upcoming meetings loaded { count: 1, timestamp: '2026-01-30T03:36:52.247Z' }

      at Logger.logMethod [as log] (utils/logger.ts:82:7)

    console.log
      [INFO] Upcoming meetings loaded { count: 1, timestamp: '2026-01-30T03:36:52.247Z' }

      at Logger.logMethod [as log] (utils/logger.ts:82:7)

    console.log
      [INFO] Upcoming meetings loaded { count: 1, timestamp: '2026-01-30T03:36:52.247Z' }

      at Logger.logMethod [as log] (utils/logger.ts:82:7)

    console.log
      [INFO] Upcoming meetings loaded { count: 1, timestamp: '2026-01-30T03:36:52.247Z' }

      at Logger.logMethod [as log] (utils/logger.ts:82:7)

    console.log
      [INFO] Upcoming meetings loaded { count: 1, timestamp: '2026-01-30T03:36:52.247Z' }

      at Logger.logMethod [as log] (utils/logger.ts:82:7)

    console.log
      [INFO] Upcoming meetings loaded { count: 1, timestamp: '2026-01-30T03:36:52.247Z' }

      at Logger.logMethod [as log] (utils/logger.ts:82:7)

    console.log
      [INFO] Upcoming meetings loaded { count: 1, timestamp: '2026-01-30T03:36:52.247Z' }

      at Logger.logMethod [as log] (utils/logger.ts:82:7)

    console.log
      [INFO] Upcoming meetings loaded { count: 1, timestamp: '2026-01-30T03:36:52.247Z' }

      at Logger.logMethod [as log] (utils/logger.ts:82:7)

    console.log
      [INFO] Upcoming meetings loaded { count: 1, timestamp: '2026-01-30T03:36:52.248Z' }

      at Logger.logMethod [as log] (utils/logger.ts:82:7)

    console.log
      [INFO] Upcoming meetings loaded { count: 1, timestamp: '2026-01-30T03:36:52.248Z' }

      at Logger.logMethod [as log] (utils/logger.ts:82:7)

    console.log
      [INFO] Upcoming meetings loaded { count: 1, timestamp: '2026-01-30T03:36:52.248Z' }

      at Logger.logMethod [as log] (utils/logger.ts:82:7)

    console.log
      [INFO] Upcoming meetings loaded { count: 1, timestamp: '2026-01-30T03:36:52.248Z' }

      at Logger.logMethod [as log] (utils/logger.ts:82:7)

    console.log
      [INFO] Upcoming meetings loaded { count: 1, timestamp: '2026-01-30T03:36:52.248Z' }

      at Logger.logMethod [as log] (utils/logger.ts:82:7)

    console.log
      [INFO] Upcoming meetings loaded { count: 1, timestamp: '2026-01-30T03:36:52.248Z' }

      at Logger.logMethod [as log] (utils/logger.ts:82:7)

    console.log
      [INFO] Upcoming meetings loaded { count: 1, timestamp: '2026-01-30T03:36:52.248Z' }

      at Logger.logMethod [as log] (utils/logger.ts:82:7)

    console.log
      [INFO] Upcoming meetings loaded { count: 1, timestamp: '2026-01-30T03:36:52.248Z' }

      at Logger.logMethod [as log] (utils/logger.ts:82:7)

    console.log
      [INFO] Upcoming meetings loaded { count: 1, timestamp: '2026-01-30T03:36:52.248Z' }

      at Logger.logMethod [as log] (utils/logger.ts:82:7)

    console.log
      [INFO] Upcoming meetings loaded { count: 1, timestamp: '2026-01-30T03:36:52.249Z' }

      at Logger.logMethod [as log] (utils/logger.ts:82:7)

    console.log
      [INFO] Upcoming meetings loaded { count: 1, timestamp: '2026-01-30T03:36:52.249Z' }

      at Logger.logMethod [as log] (utils/logger.ts:82:7)

    console.log
      [INFO] Upcoming meetings loaded { count: 1, timestamp: '2026-01-30T03:36:52.249Z' }

      at Logger.logMethod [as log] (utils/logger.ts:82:7)

    console.log
      [INFO] Upcoming meetings loaded { count: 1, timestamp: '2026-01-30T03:36:52.249Z' }

      at Logger.logMethod [as log] (utils/logger.ts:82:7)

    console.log
      [INFO] Upcoming meetings loaded { count: 1, timestamp: '2026-01-30T03:36:52.249Z' }

      at Logger.logMethod [as log] (utils/logger.ts:82:7)

    console.log
      [INFO] Upcoming meetings loaded { count: 1, timestamp: '2026-01-30T03:36:52.249Z' }

      at Logger.logMethod [as log] (utils/logger.ts:82:7)

    console.log
      [INFO] Upcoming meetings loaded { count: 1, timestamp: '2026-01-30T03:36:52.249Z' }

      at Logger.logMethod [as log] (utils/logger.ts:82:7)

    console.log
      [INFO] Upcoming meetings loaded { count: 1, timestamp: '2026-01-30T03:36:52.249Z' }

      at Logger.logMethod [as log] (utils/logger.ts:82:7)

    console.log
      [INFO] Upcoming meetings loaded { count: 1, timestamp: '2026-01-30T03:36:52.250Z' }

      at Logger.logMethod [as log] (utils/logger.ts:82:7)

    console.log
      [INFO] Upcoming meetings loaded { count: 1, timestamp: '2026-01-30T03:36:52.250Z' }

      at Logger.logMethod [as log] (utils/logger.ts:82:7)

    console.log
      [INFO] Upcoming meetings loaded { count: 1, timestamp: '2026-01-30T03:36:52.250Z' }

      at Logger.logMethod [as log] (utils/logger.ts:82:7)

    console.log
      [INFO] Upcoming meetings loaded { count: 1, timestamp: '2026-01-30T03:36:52.250Z' }

      at Logger.logMethod [as log] (utils/logger.ts:82:7)

    console.log
      [INFO] Upcoming meetings loaded { count: 1, timestamp: '2026-01-30T03:36:52.250Z' }

      at Logger.logMethod [as log] (utils/logger.ts:82:7)

    console.log
      [INFO] Upcoming meetings loaded { count: 1, timestamp: '2026-01-30T03:36:52.250Z' }

      at Logger.logMethod [as log] (utils/logger.ts:82:7)

    console.log
      [INFO] Upcoming meetings loaded { count: 1, timestamp: '2026-01-30T03:36:52.250Z' }

      at Logger.logMethod [as log] (utils/logger.ts:82:7)

    console.log
      [INFO] Upcoming meetings loaded { count: 1, timestamp: '2026-01-30T03:36:52.250Z' }

      at Logger.logMethod [as log] (utils/logger.ts:82:7)

    console.log
      [INFO] Upcoming meetings loaded { count: 1, timestamp: '2026-01-30T03:36:52.250Z' }

      at Logger.logMethod [as log] (utils/logger.ts:82:7)

    console.log
      [INFO] Upcoming meetings loaded { count: 1, timestamp: '2026-01-30T03:36:52.250Z' }

      at Logger.logMethod [as log] (utils/logger.ts:82:7)

    console.log
      [INFO] Upcoming meetings loaded { count: 1, timestamp: '2026-01-30T03:36:52.251Z' }

      at Logger.logMethod [as log] (utils/logger.ts:82:7)

    console.log
      [INFO] Upcoming meetings loaded { count: 1, timestamp: '2026-01-30T03:36:52.251Z' }

      at Logger.logMethod [as log] (utils/logger.ts:82:7)

    console.log
      [INFO] Upcoming meetings loaded { count: 1, timestamp: '2026-01-30T03:36:52.251Z' }

      at Logger.logMethod [as log] (utils/logger.ts:82:7)

    console.log
      [INFO] Upcoming meetings loaded { count: 1, timestamp: '2026-01-30T03:36:52.251Z' }

      at Logger.logMethod [as log] (utils/logger.ts:82:7)

    console.log
      [INFO] Upcoming meetings loaded { count: 1, timestamp: '2026-01-30T03:36:52.251Z' }

      at Logger.logMethod [as log] (utils/logger.ts:82:7)

    console.log
      [INFO] Upcoming meetings loaded { count: 1, timestamp: '2026-01-30T03:36:52.251Z' }

      at Logger.logMethod [as log] (utils/logger.ts:82:7)

    console.log
      [INFO] Upcoming meetings loaded { count: 1, timestamp: '2026-01-30T03:36:52.251Z' }

      at Logger.logMethod [as log] (utils/logger.ts:82:7)

    console.log
      [INFO] Upcoming meetings loaded { count: 1, timestamp: '2026-01-30T03:36:52.251Z' }

      at Logger.logMethod [as log] (utils/logger.ts:82:7)

    console.log
      [INFO] Upcoming meetings loaded { count: 1, timestamp: '2026-01-30T03:36:52.251Z' }

      at Logger.logMethod [as log] (utils/logger.ts:82:7)

    console.log
      [INFO] Upcoming meetings loaded { count: 1, timestamp: '2026-01-30T03:36:52.252Z' }

      at Logger.logMethod [as log] (utils/logger.ts:82:7)

    console.log
      [INFO] Upcoming meetings loaded { count: 1, timestamp: '2026-01-30T03:36:52.252Z' }

      at Logger.logMethod [as log] (utils/logger.ts:82:7)

    console.log
      [INFO] Upcoming meetings loaded { count: 1, timestamp: '2026-01-30T03:36:52.252Z' }

      at Logger.logMethod [as log] (utils/logger.ts:82:7)

    console.log
      [INFO] Upcoming meetings loaded { count: 1, timestamp: '2026-01-30T03:36:52.252Z' }

      at Logger.logMethod [as log] (utils/logger.ts:82:7)

    console.log
      [INFO] Upcoming meetings loaded { count: 1, timestamp: '2026-01-30T03:36:52.252Z' }

      at Logger.logMethod [as log] (utils/logger.ts:82:7)

    console.log
      [INFO] Upcoming meetings loaded { count: 1, timestamp: '2026-01-30T03:36:52.252Z' }

      at Logger.logMethod [as log] (utils/logger.ts:82:7)

    console.log
      [INFO] Upcoming meetings loaded { count: 1, timestamp: '2026-01-30T03:36:52.252Z' }

      at Logger.logMethod [as log] (utils/logger.ts:82:7)

    console.log
      [INFO] Upcoming meetings loaded { count: 1, timestamp: '2026-01-30T03:36:52.252Z' }

      at Logger.logMethod [as log] (utils/logger.ts:82:7)

    console.log
      [INFO] Upcoming meetings loaded { count: 1, timestamp: '2026-01-30T03:36:52.252Z' }

      at Logger.logMethod [as log] (utils/logger.ts:82:7)

    console.log
      [INFO] Upcoming meetings loaded { count: 1, timestamp: '2026-01-30T03:36:52.253Z' }

      at Logger.logMethod [as log] (utils/logger.ts:82:7)

    console.log
      [INFO] Upcoming meetings loaded { count: 1, timestamp: '2026-01-30T03:36:52.253Z' }

      at Logger.logMethod [as log] (utils/logger.ts:82:7)

    console.log
      [INFO] Upcoming meetings loaded { count: 1, timestamp: '2026-01-30T03:36:52.253Z' }

      at Logger.logMethod [as log] (utils/logger.ts:82:7)

    console.log
      [INFO] Upcoming meetings loaded { count: 1, timestamp: '2026-01-30T03:36:52.253Z' }

      at Logger.logMethod [as log] (utils/logger.ts:82:7)

    console.log
      [INFO] Upcoming meetings loaded { count: 1, timestamp: '2026-01-30T03:36:52.253Z' }

      at Logger.logMethod [as log] (utils/logger.ts:82:7)

    console.log
      [INFO] Upcoming meetings loaded { count: 1, timestamp: '2026-01-30T03:36:52.253Z' }

      at Logger.logMethod [as log] (utils/logger.ts:82:7)

    console.log
      [INFO] Upcoming meetings loaded { count: 1, timestamp: '2026-01-30T03:36:52.253Z' }

      at Logger.logMethod [as log] (utils/logger.ts:82:7)

    console.log
      [INFO] Upcoming meetings loaded { count: 1, timestamp: '2026-01-30T03:36:52.253Z' }

      at Logger.logMethod [as log] (utils/logger.ts:82:7)

    console.log
      [INFO] Upcoming meetings loaded { count: 1, timestamp: '2026-01-30T03:36:52.253Z' }

      at Logger.logMethod [as log] (utils/logger.ts:82:7)

    console.log
      [INFO] Upcoming meetings loaded { count: 1, timestamp: '2026-01-30T03:36:52.254Z' }

      at Logger.logMethod [as log] (utils/logger.ts:82:7)

    console.log
      [INFO] Upcoming meetings loaded { count: 1, timestamp: '2026-01-30T03:36:52.254Z' }

      at Logger.logMethod [as log] (utils/logger.ts:82:7)

    console.log
      [INFO] Upcoming meetings loaded { count: 1, timestamp: '2026-01-30T03:36:52.254Z' }

      at Logger.logMethod [as log] (utils/logger.ts:82:7)

    console.log
      [INFO] Upcoming meetings loaded { count: 1, timestamp: '2026-01-30T03:36:52.254Z' }

      at Logger.logMethod [as log] (utils/logger.ts:82:7)

    console.log
      [INFO] Upcoming meetings loaded { count: 1, timestamp: '2026-01-30T03:36:52.254Z' }

      at Logger.logMethod [as log] (utils/logger.ts:82:7)

    console.log
      [INFO] Upcoming meetings loaded { count: 1, timestamp: '2026-01-30T03:36:52.254Z' }

      at Logger.logMethod [as log] (utils/logger.ts:82:7)

    console.log
      [INFO] Upcoming meetings loaded { count: 1, timestamp: '2026-01-30T03:36:52.254Z' }

      at Logger.logMethod [as log] (utils/logger.ts:82:7)

    console.log
      [INFO] Upcoming meetings loaded { count: 1, timestamp: '2026-01-30T03:36:52.254Z' }

      at Logger.logMethod [as log] (utils/logger.ts:82:7)

    console.log
      [INFO] Upcoming meetings loaded { count: 1, timestamp: '2026-01-30T03:36:52.254Z' }

      at Logger.logMethod [as log] (utils/logger.ts:82:7)

    console.log
      [INFO] Upcoming meetings loaded { count: 1, timestamp: '2026-01-30T03:36:52.254Z' }

      at Logger.logMethod [as log] (utils/logger.ts:82:7)

    console.log
      [INFO] Upcoming meetings loaded { count: 1, timestamp: '2026-01-30T03:36:52.255Z' }

      at Logger.logMethod [as log] (utils/logger.ts:82:7)

    console.log
      [INFO] Upcoming meetings loaded { count: 1, timestamp: '2026-01-30T03:36:52.255Z' }

      at Logger.logMethod [as log] (utils/logger.ts:82:7)

    console.log
      [INFO] Upcoming meetings loaded { count: 1, timestamp: '2026-01-30T03:36:52.255Z' }

      at Logger.logMethod [as log] (utils/logger.ts:82:7)

    console.log
      [INFO] Upcoming meetings loaded { count: 1, timestamp: '2026-01-30T03:36:52.255Z' }

      at Logger.logMethod [as log] (utils/logger.ts:82:7)

    console.log
      [INFO] Upcoming meetings loaded { count: 1, timestamp: '2026-01-30T03:36:52.255Z' }

      at Logger.logMethod [as log] (utils/logger.ts:82:7)

    console.log
      [INFO] Upcoming meetings loaded { count: 1, timestamp: '2026-01-30T03:36:52.255Z' }

      at Logger.logMethod [as log] (utils/logger.ts:82:7)

    console.log
      [INFO] Upcoming meetings loaded { count: 1, timestamp: '2026-01-30T03:36:52.255Z' }

      at Logger.logMethod [as log] (utils/logger.ts:82:7)

    console.log
      [INFO] Upcoming meetings loaded { count: 1, timestamp: '2026-01-30T03:36:52.255Z' }

      at Logger.logMethod [as log] (utils/logger.ts:82:7)

    console.log
      [INFO] Upcoming meetings loaded { count: 1, timestamp: '2026-01-30T03:36:52.255Z' }

      at Logger.logMethod [as log] (utils/logger.ts:82:7)

    console.log
      [INFO] Upcoming meetings loaded { count: 1, timestamp: '2026-01-30T03:36:52.255Z' }

      at Logger.logMethod [as log] (utils/logger.ts:82:7)

    console.log
      [INFO] Upcoming meetings loaded { count: 1, timestamp: '2026-01-30T03:36:52.256Z' }

      at Logger.logMethod [as log] (utils/logger.ts:82:7)

    console.log
      [INFO] Upcoming meetings loaded { count: 1, timestamp: '2026-01-30T03:36:52.256Z' }

      at Logger.logMethod [as log] (utils/logger.ts:82:7)

    console.log
      [INFO] Upcoming meetings loaded { count: 1, timestamp: '2026-01-30T03:36:52.256Z' }

      at Logger.logMethod [as log] (utils/logger.ts:82:7)

    console.log
      [INFO] Upcoming meetings loaded { count: 1, timestamp: '2026-01-30T03:36:52.256Z' }

      at Logger.logMethod [as log] (utils/logger.ts:82:7)

    console.log
      [INFO] Upcoming meetings loaded { count: 1, timestamp: '2026-01-30T03:36:52.256Z' }

      at Logger.logMethod [as log] (utils/logger.ts:82:7)

    console.log
      [INFO] Upcoming meetings loaded { count: 1, timestamp: '2026-01-30T03:36:52.256Z' }

      at Logger.logMethod [as log] (utils/logger.ts:82:7)

    console.log
      [INFO] Upcoming meetings loaded { count: 1, timestamp: '2026-01-30T03:36:52.256Z' }

      at Logger.logMethod [as log] (utils/logger.ts:82:7)

    console.log
      [INFO] Upcoming meetings loaded { count: 1, timestamp: '2026-01-30T03:36:52.256Z' }

      at Logger.logMethod [as log] (utils/logger.ts:82:7)

    console.log
      [INFO] Upcoming meetings loaded { count: 1, timestamp: '2026-01-30T03:36:52.256Z' }

      at Logger.logMethod [as log] (utils/logger.ts:82:7)

    console.log
      [INFO] Upcoming meetings loaded { count: 1, timestamp: '2026-01-30T03:36:52.256Z' }

      at Logger.logMethod [as log] (utils/logger.ts:82:7)

    console.log
      [INFO] Upcoming meetings loaded { count: 1, timestamp: '2026-01-30T03:36:52.257Z' }

      at Logger.logMethod [as log] (utils/logger.ts:82:7)

    console.log
      [INFO] Upcoming meetings loaded { count: 1, timestamp: '2026-01-30T03:36:52.257Z' }

      at Logger.logMethod [as log] (utils/logger.ts:82:7)

    console.log
      [INFO] Upcoming meetings loaded { count: 1, timestamp: '2026-01-30T03:36:52.257Z' }

      at Logger.logMethod [as log] (utils/logger.ts:82:7)

    console.log
      [INFO] Upcoming meetings loaded { count: 1, timestamp: '2026-01-30T03:36:52.257Z' }

      at Logger.logMethod [as log] (utils/logger.ts:82:7)

    console.log
      [INFO] Upcoming meetings loaded { count: 1, timestamp: '2026-01-30T03:36:52.257Z' }

      at Logger.logMethod [as log] (utils/logger.ts:82:7)

    console.log
      [INFO] Upcoming meetings loaded { count: 1, timestamp: '2026-01-30T03:36:52.257Z' }

      at Logger.logMethod [as log] (utils/logger.ts:82:7)

    console.log
      [INFO] Upcoming meetings loaded { count: 1, timestamp: '2026-01-30T03:36:52.257Z' }

      at Logger.logMethod [as log] (utils/logger.ts:82:7)

    console.log
      [INFO] Upcoming meetings loaded { count: 1, timestamp: '2026-01-30T03:36:52.257Z' }

      at Logger.logMethod [as log] (utils/logger.ts:82:7)

    console.log
      [INFO] Upcoming meetings loaded { count: 1, timestamp: '2026-01-30T03:36:52.257Z' }

      at Logger.logMethod [as log] (utils/logger.ts:82:7)

    console.log
      [INFO] Upcoming meetings loaded { count: 1, timestamp: '2026-01-30T03:36:52.257Z' }

      at Logger.logMethod [as log] (utils/logger.ts:82:7)

    console.log
      [INFO] Upcoming meetings loaded { count: 1, timestamp: '2026-01-30T03:36:52.258Z' }

      at Logger.logMethod [as log] (utils/logger.ts:82:7)

    console.log
      [INFO] Upcoming meetings loaded { count: 1, timestamp: '2026-01-30T03:36:52.258Z' }

      at Logger.logMethod [as log] (utils/logger.ts:82:7)

    console.log
      [INFO] Upcoming meetings loaded { count: 1, timestamp: '2026-01-30T03:36:52.258Z' }

      at Logger.logMethod [as log] (utils/logger.ts:82:7)

    console.log
      [INFO] Upcoming meetings loaded { count: 1, timestamp: '2026-01-30T03:36:52.258Z' }

      at Logger.logMethod [as log] (utils/logger.ts:82:7)

    console.log
      [INFO] Upcoming meetings loaded { count: 1, timestamp: '2026-01-30T03:36:52.258Z' }

      at Logger.logMethod [as log] (utils/logger.ts:82:7)

    console.log
      [INFO] Upcoming meetings loaded { count: 1, timestamp: '2026-01-30T03:36:52.258Z' }

      at Logger.logMethod [as log] (utils/logger.ts:82:7)

    console.log
      [INFO] Upcoming meetings loaded { count: 1, timestamp: '2026-01-30T03:36:52.258Z' }

      at Logger.logMethod [as log] (utils/logger.ts:82:7)

    console.log
      [INFO] Upcoming meetings loaded { count: 1, timestamp: '2026-01-30T03:36:52.258Z' }

      at Logger.logMethod [as log] (utils/logger.ts:82:7)

    console.log
      [INFO] Upcoming meetings loaded { count: 1, timestamp: '2026-01-30T03:36:52.258Z' }

      at Logger.logMethod [as log] (utils/logger.ts:82:7)

    console.log
      [INFO] Upcoming meetings loaded { count: 1, timestamp: '2026-01-30T03:36:52.259Z' }

      at Logger.logMethod [as log] (utils/logger.ts:82:7)

    console.log
      [INFO] Upcoming meetings loaded { count: 1, timestamp: '2026-01-30T03:36:52.259Z' }

      at Logger.logMethod [as log] (utils/logger.ts:82:7)

    console.log
      [INFO] Upcoming meetings loaded { count: 1, timestamp: '2026-01-30T03:36:52.259Z' }

      at Logger.logMethod [as log] (utils/logger.ts:82:7)

    console.log
      [INFO] Upcoming meetings loaded { count: 1, timestamp: '2026-01-30T03:36:52.259Z' }

      at Logger.logMethod [as log] (utils/logger.ts:82:7)

    console.log
      [INFO] Upcoming meetings loaded { count: 1, timestamp: '2026-01-30T03:36:52.259Z' }

      at Logger.logMethod [as log] (utils/logger.ts:82:7)

    console.log
      [INFO] Upcoming meetings loaded { count: 1, timestamp: '2026-01-30T03:36:52.259Z' }

      at Logger.logMethod [as log] (utils/logger.ts:82:7)

    console.log
      [INFO] Upcoming meetings loaded { count: 1, timestamp: '2026-01-30T03:36:52.259Z' }

      at Logger.logMethod [as log] (utils/logger.ts:82:7)

    console.log
      [INFO] Upcoming meetings loaded { count: 1, timestamp: '2026-01-30T03:36:52.259Z' }

      at Logger.logMethod [as log] (utils/logger.ts:82:7)

    console.log
      [INFO] Upcoming meetings loaded { count: 1, timestamp: '2026-01-30T03:36:52.259Z' }

      at Logger.logMethod [as log] (utils/logger.ts:82:7)

    console.log
      [INFO] Upcoming meetings loaded { count: 1, timestamp: '2026-01-30T03:36:52.260Z' }

      at Logger.logMethod [as log] (utils/logger.ts:82:7)

    console.log
      [INFO] Upcoming meetings loaded { count: 1, timestamp: '2026-01-30T03:36:52.260Z' }

      at Logger.logMethod [as log] (utils/logger.ts:82:7)

    console.log
      [INFO] Upcoming meetings loaded { count: 1, timestamp: '2026-01-30T03:36:52.260Z' }

      at Logger.logMethod [as log] (utils/logger.ts:82:7)

    console.log
      [INFO] Upcoming meetings loaded { count: 1, timestamp: '2026-01-30T03:36:52.260Z' }

      at Logger.logMethod [as log] (utils/logger.ts:82:7)

    console.log
      [INFO] Upcoming meetings loaded { count: 1, timestamp: '2026-01-30T03:36:52.260Z' }

      at Logger.logMethod [as log] (utils/logger.ts:82:7)

    console.log
      [INFO] Upcoming meetings loaded { count: 1, timestamp: '2026-01-30T03:36:52.261Z' }

      at Logger.logMethod [as log] (utils/logger.ts:82:7)

    console.log
      [INFO] Upcoming meetings loaded { count: 1, timestamp: '2026-01-30T03:36:52.261Z' }

      at Logger.logMethod [as log] (utils/logger.ts:82:7)

    console.log
      [INFO] Upcoming meetings loaded { count: 1, timestamp: '2026-01-30T03:36:52.261Z' }

      at Logger.logMethod [as log] (utils/logger.ts:82:7)

    console.log
      [INFO] Upcoming meetings loaded { count: 1, timestamp: '2026-01-30T03:36:52.261Z' }

      at Logger.logMethod [as log] (utils/logger.ts:82:7)

    console.log
      [INFO] Upcoming meetings loaded { count: 1, timestamp: '2026-01-30T03:36:52.261Z' }

      at Logger.logMethod [as log] (utils/logger.ts:82:7)

    console.log
      [INFO] Upcoming meetings loaded { count: 1, timestamp: '2026-01-30T03:36:52.261Z' }

      at Logger.logMethod [as log] (utils/logger.ts:82:7)

    console.log
      [INFO] Upcoming meetings loaded { count: 1, timestamp: '2026-01-30T03:36:52.261Z' }

      at Logger.logMethod [as log] (utils/logger.ts:82:7)

    console.log
      [INFO] Upcoming meetings loaded { count: 1, timestamp: '2026-01-30T03:36:52.261Z' }

      at Logger.logMethod [as log] (utils/logger.ts:82:7)

    console.log
      [INFO] Upcoming meetings loaded { count: 1, timestamp: '2026-01-30T03:36:52.262Z' }

      at Logger.logMethod [as log] (utils/logger.ts:82:7)

    console.log
      [INFO] Upcoming meetings loaded { count: 1, timestamp: '2026-01-30T03:36:52.262Z' }

      at Logger.logMethod [as log] (utils/logger.ts:82:7)

    console.log
      [INFO] Upcoming meetings loaded { count: 1, timestamp: '2026-01-30T03:36:52.262Z' }

      at Logger.logMethod [as log] (utils/logger.ts:82:7)

    console.log
      [INFO] Upcoming meetings loaded { count: 1, timestamp: '2026-01-30T03:36:52.262Z' }

      at Logger.logMethod [as log] (utils/logger.ts:82:7)

    console.log
      [INFO] Upcoming meetings loaded { count: 1, timestamp: '2026-01-30T03:36:52.262Z' }

      at Logger.logMethod [as log] (utils/logger.ts:82:7)

    console.log
      [INFO] Upcoming meetings loaded { count: 1, timestamp: '2026-01-30T03:36:52.262Z' }

      at Logger.logMethod [as log] (utils/logger.ts:82:7)

    console.log
      [INFO] Upcoming meetings loaded { count: 1, timestamp: '2026-01-30T03:36:52.262Z' }

      at Logger.logMethod [as log] (utils/logger.ts:82:7)

    console.log
      [INFO] Upcoming meetings loaded { count: 1, timestamp: '2026-01-30T03:36:52.262Z' }

      at Logger.logMethod [as log] (utils/logger.ts:82:7)

    console.log
      [INFO] Upcoming meetings loaded { count: 1, timestamp: '2026-01-30T03:36:52.262Z' }

      at Logger.logMethod [as log] (utils/logger.ts:82:7)

    console.log
      [INFO] Upcoming meetings loaded { count: 1, timestamp: '2026-01-30T03:36:52.262Z' }

      at Logger.logMethod [as log] (utils/logger.ts:82:7)

    console.log
      [INFO] Upcoming meetings loaded { count: 1, timestamp: '2026-01-30T03:36:52.263Z' }

      at Logger.logMethod [as log] (utils/logger.ts:82:7)

    console.log
      [INFO] Upcoming meetings loaded { count: 1, timestamp: '2026-01-30T03:36:52.263Z' }

      at Logger.logMethod [as log] (utils/logger.ts:82:7)

    console.log
      [INFO] Upcoming meetings loaded { count: 1, timestamp: '2026-01-30T03:36:52.263Z' }

      at Logger.logMethod [as log] (utils/logger.ts:82:7)

    console.log
      [INFO] Upcoming meetings loaded { count: 1, timestamp: '2026-01-30T03:36:52.263Z' }

      at Logger.logMethod [as log] (utils/logger.ts:82:7)

    console.log
      [INFO] Upcoming meetings loaded { count: 1, timestamp: '2026-01-30T03:36:52.263Z' }

      at Logger.logMethod [as log] (utils/logger.ts:82:7)

    console.log
      [INFO] Upcoming meetings loaded { count: 1, timestamp: '2026-01-30T03:36:52.263Z' }

      at Logger.logMethod [as log] (utils/logger.ts:82:7)

    console.log
      [INFO] Upcoming meetings loaded { count: 1, timestamp: '2026-01-30T03:36:52.263Z' }

      at Logger.logMethod [as log] (utils/logger.ts:82:7)

    console.log
      [INFO] Upcoming meetings loaded { count: 1, timestamp: '2026-01-30T03:36:52.263Z' }

      at Logger.logMethod [as log] (utils/logger.ts:82:7)

    console.log
      [INFO] Upcoming meetings loaded { count: 1, timestamp: '2026-01-30T03:36:52.263Z' }

      at Logger.logMethod [as log] (utils/logger.ts:82:7)

    console.log
      [INFO] Upcoming meetings loaded { count: 1, timestamp: '2026-01-30T03:36:52.264Z' }

      at Logger.logMethod [as log] (utils/logger.ts:82:7)

    console.log
      [INFO] Upcoming meetings loaded { count: 1, timestamp: '2026-01-30T03:36:52.264Z' }

      at Logger.logMethod [as log] (utils/logger.ts:82:7)

    console.log
      [INFO] Upcoming meetings loaded { count: 1, timestamp: '2026-01-30T03:36:52.264Z' }

      at Logger.logMethod [as log] (utils/logger.ts:82:7)

    console.log
      [INFO] Upcoming meetings loaded { count: 1, timestamp: '2026-01-30T03:36:52.264Z' }

      at Logger.logMethod [as log] (utils/logger.ts:82:7)

    console.log
      [INFO] Upcoming meetings loaded { count: 1, timestamp: '2026-01-30T03:36:52.264Z' }

      at Logger.logMethod [as log] (utils/logger.ts:82:7)

    console.log
      [INFO] Upcoming meetings loaded { count: 1, timestamp: '2026-01-30T03:36:52.264Z' }

      at Logger.logMethod [as log] (utils/logger.ts:82:7)

    console.log
      [INFO] Upcoming meetings loaded { count: 1, timestamp: '2026-01-30T03:36:52.264Z' }

      at Logger.logMethod [as log] (utils/logger.ts:82:7)

    console.log
      [INFO] Upcoming meetings loaded { count: 1, timestamp: '2026-01-30T03:36:52.264Z' }

      at Logger.logMethod [as log] (utils/logger.ts:82:7)

    console.log
      [INFO] Upcoming meetings loaded { count: 1, timestamp: '2026-01-30T03:36:52.264Z' }

      at Logger.logMethod [as log] (utils/logger.ts:82:7)

    console.log
      [INFO] Upcoming meetings loaded { count: 1, timestamp: '2026-01-30T03:36:52.265Z' }

      at Logger.logMethod [as log] (utils/logger.ts:82:7)

    console.log
      [INFO] Upcoming meetings loaded { count: 1, timestamp: '2026-01-30T03:36:52.265Z' }

      at Logger.logMethod [as log] (utils/logger.ts:82:7)

    console.log
      [INFO] Upcoming meetings loaded { count: 1, timestamp: '2026-01-30T03:36:52.265Z' }

      at Logger.logMethod [as log] (utils/logger.ts:82:7)

    console.log
      [INFO] Upcoming meetings loaded { count: 1, timestamp: '2026-01-30T03:36:52.265Z' }

      at Logger.logMethod [as log] (utils/logger.ts:82:7)

    console.log
      [INFO] Upcoming meetings loaded { count: 1, timestamp: '2026-01-30T03:36:52.265Z' }

      at Logger.logMethod [as log] (utils/logger.ts:82:7)

    console.log
      [INFO] Upcoming meetings loaded { count: 1, timestamp: '2026-01-30T03:36:52.265Z' }

      at Logger.logMethod [as log] (utils/logger.ts:82:7)

    console.log
      [INFO] Upcoming meetings loaded { count: 1, timestamp: '2026-01-30T03:36:52.265Z' }

      at Logger.logMethod [as log] (utils/logger.ts:82:7)

    console.log
      [INFO] Upcoming meetings loaded { count: 1, timestamp: '2026-01-30T03:36:52.265Z' }

      at Logger.logMethod [as log] (utils/logger.ts:82:7)

    console.log
      [INFO] Upcoming meetings loaded { count: 1, timestamp: '2026-01-30T03:36:52.265Z' }

      at Logger.logMethod [as log] (utils/logger.ts:82:7)

    console.log
      [INFO] Upcoming meetings loaded { count: 1, timestamp: '2026-01-30T03:36:52.265Z' }

      at Logger.logMethod [as log] (utils/logger.ts:82:7)

    console.log
      [INFO] Upcoming meetings loaded { count: 1, timestamp: '2026-01-30T03:36:52.266Z' }

      at Logger.logMethod [as log] (utils/logger.ts:82:7)

    console.log
      [INFO] Upcoming meetings loaded { count: 1, timestamp: '2026-01-30T03:36:52.266Z' }

      at Logger.logMethod [as log] (utils/logger.ts:82:7)

    console.log
      [INFO] Upcoming meetings loaded { count: 1, timestamp: '2026-01-30T03:36:52.266Z' }

      at Logger.logMethod [as log] (utils/logger.ts:82:7)

    console.log
      [INFO] Upcoming meetings loaded { count: 1, timestamp: '2026-01-30T03:36:52.266Z' }

      at Logger.logMethod [as log] (utils/logger.ts:82:7)

    console.log
      [INFO] Upcoming meetings loaded { count: 1, timestamp: '2026-01-30T03:36:52.266Z' }

      at Logger.logMethod [as log] (utils/logger.ts:82:7)

    console.log
      [INFO] Upcoming meetings loaded { count: 1, timestamp: '2026-01-30T03:36:52.266Z' }

      at Logger.logMethod [as log] (utils/logger.ts:82:7)

    console.log
      [INFO] Upcoming meetings loaded { count: 1, timestamp: '2026-01-30T03:36:52.266Z' }

      at Logger.logMethod [as log] (utils/logger.ts:82:7)

    console.log
      [INFO] Upcoming meetings loaded { count: 1, timestamp: '2026-01-30T03:36:52.266Z' }

      at Logger.logMethod [as log] (utils/logger.ts:82:7)

    console.log
      [INFO] Upcoming meetings loaded { count: 1, timestamp: '2026-01-30T03:36:52.266Z' }

      at Logger.logMethod [as log] (utils/logger.ts:82:7)

    console.log
      [INFO] Upcoming meetings loaded { count: 1, timestamp: '2026-01-30T03:36:52.267Z' }

      at Logger.logMethod [as log] (utils/logger.ts:82:7)

    console.log
      [INFO] Upcoming meetings loaded { count: 1, timestamp: '2026-01-30T03:36:52.267Z' }

      at Logger.logMethod [as log] (utils/logger.ts:82:7)

    console.log
      [INFO] Upcoming meetings loaded { count: 1, timestamp: '2026-01-30T03:36:52.267Z' }

      at Logger.logMethod [as log] (utils/logger.ts:82:7)

    console.log
      [INFO] Upcoming meetings loaded { count: 1, timestamp: '2026-01-30T03:36:52.267Z' }

      at Logger.logMethod [as log] (utils/logger.ts:82:7)

    console.log
      [INFO] Upcoming meetings loaded { count: 1, timestamp: '2026-01-30T03:36:52.267Z' }

      at Logger.logMethod [as log] (utils/logger.ts:82:7)

    console.log
      [INFO] Upcoming meetings loaded { count: 1, timestamp: '2026-01-30T03:36:52.267Z' }

      at Logger.logMethod [as log] (utils/logger.ts:82:7)

    console.log
      [INFO] Upcoming meetings loaded { count: 1, timestamp: '2026-01-30T03:36:52.267Z' }

      at Logger.logMethod [as log] (utils/logger.ts:82:7)

    console.log
      [INFO] Upcoming meetings loaded { count: 1, timestamp: '2026-01-30T03:36:52.267Z' }

      at Logger.logMethod [as log] (utils/logger.ts:82:7)

    console.log
      [INFO] Upcoming meetings loaded { count: 1, timestamp: '2026-01-30T03:36:52.267Z' }

      at Logger.logMethod [as log] (utils/logger.ts:82:7)

    console.log
      [INFO] Upcoming meetings loaded { count: 1, timestamp: '2026-01-30T03:36:52.267Z' }

      at Logger.logMethod [as log] (utils/logger.ts:82:7)

    console.log
      [INFO] Upcoming meetings loaded { count: 1, timestamp: '2026-01-30T03:36:52.268Z' }

      at Logger.logMethod [as log] (utils/logger.ts:82:7)

    console.log
      [INFO] Upcoming meetings loaded { count: 1, timestamp: '2026-01-30T03:36:52.268Z' }

      at Logger.logMethod [as log] (utils/logger.ts:82:7)

    console.log
      [INFO] Upcoming meetings loaded { count: 2, timestamp: '2026-01-30T03:36:52.270Z' }

      at Logger.logMethod [as log] (utils/logger.ts:82:7)

    console.log
      [INFO] Upcoming meetings loaded { count: 2, timestamp: '2026-01-30T03:36:52.272Z' }

      at Logger.logMethod [as log] (utils/logger.ts:82:7)

    console.log
      [INFO] Upcoming meetings loaded { count: 2, timestamp: '2026-01-30T03:36:52.272Z' }

      at Logger.logMethod [as log] (utils/logger.ts:82:7)

    console.log
      [INFO] Upcoming meetings loaded { count: 2, timestamp: '2026-01-30T03:36:52.272Z' }

      at Logger.logMethod [as log] (utils/logger.ts:82:7)

    console.log
      [INFO] Upcoming meetings loaded { count: 2, timestamp: '2026-01-30T03:36:52.272Z' }

      at Logger.logMethod [as log] (utils/logger.ts:82:7)

    console.log
      [INFO] Upcoming meetings loaded { count: 2, timestamp: '2026-01-30T03:36:52.272Z' }

      at Logger.logMethod [as log] (utils/logger.ts:82:7)

    console.log
      [INFO] Upcoming meetings loaded { count: 2, timestamp: '2026-01-30T03:36:52.272Z' }

      at Logger.logMethod [as log] (utils/logger.ts:82:7)

    console.log
      [INFO] Upcoming meetings loaded { count: 2, timestamp: '2026-01-30T03:36:52.272Z' }

      at Logger.logMethod [as log] (utils/logger.ts:82:7)

    console.log
      [INFO] Upcoming meetings loaded { count: 2, timestamp: '2026-01-30T03:36:52.273Z' }

      at Logger.logMethod [as log] (utils/logger.ts:82:7)

    console.log
      [INFO] Upcoming meetings loaded { count: 2, timestamp: '2026-01-30T03:36:52.273Z' }

      at Logger.logMethod [as log] (utils/logger.ts:82:7)

    console.log
      [INFO] Upcoming meetings loaded { count: 2, timestamp: '2026-01-30T03:36:52.273Z' }

      at Logger.logMethod [as log] (utils/logger.ts:82:7)

    console.log
      [INFO] Upcoming meetings loaded { count: 2, timestamp: '2026-01-30T03:36:52.273Z' }

      at Logger.logMethod [as log] (utils/logger.ts:82:7)

    console.log
      [INFO] Upcoming meetings loaded { count: 2, timestamp: '2026-01-30T03:36:52.273Z' }

      at Logger.logMethod [as log] (utils/logger.ts:82:7)

    console.log
      [INFO] Upcoming meetings loaded { count: 2, timestamp: '2026-01-30T03:36:52.273Z' }

      at Logger.logMethod [as log] (utils/logger.ts:82:7)

    console.log
      [INFO] Upcoming meetings loaded { count: 2, timestamp: '2026-01-30T03:36:52.273Z' }

      at Logger.logMethod [as log] (utils/logger.ts:82:7)

    console.log
      [INFO] Upcoming meetings loaded { count: 2, timestamp: '2026-01-30T03:36:52.273Z' }

      at Logger.logMethod [as log] (utils/logger.ts:82:7)

    console.log
      [INFO] Upcoming meetings loaded { count: 2, timestamp: '2026-01-30T03:36:52.273Z' }

      at Logger.logMethod [as log] (utils/logger.ts:82:7)

    console.log
      [INFO] Upcoming meetings loaded { count: 2, timestamp: '2026-01-30T03:36:52.273Z' }

      at Logger.logMethod [as log] (utils/logger.ts:82:7)

    console.log
      [INFO] Upcoming meetings loaded { count: 2, timestamp: '2026-01-30T03:36:52.274Z' }

      at Logger.logMethod [as log] (utils/logger.ts:82:7)

    console.log
      [INFO] Upcoming meetings loaded { count: 2, timestamp: '2026-01-30T03:36:52.274Z' }

      at Logger.logMethod [as log] (utils/logger.ts:82:7)

    console.log
      [INFO] Upcoming meetings loaded { count: 2, timestamp: '2026-01-30T03:36:52.274Z' }

      at Logger.logMethod [as log] (utils/logger.ts:82:7)

    console.log
      [INFO] Upcoming meetings loaded { count: 2, timestamp: '2026-01-30T03:36:52.274Z' }

      at Logger.logMethod [as log] (utils/logger.ts:82:7)

    console.log
      [INFO] Upcoming meetings loaded { count: 2, timestamp: '2026-01-30T03:36:52.274Z' }

      at Logger.logMethod [as log] (utils/logger.ts:82:7)

    console.log
      [INFO] Upcoming meetings loaded { count: 2, timestamp: '2026-01-30T03:36:52.274Z' }

      at Logger.logMethod [as log] (utils/logger.ts:82:7)

    console.log
      [INFO] Upcoming meetings loaded { count: 2, timestamp: '2026-01-30T03:36:52.274Z' }

      at Logger.logMethod [as log] (utils/logger.ts:82:7)

    console.log
      [INFO] Upcoming meetings loaded { count: 2, timestamp: '2026-01-30T03:36:52.274Z' }

      at Logger.logMethod [as log] (utils/logger.ts:82:7)

    console.log
      [INFO] Upcoming meetings loaded { count: 2, timestamp: '2026-01-30T03:36:52.274Z' }

      at Logger.logMethod [as log] (utils/logger.ts:82:7)

    console.log
      [INFO] Upcoming meetings loaded { count: 2, timestamp: '2026-01-30T03:36:52.275Z' }

      at Logger.logMethod [as log] (utils/logger.ts:82:7)

    console.log
      [INFO] Upcoming meetings loaded { count: 2, timestamp: '2026-01-30T03:36:52.275Z' }

      at Logger.logMethod [as log] (utils/logger.ts:82:7)

    console.log
      [INFO] Upcoming meetings loaded { count: 2, timestamp: '2026-01-30T03:36:52.275Z' }

      at Logger.logMethod [as log] (utils/logger.ts:82:7)

    console.log
      [INFO] Upcoming meetings loaded { count: 2, timestamp: '2026-01-30T03:36:52.275Z' }

      at Logger.logMethod [as log] (utils/logger.ts:82:7)

    console.log
      [INFO] Upcoming meetings loaded { count: 2, timestamp: '2026-01-30T03:36:52.275Z' }

      at Logger.logMethod [as log] (utils/logger.ts:82:7)

    console.log
      [INFO] Upcoming meetings loaded { count: 2, timestamp: '2026-01-30T03:36:52.275Z' }

      at Logger.logMethod [as log] (utils/logger.ts:82:7)

    console.log
      [INFO] Upcoming meetings loaded { count: 2, timestamp: '2026-01-30T03:36:52.275Z' }

      at Logger.logMethod [as log] (utils/logger.ts:82:7)

    console.log
      [INFO] Upcoming meetings loaded { count: 2, timestamp: '2026-01-30T03:36:52.275Z' }

      at Logger.logMethod [as log] (utils/logger.ts:82:7)

    console.log
      [INFO] Upcoming meetings loaded { count: 2, timestamp: '2026-01-30T03:36:52.276Z' }

      at Logger.logMethod [as log] (utils/logger.ts:82:7)

    console.log
      [INFO] Upcoming meetings loaded { count: 2, timestamp: '2026-01-30T03:36:52.276Z' }

      at Logger.logMethod [as log] (utils/logger.ts:82:7)

    console.log
      [INFO] Upcoming meetings loaded { count: 2, timestamp: '2026-01-30T03:36:52.276Z' }

      at Logger.logMethod [as log] (utils/logger.ts:82:7)

    console.log
      [INFO] Upcoming meetings loaded { count: 2, timestamp: '2026-01-30T03:36:52.276Z' }

      at Logger.logMethod [as log] (utils/logger.ts:82:7)

    console.log
      [INFO] Upcoming meetings loaded { count: 2, timestamp: '2026-01-30T03:36:52.276Z' }

      at Logger.logMethod [as log] (utils/logger.ts:82:7)

    console.log
      [INFO] Upcoming meetings loaded { count: 2, timestamp: '2026-01-30T03:36:52.276Z' }

      at Logger.logMethod [as log] (utils/logger.ts:82:7)

    console.log
      [INFO] Upcoming meetings loaded { count: 2, timestamp: '2026-01-30T03:36:52.276Z' }

      at Logger.logMethod [as log] (utils/logger.ts:82:7)

    console.log
      [INFO] Upcoming meetings loaded { count: 2, timestamp: '2026-01-30T03:36:52.276Z' }

      at Logger.logMethod [as log] (utils/logger.ts:82:7)

    console.log
      [INFO] Upcoming meetings loaded { count: 2, timestamp: '2026-01-30T03:36:52.276Z' }

      at Logger.logMethod [as log] (utils/logger.ts:82:7)

    console.log
      [INFO] Upcoming meetings loaded { count: 2, timestamp: '2026-01-30T03:36:52.277Z' }

      at Logger.logMethod [as log] (utils/logger.ts:82:7)

    console.log
      [INFO] Upcoming meetings loaded { count: 2, timestamp: '2026-01-30T03:36:52.277Z' }

      at Logger.logMethod [as log] (utils/logger.ts:82:7)

    console.log
      [INFO] Upcoming meetings loaded { count: 2, timestamp: '2026-01-30T03:36:52.277Z' }

      at Logger.logMethod [as log] (utils/logger.ts:82:7)

    console.log
      [INFO] Upcoming meetings loaded { count: 2, timestamp: '2026-01-30T03:36:52.277Z' }

      at Logger.logMethod [as log] (utils/logger.ts:82:7)

    console.log
      [INFO] Upcoming meetings loaded { count: 2, timestamp: '2026-01-30T03:36:52.277Z' }

      at Logger.logMethod [as log] (utils/logger.ts:82:7)

    console.log
      [INFO] Upcoming meetings loaded { count: 2, timestamp: '2026-01-30T03:36:52.277Z' }

      at Logger.logMethod [as log] (utils/logger.ts:82:7)

    console.log
      [INFO] Upcoming meetings loaded { count: 2, timestamp: '2026-01-30T03:36:52.277Z' }

      at Logger.logMethod [as log] (utils/logger.ts:82:7)

    console.log
      [INFO] Upcoming meetings loaded { count: 2, timestamp: '2026-01-30T03:36:52.277Z' }

      at Logger.logMethod [as log] (utils/logger.ts:82:7)

    console.log
      [INFO] Upcoming meetings loaded { count: 2, timestamp: '2026-01-30T03:36:52.277Z' }

      at Logger.logMethod [as log] (utils/logger.ts:82:7)

    console.log
      [INFO] Upcoming meetings loaded { count: 2, timestamp: '2026-01-30T03:36:52.278Z' }

      at Logger.logMethod [as log] (utils/logger.ts:82:7)

    console.log
      [INFO] Upcoming meetings loaded { count: 2, timestamp: '2026-01-30T03:36:52.278Z' }

      at Logger.logMethod [as log] (utils/logger.ts:82:7)

    console.log
      [INFO] Upcoming meetings loaded { count: 2, timestamp: '2026-01-30T03:36:52.278Z' }

      at Logger.logMethod [as log] (utils/logger.ts:82:7)

    console.log
      [INFO] Upcoming meetings loaded { count: 2, timestamp: '2026-01-30T03:36:52.278Z' }

      at Logger.logMethod [as log] (utils/logger.ts:82:7)

    console.log
      [INFO] Upcoming meetings loaded { count: 2, timestamp: '2026-01-30T03:36:52.278Z' }

      at Logger.logMethod [as log] (utils/logger.ts:82:7)

    console.log
      [INFO] Upcoming meetings loaded { count: 2, timestamp: '2026-01-30T03:36:52.278Z' }

      at Logger.logMethod [as log] (utils/logger.ts:82:7)

    console.log
      [INFO] Upcoming meetings loaded { count: 2, timestamp: '2026-01-30T03:36:52.278Z' }

      at Logger.logMethod [as log] (utils/logger.ts:82:7)

    console.log
      [INFO] Upcoming meetings loaded { count: 2, timestamp: '2026-01-30T03:36:52.278Z' }

      at Logger.logMethod [as log] (utils/logger.ts:82:7)

    console.log
      [INFO] Upcoming meetings loaded { count: 2, timestamp: '2026-01-30T03:36:52.278Z' }

      at Logger.logMethod [as log] (utils/logger.ts:82:7)

    console.log
      [INFO] Upcoming meetings loaded { count: 2, timestamp: '2026-01-30T03:36:52.278Z' }

      at Logger.logMethod [as log] (utils/logger.ts:82:7)

    console.log
      [INFO] Upcoming meetings loaded { count: 2, timestamp: '2026-01-30T03:36:52.279Z' }

      at Logger.logMethod [as log] (utils/logger.ts:82:7)

    console.log
      [INFO] Upcoming meetings loaded { count: 2, timestamp: '2026-01-30T03:36:52.279Z' }

      at Logger.logMethod [as log] (utils/logger.ts:82:7)

    console.log
      [INFO] Upcoming meetings loaded { count: 2, timestamp: '2026-01-30T03:36:52.279Z' }

      at Logger.logMethod [as log] (utils/logger.ts:82:7)

    console.log
      [INFO] Upcoming meetings loaded { count: 2, timestamp: '2026-01-30T03:36:52.279Z' }

      at Logger.logMethod [as log] (utils/logger.ts:82:7)

    console.log
      [INFO] Upcoming meetings loaded { count: 2, timestamp: '2026-01-30T03:36:52.279Z' }

      at Logger.logMethod [as log] (utils/logger.ts:82:7)

    console.log
      [INFO] Upcoming meetings loaded { count: 2, timestamp: '2026-01-30T03:36:52.279Z' }

      at Logger.logMethod [as log] (utils/logger.ts:82:7)

    console.log
      [INFO] Upcoming meetings loaded { count: 2, timestamp: '2026-01-30T03:36:52.279Z' }

      at Logger.logMethod [as log] (utils/logger.ts:82:7)

    console.log
      [INFO] Upcoming meetings loaded { count: 2, timestamp: '2026-01-30T03:36:52.279Z' }

      at Logger.logMethod [as log] (utils/logger.ts:82:7)

    console.log
      [INFO] Upcoming meetings loaded { count: 2, timestamp: '2026-01-30T03:36:52.279Z' }

      at Logger.logMethod [as log] (utils/logger.ts:82:7)

    console.log
      [INFO] Upcoming meetings loaded { count: 2, timestamp: '2026-01-30T03:36:52.280Z' }

      at Logger.logMethod [as log] (utils/logger.ts:82:7)

    console.log
      [INFO] Upcoming meetings loaded { count: 2, timestamp: '2026-01-30T03:36:52.280Z' }

      at Logger.logMethod [as log] (utils/logger.ts:82:7)

    console.log
      [INFO] Upcoming meetings loaded { count: 2, timestamp: '2026-01-30T03:36:52.280Z' }

      at Logger.logMethod [as log] (utils/logger.ts:82:7)

    console.log
      [INFO] Upcoming meetings loaded { count: 2, timestamp: '2026-01-30T03:36:52.280Z' }

      at Logger.logMethod [as log] (utils/logger.ts:82:7)

    console.log
      [INFO] Upcoming meetings loaded { count: 2, timestamp: '2026-01-30T03:36:52.280Z' }

      at Logger.logMethod [as log] (utils/logger.ts:82:7)

    console.log
      [INFO] Upcoming meetings loaded { count: 2, timestamp: '2026-01-30T03:36:52.280Z' }

      at Logger.logMethod [as log] (utils/logger.ts:82:7)

    console.log
      [INFO] Upcoming meetings loaded { count: 2, timestamp: '2026-01-30T03:36:52.280Z' }

      at Logger.logMethod [as log] (utils/logger.ts:82:7)

    console.log
      [INFO] Upcoming meetings loaded { count: 2, timestamp: '2026-01-30T03:36:52.280Z' }

      at Logger.logMethod [as log] (utils/logger.ts:82:7)

    console.log
      [INFO] Upcoming meetings loaded { count: 2, timestamp: '2026-01-30T03:36:52.280Z' }

      at Logger.logMethod [as log] (utils/logger.ts:82:7)

    console.log
      [INFO] Upcoming meetings loaded { count: 2, timestamp: '2026-01-30T03:36:52.281Z' }

      at Logger.logMethod [as log] (utils/logger.ts:82:7)

    console.log
      [INFO] Upcoming meetings loaded { count: 2, timestamp: '2026-01-30T03:36:52.281Z' }

      at Logger.logMethod [as log] (utils/logger.ts:82:7)

    console.log
      [INFO] Upcoming meetings loaded { count: 2, timestamp: '2026-01-30T03:36:52.281Z' }

      at Logger.logMethod [as log] (utils/logger.ts:82:7)

    console.log
      [INFO] Upcoming meetings loaded { count: 2, timestamp: '2026-01-30T03:36:52.281Z' }

      at Logger.logMethod [as log] (utils/logger.ts:82:7)

    console.log
      [INFO] Upcoming meetings loaded { count: 2, timestamp: '2026-01-30T03:36:52.281Z' }

      at Logger.logMethod [as log] (utils/logger.ts:82:7)

    console.log
      [INFO] Upcoming meetings loaded { count: 2, timestamp: '2026-01-30T03:36:52.281Z' }

      at Logger.logMethod [as log] (utils/logger.ts:82:7)

    console.log
      [INFO] Upcoming meetings loaded { count: 2, timestamp: '2026-01-30T03:36:52.281Z' }

      at Logger.logMethod [as log] (utils/logger.ts:82:7)

    console.log
      [INFO] Upcoming meetings loaded { count: 2, timestamp: '2026-01-30T03:36:52.281Z' }

      at Logger.logMethod [as log] (utils/logger.ts:82:7)

    console.log
      [INFO] Upcoming meetings loaded { count: 2, timestamp: '2026-01-30T03:36:52.281Z' }

      at Logger.logMethod [as log] (utils/logger.ts:82:7)

    console.log
      [INFO] Upcoming meetings loaded { count: 2, timestamp: '2026-01-30T03:36:52.281Z' }

      at Logger.logMethod [as log] (utils/logger.ts:82:7)

    console.log
      [INFO] Upcoming meetings loaded { count: 2, timestamp: '2026-01-30T03:36:52.282Z' }

      at Logger.logMethod [as log] (utils/logger.ts:82:7)

    console.log
      [INFO] Upcoming meetings loaded { count: 2, timestamp: '2026-01-30T03:36:52.282Z' }

      at Logger.logMethod [as log] (utils/logger.ts:82:7)

    console.log
      [INFO] Upcoming meetings loaded { count: 2, timestamp: '2026-01-30T03:36:52.282Z' }

      at Logger.logMethod [as log] (utils/logger.ts:82:7)

    console.log
      [INFO] Upcoming meetings loaded { count: 2, timestamp: '2026-01-30T03:36:52.282Z' }

      at Logger.logMethod [as log] (utils/logger.ts:82:7)

    console.log
      [INFO] Upcoming meetings loaded { count: 2, timestamp: '2026-01-30T03:36:52.282Z' }

      at Logger.logMethod [as log] (utils/logger.ts:82:7)

    console.log
      [INFO] Upcoming meetings loaded { count: 2, timestamp: '2026-01-30T03:36:52.282Z' }

      at Logger.logMethod [as log] (utils/logger.ts:82:7)

    console.log
      [INFO] Upcoming meetings loaded { count: 2, timestamp: '2026-01-30T03:36:52.282Z' }

      at Logger.logMethod [as log] (utils/logger.ts:82:7)

    console.log
      [INFO] Upcoming meetings loaded { count: 2, timestamp: '2026-01-30T03:36:52.282Z' }

      at Logger.logMethod [as log] (utils/logger.ts:82:7)

    console.log
      [INFO] Upcoming meetings loaded { count: 2, timestamp: '2026-01-30T03:36:52.282Z' }

      at Logger.logMethod [as log] (utils/logger.ts:82:7)

    console.log
      [INFO] Upcoming meetings loaded { count: 2, timestamp: '2026-01-30T03:36:52.283Z' }

      at Logger.logMethod [as log] (utils/logger.ts:82:7)

    console.log
      [INFO] Upcoming meetings loaded { count: 2, timestamp: '2026-01-30T03:36:52.283Z' }

      at Logger.logMethod [as log] (utils/logger.ts:82:7)

    console.log
      [INFO] Upcoming meetings loaded { count: 2, timestamp: '2026-01-30T03:36:52.283Z' }

      at Logger.logMethod [as log] (utils/logger.ts:82:7)

    console.log
      [INFO] Upcoming meetings loaded { count: 2, timestamp: '2026-01-30T03:36:52.283Z' }

      at Logger.logMethod [as log] (utils/logger.ts:82:7)

    console.log
      [INFO] Upcoming meetings loaded { count: 2, timestamp: '2026-01-30T03:36:52.283Z' }

      at Logger.logMethod [as log] (utils/logger.ts:82:7)

    console.log
      [INFO] Upcoming meetings loaded { count: 2, timestamp: '2026-01-30T03:36:52.283Z' }

      at Logger.logMethod [as log] (utils/logger.ts:82:7)

    console.log
      [INFO] Upcoming meetings loaded { count: 2, timestamp: '2026-01-30T03:36:52.283Z' }

      at Logger.logMethod [as log] (utils/logger.ts:82:7)

    console.log
      [INFO] Upcoming meetings loaded { count: 2, timestamp: '2026-01-30T03:36:52.283Z' }

      at Logger.logMethod [as log] (utils/logger.ts:82:7)

    console.log
      [INFO] Upcoming meetings loaded { count: 2, timestamp: '2026-01-30T03:36:52.283Z' }

      at Logger.logMethod [as log] (utils/logger.ts:82:7)

    console.log
      [INFO] Upcoming meetings loaded { count: 2, timestamp: '2026-01-30T03:36:52.283Z' }

      at Logger.logMethod [as log] (utils/logger.ts:82:7)

    console.log
      [INFO] Upcoming meetings loaded { count: 2, timestamp: '2026-01-30T03:36:52.284Z' }

      at Logger.logMethod [as log] (utils/logger.ts:82:7)

    console.log
      [INFO] Upcoming meetings loaded { count: 2, timestamp: '2026-01-30T03:36:52.284Z' }

      at Logger.logMethod [as log] (utils/logger.ts:82:7)

    console.log
      [INFO] Upcoming meetings loaded { count: 2, timestamp: '2026-01-30T03:36:52.284Z' }

      at Logger.logMethod [as log] (utils/logger.ts:82:7)

    console.log
      [INFO] Upcoming meetings loaded { count: 2, timestamp: '2026-01-30T03:36:52.284Z' }

      at Logger.logMethod [as log] (utils/logger.ts:82:7)

    console.log
      [INFO] Upcoming meetings loaded { count: 2, timestamp: '2026-01-30T03:36:52.284Z' }

      at Logger.logMethod [as log] (utils/logger.ts:82:7)

    console.log
      [INFO] Upcoming meetings loaded { count: 2, timestamp: '2026-01-30T03:36:52.284Z' }

      at Logger.logMethod [as log] (utils/logger.ts:82:7)

    console.log
      [INFO] Upcoming meetings loaded { count: 2, timestamp: '2026-01-30T03:36:52.284Z' }

      at Logger.logMethod [as log] (utils/logger.ts:82:7)

    console.log
      [INFO] Upcoming meetings loaded { count: 2, timestamp: '2026-01-30T03:36:52.284Z' }

      at Logger.logMethod [as log] (utils/logger.ts:82:7)

    console.log
      [INFO] Upcoming meetings loaded { count: 2, timestamp: '2026-01-30T03:36:52.284Z' }

      at Logger.logMethod [as log] (utils/logger.ts:82:7)

    console.log
      [INFO] Upcoming meetings loaded { count: 2, timestamp: '2026-01-30T03:36:52.285Z' }

      at Logger.logMethod [as log] (utils/logger.ts:82:7)

    console.log
      [INFO] Upcoming meetings loaded { count: 2, timestamp: '2026-01-30T03:36:52.285Z' }

      at Logger.logMethod [as log] (utils/logger.ts:82:7)

    console.log
      [INFO] Upcoming meetings loaded { count: 2, timestamp: '2026-01-30T03:36:52.285Z' }

      at Logger.logMethod [as log] (utils/logger.ts:82:7)

    console.log
      [INFO] Upcoming meetings loaded { count: 2, timestamp: '2026-01-30T03:36:52.285Z' }

      at Logger.logMethod [as log] (utils/logger.ts:82:7)

    console.log
      [INFO] Upcoming meetings loaded { count: 2, timestamp: '2026-01-30T03:36:52.285Z' }

      at Logger.logMethod [as log] (utils/logger.ts:82:7)

    console.log
      [INFO] Upcoming meetings loaded { count: 2, timestamp: '2026-01-30T03:36:52.285Z' }

      at Logger.logMethod [as log] (utils/logger.ts:82:7)

    console.log
      [INFO] Upcoming meetings loaded { count: 2, timestamp: '2026-01-30T03:36:52.285Z' }

      at Logger.logMethod [as log] (utils/logger.ts:82:7)

    console.log
      [INFO] Upcoming meetings loaded { count: 2, timestamp: '2026-01-30T03:36:52.285Z' }

      at Logger.logMethod [as log] (utils/logger.ts:82:7)

    console.log
      [INFO] Upcoming meetings loaded { count: 2, timestamp: '2026-01-30T03:36:52.285Z' }

      at Logger.logMethod [as log] (utils/logger.ts:82:7)

    console.log
      [INFO] Upcoming meetings loaded { count: 2, timestamp: '2026-01-30T03:36:52.285Z' }

      at Logger.logMethod [as log] (utils/logger.ts:82:7)

    console.log
      [INFO] Upcoming meetings loaded { count: 2, timestamp: '2026-01-30T03:36:52.286Z' }

      at Logger.logMethod [as log] (utils/logger.ts:82:7)

    console.log
      [INFO] Upcoming meetings loaded { count: 2, timestamp: '2026-01-30T03:36:52.286Z' }

      at Logger.logMethod [as log] (utils/logger.ts:82:7)

    console.log
      [INFO] Upcoming meetings loaded { count: 2, timestamp: '2026-01-30T03:36:52.286Z' }

      at Logger.logMethod [as log] (utils/logger.ts:82:7)

    console.log
      [INFO] Upcoming meetings loaded { count: 2, timestamp: '2026-01-30T03:36:52.286Z' }

      at Logger.logMethod [as log] (utils/logger.ts:82:7)

    console.log
      [INFO] Upcoming meetings loaded { count: 2, timestamp: '2026-01-30T03:36:52.286Z' }

      at Logger.logMethod [as log] (utils/logger.ts:82:7)

    console.log
      [INFO] Upcoming meetings loaded { count: 2, timestamp: '2026-01-30T03:36:52.286Z' }

      at Logger.logMethod [as log] (utils/logger.ts:82:7)

    console.log
      [INFO] Upcoming meetings loaded { count: 2, timestamp: '2026-01-30T03:36:52.286Z' }

      at Logger.logMethod [as log] (utils/logger.ts:82:7)

    console.log
      [INFO] Upcoming meetings loaded { count: 2, timestamp: '2026-01-30T03:36:52.286Z' }

      at Logger.logMethod [as log] (utils/logger.ts:82:7)

    console.log
      [INFO] Upcoming meetings loaded { count: 2, timestamp: '2026-01-30T03:36:52.286Z' }

      at Logger.logMethod [as log] (utils/logger.ts:82:7)

    console.log
      [INFO] Upcoming meetings loaded { count: 2, timestamp: '2026-01-30T03:36:52.287Z' }

      at Logger.logMethod [as log] (utils/logger.ts:82:7)

    console.log
      [INFO] Upcoming meetings loaded { count: 2, timestamp: '2026-01-30T03:36:52.287Z' }

      at Logger.logMethod [as log] (utils/logger.ts:82:7)

    console.log
      [INFO] Upcoming meetings loaded { count: 2, timestamp: '2026-01-30T03:36:52.287Z' }

      at Logger.logMethod [as log] (utils/logger.ts:82:7)

    console.log
      [INFO] Upcoming meetings loaded { count: 2, timestamp: '2026-01-30T03:36:52.287Z' }

      at Logger.logMethod [as log] (utils/logger.ts:82:7)

    console.log
      [INFO] Upcoming meetings loaded { count: 2, timestamp: '2026-01-30T03:36:52.287Z' }

      at Logger.logMethod [as log] (utils/logger.ts:82:7)

    console.log
      [INFO] Upcoming meetings loaded { count: 2, timestamp: '2026-01-30T03:36:52.287Z' }

      at Logger.logMethod [as log] (utils/logger.ts:82:7)

    console.log
      [INFO] Upcoming meetings loaded { count: 2, timestamp: '2026-01-30T03:36:52.287Z' }

      at Logger.logMethod [as log] (utils/logger.ts:82:7)

    console.log
      [INFO] Upcoming meetings loaded { count: 2, timestamp: '2026-01-30T03:36:52.287Z' }

      at Logger.logMethod [as log] (utils/logger.ts:82:7)

    console.log
      [INFO] Upcoming meetings loaded { count: 2, timestamp: '2026-01-30T03:36:52.287Z' }

      at Logger.logMethod [as log] (utils/logger.ts:82:7)

    console.log
      [INFO] Upcoming meetings loaded { count: 2, timestamp: '2026-01-30T03:36:52.288Z' }

      at Logger.logMethod [as log] (utils/logger.ts:82:7)

    console.log
      [INFO] Upcoming meetings loaded { count: 2, timestamp: '2026-01-30T03:36:52.288Z' }

      at Logger.logMethod [as log] (utils/logger.ts:82:7)

    console.log
      [INFO] Upcoming meetings loaded { count: 2, timestamp: '2026-01-30T03:36:52.288Z' }

      at Logger.logMethod [as log] (utils/logger.ts:82:7)

    console.log
      [INFO] Upcoming meetings loaded { count: 2, timestamp: '2026-01-30T03:36:52.288Z' }

      at Logger.logMethod [as log] (utils/logger.ts:82:7)

    console.log
      [INFO] Upcoming meetings loaded { count: 2, timestamp: '2026-01-30T03:36:52.288Z' }

      at Logger.logMethod [as log] (utils/logger.ts:82:7)

    console.log
      [INFO] Upcoming meetings loaded { count: 2, timestamp: '2026-01-30T03:36:52.288Z' }

      at Logger.logMethod [as log] (utils/logger.ts:82:7)

    console.log
      [INFO] Upcoming meetings loaded { count: 2, timestamp: '2026-01-30T03:36:52.288Z' }

      at Logger.logMethod [as log] (utils/logger.ts:82:7)

    console.log
      [INFO] Upcoming meetings loaded { count: 2, timestamp: '2026-01-30T03:36:52.288Z' }

      at Logger.logMethod [as log] (utils/logger.ts:82:7)

    console.log
      [INFO] Upcoming meetings loaded { count: 2, timestamp: '2026-01-30T03:36:52.288Z' }

      at Logger.logMethod [as log] (utils/logger.ts:82:7)

    console.log
      [INFO] Upcoming meetings loaded { count: 2, timestamp: '2026-01-30T03:36:52.289Z' }

      at Logger.logMethod [as log] (utils/logger.ts:82:7)

    console.log
      [INFO] Upcoming meetings loaded { count: 2, timestamp: '2026-01-30T03:36:52.289Z' }

      at Logger.logMethod [as log] (utils/logger.ts:82:7)

    console.log
      [INFO] Upcoming meetings loaded { count: 2, timestamp: '2026-01-30T03:36:52.289Z' }

      at Logger.logMethod [as log] (utils/logger.ts:82:7)

    console.log
      [INFO] Upcoming meetings loaded { count: 2, timestamp: '2026-01-30T03:36:52.289Z' }

      at Logger.logMethod [as log] (utils/logger.ts:82:7)

    console.log
      [INFO] Upcoming meetings loaded { count: 2, timestamp: '2026-01-30T03:36:52.289Z' }

      at Logger.logMethod [as log] (utils/logger.ts:82:7)

    console.log
      [INFO] Upcoming meetings loaded { count: 2, timestamp: '2026-01-30T03:36:52.289Z' }

      at Logger.logMethod [as log] (utils/logger.ts:82:7)

    console.log
      [INFO] Upcoming meetings loaded { count: 2, timestamp: '2026-01-30T03:36:52.289Z' }

      at Logger.logMethod [as log] (utils/logger.ts:82:7)

    console.log
      [INFO] Upcoming meetings loaded { count: 2, timestamp: '2026-01-30T03:36:52.291Z' }

      at Logger.logMethod [as log] (utils/logger.ts:82:7)

    console.log
      [INFO] Upcoming meetings loaded { count: 2, timestamp: '2026-01-30T03:36:52.291Z' }

      at Logger.logMethod [as log] (utils/logger.ts:82:7)

    console.log
      [INFO] Upcoming meetings loaded { count: 2, timestamp: '2026-01-30T03:36:52.291Z' }

      at Logger.logMethod [as log] (utils/logger.ts:82:7)

    console.log
      [INFO] Upcoming meetings loaded { count: 2, timestamp: '2026-01-30T03:36:52.291Z' }

      at Logger.logMethod [as log] (utils/logger.ts:82:7)

    console.log
      [INFO] Upcoming meetings loaded { count: 2, timestamp: '2026-01-30T03:36:52.292Z' }

      at Logger.logMethod [as log] (utils/logger.ts:82:7)

    console.log
      [INFO] Upcoming meetings loaded { count: 2, timestamp: '2026-01-30T03:36:52.292Z' }

      at Logger.logMethod [as log] (utils/logger.ts:82:7)

    console.log
      [INFO] Upcoming meetings loaded { count: 2, timestamp: '2026-01-30T03:36:52.292Z' }

      at Logger.logMethod [as log] (utils/logger.ts:82:7)

    console.log
      [INFO] Upcoming meetings loaded { count: 2, timestamp: '2026-01-30T03:36:52.292Z' }

      at Logger.logMethod [as log] (utils/logger.ts:82:7)

    console.log
      [INFO] Upcoming meetings loaded { count: 2, timestamp: '2026-01-30T03:36:52.292Z' }

      at Logger.logMethod [as log] (utils/logger.ts:82:7)

    console.log
      [INFO] Upcoming meetings loaded { count: 2, timestamp: '2026-01-30T03:36:52.292Z' }

      at Logger.logMethod [as log] (utils/logger.ts:82:7)

    console.log
      [INFO] Upcoming meetings loaded { count: 2, timestamp: '2026-01-30T03:36:52.292Z' }

      at Logger.logMethod [as log] (utils/logger.ts:82:7)

    console.log
      [INFO] Upcoming meetings loaded { count: 2, timestamp: '2026-01-30T03:36:52.292Z' }

      at Logger.logMethod [as log] (utils/logger.ts:82:7)

    console.log
      [INFO] Upcoming meetings loaded { count: 2, timestamp: '2026-01-30T03:36:52.293Z' }

      at Logger.logMethod [as log] (utils/logger.ts:82:7)

    console.log
      [INFO] Upcoming meetings loaded { count: 2, timestamp: '2026-01-30T03:36:52.293Z' }

      at Logger.logMethod [as log] (utils/logger.ts:82:7)

    console.log
      [INFO] Upcoming meetings loaded { count: 2, timestamp: '2026-01-30T03:36:52.293Z' }

      at Logger.logMethod [as log] (utils/logger.ts:82:7)

    console.log
      [INFO] Upcoming meetings loaded { count: 2, timestamp: '2026-01-30T03:36:52.293Z' }

      at Logger.logMethod [as log] (utils/logger.ts:82:7)

    console.log
      [INFO] Upcoming meetings loaded { count: 2, timestamp: '2026-01-30T03:36:52.293Z' }

      at Logger.logMethod [as log] (utils/logger.ts:82:7)

    console.log
      [INFO] Upcoming meetings loaded { count: 2, timestamp: '2026-01-30T03:36:52.293Z' }

      at Logger.logMethod [as log] (utils/logger.ts:82:7)

    console.log
      [INFO] Upcoming meetings loaded { count: 2, timestamp: '2026-01-30T03:36:52.293Z' }

      at Logger.logMethod [as log] (utils/logger.ts:82:7)

    console.log
      [INFO] Upcoming meetings loaded { count: 2, timestamp: '2026-01-30T03:36:52.293Z' }

      at Logger.logMethod [as log] (utils/logger.ts:82:7)

    console.log
      [INFO] Upcoming meetings loaded { count: 2, timestamp: '2026-01-30T03:36:52.293Z' }

      at Logger.logMethod [as log] (utils/logger.ts:82:7)

    console.log
      [INFO] Upcoming meetings loaded { count: 2, timestamp: '2026-01-30T03:36:52.294Z' }

      at Logger.logMethod [as log] (utils/logger.ts:82:7)

    console.log
      [INFO] Upcoming meetings loaded { count: 2, timestamp: '2026-01-30T03:36:52.294Z' }

      at Logger.logMethod [as log] (utils/logger.ts:82:7)

    console.log
      [INFO] Upcoming meetings loaded { count: 2, timestamp: '2026-01-30T03:36:52.294Z' }

      at Logger.logMethod [as log] (utils/logger.ts:82:7)

    console.log
      [INFO] Upcoming meetings loaded { count: 2, timestamp: '2026-01-30T03:36:52.294Z' }

      at Logger.logMethod [as log] (utils/logger.ts:82:7)

    console.log
      [INFO] Upcoming meetings loaded { count: 2, timestamp: '2026-01-30T03:36:52.294Z' }

      at Logger.logMethod [as log] (utils/logger.ts:82:7)

    console.log
      [INFO] Upcoming meetings loaded { count: 2, timestamp: '2026-01-30T03:36:52.294Z' }

      at Logger.logMethod [as log] (utils/logger.ts:82:7)

    console.log
      [INFO] Upcoming meetings loaded { count: 2, timestamp: '2026-01-30T03:36:52.294Z' }

      at Logger.logMethod [as log] (utils/logger.ts:82:7)

    console.log
      [INFO] Upcoming meetings loaded { count: 2, timestamp: '2026-01-30T03:36:52.294Z' }

      at Logger.logMethod [as log] (utils/logger.ts:82:7)

    console.log
      [INFO] Upcoming meetings loaded { count: 2, timestamp: '2026-01-30T03:36:52.294Z' }

      at Logger.logMethod [as log] (utils/logger.ts:82:7)

    console.log
      [INFO] Upcoming meetings loaded { count: 2, timestamp: '2026-01-30T03:36:52.295Z' }

      at Logger.logMethod [as log] (utils/logger.ts:82:7)

    console.log
      [INFO] Upcoming meetings loaded { count: 2, timestamp: '2026-01-30T03:36:52.295Z' }

      at Logger.logMethod [as log] (utils/logger.ts:82:7)

    console.log
      [INFO] Upcoming meetings loaded { count: 2, timestamp: '2026-01-30T03:36:52.295Z' }

      at Logger.logMethod [as log] (utils/logger.ts:82:7)

    console.log
      [INFO] Upcoming meetings loaded { count: 2, timestamp: '2026-01-30T03:36:52.295Z' }

      at Logger.logMethod [as log] (utils/logger.ts:82:7)

    console.log
      [INFO] Upcoming meetings loaded { count: 2, timestamp: '2026-01-30T03:36:52.295Z' }

      at Logger.logMethod [as log] (utils/logger.ts:82:7)

    console.log
      [INFO] Upcoming meetings loaded { count: 2, timestamp: '2026-01-30T03:36:52.295Z' }

      at Logger.logMethod [as log] (utils/logger.ts:82:7)

    console.log
      [INFO] Upcoming meetings loaded { count: 2, timestamp: '2026-01-30T03:36:52.295Z' }

      at Logger.logMethod [as log] (utils/logger.ts:82:7)

    console.log
      [INFO] Upcoming meetings loaded { count: 2, timestamp: '2026-01-30T03:36:52.295Z' }

      at Logger.logMethod [as log] (utils/logger.ts:82:7)

    console.log
      [INFO] Upcoming meetings loaded { count: 2, timestamp: '2026-01-30T03:36:52.295Z' }

      at Logger.logMethod [as log] (utils/logger.ts:82:7)

    console.log
      [INFO] Upcoming meetings loaded { count: 2, timestamp: '2026-01-30T03:36:52.296Z' }

      at Logger.logMethod [as log] (utils/logger.ts:82:7)

    console.log
      [INFO] Upcoming meetings loaded { count: 2, timestamp: '2026-01-30T03:36:52.296Z' }

      at Logger.logMethod [as log] (utils/logger.ts:82:7)

    console.log
      [INFO] Upcoming meetings loaded { count: 2, timestamp: '2026-01-30T03:36:52.296Z' }

      at Logger.logMethod [as log] (utils/logger.ts:82:7)

    console.log
      [INFO] Upcoming meetings loaded { count: 2, timestamp: '2026-01-30T03:36:52.296Z' }

      at Logger.logMethod [as log] (utils/logger.ts:82:7)

    console.log
      [INFO] Upcoming meetings loaded { count: 2, timestamp: '2026-01-30T03:36:52.296Z' }

      at Logger.logMethod [as log] (utils/logger.ts:82:7)

    console.log
      [INFO] Upcoming meetings loaded { count: 2, timestamp: '2026-01-30T03:36:52.296Z' }

      at Logger.logMethod [as log] (utils/logger.ts:82:7)

    console.log
      [INFO] Upcoming meetings loaded { count: 2, timestamp: '2026-01-30T03:36:52.296Z' }

      at Logger.logMethod [as log] (utils/logger.ts:82:7)

    console.log
      [INFO] Upcoming meetings loaded { count: 2, timestamp: '2026-01-30T03:36:52.296Z' }

      at Logger.logMethod [as log] (utils/logger.ts:82:7)

    console.log
      [INFO] Upcoming meetings loaded { count: 2, timestamp: '2026-01-30T03:36:52.296Z' }

      at Logger.logMethod [as log] (utils/logger.ts:82:7)

    console.log
      [INFO] Upcoming meetings loaded { count: 2, timestamp: '2026-01-30T03:36:52.296Z' }

      at Logger.logMethod [as log] (utils/logger.ts:82:7)

    console.log
      [INFO] Upcoming meetings loaded { count: 2, timestamp: '2026-01-30T03:36:52.297Z' }

      at Logger.logMethod [as log] (utils/logger.ts:82:7)

    console.log
      [INFO] Upcoming meetings loaded { count: 2, timestamp: '2026-01-30T03:36:52.297Z' }

      at Logger.logMethod [as log] (utils/logger.ts:82:7)

    console.log
      [INFO] Upcoming meetings loaded { count: 2, timestamp: '2026-01-30T03:36:52.297Z' }

      at Logger.logMethod [as log] (utils/logger.ts:82:7)

    console.log
      [INFO] Upcoming meetings loaded { count: 2, timestamp: '2026-01-30T03:36:52.297Z' }

      at Logger.logMethod [as log] (utils/logger.ts:82:7)

    console.log
      [INFO] Upcoming meetings loaded { count: 2, timestamp: '2026-01-30T03:36:52.297Z' }

      at Logger.logMethod [as log] (utils/logger.ts:82:7)

    console.log
      [INFO] Upcoming meetings loaded { count: 2, timestamp: '2026-01-30T03:36:52.297Z' }

      at Logger.logMethod [as log] (utils/logger.ts:82:7)

    console.log
      [INFO] Upcoming meetings loaded { count: 2, timestamp: '2026-01-30T03:36:52.297Z' }

      at Logger.logMethod [as log] (utils/logger.ts:82:7)

    console.log
      [INFO] Upcoming meetings loaded { count: 2, timestamp: '2026-01-30T03:36:52.297Z' }

      at Logger.logMethod [as log] (utils/logger.ts:82:7)

    console.log
      [INFO] Upcoming meetings loaded { count: 2, timestamp: '2026-01-30T03:36:52.297Z' }

      at Logger.logMethod [as log] (utils/logger.ts:82:7)

    console.log
      [INFO] Upcoming meetings loaded { count: 2, timestamp: '2026-01-30T03:36:52.298Z' }

      at Logger.logMethod [as log] (utils/logger.ts:82:7)

    console.log
      [INFO] Upcoming meetings loaded { count: 2, timestamp: '2026-01-30T03:36:52.298Z' }

      at Logger.logMethod [as log] (utils/logger.ts:82:7)

    console.log
      [INFO] Upcoming meetings loaded { count: 2, timestamp: '2026-01-30T03:36:52.298Z' }

      at Logger.logMethod [as log] (utils/logger.ts:82:7)

    console.log
      [INFO] Upcoming meetings loaded { count: 2, timestamp: '2026-01-30T03:36:52.298Z' }

      at Logger.logMethod [as log] (utils/logger.ts:82:7)

    console.log
      [INFO] Upcoming meetings loaded { count: 2, timestamp: '2026-01-30T03:36:52.298Z' }

      at Logger.logMethod [as log] (utils/logger.ts:82:7)

    console.log
      [INFO] Upcoming meetings loaded { count: 2, timestamp: '2026-01-30T03:36:52.298Z' }

      at Logger.logMethod [as log] (utils/logger.ts:82:7)

    console.log
      [INFO] Upcoming meetings loaded { count: 2, timestamp: '2026-01-30T03:36:52.298Z' }

      at Logger.logMethod [as log] (utils/logger.ts:82:7)

    console.log
      [INFO] Upcoming meetings loaded { count: 2, timestamp: '2026-01-30T03:36:52.298Z' }

      at Logger.logMethod [as log] (utils/logger.ts:82:7)

    console.log
      [INFO] Upcoming meetings loaded { count: 2, timestamp: '2026-01-30T03:36:52.298Z' }

      at Logger.logMethod [as log] (utils/logger.ts:82:7)

    console.log
      [INFO] Upcoming meetings loaded { count: 2, timestamp: '2026-01-30T03:36:52.299Z' }

      at Logger.logMethod [as log] (utils/logger.ts:82:7)

    console.log
      [INFO] Upcoming meetings loaded { count: 2, timestamp: '2026-01-30T03:36:52.299Z' }

      at Logger.logMethod [as log] (utils/logger.ts:82:7)

    console.log
      [INFO] Upcoming meetings loaded { count: 2, timestamp: '2026-01-30T03:36:52.299Z' }

      at Logger.logMethod [as log] (utils/logger.ts:82:7)

    console.log
      [INFO] Upcoming meetings loaded { count: 2, timestamp: '2026-01-30T03:36:52.299Z' }

      at Logger.logMethod [as log] (utils/logger.ts:82:7)

    console.log
      [INFO] Upcoming meetings loaded { count: 2, timestamp: '2026-01-30T03:36:52.299Z' }

      at Logger.logMethod [as log] (utils/logger.ts:82:7)

    console.log
      [INFO] Upcoming meetings loaded { count: 2, timestamp: '2026-01-30T03:36:52.299Z' }

      at Logger.logMethod [as log] (utils/logger.ts:82:7)

    console.log
      [INFO] Upcoming meetings loaded { count: 2, timestamp: '2026-01-30T03:36:52.299Z' }

      at Logger.logMethod [as log] (utils/logger.ts:82:7)

    console.log
      [INFO] Upcoming meetings loaded { count: 2, timestamp: '2026-01-30T03:36:52.299Z' }

      at Logger.logMethod [as log] (utils/logger.ts:82:7)

    console.log
      [INFO] Upcoming meetings loaded { count: 2, timestamp: '2026-01-30T03:36:52.299Z' }

      at Logger.logMethod [as log] (utils/logger.ts:82:7)

    console.log
      [INFO] Upcoming meetings loaded { count: 2, timestamp: '2026-01-30T03:36:52.300Z' }

      at Logger.logMethod [as log] (utils/logger.ts:82:7)

    console.log
      [INFO] Upcoming meetings loaded { count: 2, timestamp: '2026-01-30T03:36:52.300Z' }

      at Logger.logMethod [as log] (utils/logger.ts:82:7)

    console.log
      [INFO] Upcoming meetings loaded { count: 2, timestamp: '2026-01-30T03:36:52.300Z' }

      at Logger.logMethod [as log] (utils/logger.ts:82:7)

    console.log
      [INFO] Upcoming meetings loaded { count: 2, timestamp: '2026-01-30T03:36:52.300Z' }

      at Logger.logMethod [as log] (utils/logger.ts:82:7)

    console.log
      [INFO] Upcoming meetings loaded { count: 2, timestamp: '2026-01-30T03:36:52.300Z' }

      at Logger.logMethod [as log] (utils/logger.ts:82:7)

    console.log
      [INFO] Upcoming meetings loaded { count: 2, timestamp: '2026-01-30T03:36:52.300Z' }

      at Logger.logMethod [as log] (utils/logger.ts:82:7)

    console.log
      [INFO] Upcoming meetings loaded { count: 2, timestamp: '2026-01-30T03:36:52.300Z' }

      at Logger.logMethod [as log] (utils/logger.ts:82:7)

    console.log
      [INFO] Upcoming meetings loaded { count: 2, timestamp: '2026-01-30T03:36:52.300Z' }

      at Logger.logMethod [as log] (utils/logger.ts:82:7)

    console.log
      [INFO] Upcoming meetings loaded { count: 2, timestamp: '2026-01-30T03:36:52.300Z' }

      at Logger.logMethod [as log] (utils/logger.ts:82:7)

    console.log
      [INFO] Upcoming meetings loaded { count: 2, timestamp: '2026-01-30T03:36:52.300Z' }

      at Logger.logMethod [as log] (utils/logger.ts:82:7)

    console.log
      [INFO] Upcoming meetings loaded { count: 2, timestamp: '2026-01-30T03:36:52.301Z' }

      at Logger.logMethod [as log] (utils/logger.ts:82:7)

    console.log
      [INFO] Upcoming meetings loaded { count: 2, timestamp: '2026-01-30T03:36:52.301Z' }

      at Logger.logMethod [as log] (utils/logger.ts:82:7)

    console.log
      [INFO] Upcoming meetings loaded { count: 2, timestamp: '2026-01-30T03:36:52.301Z' }

      at Logger.logMethod [as log] (utils/logger.ts:82:7)

    console.log
      [INFO] Upcoming meetings loaded { count: 2, timestamp: '2026-01-30T03:36:52.301Z' }

      at Logger.logMethod [as log] (utils/logger.ts:82:7)

    console.log
      [INFO] Upcoming meetings loaded { count: 2, timestamp: '2026-01-30T03:36:52.301Z' }

      at Logger.logMethod [as log] (utils/logger.ts:82:7)

    console.log
      [INFO] Upcoming meetings loaded { count: 2, timestamp: '2026-01-30T03:36:52.301Z' }

      at Logger.logMethod [as log] (utils/logger.ts:82:7)

    console.log
      [INFO] Upcoming meetings loaded { count: 2, timestamp: '2026-01-30T03:36:52.301Z' }

      at Logger.logMethod [as log] (utils/logger.ts:82:7)

    console.log
      [INFO] Upcoming meetings loaded { count: 2, timestamp: '2026-01-30T03:36:52.301Z' }

      at Logger.logMethod [as log] (utils/logger.ts:82:7)

    console.log
      [INFO] Upcoming meetings loaded { count: 2, timestamp: '2026-01-30T03:36:52.301Z' }

      at Logger.logMethod [as log] (utils/logger.ts:82:7)

    console.log
      [INFO] Upcoming meetings loaded { count: 2, timestamp: '2026-01-30T03:36:52.302Z' }

      at Logger.logMethod [as log] (utils/logger.ts:82:7)

    console.log
      [INFO] Upcoming meetings loaded { count: 2, timestamp: '2026-01-30T03:36:52.302Z' }

      at Logger.logMethod [as log] (utils/logger.ts:82:7)

    console.log
      [INFO] Upcoming meetings loaded { count: 2, timestamp: '2026-01-30T03:36:52.302Z' }

      at Logger.logMethod [as log] (utils/logger.ts:82:7)

    console.log
      [INFO] Upcoming meetings loaded { count: 2, timestamp: '2026-01-30T03:36:52.302Z' }

      at Logger.logMethod [as log] (utils/logger.ts:82:7)

    console.log
      [INFO] Upcoming meetings loaded { count: 2, timestamp: '2026-01-30T03:36:52.302Z' }

      at Logger.logMethod [as log] (utils/logger.ts:82:7)

    console.log
      [INFO] Upcoming meetings loaded { count: 2, timestamp: '2026-01-30T03:36:52.302Z' }

      at Logger.logMethod [as log] (utils/logger.ts:82:7)

    console.log
      [INFO] Upcoming meetings loaded { count: 2, timestamp: '2026-01-30T03:36:52.302Z' }

      at Logger.logMethod [as log] (utils/logger.ts:82:7)

    console.log
      [INFO] Upcoming meetings loaded { count: 2, timestamp: '2026-01-30T03:36:52.302Z' }

      at Logger.logMethod [as log] (utils/logger.ts:82:7)

    console.log
      [INFO] Upcoming meetings loaded { count: 2, timestamp: '2026-01-30T03:36:52.302Z' }

      at Logger.logMethod [as log] (utils/logger.ts:82:7)

    console.log
      [INFO] Upcoming meetings loaded { count: 2, timestamp: '2026-01-30T03:36:52.302Z' }

      at Logger.logMethod [as log] (utils/logger.ts:82:7)

    console.log
      [INFO] Upcoming meetings loaded { count: 2, timestamp: '2026-01-30T03:36:52.303Z' }

      at Logger.logMethod [as log] (utils/logger.ts:82:7)

    console.log
      [INFO] Upcoming meetings loaded { count: 2, timestamp: '2026-01-30T03:36:52.303Z' }

      at Logger.logMethod [as log] (utils/logger.ts:82:7)

    console.log
      [INFO] Upcoming meetings loaded { count: 2, timestamp: '2026-01-30T03:36:52.303Z' }

      at Logger.logMethod [as log] (utils/logger.ts:82:7)

    console.log
      [INFO] Upcoming meetings loaded { count: 2, timestamp: '2026-01-30T03:36:52.303Z' }

      at Logger.logMethod [as log] (utils/logger.ts:82:7)

    console.log
      [INFO] Upcoming meetings loaded { count: 2, timestamp: '2026-01-30T03:36:52.303Z' }

      at Logger.logMethod [as log] (utils/logger.ts:82:7)

    console.log
      [INFO] Upcoming meetings loaded { count: 2, timestamp: '2026-01-30T03:36:52.303Z' }

      at Logger.logMethod [as log] (utils/logger.ts:82:7)

    console.log
      [INFO] Upcoming meetings loaded { count: 2, timestamp: '2026-01-30T03:36:52.303Z' }

      at Logger.logMethod [as log] (utils/logger.ts:82:7)

    console.log
      [INFO] Upcoming meetings loaded { count: 2, timestamp: '2026-01-30T03:36:52.303Z' }

      at Logger.logMethod [as log] (utils/logger.ts:82:7)

    console.log
      [INFO] Upcoming meetings loaded { count: 2, timestamp: '2026-01-30T03:36:52.303Z' }

      at Logger.logMethod [as log] (utils/logger.ts:82:7)

    console.log
      [INFO] Upcoming meetings loaded { count: 2, timestamp: '2026-01-30T03:36:52.304Z' }

      at Logger.logMethod [as log] (utils/logger.ts:82:7)

    console.log
      [INFO] Upcoming meetings loaded { count: 2, timestamp: '2026-01-30T03:36:52.304Z' }

      at Logger.logMethod [as log] (utils/logger.ts:82:7)

    console.log
      [INFO] Upcoming meetings loaded { count: 2, timestamp: '2026-01-30T03:36:52.304Z' }

      at Logger.logMethod [as log] (utils/logger.ts:82:7)

    console.log
      [INFO] Upcoming meetings loaded { count: 2, timestamp: '2026-01-30T03:36:52.304Z' }

      at Logger.logMethod [as log] (utils/logger.ts:82:7)

    console.log
      [INFO] Upcoming meetings loaded { count: 2, timestamp: '2026-01-30T03:36:52.304Z' }

      at Logger.logMethod [as log] (utils/logger.ts:82:7)

    console.log
      [INFO] Upcoming meetings loaded { count: 2, timestamp: '2026-01-30T03:36:52.304Z' }

      at Logger.logMethod [as log] (utils/logger.ts:82:7)

    console.log
      [INFO] Upcoming meetings loaded { count: 2, timestamp: '2026-01-30T03:36:52.304Z' }

      at Logger.logMethod [as log] (utils/logger.ts:82:7)

    console.log
      [INFO] Upcoming meetings loaded { count: 2, timestamp: '2026-01-30T03:36:52.304Z' }

      at Logger.logMethod [as log] (utils/logger.ts:82:7)

    console.log
      [INFO] Upcoming meetings loaded { count: 2, timestamp: '2026-01-30T03:36:52.304Z' }

      at Logger.logMethod [as log] (utils/logger.ts:82:7)

    console.log
      [INFO] Upcoming meetings loaded { count: 2, timestamp: '2026-01-30T03:36:52.304Z' }

      at Logger.logMethod [as log] (utils/logger.ts:82:7)

    console.log
      [INFO] Upcoming meetings loaded { count: 2, timestamp: '2026-01-30T03:36:52.305Z' }

      at Logger.logMethod [as log] (utils/logger.ts:82:7)

    console.log
      [INFO] Upcoming meetings loaded { count: 2, timestamp: '2026-01-30T03:36:52.305Z' }

      at Logger.logMethod [as log] (utils/logger.ts:82:7)

    console.log
      [INFO] Upcoming meetings loaded { count: 2, timestamp: '2026-01-30T03:36:52.305Z' }

      at Logger.logMethod [as log] (utils/logger.ts:82:7)

    console.log
      [INFO] Upcoming meetings loaded { count: 2, timestamp: '2026-01-30T03:36:52.305Z' }

      at Logger.logMethod [as log] (utils/logger.ts:82:7)

    console.log
      [INFO] Upcoming meetings loaded { count: 2, timestamp: '2026-01-30T03:36:52.305Z' }

      at Logger.logMethod [as log] (utils/logger.ts:82:7)

    console.log
      [INFO] Upcoming meetings loaded { count: 2, timestamp: '2026-01-30T03:36:52.305Z' }

      at Logger.logMethod [as log] (utils/logger.ts:82:7)

    console.log
      [INFO] Upcoming meetings loaded { count: 2, timestamp: '2026-01-30T03:36:52.305Z' }

      at Logger.logMethod [as log] (utils/logger.ts:82:7)

    console.log
      [INFO] Upcoming meetings loaded { count: 2, timestamp: '2026-01-30T03:36:52.305Z' }

      at Logger.logMethod [as log] (utils/logger.ts:82:7)

    console.log
      [INFO] Upcoming meetings loaded { count: 2, timestamp: '2026-01-30T03:36:52.305Z' }

      at Logger.logMethod [as log] (utils/logger.ts:82:7)

    console.log
      [INFO] Upcoming meetings loaded { count: 2, timestamp: '2026-01-30T03:36:52.306Z' }

      at Logger.logMethod [as log] (utils/logger.ts:82:7)

    console.log
      [INFO] Upcoming meetings loaded { count: 2, timestamp: '2026-01-30T03:36:52.306Z' }

      at Logger.logMethod [as log] (utils/logger.ts:82:7)

    console.log
      [INFO] Upcoming meetings loaded { count: 2, timestamp: '2026-01-30T03:36:52.306Z' }

      at Logger.logMethod [as log] (utils/logger.ts:82:7)

    console.log
      [INFO] Upcoming meetings loaded { count: 2, timestamp: '2026-01-30T03:36:52.306Z' }

      at Logger.logMethod [as log] (utils/logger.ts:82:7)

    console.log
      [INFO] Upcoming meetings loaded { count: 2, timestamp: '2026-01-30T03:36:52.306Z' }

      at Logger.logMethod [as log] (utils/logger.ts:82:7)

    console.log
      [INFO] Upcoming meetings loaded { count: 2, timestamp: '2026-01-30T03:36:52.306Z' }

      at Logger.logMethod [as log] (utils/logger.ts:82:7)

    console.log
      [INFO] Upcoming meetings loaded { count: 2, timestamp: '2026-01-30T03:36:52.306Z' }

      at Logger.logMethod [as log] (utils/logger.ts:82:7)

    console.log
      [INFO] Upcoming meetings loaded { count: 2, timestamp: '2026-01-30T03:36:52.306Z' }

      at Logger.logMethod [as log] (utils/logger.ts:82:7)

    console.log
      [INFO] Upcoming meetings loaded { count: 2, timestamp: '2026-01-30T03:36:52.306Z' }

      at Logger.logMethod [as log] (utils/logger.ts:82:7)

    console.log
      [INFO] Upcoming meetings loaded { count: 2, timestamp: '2026-01-30T03:36:52.307Z' }

      at Logger.logMethod [as log] (utils/logger.ts:82:7)

    console.log
      [INFO] Upcoming meetings loaded { count: 2, timestamp: '2026-01-30T03:36:52.307Z' }

      at Logger.logMethod [as log] (utils/logger.ts:82:7)

    console.log
      [INFO] Upcoming meetings loaded { count: 2, timestamp: '2026-01-30T03:36:52.307Z' }

      at Logger.logMethod [as log] (utils/logger.ts:82:7)

    console.log
      [INFO] Upcoming meetings loaded { count: 2, timestamp: '2026-01-30T03:36:52.307Z' }

      at Logger.logMethod [as log] (utils/logger.ts:82:7)

    console.log
      [INFO] Upcoming meetings loaded { count: 2, timestamp: '2026-01-30T03:36:52.307Z' }

      at Logger.logMethod [as log] (utils/logger.ts:82:7)

    console.log
      [INFO] Upcoming meetings loaded { count: 2, timestamp: '2026-01-30T03:36:52.307Z' }

      at Logger.logMethod [as log] (utils/logger.ts:82:7)

    console.log
      [INFO] Upcoming meetings loaded { count: 2, timestamp: '2026-01-30T03:36:52.307Z' }

      at Logger.logMethod [as log] (utils/logger.ts:82:7)

    console.log
      [INFO] Upcoming meetings loaded { count: 2, timestamp: '2026-01-30T03:36:52.307Z' }

      at Logger.logMethod [as log] (utils/logger.ts:82:7)

    console.log
      [INFO] Upcoming meetings loaded { count: 2, timestamp: '2026-01-30T03:36:52.307Z' }

      at Logger.logMethod [as log] (utils/logger.ts:82:7)

    console.log
      [INFO] Upcoming meetings loaded { count: 2, timestamp: '2026-01-30T03:36:52.308Z' }

      at Logger.logMethod [as log] (utils/logger.ts:82:7)

    console.log
      [INFO] Upcoming meetings loaded { count: 2, timestamp: '2026-01-30T03:36:52.308Z' }

      at Logger.logMethod [as log] (utils/logger.ts:82:7)

    console.log
      [INFO] Upcoming meetings loaded { count: 2, timestamp: '2026-01-30T03:36:52.308Z' }

      at Logger.logMethod [as log] (utils/logger.ts:82:7)

    console.log
      [INFO] Upcoming meetings loaded { count: 2, timestamp: '2026-01-30T03:36:52.308Z' }

      at Logger.logMethod [as log] (utils/logger.ts:82:7)

    console.log
      [INFO] Upcoming meetings loaded { count: 2, timestamp: '2026-01-30T03:36:52.308Z' }

      at Logger.logMethod [as log] (utils/logger.ts:82:7)

    console.log
      [INFO] Upcoming meetings loaded { count: 2, timestamp: '2026-01-30T03:36:52.308Z' }

      at Logger.logMethod [as log] (utils/logger.ts:82:7)

    console.log
      [INFO] Upcoming meetings loaded { count: 2, timestamp: '2026-01-30T03:36:52.308Z' }

      at Logger.logMethod [as log] (utils/logger.ts:82:7)

    console.log
      [INFO] Upcoming meetings loaded { count: 2, timestamp: '2026-01-30T03:36:52.308Z' }

      at Logger.logMethod [as log] (utils/logger.ts:82:7)

    console.log
      [INFO] Upcoming meetings loaded { count: 2, timestamp: '2026-01-30T03:36:52.308Z' }

      at Logger.logMethod [as log] (utils/logger.ts:82:7)

    console.log
      [INFO] Upcoming meetings loaded { count: 2, timestamp: '2026-01-30T03:36:52.309Z' }

      at Logger.logMethod [as log] (utils/logger.ts:82:7)

    console.log
      [INFO] Upcoming meetings loaded { count: 2, timestamp: '2026-01-30T03:36:52.309Z' }

      at Logger.logMethod [as log] (utils/logger.ts:82:7)

    console.log
      [INFO] Upcoming meetings loaded { count: 2, timestamp: '2026-01-30T03:36:52.309Z' }

      at Logger.logMethod [as log] (utils/logger.ts:82:7)

    console.log
      [INFO] Upcoming meetings loaded { count: 2, timestamp: '2026-01-30T03:36:52.309Z' }

      at Logger.logMethod [as log] (utils/logger.ts:82:7)

    console.log
      [INFO] Upcoming meetings loaded { count: 2, timestamp: '2026-01-30T03:36:52.309Z' }

      at Logger.logMethod [as log] (utils/logger.ts:82:7)

    console.log
      [INFO] Upcoming meetings loaded { count: 2, timestamp: '2026-01-30T03:36:52.309Z' }

      at Logger.logMethod [as log] (utils/logger.ts:82:7)

    console.log
      [INFO] Upcoming meetings loaded { count: 2, timestamp: '2026-01-30T03:36:52.309Z' }

      at Logger.logMethod [as log] (utils/logger.ts:82:7)

    console.log
      [INFO] Upcoming meetings loaded { count: 2, timestamp: '2026-01-30T03:36:52.309Z' }

      at Logger.logMethod [as log] (utils/logger.ts:82:7)

    console.log
      [INFO] Upcoming meetings loaded { count: 2, timestamp: '2026-01-30T03:36:52.309Z' }

      at Logger.logMethod [as log] (utils/logger.ts:82:7)

    console.log
      [INFO] Upcoming meetings loaded { count: 2, timestamp: '2026-01-30T03:36:52.309Z' }

      at Logger.logMethod [as log] (utils/logger.ts:82:7)

    console.log
      [INFO] Upcoming meetings loaded { count: 2, timestamp: '2026-01-30T03:36:52.310Z' }

      at Logger.logMethod [as log] (utils/logger.ts:82:7)

    console.log
      [INFO] Upcoming meetings loaded { count: 2, timestamp: '2026-01-30T03:36:52.310Z' }

      at Logger.logMethod [as log] (utils/logger.ts:82:7)

    console.log
      [INFO] Upcoming meetings loaded { count: 2, timestamp: '2026-01-30T03:36:52.310Z' }

      at Logger.logMethod [as log] (utils/logger.ts:82:7)

    console.log
      [INFO] Upcoming meetings loaded { count: 2, timestamp: '2026-01-30T03:36:52.310Z' }

      at Logger.logMethod [as log] (utils/logger.ts:82:7)

    console.log
      [INFO] Upcoming meetings loaded { count: 2, timestamp: '2026-01-30T03:36:52.310Z' }

      at Logger.logMethod [as log] (utils/logger.ts:82:7)

    console.log
      [INFO] Upcoming meetings loaded { count: 2, timestamp: '2026-01-30T03:36:52.310Z' }

      at Logger.logMethod [as log] (utils/logger.ts:82:7)

    console.log
      [INFO] Upcoming meetings loaded { count: 2, timestamp: '2026-01-30T03:36:52.310Z' }

      at Logger.logMethod [as log] (utils/logger.ts:82:7)

    console.log
      [INFO] Upcoming meetings loaded { count: 2, timestamp: '2026-01-30T03:36:52.310Z' }

      at Logger.logMethod [as log] (utils/logger.ts:82:7)

    console.log
      [INFO] Upcoming meetings loaded { count: 2, timestamp: '2026-01-30T03:36:52.310Z' }

      at Logger.logMethod [as log] (utils/logger.ts:82:7)

    console.log
      [INFO] Upcoming meetings loaded { count: 2, timestamp: '2026-01-30T03:36:52.311Z' }

      at Logger.logMethod [as log] (utils/logger.ts:82:7)

    console.log
      [INFO] Upcoming meetings loaded { count: 2, timestamp: '2026-01-30T03:36:52.311Z' }

      at Logger.logMethod [as log] (utils/logger.ts:82:7)

    console.log
      [INFO] Upcoming meetings loaded { count: 2, timestamp: '2026-01-30T03:36:52.311Z' }

      at Logger.logMethod [as log] (utils/logger.ts:82:7)

    console.log
      [INFO] Upcoming meetings loaded { count: 2, timestamp: '2026-01-30T03:36:52.311Z' }

      at Logger.logMethod [as log] (utils/logger.ts:82:7)

    console.log
      [INFO] Upcoming meetings loaded { count: 2, timestamp: '2026-01-30T03:36:52.311Z' }

      at Logger.logMethod [as log] (utils/logger.ts:82:7)

    console.log
      [INFO] Upcoming meetings loaded { count: 2, timestamp: '2026-01-30T03:36:52.311Z' }

      at Logger.logMethod [as log] (utils/logger.ts:82:7)

    console.log
      [INFO] Upcoming meetings loaded { count: 2, timestamp: '2026-01-30T03:36:52.311Z' }

      at Logger.logMethod [as log] (utils/logger.ts:82:7)

    console.log
      [INFO] Upcoming meetings loaded { count: 2, timestamp: '2026-01-30T03:36:52.311Z' }

      at Logger.logMethod [as log] (utils/logger.ts:82:7)

    console.log
      [INFO] Upcoming meetings loaded { count: 2, timestamp: '2026-01-30T03:36:52.311Z' }

      at Logger.logMethod [as log] (utils/logger.ts:82:7)

    console.log
      [INFO] Upcoming meetings loaded { count: 2, timestamp: '2026-01-30T03:36:52.311Z' }

      at Logger.logMethod [as log] (utils/logger.ts:82:7)

    console.log
      [INFO] Upcoming meetings loaded { count: 2, timestamp: '2026-01-30T03:36:52.312Z' }

      at Logger.logMethod [as log] (utils/logger.ts:82:7)

    console.log
      [INFO] Upcoming meetings loaded { count: 2, timestamp: '2026-01-30T03:36:52.312Z' }

      at Logger.logMethod [as log] (utils/logger.ts:82:7)

    console.log
      [INFO] Upcoming meetings loaded { count: 2, timestamp: '2026-01-30T03:36:52.312Z' }

      at Logger.logMethod [as log] (utils/logger.ts:82:7)

    console.log
      [INFO] Upcoming meetings loaded { count: 2, timestamp: '2026-01-30T03:36:52.312Z' }

      at Logger.logMethod [as log] (utils/logger.ts:82:7)

    console.log
      [INFO] Upcoming meetings loaded { count: 2, timestamp: '2026-01-30T03:36:52.312Z' }

      at Logger.logMethod [as log] (utils/logger.ts:82:7)

    console.log
      [INFO] Upcoming meetings loaded { count: 2, timestamp: '2026-01-30T03:36:52.312Z' }

      at Logger.logMethod [as log] (utils/logger.ts:82:7)

    console.log
      [INFO] Upcoming meetings loaded { count: 2, timestamp: '2026-01-30T03:36:52.312Z' }

      at Logger.logMethod [as log] (utils/logger.ts:82:7)

    console.log
      [INFO] Upcoming meetings loaded { count: 2, timestamp: '2026-01-30T03:36:52.312Z' }

      at Logger.logMethod [as log] (utils/logger.ts:82:7)

    console.log
      [INFO] Upcoming meetings loaded { count: 2, timestamp: '2026-01-30T03:36:52.312Z' }

      at Logger.logMethod [as log] (utils/logger.ts:82:7)

    console.log
      [INFO] Upcoming meetings loaded { count: 2, timestamp: '2026-01-30T03:36:52.313Z' }

      at Logger.logMethod [as log] (utils/logger.ts:82:7)

    console.log
      [INFO] Upcoming meetings loaded { count: 2, timestamp: '2026-01-30T03:36:52.313Z' }

      at Logger.logMethod [as log] (utils/logger.ts:82:7)

    console.log
      [INFO] Upcoming meetings loaded { count: 2, timestamp: '2026-01-30T03:36:52.313Z' }

      at Logger.logMethod [as log] (utils/logger.ts:82:7)

    console.log
      [INFO] Upcoming meetings loaded { count: 2, timestamp: '2026-01-30T03:36:52.313Z' }

      at Logger.logMethod [as log] (utils/logger.ts:82:7)

    console.log
      [INFO] Upcoming meetings loaded { count: 2, timestamp: '2026-01-30T03:36:52.313Z' }

      at Logger.logMethod [as log] (utils/logger.ts:82:7)

    console.log
      [INFO] Upcoming meetings loaded { count: 2, timestamp: '2026-01-30T03:36:52.313Z' }

      at Logger.logMethod [as log] (utils/logger.ts:82:7)

    console.log
      [INFO] Upcoming meetings loaded { count: 2, timestamp: '2026-01-30T03:36:52.313Z' }

      at Logger.logMethod [as log] (utils/logger.ts:82:7)

    console.log
      [INFO] Upcoming meetings loaded { count: 2, timestamp: '2026-01-30T03:36:52.313Z' }

      at Logger.logMethod [as log] (utils/logger.ts:82:7)

    console.log
      [INFO] Upcoming meetings loaded { count: 2, timestamp: '2026-01-30T03:36:52.313Z' }

      at Logger.logMethod [as log] (utils/logger.ts:82:7)

    console.log
      [INFO] Upcoming meetings loaded { count: 2, timestamp: '2026-01-30T03:36:52.314Z' }

      at Logger.logMethod [as log] (utils/logger.ts:82:7)

    console.log
      [INFO] Upcoming meetings loaded { count: 2, timestamp: '2026-01-30T03:36:52.314Z' }

      at Logger.logMethod [as log] (utils/logger.ts:82:7)

    console.log
      [INFO] Upcoming meetings loaded { count: 2, timestamp: '2026-01-30T03:36:52.314Z' }

      at Logger.logMethod [as log] (utils/logger.ts:82:7)

    console.log
      [INFO] Upcoming meetings loaded { count: 2, timestamp: '2026-01-30T03:36:52.314Z' }

      at Logger.logMethod [as log] (utils/logger.ts:82:7)

    console.log
      [INFO] Upcoming meetings loaded { count: 2, timestamp: '2026-01-30T03:36:52.314Z' }

      at Logger.logMethod [as log] (utils/logger.ts:82:7)

    console.log
      [INFO] Upcoming meetings loaded { count: 2, timestamp: '2026-01-30T03:36:52.314Z' }

      at Logger.logMethod [as log] (utils/logger.ts:82:7)

    console.log
      [INFO] Upcoming meetings loaded { count: 2, timestamp: '2026-01-30T03:36:52.314Z' }

      at Logger.logMethod [as log] (utils/logger.ts:82:7)

    console.log
      [INFO] Upcoming meetings loaded { count: 2, timestamp: '2026-01-30T03:36:52.314Z' }

      at Logger.logMethod [as log] (utils/logger.ts:82:7)

    console.log
      [INFO] Upcoming meetings loaded { count: 2, timestamp: '2026-01-30T03:36:52.314Z' }

      at Logger.logMethod [as log] (utils/logger.ts:82:7)

    console.log
      [INFO] Upcoming meetings loaded { count: 2, timestamp: '2026-01-30T03:36:52.314Z' }

      at Logger.logMethod [as log] (utils/logger.ts:82:7)

    console.log
      [INFO] Upcoming meetings loaded { count: 2, timestamp: '2026-01-30T03:36:52.315Z' }

      at Logger.logMethod [as log] (utils/logger.ts:82:7)

    console.log
      [INFO] Upcoming meetings loaded { count: 2, timestamp: '2026-01-30T03:36:52.315Z' }

      at Logger.logMethod [as log] (utils/logger.ts:82:7)

    console.log
      [INFO] Upcoming meetings loaded { count: 2, timestamp: '2026-01-30T03:36:52.315Z' }

      at Logger.logMethod [as log] (utils/logger.ts:82:7)

    console.log
      [INFO] Upcoming meetings loaded { count: 2, timestamp: '2026-01-30T03:36:52.315Z' }

      at Logger.logMethod [as log] (utils/logger.ts:82:7)

    console.log
      [INFO] Upcoming meetings loaded { count: 2, timestamp: '2026-01-30T03:36:52.315Z' }

      at Logger.logMethod [as log] (utils/logger.ts:82:7)

    console.log
      [INFO] Upcoming meetings loaded { count: 2, timestamp: '2026-01-30T03:36:52.315Z' }

      at Logger.logMethod [as log] (utils/logger.ts:82:7)

    console.log
      [INFO] Upcoming meetings loaded { count: 2, timestamp: '2026-01-30T03:36:52.315Z' }

      at Logger.logMethod [as log] (utils/logger.ts:82:7)

    console.log
      [INFO] Upcoming meetings loaded { count: 2, timestamp: '2026-01-30T03:36:52.315Z' }

      at Logger.logMethod [as log] (utils/logger.ts:82:7)

    console.log
      [INFO] Upcoming meetings loaded { count: 2, timestamp: '2026-01-30T03:36:52.315Z' }

      at Logger.logMethod [as log] (utils/logger.ts:82:7)

    console.log
      [INFO] Upcoming meetings loaded { count: 2, timestamp: '2026-01-30T03:36:52.315Z' }

      at Logger.logMethod [as log] (utils/logger.ts:82:7)

    console.log
      [INFO] Upcoming meetings loaded { count: 2, timestamp: '2026-01-30T03:36:52.316Z' }

      at Logger.logMethod [as log] (utils/logger.ts:82:7)

    console.log
      [INFO] Upcoming meetings loaded { count: 2, timestamp: '2026-01-30T03:36:52.316Z' }

      at Logger.logMethod [as log] (utils/logger.ts:82:7)

    console.log
      [INFO] Upcoming meetings loaded { count: 2, timestamp: '2026-01-30T03:36:52.316Z' }

      at Logger.logMethod [as log] (utils/logger.ts:82:7)

    console.log
      [INFO] Upcoming meetings loaded { count: 2, timestamp: '2026-01-30T03:36:52.316Z' }

      at Logger.logMethod [as log] (utils/logger.ts:82:7)

    console.log
      [INFO] Upcoming meetings loaded { count: 2, timestamp: '2026-01-30T03:36:52.316Z' }

      at Logger.logMethod [as log] (utils/logger.ts:82:7)

    console.log
      [INFO] Upcoming meetings loaded { count: 2, timestamp: '2026-01-30T03:36:52.316Z' }

      at Logger.logMethod [as log] (utils/logger.ts:82:7)

    console.log
      [INFO] Upcoming meetings loaded { count: 2, timestamp: '2026-01-30T03:36:52.316Z' }

      at Logger.logMethod [as log] (utils/logger.ts:82:7)

    console.log
      [INFO] Upcoming meetings loaded { count: 2, timestamp: '2026-01-30T03:36:52.316Z' }

      at Logger.logMethod [as log] (utils/logger.ts:82:7)

    console.log
      [INFO] Upcoming meetings loaded { count: 2, timestamp: '2026-01-30T03:36:52.316Z' }

      at Logger.logMethod [as log] (utils/logger.ts:82:7)

    console.log
      [INFO] Upcoming meetings loaded { count: 2, timestamp: '2026-01-30T03:36:52.317Z' }

      at Logger.logMethod [as log] (utils/logger.ts:82:7)

    console.log
      [INFO] Upcoming meetings loaded { count: 2, timestamp: '2026-01-30T03:36:52.317Z' }

      at Logger.logMethod [as log] (utils/logger.ts:82:7)

    console.log
      [INFO] Upcoming meetings loaded { count: 2, timestamp: '2026-01-30T03:36:52.317Z' }

      at Logger.logMethod [as log] (utils/logger.ts:82:7)

    console.log
      [INFO] Upcoming meetings loaded { count: 2, timestamp: '2026-01-30T03:36:52.317Z' }

      at Logger.logMethod [as log] (utils/logger.ts:82:7)

    console.log
      [INFO] Upcoming meetings loaded { count: 2, timestamp: '2026-01-30T03:36:52.317Z' }

      at Logger.logMethod [as log] (utils/logger.ts:82:7)

    console.log
      [INFO] Upcoming meetings loaded { count: 2, timestamp: '2026-01-30T03:36:52.317Z' }

      at Logger.logMethod [as log] (utils/logger.ts:82:7)

    console.log
      [INFO] Upcoming meetings loaded { count: 2, timestamp: '2026-01-30T03:36:52.317Z' }

      at Logger.logMethod [as log] (utils/logger.ts:82:7)

    console.log
      [INFO] Upcoming meetings loaded { count: 2, timestamp: '2026-01-30T03:36:52.317Z' }

      at Logger.logMethod [as log] (utils/logger.ts:82:7)

    console.log
      [INFO] Upcoming meetings loaded { count: 2, timestamp: '2026-01-30T03:36:52.317Z' }

      at Logger.logMethod [as log] (utils/logger.ts:82:7)

    console.log
      [INFO] Upcoming meetings loaded { count: 2, timestamp: '2026-01-30T03:36:52.317Z' }

      at Logger.logMethod [as log] (utils/logger.ts:82:7)

    console.log
      [INFO] Upcoming meetings loaded { count: 2, timestamp: '2026-01-30T03:36:52.318Z' }

      at Logger.logMethod [as log] (utils/logger.ts:82:7)

    console.log
      [INFO] Upcoming meetings loaded { count: 2, timestamp: '2026-01-30T03:36:52.318Z' }

      at Logger.logMethod [as log] (utils/logger.ts:82:7)

    console.log
      [INFO] Upcoming meetings loaded { count: 2, timestamp: '2026-01-30T03:36:52.318Z' }

      at Logger.logMethod [as log] (utils/logger.ts:82:7)

    console.log
      [INFO] Upcoming meetings loaded { count: 2, timestamp: '2026-01-30T03:36:52.318Z' }

      at Logger.logMethod [as log] (utils/logger.ts:82:7)

    console.log
      [INFO] Upcoming meetings loaded { count: 2, timestamp: '2026-01-30T03:36:52.318Z' }

      at Logger.logMethod [as log] (utils/logger.ts:82:7)

    console.log
      [INFO] Upcoming meetings loaded { count: 2, timestamp: '2026-01-30T03:36:52.318Z' }

      at Logger.logMethod [as log] (utils/logger.ts:82:7)

    console.log
      [INFO] Upcoming meetings loaded { count: 2, timestamp: '2026-01-30T03:36:52.318Z' }

      at Logger.logMethod [as log] (utils/logger.ts:82:7)

    console.log
      [INFO] Upcoming meetings loaded { count: 2, timestamp: '2026-01-30T03:36:52.318Z' }

      at Logger.logMethod [as log] (utils/logger.ts:82:7)

    console.log
      [INFO] Upcoming meetings loaded { count: 2, timestamp: '2026-01-30T03:36:52.318Z' }

      at Logger.logMethod [as log] (utils/logger.ts:82:7)

    console.log
      [INFO] Upcoming meetings loaded { count: 2, timestamp: '2026-01-30T03:36:52.318Z' }

      at Logger.logMethod [as log] (utils/logger.ts:82:7)

    console.log
      [INFO] Upcoming meetings loaded { count: 2, timestamp: '2026-01-30T03:36:52.319Z' }

      at Logger.logMethod [as log] (utils/logger.ts:82:7)

    console.log
      [INFO] Upcoming meetings loaded { count: 2, timestamp: '2026-01-30T03:36:52.319Z' }

      at Logger.logMethod [as log] (utils/logger.ts:82:7)

    console.log
      [INFO] Upcoming meetings loaded { count: 2, timestamp: '2026-01-30T03:36:52.319Z' }

      at Logger.logMethod [as log] (utils/logger.ts:82:7)

    console.log
      [INFO] Upcoming meetings loaded { count: 2, timestamp: '2026-01-30T03:36:52.319Z' }

      at Logger.logMethod [as log] (utils/logger.ts:82:7)

    console.log
      [INFO] Upcoming meetings loaded { count: 2, timestamp: '2026-01-30T03:36:52.319Z' }

      at Logger.logMethod [as log] (utils/logger.ts:82:7)

    console.log
      [INFO] Upcoming meetings loaded { count: 2, timestamp: '2026-01-30T03:36:52.319Z' }

      at Logger.logMethod [as log] (utils/logger.ts:82:7)

    console.log
      [INFO] Upcoming meetings loaded { count: 2, timestamp: '2026-01-30T03:36:52.319Z' }

      at Logger.logMethod [as log] (utils/logger.ts:82:7)

    console.log
      [INFO] Upcoming meetings loaded { count: 2, timestamp: '2026-01-30T03:36:52.319Z' }

      at Logger.logMethod [as log] (utils/logger.ts:82:7)

    console.log
      [INFO] Upcoming meetings loaded { count: 2, timestamp: '2026-01-30T03:36:52.319Z' }

      at Logger.logMethod [as log] (utils/logger.ts:82:7)

    console.log
      [INFO] Upcoming meetings loaded { count: 2, timestamp: '2026-01-30T03:36:52.320Z' }

      at Logger.logMethod [as log] (utils/logger.ts:82:7)

    console.log
      [INFO] Upcoming meetings loaded { count: 2, timestamp: '2026-01-30T03:36:52.320Z' }

      at Logger.logMethod [as log] (utils/logger.ts:82:7)

    console.log
      [INFO] Upcoming meetings loaded { count: 2, timestamp: '2026-01-30T03:36:52.374Z' }

      at Logger.logMethod [as log] (utils/logger.ts:82:7)

    console.log
      [INFO] Upcoming meetings loaded { count: 2, timestamp: '2026-01-30T03:36:52.375Z' }

      at Logger.logMethod [as log] (utils/logger.ts:82:7)

    console.log
      [INFO] Upcoming meetings loaded { count: 2, timestamp: '2026-01-30T03:36:52.376Z' }

      at Logger.logMethod [as log] (utils/logger.ts:82:7)

    console.log
      [INFO] Upcoming meetings loaded { count: 2, timestamp: '2026-01-30T03:36:52.376Z' }

      at Logger.logMethod [as log] (utils/logger.ts:82:7)

    console.log
      [INFO] Upcoming meetings loaded { count: 2, timestamp: '2026-01-30T03:36:52.376Z' }

      at Logger.logMethod [as log] (utils/logger.ts:82:7)

    console.log
      [INFO] Upcoming meetings loaded { count: 2, timestamp: '2026-01-30T03:36:52.376Z' }

      at Logger.logMethod [as log] (utils/logger.ts:82:7)

    console.log
      [INFO] Upcoming meetings loaded { count: 2, timestamp: '2026-01-30T03:36:52.376Z' }

      at Logger.logMethod [as log] (utils/logger.ts:82:7)

    console.log
      [INFO] Upcoming meetings loaded { count: 2, timestamp: '2026-01-30T03:36:52.376Z' }

      at Logger.logMethod [as log] (utils/logger.ts:82:7)

    console.log
      [INFO] Upcoming meetings loaded { count: 2, timestamp: '2026-01-30T03:36:52.376Z' }

      at Logger.logMethod [as log] (utils/logger.ts:82:7)

    console.log
      [INFO] Upcoming meetings loaded { count: 2, timestamp: '2026-01-30T03:36:52.376Z' }

      at Logger.logMethod [as log] (utils/logger.ts:82:7)

    console.log
      [INFO] Upcoming meetings loaded { count: 2, timestamp: '2026-01-30T03:36:52.377Z' }

      at Logger.logMethod [as log] (utils/logger.ts:82:7)

    console.log
      [INFO] Upcoming meetings loaded { count: 2, timestamp: '2026-01-30T03:36:52.377Z' }

      at Logger.logMethod [as log] (utils/logger.ts:82:7)

    console.log
      [INFO] Upcoming meetings loaded { count: 2, timestamp: '2026-01-30T03:36:52.377Z' }

      at Logger.logMethod [as log] (utils/logger.ts:82:7)

    console.log
      [INFO] Upcoming meetings loaded { count: 2, timestamp: '2026-01-30T03:36:52.377Z' }

      at Logger.logMethod [as log] (utils/logger.ts:82:7)

    console.log
      [INFO] Upcoming meetings loaded { count: 2, timestamp: '2026-01-30T03:36:52.377Z' }

      at Logger.logMethod [as log] (utils/logger.ts:82:7)

    console.log
      [INFO] Upcoming meetings loaded { count: 2, timestamp: '2026-01-30T03:36:52.377Z' }

      at Logger.logMethod [as log] (utils/logger.ts:82:7)

    console.log
      [INFO] Upcoming meetings loaded { count: 2, timestamp: '2026-01-30T03:36:52.377Z' }

      at Logger.logMethod [as log] (utils/logger.ts:82:7)

    console.log
      [INFO] Upcoming meetings loaded { count: 2, timestamp: '2026-01-30T03:36:52.377Z' }

      at Logger.logMethod [as log] (utils/logger.ts:82:7)

    console.log
      [INFO] Upcoming meetings loaded { count: 2, timestamp: '2026-01-30T03:36:52.377Z' }

      at Logger.logMethod [as log] (utils/logger.ts:82:7)

    console.log
      [INFO] Upcoming meetings loaded { count: 2, timestamp: '2026-01-30T03:36:52.378Z' }

      at Logger.logMethod [as log] (utils/logger.ts:82:7)

    console.log
      [INFO] Upcoming meetings loaded { count: 2, timestamp: '2026-01-30T03:36:52.378Z' }

      at Logger.logMethod [as log] (utils/logger.ts:82:7)

    console.log
      [INFO] Upcoming meetings loaded { count: 2, timestamp: '2026-01-30T03:36:52.378Z' }

      at Logger.logMethod [as log] (utils/logger.ts:82:7)

    console.log
      [INFO] Upcoming meetings loaded { count: 2, timestamp: '2026-01-30T03:36:52.378Z' }

      at Logger.logMethod [as log] (utils/logger.ts:82:7)

    console.log
      [INFO] Upcoming meetings loaded { count: 2, timestamp: '2026-01-30T03:36:52.378Z' }

      at Logger.logMethod [as log] (utils/logger.ts:82:7)

    console.log
      [INFO] Upcoming meetings loaded { count: 2, timestamp: '2026-01-30T03:36:52.378Z' }

      at Logger.logMethod [as log] (utils/logger.ts:82:7)

    console.log
      [INFO] Upcoming meetings loaded { count: 2, timestamp: '2026-01-30T03:36:52.378Z' }

      at Logger.logMethod [as log] (utils/logger.ts:82:7)

    console.log
      [INFO] Upcoming meetings loaded { count: 2, timestamp: '2026-01-30T03:36:52.378Z' }

      at Logger.logMethod [as log] (utils/logger.ts:82:7)

    console.log
      [INFO] Upcoming meetings loaded { count: 2, timestamp: '2026-01-30T03:36:52.378Z' }

      at Logger.logMethod [as log] (utils/logger.ts:82:7)

    console.log
      [INFO] Upcoming meetings loaded { count: 2, timestamp: '2026-01-30T03:36:52.378Z' }

      at Logger.logMethod [as log] (utils/logger.ts:82:7)

    console.log
      [INFO] Upcoming meetings loaded { count: 2, timestamp: '2026-01-30T03:36:52.379Z' }

      at Logger.logMethod [as log] (utils/logger.ts:82:7)

    console.log
      [INFO] Upcoming meetings loaded { count: 2, timestamp: '2026-01-30T03:36:52.379Z' }

      at Logger.logMethod [as log] (utils/logger.ts:82:7)

    console.log
      [INFO] Upcoming meetings loaded { count: 2, timestamp: '2026-01-30T03:36:52.379Z' }

      at Logger.logMethod [as log] (utils/logger.ts:82:7)

    console.log
      [INFO] Upcoming meetings loaded { count: 2, timestamp: '2026-01-30T03:36:52.379Z' }

      at Logger.logMethod [as log] (utils/logger.ts:82:7)

    console.log
      [INFO] Upcoming meetings loaded { count: 2, timestamp: '2026-01-30T03:36:52.379Z' }

      at Logger.logMethod [as log] (utils/logger.ts:82:7)

    console.log
      [INFO] Upcoming meetings loaded { count: 2, timestamp: '2026-01-30T03:36:52.379Z' }

      at Logger.logMethod [as log] (utils/logger.ts:82:7)

    console.log
      [INFO] Upcoming meetings loaded { count: 2, timestamp: '2026-01-30T03:36:52.379Z' }

      at Logger.logMethod [as log] (utils/logger.ts:82:7)

    console.log
      [INFO] Upcoming meetings loaded { count: 2, timestamp: '2026-01-30T03:36:52.379Z' }

      at Logger.logMethod [as log] (utils/logger.ts:82:7)

    console.log
      [INFO] Upcoming meetings loaded { count: 2, timestamp: '2026-01-30T03:36:52.379Z' }

      at Logger.logMethod [as log] (utils/logger.ts:82:7)

    console.log
      [INFO] Upcoming meetings loaded { count: 2, timestamp: '2026-01-30T03:36:52.380Z' }

      at Logger.logMethod [as log] (utils/logger.ts:82:7)

    console.log
      [INFO] Upcoming meetings loaded { count: 2, timestamp: '2026-01-30T03:36:52.380Z' }

      at Logger.logMethod [as log] (utils/logger.ts:82:7)

    console.log
      [INFO] Upcoming meetings loaded { count: 2, timestamp: '2026-01-30T03:36:52.380Z' }

      at Logger.logMethod [as log] (utils/logger.ts:82:7)

    console.log
      [INFO] Upcoming meetings loaded { count: 2, timestamp: '2026-01-30T03:36:52.380Z' }

      at Logger.logMethod [as log] (utils/logger.ts:82:7)

    console.log
      [INFO] Upcoming meetings loaded { count: 2, timestamp: '2026-01-30T03:36:52.380Z' }

      at Logger.logMethod [as log] (utils/logger.ts:82:7)

    console.log
      [INFO] Upcoming meetings loaded { count: 2, timestamp: '2026-01-30T03:36:52.380Z' }

      at Logger.logMethod [as log] (utils/logger.ts:82:7)

    console.log
      [INFO] Upcoming meetings loaded { count: 2, timestamp: '2026-01-30T03:36:52.380Z' }

      at Logger.logMethod [as log] (utils/logger.ts:82:7)

    console.log
      [INFO] Upcoming meetings loaded { count: 2, timestamp: '2026-01-30T03:36:52.380Z' }

      at Logger.logMethod [as log] (utils/logger.ts:82:7)

    console.log
      [INFO] Upcoming meetings loaded { count: 2, timestamp: '2026-01-30T03:36:52.380Z' }

      at Logger.logMethod [as log] (utils/logger.ts:82:7)

    console.log
      [INFO] Upcoming meetings loaded { count: 2, timestamp: '2026-01-30T03:36:52.380Z' }

      at Logger.logMethod [as log] (utils/logger.ts:82:7)

    console.log
      [INFO] Upcoming meetings loaded { count: 2, timestamp: '2026-01-30T03:36:52.381Z' }

      at Logger.logMethod [as log] (utils/logger.ts:82:7)

    console.log
      [INFO] Upcoming meetings loaded { count: 2, timestamp: '2026-01-30T03:36:52.381Z' }

      at Logger.logMethod [as log] (utils/logger.ts:82:7)

    console.log
      [INFO] Upcoming meetings loaded { count: 2, timestamp: '2026-01-30T03:36:52.381Z' }

      at Logger.logMethod [as log] (utils/logger.ts:82:7)

    console.log
      [INFO] Upcoming meetings loaded { count: 2, timestamp: '2026-01-30T03:36:52.381Z' }

      at Logger.logMethod [as log] (utils/logger.ts:82:7)

    console.log
      [INFO] Upcoming meetings loaded { count: 2, timestamp: '2026-01-30T03:36:52.381Z' }

      at Logger.logMethod [as log] (utils/logger.ts:82:7)

    console.log
      [INFO] Upcoming meetings loaded { count: 2, timestamp: '2026-01-30T03:36:52.381Z' }

      at Logger.logMethod [as log] (utils/logger.ts:82:7)

    console.log
      [INFO] Upcoming meetings loaded { count: 2, timestamp: '2026-01-30T03:36:52.381Z' }

      at Logger.logMethod [as log] (utils/logger.ts:82:7)

    console.log
      [INFO] Upcoming meetings loaded { count: 2, timestamp: '2026-01-30T03:36:52.381Z' }

      at Logger.logMethod [as log] (utils/logger.ts:82:7)

    console.log
      [INFO] Upcoming meetings loaded { count: 2, timestamp: '2026-01-30T03:36:52.381Z' }

      at Logger.logMethod [as log] (utils/logger.ts:82:7)

    console.log
      [INFO] Upcoming meetings loaded { count: 2, timestamp: '2026-01-30T03:36:52.382Z' }

      at Logger.logMethod [as log] (utils/logger.ts:82:7)

    console.log
      [INFO] Upcoming meetings loaded { count: 2, timestamp: '2026-01-30T03:36:52.382Z' }

      at Logger.logMethod [as log] (utils/logger.ts:82:7)

    console.log
      [INFO] Upcoming meetings loaded { count: 2, timestamp: '2026-01-30T03:36:52.382Z' }

      at Logger.logMethod [as log] (utils/logger.ts:82:7)

    console.log
      [INFO] Upcoming meetings loaded { count: 2, timestamp: '2026-01-30T03:36:52.382Z' }

      at Logger.logMethod [as log] (utils/logger.ts:82:7)

    console.log
      [INFO] Upcoming meetings loaded { count: 2, timestamp: '2026-01-30T03:36:52.382Z' }

      at Logger.logMethod [as log] (utils/logger.ts:82:7)

    console.log
      [INFO] Upcoming meetings loaded { count: 2, timestamp: '2026-01-30T03:36:52.382Z' }

      at Logger.logMethod [as log] (utils/logger.ts:82:7)

    console.log
      [INFO] Upcoming meetings loaded { count: 2, timestamp: '2026-01-30T03:36:52.382Z' }

      at Logger.logMethod [as log] (utils/logger.ts:82:7)

    console.log
      [INFO] Upcoming meetings loaded { count: 2, timestamp: '2026-01-30T03:36:52.382Z' }

      at Logger.logMethod [as log] (utils/logger.ts:82:7)

    console.log
      [INFO] Upcoming meetings loaded { count: 2, timestamp: '2026-01-30T03:36:52.382Z' }

      at Logger.logMethod [as log] (utils/logger.ts:82:7)

    console.log
      [INFO] Upcoming meetings loaded { count: 2, timestamp: '2026-01-30T03:36:52.382Z' }

      at Logger.logMethod [as log] (utils/logger.ts:82:7)

    console.log
      [INFO] Upcoming meetings loaded { count: 2, timestamp: '2026-01-30T03:36:52.383Z' }

      at Logger.logMethod [as log] (utils/logger.ts:82:7)

    console.log
      [INFO] Upcoming meetings loaded { count: 2, timestamp: '2026-01-30T03:36:52.383Z' }

      at Logger.logMethod [as log] (utils/logger.ts:82:7)

    console.log
      [INFO] Upcoming meetings loaded { count: 2, timestamp: '2026-01-30T03:36:52.383Z' }

      at Logger.logMethod [as log] (utils/logger.ts:82:7)

    console.log
      [INFO] Upcoming meetings loaded { count: 2, timestamp: '2026-01-30T03:36:52.383Z' }

      at Logger.logMethod [as log] (utils/logger.ts:82:7)

    console.log
      [INFO] Upcoming meetings loaded { count: 2, timestamp: '2026-01-30T03:36:52.383Z' }

      at Logger.logMethod [as log] (utils/logger.ts:82:7)

    console.log
      [INFO] Upcoming meetings loaded { count: 2, timestamp: '2026-01-30T03:36:52.383Z' }

      at Logger.logMethod [as log] (utils/logger.ts:82:7)

    console.log
      [INFO] Upcoming meetings loaded { count: 2, timestamp: '2026-01-30T03:36:52.383Z' }

      at Logger.logMethod [as log] (utils/logger.ts:82:7)

    console.log
      [INFO] Upcoming meetings loaded { count: 2, timestamp: '2026-01-30T03:36:52.383Z' }

      at Logger.logMethod [as log] (utils/logger.ts:82:7)

    console.log
      [INFO] Upcoming meetings loaded { count: 2, timestamp: '2026-01-30T03:36:52.383Z' }

      at Logger.logMethod [as log] (utils/logger.ts:82:7)

    console.log
      [INFO] Upcoming meetings loaded { count: 2, timestamp: '2026-01-30T03:36:52.383Z' }

      at Logger.logMethod [as log] (utils/logger.ts:82:7)

    console.log
      [INFO] Upcoming meetings loaded { count: 2, timestamp: '2026-01-30T03:36:52.384Z' }

      at Logger.logMethod [as log] (utils/logger.ts:82:7)

    console.log
      [INFO] Upcoming meetings loaded { count: 2, timestamp: '2026-01-30T03:36:52.384Z' }

      at Logger.logMethod [as log] (utils/logger.ts:82:7)

    console.log
      [INFO] Upcoming meetings loaded { count: 2, timestamp: '2026-01-30T03:36:52.384Z' }

      at Logger.logMethod [as log] (utils/logger.ts:82:7)

    console.log
      [INFO] Upcoming meetings loaded { count: 2, timestamp: '2026-01-30T03:36:52.384Z' }

      at Logger.logMethod [as log] (utils/logger.ts:82:7)

    console.log
      [INFO] Upcoming meetings loaded { count: 2, timestamp: '2026-01-30T03:36:52.384Z' }

      at Logger.logMethod [as log] (utils/logger.ts:82:7)

    console.log
      [INFO] Upcoming meetings loaded { count: 2, timestamp: '2026-01-30T03:36:52.384Z' }

      at Logger.logMethod [as log] (utils/logger.ts:82:7)

    console.log
      [INFO] Upcoming meetings loaded { count: 2, timestamp: '2026-01-30T03:36:52.384Z' }

      at Logger.logMethod [as log] (utils/logger.ts:82:7)

    console.log
      [INFO] Upcoming meetings loaded { count: 2, timestamp: '2026-01-30T03:36:52.384Z' }

      at Logger.logMethod [as log] (utils/logger.ts:82:7)

    console.log
      [INFO] Upcoming meetings loaded { count: 2, timestamp: '2026-01-30T03:36:52.384Z' }

      at Logger.logMethod [as log] (utils/logger.ts:82:7)

    console.log
      [INFO] Upcoming meetings loaded { count: 2, timestamp: '2026-01-30T03:36:52.384Z' }

      at Logger.logMethod [as log] (utils/logger.ts:82:7)

    console.log
      [INFO] Upcoming meetings loaded { count: 2, timestamp: '2026-01-30T03:36:52.385Z' }

      at Logger.logMethod [as log] (utils/logger.ts:82:7)

    console.log
      [INFO] Upcoming meetings loaded { count: 2, timestamp: '2026-01-30T03:36:52.385Z' }

      at Logger.logMethod [as log] (utils/logger.ts:82:7)

    console.log
      [INFO] Upcoming meetings loaded { count: 2, timestamp: '2026-01-30T03:36:52.385Z' }

      at Logger.logMethod [as log] (utils/logger.ts:82:7)

    console.log
      [INFO] Upcoming meetings loaded { count: 2, timestamp: '2026-01-30T03:36:52.385Z' }

      at Logger.logMethod [as log] (utils/logger.ts:82:7)

    console.log
      [INFO] Upcoming meetings loaded { count: 2, timestamp: '2026-01-30T03:36:52.385Z' }

      at Logger.logMethod [as log] (utils/logger.ts:82:7)

    console.log
      [INFO] Upcoming meetings loaded { count: 2, timestamp: '2026-01-30T03:36:52.385Z' }

      at Logger.logMethod [as log] (utils/logger.ts:82:7)

    console.log
      [INFO] Upcoming meetings loaded { count: 2, timestamp: '2026-01-30T03:36:52.385Z' }

      at Logger.logMethod [as log] (utils/logger.ts:82:7)

    console.log
      [INFO] Upcoming meetings loaded { count: 2, timestamp: '2026-01-30T03:36:52.385Z' }

      at Logger.logMethod [as log] (utils/logger.ts:82:7)

    console.log
      [INFO] Upcoming meetings loaded { count: 2, timestamp: '2026-01-30T03:36:52.385Z' }

      at Logger.logMethod [as log] (utils/logger.ts:82:7)

    console.log
      [INFO] Upcoming meetings loaded { count: 2, timestamp: '2026-01-30T03:36:52.386Z' }

      at Logger.logMethod [as log] (utils/logger.ts:82:7)

    console.log
      [INFO] Upcoming meetings loaded { count: 2, timestamp: '2026-01-30T03:36:52.386Z' }

      at Logger.logMethod [as log] (utils/logger.ts:82:7)

    console.log
      [INFO] Upcoming meetings loaded { count: 2, timestamp: '2026-01-30T03:36:52.386Z' }

      at Logger.logMethod [as log] (utils/logger.ts:82:7)

    console.log
      [INFO] Upcoming meetings loaded { count: 2, timestamp: '2026-01-30T03:36:52.386Z' }

      at Logger.logMethod [as log] (utils/logger.ts:82:7)

    console.log
      [INFO] Upcoming meetings loaded { count: 2, timestamp: '2026-01-30T03:36:52.386Z' }

      at Logger.logMethod [as log] (utils/logger.ts:82:7)

    console.log
      [INFO] Upcoming meetings loaded { count: 2, timestamp: '2026-01-30T03:36:52.386Z' }

      at Logger.logMethod [as log] (utils/logger.ts:82:7)

    console.log
      [INFO] Upcoming meetings loaded { count: 2, timestamp: '2026-01-30T03:36:52.386Z' }

      at Logger.logMethod [as log] (utils/logger.ts:82:7)

    console.log
      [INFO] Upcoming meetings loaded { count: 2, timestamp: '2026-01-30T03:36:52.386Z' }

      at Logger.logMethod [as log] (utils/logger.ts:82:7)

    console.log
      [INFO] Upcoming meetings loaded { count: 2, timestamp: '2026-01-30T03:36:52.386Z' }

      at Logger.logMethod [as log] (utils/logger.ts:82:7)

    console.log
      [INFO] Upcoming meetings loaded { count: 2, timestamp: '2026-01-30T03:36:52.387Z' }

      at Logger.logMethod [as log] (utils/logger.ts:82:7)

    console.log
      [INFO] Upcoming meetings loaded { count: 2, timestamp: '2026-01-30T03:36:52.387Z' }

      at Logger.logMethod [as log] (utils/logger.ts:82:7)

    console.log
      [INFO] Upcoming meetings loaded { count: 2, timestamp: '2026-01-30T03:36:52.387Z' }

      at Logger.logMethod [as log] (utils/logger.ts:82:7)

    console.log
      [INFO] Upcoming meetings loaded { count: 2, timestamp: '2026-01-30T03:36:52.387Z' }

      at Logger.logMethod [as log] (utils/logger.ts:82:7)

    console.log
      [INFO] Upcoming meetings loaded { count: 2, timestamp: '2026-01-30T03:36:52.387Z' }

      at Logger.logMethod [as log] (utils/logger.ts:82:7)

    console.log
      [INFO] Upcoming meetings loaded { count: 2, timestamp: '2026-01-30T03:36:52.387Z' }

      at Logger.logMethod [as log] (utils/logger.ts:82:7)

    console.log
      [INFO] Upcoming meetings loaded { count: 2, timestamp: '2026-01-30T03:36:52.387Z' }

      at Logger.logMethod [as log] (utils/logger.ts:82:7)

    console.log
      [INFO] Upcoming meetings loaded { count: 2, timestamp: '2026-01-30T03:36:52.387Z' }

      at Logger.logMethod [as log] (utils/logger.ts:82:7)

    console.log
      [INFO] Upcoming meetings loaded { count: 2, timestamp: '2026-01-30T03:36:52.387Z' }

      at Logger.logMethod [as log] (utils/logger.ts:82:7)

    console.log
      [INFO] Upcoming meetings loaded { count: 2, timestamp: '2026-01-30T03:36:52.387Z' }

      at Logger.logMethod [as log] (utils/logger.ts:82:7)

    console.log
      [INFO] Upcoming meetings loaded { count: 2, timestamp: '2026-01-30T03:36:52.388Z' }

      at Logger.logMethod [as log] (utils/logger.ts:82:7)

    console.log
      [INFO] Upcoming meetings loaded { count: 2, timestamp: '2026-01-30T03:36:52.388Z' }

      at Logger.logMethod [as log] (utils/logger.ts:82:7)

    console.log
      [INFO] Upcoming meetings loaded { count: 2, timestamp: '2026-01-30T03:36:52.388Z' }

      at Logger.logMethod [as log] (utils/logger.ts:82:7)

    console.log
      [INFO] Upcoming meetings loaded { count: 2, timestamp: '2026-01-30T03:36:52.388Z' }

      at Logger.logMethod [as log] (utils/logger.ts:82:7)

    console.log
      [INFO] Upcoming meetings loaded { count: 2, timestamp: '2026-01-30T03:36:52.388Z' }

      at Logger.logMethod [as log] (utils/logger.ts:82:7)

    console.log
      [INFO] Upcoming meetings loaded { count: 2, timestamp: '2026-01-30T03:36:52.388Z' }

      at Logger.logMethod [as log] (utils/logger.ts:82:7)

    console.log
      [INFO] Upcoming meetings loaded { count: 2, timestamp: '2026-01-30T03:36:52.388Z' }

      at Logger.logMethod [as log] (utils/logger.ts:82:7)

    console.log
      [INFO] Upcoming meetings loaded { count: 2, timestamp: '2026-01-30T03:36:52.388Z' }

      at Logger.logMethod [as log] (utils/logger.ts:82:7)

    console.log
      [INFO] Upcoming meetings loaded { count: 2, timestamp: '2026-01-30T03:36:52.388Z' }

      at Logger.logMethod [as log] (utils/logger.ts:82:7)

    console.log
      [INFO] Upcoming meetings loaded { count: 2, timestamp: '2026-01-30T03:36:52.388Z' }

      at Logger.logMethod [as log] (utils/logger.ts:82:7)

    console.log
      [INFO] Upcoming meetings loaded { count: 2, timestamp: '2026-01-30T03:36:52.389Z' }

      at Logger.logMethod [as log] (utils/logger.ts:82:7)

    console.log
      [INFO] Upcoming meetings loaded { count: 2, timestamp: '2026-01-30T03:36:52.389Z' }

      at Logger.logMethod [as log] (utils/logger.ts:82:7)

    console.log
      [INFO] Upcoming meetings loaded { count: 2, timestamp: '2026-01-30T03:36:52.389Z' }

      at Logger.logMethod [as log] (utils/logger.ts:82:7)

    console.log
      [INFO] Upcoming meetings loaded { count: 2, timestamp: '2026-01-30T03:36:52.389Z' }

      at Logger.logMethod [as log] (utils/logger.ts:82:7)

    console.log
      [INFO] Upcoming meetings loaded { count: 2, timestamp: '2026-01-30T03:36:52.389Z' }

      at Logger.logMethod [as log] (utils/logger.ts:82:7)

    console.log
      [INFO] Upcoming meetings loaded { count: 2, timestamp: '2026-01-30T03:36:52.389Z' }

      at Logger.logMethod [as log] (utils/logger.ts:82:7)

    console.log
      [INFO] Upcoming meetings loaded { count: 2, timestamp: '2026-01-30T03:36:52.389Z' }

      at Logger.logMethod [as log] (utils/logger.ts:82:7)

    console.log
      [INFO] Upcoming meetings loaded { count: 2, timestamp: '2026-01-30T03:36:52.389Z' }

      at Logger.logMethod [as log] (utils/logger.ts:82:7)

    console.log
      [INFO] Upcoming meetings loaded { count: 2, timestamp: '2026-01-30T03:36:52.389Z' }

      at Logger.logMethod [as log] (utils/logger.ts:82:7)

    console.log
      [INFO] Upcoming meetings loaded { count: 2, timestamp: '2026-01-30T03:36:52.389Z' }

      at Logger.logMethod [as log] (utils/logger.ts:82:7)

    console.log
      [INFO] Upcoming meetings loaded { count: 2, timestamp: '2026-01-30T03:36:52.390Z' }

      at Logger.logMethod [as log] (utils/logger.ts:82:7)

    console.log
      [INFO] Upcoming meetings loaded { count: 2, timestamp: '2026-01-30T03:36:52.390Z' }

      at Logger.logMethod [as log] (utils/logger.ts:82:7)

    console.log
      [INFO] Upcoming meetings loaded { count: 2, timestamp: '2026-01-30T03:36:52.390Z' }

      at Logger.logMethod [as log] (utils/logger.ts:82:7)

    console.log
      [INFO] Upcoming meetings loaded { count: 2, timestamp: '2026-01-30T03:36:52.390Z' }

      at Logger.logMethod [as log] (utils/logger.ts:82:7)

    console.log
      [INFO] Upcoming meetings loaded { count: 2, timestamp: '2026-01-30T03:36:52.390Z' }

      at Logger.logMethod [as log] (utils/logger.ts:82:7)

    console.log
      [INFO] Upcoming meetings loaded { count: 2, timestamp: '2026-01-30T03:36:52.390Z' }

      at Logger.logMethod [as log] (utils/logger.ts:82:7)

    console.log
      [INFO] Upcoming meetings loaded { count: 2, timestamp: '2026-01-30T03:36:52.390Z' }

      at Logger.logMethod [as log] (utils/logger.ts:82:7)

    console.log
      [INFO] Upcoming meetings loaded { count: 2, timestamp: '2026-01-30T03:36:52.390Z' }

      at Logger.logMethod [as log] (utils/logger.ts:82:7)

    console.log
      [INFO] Upcoming meetings loaded { count: 2, timestamp: '2026-01-30T03:36:52.390Z' }

      at Logger.logMethod [as log] (utils/logger.ts:82:7)

    console.log
      [INFO] Upcoming meetings loaded { count: 2, timestamp: '2026-01-30T03:36:52.391Z' }

      at Logger.logMethod [as log] (utils/logger.ts:82:7)

    console.log
      [INFO] Upcoming meetings loaded { count: 2, timestamp: '2026-01-30T03:36:52.391Z' }

      at Logger.logMethod [as log] (utils/logger.ts:82:7)

    console.log
      [INFO] Upcoming meetings loaded { count: 2, timestamp: '2026-01-30T03:36:52.391Z' }

      at Logger.logMethod [as log] (utils/logger.ts:82:7)

    console.log
      [INFO] Upcoming meetings loaded { count: 2, timestamp: '2026-01-30T03:36:52.391Z' }

      at Logger.logMethod [as log] (utils/logger.ts:82:7)

    console.log
      [INFO] Upcoming meetings loaded { count: 2, timestamp: '2026-01-30T03:36:52.391Z' }

      at Logger.logMethod [as log] (utils/logger.ts:82:7)

    console.log
      [INFO] Upcoming meetings loaded { count: 2, timestamp: '2026-01-30T03:36:52.391Z' }

      at Logger.logMethod [as log] (utils/logger.ts:82:7)

    console.log
      [INFO] Upcoming meetings loaded { count: 2, timestamp: '2026-01-30T03:36:52.391Z' }

      at Logger.logMethod [as log] (utils/logger.ts:82:7)

    console.log
      [INFO] Upcoming meetings loaded { count: 2, timestamp: '2026-01-30T03:36:52.391Z' }

      at Logger.logMethod [as log] (utils/logger.ts:82:7)

    console.log
      [INFO] Upcoming meetings loaded { count: 2, timestamp: '2026-01-30T03:36:52.391Z' }

      at Logger.logMethod [as log] (utils/logger.ts:82:7)

    console.log
      [INFO] Upcoming meetings loaded { count: 2, timestamp: '2026-01-30T03:36:52.391Z' }

      at Logger.logMethod [as log] (utils/logger.ts:82:7)

    console.log
      [INFO] Upcoming meetings loaded { count: 2, timestamp: '2026-01-30T03:36:52.392Z' }

      at Logger.logMethod [as log] (utils/logger.ts:82:7)

    console.log
      [INFO] Upcoming meetings loaded { count: 2, timestamp: '2026-01-30T03:36:52.392Z' }

      at Logger.logMethod [as log] (utils/logger.ts:82:7)

    console.log
      [INFO] Upcoming meetings loaded { count: 2, timestamp: '2026-01-30T03:36:52.392Z' }

      at Logger.logMethod [as log] (utils/logger.ts:82:7)

    console.log
      [INFO] Upcoming meetings loaded { count: 2, timestamp: '2026-01-30T03:36:52.392Z' }

      at Logger.logMethod [as log] (utils/logger.ts:82:7)

    console.log
      [INFO] Upcoming meetings loaded { count: 2, timestamp: '2026-01-30T03:36:52.392Z' }

      at Logger.logMethod [as log] (utils/logger.ts:82:7)

    console.log
      [INFO] Upcoming meetings loaded { count: 2, timestamp: '2026-01-30T03:36:52.392Z' }

      at Logger.logMethod [as log] (utils/logger.ts:82:7)

    console.log
      [INFO] Upcoming meetings loaded { count: 2, timestamp: '2026-01-30T03:36:52.392Z' }

      at Logger.logMethod [as log] (utils/logger.ts:82:7)

    console.log
      [INFO] Upcoming meetings loaded { count: 2, timestamp: '2026-01-30T03:36:52.392Z' }

      at Logger.logMethod [as log] (utils/logger.ts:82:7)

    console.log
      [INFO] Upcoming meetings loaded { count: 2, timestamp: '2026-01-30T03:36:52.392Z' }

      at Logger.logMethod [as log] (utils/logger.ts:82:7)

    console.log
      [INFO] Upcoming meetings loaded { count: 2, timestamp: '2026-01-30T03:36:52.392Z' }

      at Logger.logMethod [as log] (utils/logger.ts:82:7)

    console.log
      [INFO] Upcoming meetings loaded { count: 2, timestamp: '2026-01-30T03:36:52.393Z' }

      at Logger.logMethod [as log] (utils/logger.ts:82:7)

    console.log
      [INFO] Upcoming meetings loaded { count: 2, timestamp: '2026-01-30T03:36:52.393Z' }

      at Logger.logMethod [as log] (utils/logger.ts:82:7)

    console.log
      [INFO] Upcoming meetings loaded { count: 2, timestamp: '2026-01-30T03:36:52.393Z' }

      at Logger.logMethod [as log] (utils/logger.ts:82:7)

    console.log
      [INFO] Upcoming meetings loaded { count: 2, timestamp: '2026-01-30T03:36:52.393Z' }

      at Logger.logMethod [as log] (utils/logger.ts:82:7)

    console.log
      [INFO] Upcoming meetings loaded { count: 2, timestamp: '2026-01-30T03:36:52.393Z' }

      at Logger.logMethod [as log] (utils/logger.ts:82:7)

    console.log
      [INFO] Upcoming meetings loaded { count: 2, timestamp: '2026-01-30T03:36:52.393Z' }

      at Logger.logMethod [as log] (utils/logger.ts:82:7)

    console.log
      [INFO] Upcoming meetings loaded { count: 2, timestamp: '2026-01-30T03:36:52.393Z' }

      at Logger.logMethod [as log] (utils/logger.ts:82:7)

    console.log
      [INFO] Upcoming meetings loaded { count: 2, timestamp: '2026-01-30T03:36:52.393Z' }

      at Logger.logMethod [as log] (utils/logger.ts:82:7)

    console.log
      [INFO] Upcoming meetings loaded { count: 2, timestamp: '2026-01-30T03:36:52.393Z' }

      at Logger.logMethod [as log] (utils/logger.ts:82:7)

    console.log
      [INFO] Upcoming meetings loaded { count: 2, timestamp: '2026-01-30T03:36:52.393Z' }

      at Logger.logMethod [as log] (utils/logger.ts:82:7)

    console.log
      [INFO] Upcoming meetings loaded { count: 2, timestamp: '2026-01-30T03:36:52.394Z' }

      at Logger.logMethod [as log] (utils/logger.ts:82:7)

    console.log
      [INFO] Upcoming meetings loaded { count: 2, timestamp: '2026-01-30T03:36:52.394Z' }

      at Logger.logMethod [as log] (utils/logger.ts:82:7)

    console.log
      [INFO] Upcoming meetings loaded { count: 2, timestamp: '2026-01-30T03:36:52.394Z' }

      at Logger.logMethod [as log] (utils/logger.ts:82:7)

    console.log
      [INFO] Upcoming meetings loaded { count: 2, timestamp: '2026-01-30T03:36:52.394Z' }

      at Logger.logMethod [as log] (utils/logger.ts:82:7)

    console.log
      [INFO] Upcoming meetings loaded { count: 2, timestamp: '2026-01-30T03:36:52.394Z' }

      at Logger.logMethod [as log] (utils/logger.ts:82:7)

    console.log
      [INFO] Upcoming meetings loaded { count: 2, timestamp: '2026-01-30T03:36:52.394Z' }

      at Logger.logMethod [as log] (utils/logger.ts:82:7)

    console.log
      [INFO] Upcoming meetings loaded { count: 2, timestamp: '2026-01-30T03:36:52.394Z' }

      at Logger.logMethod [as log] (utils/logger.ts:82:7)

    console.log
      [INFO] Upcoming meetings loaded { count: 2, timestamp: '2026-01-30T03:36:52.394Z' }

      at Logger.logMethod [as log] (utils/logger.ts:82:7)

    console.log
      [INFO] Upcoming meetings loaded { count: 2, timestamp: '2026-01-30T03:36:52.394Z' }

      at Logger.logMethod [as log] (utils/logger.ts:82:7)

    console.log
      [INFO] Upcoming meetings loaded { count: 2, timestamp: '2026-01-30T03:36:52.394Z' }

      at Logger.logMethod [as log] (utils/logger.ts:82:7)

    console.log
      [INFO] Upcoming meetings loaded { count: 2, timestamp: '2026-01-30T03:36:52.395Z' }

      at Logger.logMethod [as log] (utils/logger.ts:82:7)

    console.log
      [INFO] Upcoming meetings loaded { count: 2, timestamp: '2026-01-30T03:36:52.395Z' }

      at Logger.logMethod [as log] (utils/logger.ts:82:7)

    console.log
      [INFO] Upcoming meetings loaded { count: 2, timestamp: '2026-01-30T03:36:52.395Z' }

      at Logger.logMethod [as log] (utils/logger.ts:82:7)

    console.log
      [INFO] Upcoming meetings loaded { count: 2, timestamp: '2026-01-30T03:36:52.395Z' }

      at Logger.logMethod [as log] (utils/logger.ts:82:7)

    console.log
      [INFO] Upcoming meetings loaded { count: 2, timestamp: '2026-01-30T03:36:52.395Z' }

      at Logger.logMethod [as log] (utils/logger.ts:82:7)

    console.log
      [INFO] Upcoming meetings loaded { count: 2, timestamp: '2026-01-30T03:36:52.395Z' }

      at Logger.logMethod [as log] (utils/logger.ts:82:7)

    console.log
      [INFO] Upcoming meetings loaded { count: 2, timestamp: '2026-01-30T03:36:52.395Z' }

      at Logger.logMethod [as log] (utils/logger.ts:82:7)

    console.log
      [INFO] Upcoming meetings loaded { count: 2, timestamp: '2026-01-30T03:36:52.395Z' }

      at Logger.logMethod [as log] (utils/logger.ts:82:7)

    console.log
      [INFO] Upcoming meetings loaded { count: 2, timestamp: '2026-01-30T03:36:52.395Z' }

      at Logger.logMethod [as log] (utils/logger.ts:82:7)

    console.log
      [INFO] Upcoming meetings loaded { count: 2, timestamp: '2026-01-30T03:36:52.396Z' }

      at Logger.logMethod [as log] (utils/logger.ts:82:7)

    console.log
      [INFO] Upcoming meetings loaded { count: 2, timestamp: '2026-01-30T03:36:52.396Z' }

      at Logger.logMethod [as log] (utils/logger.ts:82:7)

    console.log
      [INFO] Upcoming meetings loaded { count: 2, timestamp: '2026-01-30T03:36:52.396Z' }

      at Logger.logMethod [as log] (utils/logger.ts:82:7)

    console.log
      [INFO] Upcoming meetings loaded { count: 2, timestamp: '2026-01-30T03:36:52.396Z' }

      at Logger.logMethod [as log] (utils/logger.ts:82:7)

    console.log
      [INFO] Upcoming meetings loaded { count: 2, timestamp: '2026-01-30T03:36:52.396Z' }

      at Logger.logMethod [as log] (utils/logger.ts:82:7)

    console.log
      [INFO] Upcoming meetings loaded { count: 2, timestamp: '2026-01-30T03:36:52.396Z' }

      at Logger.logMethod [as log] (utils/logger.ts:82:7)

    console.log
      [INFO] Upcoming meetings loaded { count: 2, timestamp: '2026-01-30T03:36:52.396Z' }

      at Logger.logMethod [as log] (utils/logger.ts:82:7)

    console.log
      [INFO] Upcoming meetings loaded { count: 2, timestamp: '2026-01-30T03:36:52.396Z' }

      at Logger.logMethod [as log] (utils/logger.ts:82:7)

    console.log
      [INFO] Upcoming meetings loaded { count: 2, timestamp: '2026-01-30T03:36:52.396Z' }

      at Logger.logMethod [as log] (utils/logger.ts:82:7)

    console.log
      [INFO] Upcoming meetings loaded { count: 2, timestamp: '2026-01-30T03:36:52.397Z' }

      at Logger.logMethod [as log] (utils/logger.ts:82:7)

    console.log
      [INFO] Upcoming meetings loaded { count: 2, timestamp: '2026-01-30T03:36:52.397Z' }

      at Logger.logMethod [as log] (utils/logger.ts:82:7)

    console.log
      [INFO] Upcoming meetings loaded { count: 2, timestamp: '2026-01-30T03:36:52.397Z' }

      at Logger.logMethod [as log] (utils/logger.ts:82:7)

    console.log
      [INFO] Upcoming meetings loaded { count: 2, timestamp: '2026-01-30T03:36:52.397Z' }

      at Logger.logMethod [as log] (utils/logger.ts:82:7)

    console.log
      [INFO] Upcoming meetings loaded { count: 2, timestamp: '2026-01-30T03:36:52.397Z' }

      at Logger.logMethod [as log] (utils/logger.ts:82:7)

    console.log
      [INFO] Upcoming meetings loaded { count: 2, timestamp: '2026-01-30T03:36:52.397Z' }

      at Logger.logMethod [as log] (utils/logger.ts:82:7)

    console.log
      [INFO] Upcoming meetings loaded { count: 2, timestamp: '2026-01-30T03:36:52.397Z' }

      at Logger.logMethod [as log] (utils/logger.ts:82:7)

    console.log
      [INFO] Upcoming meetings loaded { count: 2, timestamp: '2026-01-30T03:36:52.397Z' }

      at Logger.logMethod [as log] (utils/logger.ts:82:7)

    console.log
      [INFO] Upcoming meetings loaded { count: 2, timestamp: '2026-01-30T03:36:52.397Z' }

      at Logger.logMethod [as log] (utils/logger.ts:82:7)

    console.log
      [INFO] Upcoming meetings loaded { count: 2, timestamp: '2026-01-30T03:36:52.397Z' }

      at Logger.logMethod [as log] (utils/logger.ts:82:7)

    console.log
      [INFO] Upcoming meetings loaded { count: 2, timestamp: '2026-01-30T03:36:52.398Z' }

      at Logger.logMethod [as log] (utils/logger.ts:82:7)

    console.log
      [INFO] Upcoming meetings loaded { count: 2, timestamp: '2026-01-30T03:36:52.398Z' }

      at Logger.logMethod [as log] (utils/logger.ts:82:7)

    console.log
      [INFO] Upcoming meetings loaded { count: 2, timestamp: '2026-01-30T03:36:52.398Z' }

      at Logger.logMethod [as log] (utils/logger.ts:82:7)

    console.log
      [INFO] Upcoming meetings loaded { count: 2, timestamp: '2026-01-30T03:36:52.398Z' }

      at Logger.logMethod [as log] (utils/logger.ts:82:7)

    console.log
      [INFO] Upcoming meetings loaded { count: 2, timestamp: '2026-01-30T03:36:52.398Z' }

      at Logger.logMethod [as log] (utils/logger.ts:82:7)

    console.log
      [INFO] Upcoming meetings loaded { count: 2, timestamp: '2026-01-30T03:36:52.398Z' }

      at Logger.logMethod [as log] (utils/logger.ts:82:7)

    console.log
      [INFO] Upcoming meetings loaded { count: 2, timestamp: '2026-01-30T03:36:52.398Z' }

      at Logger.logMethod [as log] (utils/logger.ts:82:7)

    console.log
      [INFO] Upcoming meetings loaded { count: 2, timestamp: '2026-01-30T03:36:52.398Z' }

      at Logger.logMethod [as log] (utils/logger.ts:82:7)

    console.log
      [INFO] Upcoming meetings loaded { count: 2, timestamp: '2026-01-30T03:36:52.398Z' }

      at Logger.logMethod [as log] (utils/logger.ts:82:7)

    console.log
      [INFO] Upcoming meetings loaded { count: 2, timestamp: '2026-01-30T03:36:52.399Z' }

      at Logger.logMethod [as log] (utils/logger.ts:82:7)

    console.log
      [INFO] Upcoming meetings loaded { count: 2, timestamp: '2026-01-30T03:36:52.399Z' }

      at Logger.logMethod [as log] (utils/logger.ts:82:7)

    console.log
      [INFO] Upcoming meetings loaded { count: 2, timestamp: '2026-01-30T03:36:52.399Z' }

      at Logger.logMethod [as log] (utils/logger.ts:82:7)

    console.log
      [INFO] Upcoming meetings loaded { count: 2, timestamp: '2026-01-30T03:36:52.399Z' }

      at Logger.logMethod [as log] (utils/logger.ts:82:7)

    console.log
      [INFO] Upcoming meetings loaded { count: 2, timestamp: '2026-01-30T03:36:52.399Z' }

      at Logger.logMethod [as log] (utils/logger.ts:82:7)

    console.log
      [INFO] Upcoming meetings loaded { count: 2, timestamp: '2026-01-30T03:36:52.399Z' }

      at Logger.logMethod [as log] (utils/logger.ts:82:7)

    console.log
      [INFO] Upcoming meetings loaded { count: 2, timestamp: '2026-01-30T03:36:52.399Z' }

      at Logger.logMethod [as log] (utils/logger.ts:82:7)

    console.log
      [INFO] Upcoming meetings loaded { count: 2, timestamp: '2026-01-30T03:36:52.399Z' }

      at Logger.logMethod [as log] (utils/logger.ts:82:7)

    console.log
      [INFO] Upcoming meetings loaded { count: 2, timestamp: '2026-01-30T03:36:52.399Z' }

      at Logger.logMethod [as log] (utils/logger.ts:82:7)

    console.log
      [INFO] Upcoming meetings loaded { count: 2, timestamp: '2026-01-30T03:36:52.399Z' }

      at Logger.logMethod [as log] (utils/logger.ts:82:7)

    console.log
      [INFO] Upcoming meetings loaded { count: 2, timestamp: '2026-01-30T03:36:52.400Z' }

      at Logger.logMethod [as log] (utils/logger.ts:82:7)

    console.log
      [INFO] Upcoming meetings loaded { count: 2, timestamp: '2026-01-30T03:36:52.400Z' }

      at Logger.logMethod [as log] (utils/logger.ts:82:7)

    console.log
      [INFO] Upcoming meetings loaded { count: 2, timestamp: '2026-01-30T03:36:52.400Z' }

      at Logger.logMethod [as log] (utils/logger.ts:82:7)

    console.log
      [INFO] Upcoming meetings loaded { count: 2, timestamp: '2026-01-30T03:36:52.400Z' }

      at Logger.logMethod [as log] (utils/logger.ts:82:7)

    console.log
      [INFO] Upcoming meetings loaded { count: 2, timestamp: '2026-01-30T03:36:52.400Z' }

      at Logger.logMethod [as log] (utils/logger.ts:82:7)

    console.log
      [INFO] Upcoming meetings loaded { count: 2, timestamp: '2026-01-30T03:36:52.400Z' }

      at Logger.logMethod [as log] (utils/logger.ts:82:7)

    console.log
      [INFO] Upcoming meetings loaded { count: 2, timestamp: '2026-01-30T03:36:52.400Z' }

      at Logger.logMethod [as log] (utils/logger.ts:82:7)

    console.log
      [INFO] Upcoming meetings loaded { count: 2, timestamp: '2026-01-30T03:36:52.403Z' }

      at Logger.logMethod [as log] (utils/logger.ts:82:7)

    console.log
      [INFO] Upcoming meetings loaded { count: 2, timestamp: '2026-01-30T03:36:52.403Z' }

      at Logger.logMethod [as log] (utils/logger.ts:82:7)

    console.log
      [INFO] Upcoming meetings loaded { count: 2, timestamp: '2026-01-30T03:36:52.403Z' }

      at Logger.logMethod [as log] (utils/logger.ts:82:7)

    console.log
      [INFO] Upcoming meetings loaded { count: 2, timestamp: '2026-01-30T03:36:52.403Z' }

      at Logger.logMethod [as log] (utils/logger.ts:82:7)

    console.log
      [INFO] Upcoming meetings loaded { count: 2, timestamp: '2026-01-30T03:36:52.404Z' }

      at Logger.logMethod [as log] (utils/logger.ts:82:7)

    console.log
      [INFO] Upcoming meetings loaded { count: 2, timestamp: '2026-01-30T03:36:52.404Z' }

      at Logger.logMethod [as log] (utils/logger.ts:82:7)

    console.log
      [INFO] Upcoming meetings loaded { count: 2, timestamp: '2026-01-30T03:36:52.404Z' }

      at Logger.logMethod [as log] (utils/logger.ts:82:7)

    console.log
      [INFO] Upcoming meetings loaded { count: 2, timestamp: '2026-01-30T03:36:52.404Z' }

      at Logger.logMethod [as log] (utils/logger.ts:82:7)

    console.log
      [INFO] Upcoming meetings loaded { count: 2, timestamp: '2026-01-30T03:36:52.404Z' }

      at Logger.logMethod [as log] (utils/logger.ts:82:7)

    console.log
      [INFO] Upcoming meetings loaded { count: 2, timestamp: '2026-01-30T03:36:52.405Z' }

      at Logger.logMethod [as log] (utils/logger.ts:82:7)

    console.log
      [INFO] Upcoming meetings loaded { count: 2, timestamp: '2026-01-30T03:36:52.405Z' }

      at Logger.logMethod [as log] (utils/logger.ts:82:7)

    console.log
      [INFO] Upcoming meetings loaded { count: 2, timestamp: '2026-01-30T03:36:52.405Z' }

      at Logger.logMethod [as log] (utils/logger.ts:82:7)

    console.log
      [INFO] Upcoming meetings loaded { count: 2, timestamp: '2026-01-30T03:36:52.405Z' }

      at Logger.logMethod [as log] (utils/logger.ts:82:7)

    console.log
      [INFO] Upcoming meetings loaded { count: 2, timestamp: '2026-01-30T03:36:52.405Z' }

      at Logger.logMethod [as log] (utils/logger.ts:82:7)

    console.log
      [INFO] Upcoming meetings loaded { count: 2, timestamp: '2026-01-30T03:36:52.406Z' }

      at Logger.logMethod [as log] (utils/logger.ts:82:7)

    console.log
      [INFO] Upcoming meetings loaded { count: 2, timestamp: '2026-01-30T03:36:52.406Z' }

      at Logger.logMethod [as log] (utils/logger.ts:82:7)

    console.log
      [INFO] Upcoming meetings loaded { count: 2, timestamp: '2026-01-30T03:36:52.406Z' }

      at Logger.logMethod [as log] (utils/logger.ts:82:7)

    console.log
      [INFO] Upcoming meetings loaded { count: 2, timestamp: '2026-01-30T03:36:52.406Z' }

      at Logger.logMethod [as log] (utils/logger.ts:82:7)

    console.log
      [INFO] Upcoming meetings loaded { count: 2, timestamp: '2026-01-30T03:36:52.406Z' }

      at Logger.logMethod [as log] (utils/logger.ts:82:7)

    console.log
      [INFO] Upcoming meetings loaded { count: 2, timestamp: '2026-01-30T03:36:52.406Z' }

      at Logger.logMethod [as log] (utils/logger.ts:82:7)

    console.log
      [INFO] Upcoming meetings loaded { count: 2, timestamp: '2026-01-30T03:36:52.407Z' }

      at Logger.logMethod [as log] (utils/logger.ts:82:7)

    console.log
      [INFO] Upcoming meetings loaded { count: 2, timestamp: '2026-01-30T03:36:52.407Z' }

      at Logger.logMethod [as log] (utils/logger.ts:82:7)

    console.log
      [INFO] Upcoming meetings loaded { count: 2, timestamp: '2026-01-30T03:36:52.407Z' }

      at Logger.logMethod [as log] (utils/logger.ts:82:7)

    console.log
      [INFO] Upcoming meetings loaded { count: 2, timestamp: '2026-01-30T03:36:52.407Z' }

      at Logger.logMethod [as log] (utils/logger.ts:82:7)

    console.log
      [INFO] Upcoming meetings loaded { count: 2, timestamp: '2026-01-30T03:36:52.407Z' }

      at Logger.logMethod [as log] (utils/logger.ts:82:7)

    console.log
      [INFO] Upcoming meetings loaded { count: 2, timestamp: '2026-01-30T03:36:52.408Z' }

      at Logger.logMethod [as log] (utils/logger.ts:82:7)

    console.log
      [INFO] Upcoming meetings loaded { count: 2, timestamp: '2026-01-30T03:36:52.408Z' }

      at Logger.logMethod [as log] (utils/logger.ts:82:7)

    console.log
      [INFO] Upcoming meetings loaded { count: 2, timestamp: '2026-01-30T03:36:52.408Z' }

      at Logger.logMethod [as log] (utils/logger.ts:82:7)

    console.log
      [INFO] Upcoming meetings loaded { count: 2, timestamp: '2026-01-30T03:36:52.408Z' }

      at Logger.logMethod [as log] (utils/logger.ts:82:7)

    console.log
      [INFO] Upcoming meetings loaded { count: 2, timestamp: '2026-01-30T03:36:52.408Z' }

      at Logger.logMethod [as log] (utils/logger.ts:82:7)

    console.log
      [INFO] Upcoming meetings loaded { count: 2, timestamp: '2026-01-30T03:36:52.409Z' }

      at Logger.logMethod [as log] (utils/logger.ts:82:7)

    console.log
      [INFO] Upcoming meetings loaded { count: 2, timestamp: '2026-01-30T03:36:52.409Z' }

      at Logger.logMethod [as log] (utils/logger.ts:82:7)

    console.log
      [INFO] Upcoming meetings loaded { count: 2, timestamp: '2026-01-30T03:36:52.409Z' }

      at Logger.logMethod [as log] (utils/logger.ts:82:7)

    console.log
      [INFO] Upcoming meetings loaded { count: 2, timestamp: '2026-01-30T03:36:52.409Z' }

      at Logger.logMethod [as log] (utils/logger.ts:82:7)

    console.log
      [INFO] Upcoming meetings loaded { count: 2, timestamp: '2026-01-30T03:36:52.409Z' }

      at Logger.logMethod [as log] (utils/logger.ts:82:7)

    console.log
      [INFO] Upcoming meetings loaded { count: 2, timestamp: '2026-01-30T03:36:52.409Z' }

      at Logger.logMethod [as log] (utils/logger.ts:82:7)

    console.log
      [INFO] Upcoming meetings loaded { count: 2, timestamp: '2026-01-30T03:36:52.410Z' }

      at Logger.logMethod [as log] (utils/logger.ts:82:7)

    console.log
      [INFO] Upcoming meetings loaded { count: 2, timestamp: '2026-01-30T03:36:52.410Z' }

      at Logger.logMethod [as log] (utils/logger.ts:82:7)

    console.log
      [INFO] Upcoming meetings loaded { count: 2, timestamp: '2026-01-30T03:36:52.410Z' }

      at Logger.logMethod [as log] (utils/logger.ts:82:7)

    console.log
      [INFO] Upcoming meetings loaded { count: 2, timestamp: '2026-01-30T03:36:52.410Z' }

      at Logger.logMethod [as log] (utils/logger.ts:82:7)

    console.log
      [INFO] Upcoming meetings loaded { count: 2, timestamp: '2026-01-30T03:36:52.410Z' }

      at Logger.logMethod [as log] (utils/logger.ts:82:7)

    console.log
      [INFO] Upcoming meetings loaded { count: 2, timestamp: '2026-01-30T03:36:52.411Z' }

      at Logger.logMethod [as log] (utils/logger.ts:82:7)

    console.log
      [INFO] Upcoming meetings loaded { count: 2, timestamp: '2026-01-30T03:36:52.411Z' }

      at Logger.logMethod [as log] (utils/logger.ts:82:7)

    console.log
      [INFO] Upcoming meetings loaded { count: 2, timestamp: '2026-01-30T03:36:52.411Z' }

      at Logger.logMethod [as log] (utils/logger.ts:82:7)

    console.log
      [INFO] Upcoming meetings loaded { count: 2, timestamp: '2026-01-30T03:36:52.411Z' }

      at Logger.logMethod [as log] (utils/logger.ts:82:7)

    console.log
      [INFO] Upcoming meetings loaded { count: 2, timestamp: '2026-01-30T03:36:52.411Z' }

      at Logger.logMethod [as log] (utils/logger.ts:82:7)

    console.log
      [INFO] Upcoming meetings loaded { count: 2, timestamp: '2026-01-30T03:36:52.411Z' }

      at Logger.logMethod [as log] (utils/logger.ts:82:7)

    console.log
      [INFO] Upcoming meetings loaded { count: 2, timestamp: '2026-01-30T03:36:52.412Z' }

      at Logger.logMethod [as log] (utils/logger.ts:82:7)

    console.log
      [INFO] Upcoming meetings loaded { count: 2, timestamp: '2026-01-30T03:36:52.412Z' }

      at Logger.logMethod [as log] (utils/logger.ts:82:7)

    console.log
      [INFO] Upcoming meetings loaded { count: 2, timestamp: '2026-01-30T03:36:52.412Z' }

      at Logger.logMethod [as log] (utils/logger.ts:82:7)

    console.log
      [INFO] Upcoming meetings loaded { count: 2, timestamp: '2026-01-30T03:36:52.412Z' }

      at Logger.logMethod [as log] (utils/logger.ts:82:7)

    console.log
      [INFO] Upcoming meetings loaded { count: 2, timestamp: '2026-01-30T03:36:52.412Z' }

      at Logger.logMethod [as log] (utils/logger.ts:82:7)

    console.log
      [INFO] Upcoming meetings loaded { count: 2, timestamp: '2026-01-30T03:36:52.413Z' }

      at Logger.logMethod [as log] (utils/logger.ts:82:7)

    console.log
      [INFO] Upcoming meetings loaded { count: 2, timestamp: '2026-01-30T03:36:52.413Z' }

      at Logger.logMethod [as log] (utils/logger.ts:82:7)

    console.log
      [INFO] Upcoming meetings loaded { count: 2, timestamp: '2026-01-30T03:36:52.413Z' }

      at Logger.logMethod [as log] (utils/logger.ts:82:7)

    console.log
      [INFO] Upcoming meetings loaded { count: 2, timestamp: '2026-01-30T03:36:52.413Z' }

      at Logger.logMethod [as log] (utils/logger.ts:82:7)

    console.log
      [INFO] Upcoming meetings loaded { count: 2, timestamp: '2026-01-30T03:36:52.413Z' }

      at Logger.logMethod [as log] (utils/logger.ts:82:7)

    console.log
      [INFO] Upcoming meetings loaded { count: 2, timestamp: '2026-01-30T03:36:52.414Z' }

      at Logger.logMethod [as log] (utils/logger.ts:82:7)

    console.log
      [INFO] Upcoming meetings loaded { count: 2, timestamp: '2026-01-30T03:36:52.414Z' }

      at Logger.logMethod [as log] (utils/logger.ts:82:7)

    console.log
      [INFO] Upcoming meetings loaded { count: 2, timestamp: '2026-01-30T03:36:52.414Z' }

      at Logger.logMethod [as log] (utils/logger.ts:82:7)

    console.log
      [INFO] Upcoming meetings loaded { count: 2, timestamp: '2026-01-30T03:36:52.414Z' }

      at Logger.logMethod [as log] (utils/logger.ts:82:7)

    console.log
      [INFO] Upcoming meetings loaded { count: 2, timestamp: '2026-01-30T03:36:52.414Z' }

      at Logger.logMethod [as log] (utils/logger.ts:82:7)

    console.log
      [INFO] Upcoming meetings loaded { count: 2, timestamp: '2026-01-30T03:36:52.415Z' }

      at Logger.logMethod [as log] (utils/logger.ts:82:7)

    console.log
      [INFO] Upcoming meetings loaded { count: 2, timestamp: '2026-01-30T03:36:52.415Z' }

      at Logger.logMethod [as log] (utils/logger.ts:82:7)

    console.log
      [INFO] Upcoming meetings loaded { count: 2, timestamp: '2026-01-30T03:36:52.415Z' }

      at Logger.logMethod [as log] (utils/logger.ts:82:7)

    console.log
      [INFO] Upcoming meetings loaded { count: 2, timestamp: '2026-01-30T03:36:52.415Z' }

      at Logger.logMethod [as log] (utils/logger.ts:82:7)

    console.log
      [INFO] Upcoming meetings loaded { count: 2, timestamp: '2026-01-30T03:36:52.415Z' }

      at Logger.logMethod [as log] (utils/logger.ts:82:7)

    console.log
      [INFO] Upcoming meetings loaded { count: 2, timestamp: '2026-01-30T03:36:52.415Z' }

      at Logger.logMethod [as log] (utils/logger.ts:82:7)

    console.log
      [INFO] Upcoming meetings loaded { count: 2, timestamp: '2026-01-30T03:36:52.416Z' }

      at Logger.logMethod [as log] (utils/logger.ts:82:7)

    console.log
      [INFO] Upcoming meetings loaded { count: 2, timestamp: '2026-01-30T03:36:52.416Z' }

      at Logger.logMethod [as log] (utils/logger.ts:82:7)

    console.log
      [INFO] Upcoming meetings loaded { count: 2, timestamp: '2026-01-30T03:36:52.416Z' }

      at Logger.logMethod [as log] (utils/logger.ts:82:7)

    console.log
      [INFO] Upcoming meetings loaded { count: 2, timestamp: '2026-01-30T03:36:52.416Z' }

      at Logger.logMethod [as log] (utils/logger.ts:82:7)

    console.log
      [INFO] Upcoming meetings loaded { count: 2, timestamp: '2026-01-30T03:36:52.416Z' }

      at Logger.logMethod [as log] (utils/logger.ts:82:7)

    console.log
      [INFO] Upcoming meetings loaded { count: 2, timestamp: '2026-01-30T03:36:52.416Z' }

      at Logger.logMethod [as log] (utils/logger.ts:82:7)

    console.log
      [INFO] Upcoming meetings loaded { count: 2, timestamp: '2026-01-30T03:36:52.416Z' }

      at Logger.logMethod [as log] (utils/logger.ts:82:7)

    console.log
      [INFO] Upcoming meetings loaded { count: 2, timestamp: '2026-01-30T03:36:52.416Z' }

      at Logger.logMethod [as log] (utils/logger.ts:82:7)

    console.log
      [INFO] Upcoming meetings loaded { count: 2, timestamp: '2026-01-30T03:36:52.416Z' }

      at Logger.logMethod [as log] (utils/logger.ts:82:7)

    console.log
      [INFO] Upcoming meetings loaded { count: 2, timestamp: '2026-01-30T03:36:52.417Z' }

      at Logger.logMethod [as log] (utils/logger.ts:82:7)

    console.log
      [INFO] Upcoming meetings loaded { count: 2, timestamp: '2026-01-30T03:36:52.417Z' }

      at Logger.logMethod [as log] (utils/logger.ts:82:7)

    console.log
      [INFO] Upcoming meetings loaded { count: 2, timestamp: '2026-01-30T03:36:52.417Z' }

      at Logger.logMethod [as log] (utils/logger.ts:82:7)

    console.log
      [INFO] Upcoming meetings loaded { count: 2, timestamp: '2026-01-30T03:36:52.417Z' }

      at Logger.logMethod [as log] (utils/logger.ts:82:7)

    console.log
      [INFO] Upcoming meetings loaded { count: 2, timestamp: '2026-01-30T03:36:52.417Z' }

      at Logger.logMethod [as log] (utils/logger.ts:82:7)

    console.log
      [INFO] Upcoming meetings loaded { count: 2, timestamp: '2026-01-30T03:36:52.417Z' }

      at Logger.logMethod [as log] (utils/logger.ts:82:7)

    console.log
      [INFO] Upcoming meetings loaded { count: 2, timestamp: '2026-01-30T03:36:52.417Z' }

      at Logger.logMethod [as log] (utils/logger.ts:82:7)

    console.log
      [INFO] Upcoming meetings loaded { count: 2, timestamp: '2026-01-30T03:36:52.417Z' }

      at Logger.logMethod [as log] (utils/logger.ts:82:7)

    console.log
      [INFO] Upcoming meetings loaded { count: 2, timestamp: '2026-01-30T03:36:52.417Z' }

      at Logger.logMethod [as log] (utils/logger.ts:82:7)

    console.log
      [INFO] Upcoming meetings loaded { count: 2, timestamp: '2026-01-30T03:36:52.417Z' }

      at Logger.logMethod [as log] (utils/logger.ts:82:7)

    console.log
      [INFO] Upcoming meetings loaded { count: 2, timestamp: '2026-01-30T03:36:52.418Z' }

      at Logger.logMethod [as log] (utils/logger.ts:82:7)

    console.log
      [INFO] Upcoming meetings loaded { count: 2, timestamp: '2026-01-30T03:36:52.418Z' }

      at Logger.logMethod [as log] (utils/logger.ts:82:7)

    console.log
      [INFO] Upcoming meetings loaded { count: 2, timestamp: '2026-01-30T03:36:52.418Z' }

      at Logger.logMethod [as log] (utils/logger.ts:82:7)

    console.log
      [INFO] Upcoming meetings loaded { count: 2, timestamp: '2026-01-30T03:36:52.418Z' }

      at Logger.logMethod [as log] (utils/logger.ts:82:7)

    console.log
      [INFO] Upcoming meetings loaded { count: 2, timestamp: '2026-01-30T03:36:52.418Z' }

      at Logger.logMethod [as log] (utils/logger.ts:82:7)

    console.log
      [INFO] Upcoming meetings loaded { count: 2, timestamp: '2026-01-30T03:36:52.418Z' }

      at Logger.logMethod [as log] (utils/logger.ts:82:7)

    console.log
      [INFO] Upcoming meetings loaded { count: 2, timestamp: '2026-01-30T03:36:52.419Z' }

      at Logger.logMethod [as log] (utils/logger.ts:82:7)

    console.log
      [INFO] Upcoming meetings loaded { count: 2, timestamp: '2026-01-30T03:36:52.419Z' }

      at Logger.logMethod [as log] (utils/logger.ts:82:7)

    console.log
      [INFO] Upcoming meetings loaded { count: 2, timestamp: '2026-01-30T03:36:52.419Z' }

      at Logger.logMethod [as log] (utils/logger.ts:82:7)

    console.log
      [INFO] Upcoming meetings loaded { count: 2, timestamp: '2026-01-30T03:36:52.419Z' }

      at Logger.logMethod [as log] (utils/logger.ts:82:7)

    console.log
      [INFO] Upcoming meetings loaded { count: 2, timestamp: '2026-01-30T03:36:52.419Z' }

      at Logger.logMethod [as log] (utils/logger.ts:82:7)

    console.log
      [INFO] Upcoming meetings loaded { count: 2, timestamp: '2026-01-30T03:36:52.420Z' }

      at Logger.logMethod [as log] (utils/logger.ts:82:7)

    console.log
      [INFO] Upcoming meetings loaded { count: 2, timestamp: '2026-01-30T03:36:52.420Z' }

      at Logger.logMethod [as log] (utils/logger.ts:82:7)

    console.log
      [INFO] Upcoming meetings loaded { count: 2, timestamp: '2026-01-30T03:36:52.420Z' }

      at Logger.logMethod [as log] (utils/logger.ts:82:7)

    console.log
      [INFO] Upcoming meetings loaded { count: 2, timestamp: '2026-01-30T03:36:52.420Z' }

      at Logger.logMethod [as log] (utils/logger.ts:82:7)

    console.log
      [INFO] Upcoming meetings loaded { count: 2, timestamp: '2026-01-30T03:36:52.420Z' }

      at Logger.logMethod [as log] (utils/logger.ts:82:7)

    console.log
      [INFO] Upcoming meetings loaded { count: 2, timestamp: '2026-01-30T03:36:52.421Z' }

      at Logger.logMethod [as log] (utils/logger.ts:82:7)

    console.log
      [INFO] Upcoming meetings loaded { count: 2, timestamp: '2026-01-30T03:36:52.421Z' }

      at Logger.logMethod [as log] (utils/logger.ts:82:7)

    console.log
      [INFO] Upcoming meetings loaded { count: 2, timestamp: '2026-01-30T03:36:52.421Z' }

      at Logger.logMethod [as log] (utils/logger.ts:82:7)

    console.log
      [INFO] Upcoming meetings loaded { count: 2, timestamp: '2026-01-30T03:36:52.421Z' }

      at Logger.logMethod [as log] (utils/logger.ts:82:7)

    console.log
      [INFO] Upcoming meetings loaded { count: 2, timestamp: '2026-01-30T03:36:52.421Z' }

      at Logger.logMethod [as log] (utils/logger.ts:82:7)

    console.log
      [INFO] Upcoming meetings loaded { count: 2, timestamp: '2026-01-30T03:36:52.421Z' }

      at Logger.logMethod [as log] (utils/logger.ts:82:7)

    console.log
      [INFO] Upcoming meetings loaded { count: 2, timestamp: '2026-01-30T03:36:52.422Z' }

      at Logger.logMethod [as log] (utils/logger.ts:82:7)

    console.log
      [INFO] Upcoming meetings loaded { count: 2, timestamp: '2026-01-30T03:36:52.422Z' }

      at Logger.logMethod [as log] (utils/logger.ts:82:7)

    console.log
      [INFO] Upcoming meetings loaded { count: 2, timestamp: '2026-01-30T03:36:52.422Z' }

      at Logger.logMethod [as log] (utils/logger.ts:82:7)

    console.log
      [INFO] Upcoming meetings loaded { count: 2, timestamp: '2026-01-30T03:36:52.422Z' }

      at Logger.logMethod [as log] (utils/logger.ts:82:7)

    console.log
      [INFO] Upcoming meetings loaded { count: 2, timestamp: '2026-01-30T03:36:52.422Z' }

      at Logger.logMethod [as log] (utils/logger.ts:82:7)

    console.log
      [INFO] Upcoming meetings loaded { count: 2, timestamp: '2026-01-30T03:36:52.422Z' }

      at Logger.logMethod [as log] (utils/logger.ts:82:7)

    console.log
      [INFO] Upcoming meetings loaded { count: 2, timestamp: '2026-01-30T03:36:52.422Z' }

      at Logger.logMethod [as log] (utils/logger.ts:82:7)

    console.log
      [INFO] Upcoming meetings loaded { count: 2, timestamp: '2026-01-30T03:36:52.422Z' }

      at Logger.logMethod [as log] (utils/logger.ts:82:7)

    console.log
      [INFO] Upcoming meetings loaded { count: 2, timestamp: '2026-01-30T03:36:52.422Z' }

      at Logger.logMethod [as log] (utils/logger.ts:82:7)

    console.log
      [INFO] Upcoming meetings loaded { count: 2, timestamp: '2026-01-30T03:36:52.422Z' }

      at Logger.logMethod [as log] (utils/logger.ts:82:7)

    console.log
      [INFO] Upcoming meetings loaded { count: 2, timestamp: '2026-01-30T03:36:52.423Z' }

      at Logger.logMethod [as log] (utils/logger.ts:82:7)

    console.log
      [INFO] Upcoming meetings loaded { count: 2, timestamp: '2026-01-30T03:36:52.423Z' }

      at Logger.logMethod [as log] (utils/logger.ts:82:7)

    console.log
      [INFO] Upcoming meetings loaded { count: 2, timestamp: '2026-01-30T03:36:52.424Z' }

      at Logger.logMethod [as log] (utils/logger.ts:82:7)

    console.log
      [INFO] Upcoming meetings loaded { count: 2, timestamp: '2026-01-30T03:36:52.425Z' }

      at Logger.logMethod [as log] (utils/logger.ts:82:7)

    console.log
      [INFO] Upcoming meetings loaded { count: 2, timestamp: '2026-01-30T03:36:52.427Z' }

      at Logger.logMethod [as log] (utils/logger.ts:82:7)

    console.log
      [INFO] Upcoming meetings loaded { count: 2, timestamp: '2026-01-30T03:36:52.427Z' }

      at Logger.logMethod [as log] (utils/logger.ts:82:7)

    console.log
      [INFO] Upcoming meetings loaded { count: 2, timestamp: '2026-01-30T03:36:52.428Z' }

      at Logger.logMethod [as log] (utils/logger.ts:82:7)

    console.log
      [INFO] Upcoming meetings loaded { count: 2, timestamp: '2026-01-30T03:36:52.428Z' }

      at Logger.logMethod [as log] (utils/logger.ts:82:7)

    console.log
      [INFO] Upcoming meetings loaded { count: 2, timestamp: '2026-01-30T03:36:52.428Z' }

      at Logger.logMethod [as log] (utils/logger.ts:82:7)

    console.log
      [INFO] Upcoming meetings loaded { count: 2, timestamp: '2026-01-30T03:36:52.428Z' }

      at Logger.logMethod [as log] (utils/logger.ts:82:7)

    console.log
      [INFO] Upcoming meetings loaded { count: 2, timestamp: '2026-01-30T03:36:52.428Z' }

      at Logger.logMethod [as log] (utils/logger.ts:82:7)

    console.log
      [INFO] Upcoming meetings loaded { count: 2, timestamp: '2026-01-30T03:36:52.428Z' }

      at Logger.logMethod [as log] (utils/logger.ts:82:7)

    console.log
      [INFO] Upcoming meetings loaded { count: 2, timestamp: '2026-01-30T03:36:52.428Z' }

      at Logger.logMethod [as log] (utils/logger.ts:82:7)

    console.log
      [INFO] Upcoming meetings loaded { count: 2, timestamp: '2026-01-30T03:36:52.428Z' }

      at Logger.logMethod [as log] (utils/logger.ts:82:7)

    console.log
      [INFO] Upcoming meetings loaded { count: 2, timestamp: '2026-01-30T03:36:52.428Z' }

      at Logger.logMethod [as log] (utils/logger.ts:82:7)

    console.log
      [INFO] Upcoming meetings loaded { count: 2, timestamp: '2026-01-30T03:36:52.429Z' }

      at Logger.logMethod [as log] (utils/logger.ts:82:7)

    console.log
      [INFO] Upcoming meetings loaded { count: 2, timestamp: '2026-01-30T03:36:52.429Z' }

      at Logger.logMethod [as log] (utils/logger.ts:82:7)

    console.log
      [INFO] Upcoming meetings loaded { count: 2, timestamp: '2026-01-30T03:36:52.429Z' }

      at Logger.logMethod [as log] (utils/logger.ts:82:7)

    console.log
      [INFO] Upcoming meetings loaded { count: 2, timestamp: '2026-01-30T03:36:52.429Z' }

      at Logger.logMethod [as log] (utils/logger.ts:82:7)

    console.log
      [INFO] Upcoming meetings loaded { count: 2, timestamp: '2026-01-30T03:36:52.429Z' }

      at Logger.logMethod [as log] (utils/logger.ts:82:7)

    console.log
      [INFO] Upcoming meetings loaded { count: 2, timestamp: '2026-01-30T03:36:52.429Z' }

      at Logger.logMethod [as log] (utils/logger.ts:82:7)

    console.log
      [INFO] Upcoming meetings loaded { count: 2, timestamp: '2026-01-30T03:36:52.429Z' }

      at Logger.logMethod [as log] (utils/logger.ts:82:7)

    console.log
      [INFO] Upcoming meetings loaded { count: 2, timestamp: '2026-01-30T03:36:52.429Z' }

      at Logger.logMethod [as log] (utils/logger.ts:82:7)

    console.log
      [INFO] Upcoming meetings loaded { count: 2, timestamp: '2026-01-30T03:36:52.429Z' }

      at Logger.logMethod [as log] (utils/logger.ts:82:7)

    console.log
      [INFO] Upcoming meetings loaded { count: 2, timestamp: '2026-01-30T03:36:52.429Z' }

      at Logger.logMethod [as log] (utils/logger.ts:82:7)

    console.log
      [INFO] Upcoming meetings loaded { count: 2, timestamp: '2026-01-30T03:36:52.430Z' }

      at Logger.logMethod [as log] (utils/logger.ts:82:7)

    console.log
      [INFO] Upcoming meetings loaded { count: 2, timestamp: '2026-01-30T03:36:52.430Z' }

      at Logger.logMethod [as log] (utils/logger.ts:82:7)

    console.log
      [INFO] Upcoming meetings loaded { count: 2, timestamp: '2026-01-30T03:36:52.430Z' }

      at Logger.logMethod [as log] (utils/logger.ts:82:7)

    console.log
      [INFO] Upcoming meetings loaded { count: 2, timestamp: '2026-01-30T03:36:52.430Z' }

      at Logger.logMethod [as log] (utils/logger.ts:82:7)

    console.log
      [INFO] Upcoming meetings loaded { count: 2, timestamp: '2026-01-30T03:36:52.430Z' }

      at Logger.logMethod [as log] (utils/logger.ts:82:7)

    console.log
      [INFO] Upcoming meetings loaded { count: 2, timestamp: '2026-01-30T03:36:52.430Z' }

      at Logger.logMethod [as log] (utils/logger.ts:82:7)

    console.log
      [INFO] Upcoming meetings loaded { count: 2, timestamp: '2026-01-30T03:36:52.430Z' }

      at Logger.logMethod [as log] (utils/logger.ts:82:7)

    console.log
      [INFO] Upcoming meetings loaded { count: 2, timestamp: '2026-01-30T03:36:52.430Z' }

      at Logger.logMethod [as log] (utils/logger.ts:82:7)

    console.log
      [INFO] Upcoming meetings loaded { count: 2, timestamp: '2026-01-30T03:36:52.430Z' }

      at Logger.logMethod [as log] (utils/logger.ts:82:7)

    console.log
      [INFO] Upcoming meetings loaded { count: 2, timestamp: '2026-01-30T03:36:52.431Z' }

      at Logger.logMethod [as log] (utils/logger.ts:82:7)

    console.log
      [INFO] Upcoming meetings loaded { count: 2, timestamp: '2026-01-30T03:36:52.431Z' }

      at Logger.logMethod [as log] (utils/logger.ts:82:7)

    console.log
      [INFO] Upcoming meetings loaded { count: 2, timestamp: '2026-01-30T03:36:52.431Z' }

      at Logger.logMethod [as log] (utils/logger.ts:82:7)

    console.log
      [INFO] Upcoming meetings loaded { count: 2, timestamp: '2026-01-30T03:36:52.431Z' }

      at Logger.logMethod [as log] (utils/logger.ts:82:7)

    console.log
      [INFO] Upcoming meetings loaded { count: 2, timestamp: '2026-01-30T03:36:52.431Z' }

      at Logger.logMethod [as log] (utils/logger.ts:82:7)

    console.log
      [INFO] Upcoming meetings loaded { count: 2, timestamp: '2026-01-30T03:36:52.431Z' }

      at Logger.logMethod [as log] (utils/logger.ts:82:7)

    console.log
      [INFO] Upcoming meetings loaded { count: 2, timestamp: '2026-01-30T03:36:52.431Z' }

      at Logger.logMethod [as log] (utils/logger.ts:82:7)

    console.log
      [INFO] Upcoming meetings loaded { count: 2, timestamp: '2026-01-30T03:36:52.431Z' }

      at Logger.logMethod [as log] (utils/logger.ts:82:7)

    console.log
      [INFO] Upcoming meetings loaded { count: 2, timestamp: '2026-01-30T03:36:52.431Z' }

      at Logger.logMethod [as log] (utils/logger.ts:82:7)

    console.log
      [INFO] Upcoming meetings loaded { count: 2, timestamp: '2026-01-30T03:36:52.431Z' }

      at Logger.logMethod [as log] (utils/logger.ts:82:7)

    console.log
      [INFO] Upcoming meetings loaded { count: 2, timestamp: '2026-01-30T03:36:52.432Z' }

      at Logger.logMethod [as log] (utils/logger.ts:82:7)

    console.log
      [INFO] Upcoming meetings loaded { count: 2, timestamp: '2026-01-30T03:36:52.432Z' }

      at Logger.logMethod [as log] (utils/logger.ts:82:7)

    console.log
      [INFO] Upcoming meetings loaded { count: 2, timestamp: '2026-01-30T03:36:52.432Z' }

      at Logger.logMethod [as log] (utils/logger.ts:82:7)

    console.log
      [INFO] Upcoming meetings loaded { count: 2, timestamp: '2026-01-30T03:36:52.432Z' }

      at Logger.logMethod [as log] (utils/logger.ts:82:7)

    console.log
      [INFO] Upcoming meetings loaded { count: 2, timestamp: '2026-01-30T03:36:52.432Z' }

      at Logger.logMethod [as log] (utils/logger.ts:82:7)

    console.log
      [INFO] Upcoming meetings loaded { count: 2, timestamp: '2026-01-30T03:36:52.432Z' }

      at Logger.logMethod [as log] (utils/logger.ts:82:7)

    console.log
      [INFO] Upcoming meetings loaded { count: 2, timestamp: '2026-01-30T03:36:52.432Z' }

      at Logger.logMethod [as log] (utils/logger.ts:82:7)

    console.log
      [INFO] Upcoming meetings loaded { count: 2, timestamp: '2026-01-30T03:36:52.432Z' }

      at Logger.logMethod [as log] (utils/logger.ts:82:7)

    console.log
      [INFO] Upcoming meetings loaded { count: 2, timestamp: '2026-01-30T03:36:52.432Z' }

      at Logger.logMethod [as log] (utils/logger.ts:82:7)

    console.log
      [INFO] Upcoming meetings loaded { count: 2, timestamp: '2026-01-30T03:36:52.432Z' }

      at Logger.logMethod [as log] (utils/logger.ts:82:7)

    console.log
      [INFO] Upcoming meetings loaded { count: 2, timestamp: '2026-01-30T03:36:52.433Z' }

      at Logger.logMethod [as log] (utils/logger.ts:82:7)

    console.log
      [INFO] Upcoming meetings loaded { count: 2, timestamp: '2026-01-30T03:36:52.433Z' }

      at Logger.logMethod [as log] (utils/logger.ts:82:7)

    console.log
      [INFO] Upcoming meetings loaded { count: 2, timestamp: '2026-01-30T03:36:52.433Z' }

      at Logger.logMethod [as log] (utils/logger.ts:82:7)

    console.log
      [INFO] Upcoming meetings loaded { count: 2, timestamp: '2026-01-30T03:36:52.433Z' }

      at Logger.logMethod [as log] (utils/logger.ts:82:7)

    console.log
      [INFO] Upcoming meetings loaded { count: 2, timestamp: '2026-01-30T03:36:52.433Z' }

      at Logger.logMethod [as log] (utils/logger.ts:82:7)

    console.log
      [INFO] Upcoming meetings loaded { count: 2, timestamp: '2026-01-30T03:36:52.433Z' }

      at Logger.logMethod [as log] (utils/logger.ts:82:7)

    console.log
      [INFO] Upcoming meetings loaded { count: 2, timestamp: '2026-01-30T03:36:52.433Z' }

      at Logger.logMethod [as log] (utils/logger.ts:82:7)

    console.log
      [INFO] Upcoming meetings loaded { count: 2, timestamp: '2026-01-30T03:36:52.433Z' }

      at Logger.logMethod [as log] (utils/logger.ts:82:7)

    console.log
      [INFO] Upcoming meetings loaded { count: 2, timestamp: '2026-01-30T03:36:52.433Z' }

      at Logger.logMethod [as log] (utils/logger.ts:82:7)

    console.log
      [INFO] Upcoming meetings loaded { count: 2, timestamp: '2026-01-30T03:36:52.433Z' }

      at Logger.logMethod [as log] (utils/logger.ts:82:7)

    console.log
      [INFO] Upcoming meetings loaded { count: 2, timestamp: '2026-01-30T03:36:52.434Z' }

      at Logger.logMethod [as log] (utils/logger.ts:82:7)

    console.log
      [INFO] Upcoming meetings loaded { count: 2, timestamp: '2026-01-30T03:36:52.434Z' }

      at Logger.logMethod [as log] (utils/logger.ts:82:7)

    console.log
      [INFO] Upcoming meetings loaded { count: 2, timestamp: '2026-01-30T03:36:52.434Z' }

      at Logger.logMethod [as log] (utils/logger.ts:82:7)

    console.log
      [INFO] Upcoming meetings loaded { count: 2, timestamp: '2026-01-30T03:36:52.434Z' }

      at Logger.logMethod [as log] (utils/logger.ts:82:7)

    console.log
      [INFO] Upcoming meetings loaded { count: 2, timestamp: '2026-01-30T03:36:52.434Z' }

      at Logger.logMethod [as log] (utils/logger.ts:82:7)

    console.log
      [INFO] Upcoming meetings loaded { count: 2, timestamp: '2026-01-30T03:36:52.434Z' }

      at Logger.logMethod [as log] (utils/logger.ts:82:7)

    console.log
      [INFO] Upcoming meetings loaded { count: 2, timestamp: '2026-01-30T03:36:52.434Z' }

      at Logger.logMethod [as log] (utils/logger.ts:82:7)

    console.log
      [INFO] Upcoming meetings loaded { count: 2, timestamp: '2026-01-30T03:36:52.434Z' }

      at Logger.logMethod [as log] (utils/logger.ts:82:7)

    console.log
      [INFO] Upcoming meetings loaded { count: 2, timestamp: '2026-01-30T03:36:52.435Z' }

      at Logger.logMethod [as log] (utils/logger.ts:82:7)

    console.log
      [INFO] Upcoming meetings loaded { count: 2, timestamp: '2026-01-30T03:36:52.435Z' }

      at Logger.logMethod [as log] (utils/logger.ts:82:7)

    console.log
      [INFO] Upcoming meetings loaded { count: 2, timestamp: '2026-01-30T03:36:52.435Z' }

      at Logger.logMethod [as log] (utils/logger.ts:82:7)

    console.log
      [INFO] Upcoming meetings loaded { count: 2, timestamp: '2026-01-30T03:36:52.435Z' }

      at Logger.logMethod [as log] (utils/logger.ts:82:7)

    console.log
      [INFO] Upcoming meetings loaded { count: 2, timestamp: '2026-01-30T03:36:52.435Z' }

      at Logger.logMethod [as log] (utils/logger.ts:82:7)

    console.log
      [INFO] Upcoming meetings loaded { count: 2, timestamp: '2026-01-30T03:36:52.435Z' }

      at Logger.logMethod [as log] (utils/logger.ts:82:7)

    console.log
      [INFO] Upcoming meetings loaded { count: 2, timestamp: '2026-01-30T03:36:52.435Z' }

      at Logger.logMethod [as log] (utils/logger.ts:82:7)

    console.log
      [INFO] Upcoming meetings loaded { count: 2, timestamp: '2026-01-30T03:36:52.435Z' }

      at Logger.logMethod [as log] (utils/logger.ts:82:7)

    console.log
      [INFO] Upcoming meetings loaded { count: 2, timestamp: '2026-01-30T03:36:52.435Z' }

      at Logger.logMethod [as log] (utils/logger.ts:82:7)

    console.log
      [INFO] Upcoming meetings loaded { count: 2, timestamp: '2026-01-30T03:36:52.435Z' }

      at Logger.logMethod [as log] (utils/logger.ts:82:7)

    console.log
      [INFO] Upcoming meetings loaded { count: 2, timestamp: '2026-01-30T03:36:52.436Z' }

      at Logger.logMethod [as log] (utils/logger.ts:82:7)

    console.log
      [INFO] Upcoming meetings loaded { count: 2, timestamp: '2026-01-30T03:36:52.436Z' }

      at Logger.logMethod [as log] (utils/logger.ts:82:7)

    console.log
      [INFO] Upcoming meetings loaded { count: 2, timestamp: '2026-01-30T03:36:52.436Z' }

      at Logger.logMethod [as log] (utils/logger.ts:82:7)

    console.log
      [INFO] Upcoming meetings loaded { count: 2, timestamp: '2026-01-30T03:36:52.436Z' }

      at Logger.logMethod [as log] (utils/logger.ts:82:7)

    console.log
      [INFO] Upcoming meetings loaded { count: 2, timestamp: '2026-01-30T03:36:52.436Z' }

      at Logger.logMethod [as log] (utils/logger.ts:82:7)

    console.log
      [INFO] Upcoming meetings loaded { count: 2, timestamp: '2026-01-30T03:36:52.436Z' }

      at Logger.logMethod [as log] (utils/logger.ts:82:7)

    console.log
      [INFO] Upcoming meetings loaded { count: 2, timestamp: '2026-01-30T03:36:52.436Z' }

      at Logger.logMethod [as log] (utils/logger.ts:82:7)

    console.log
      [INFO] Upcoming meetings loaded { count: 2, timestamp: '2026-01-30T03:36:52.436Z' }

      at Logger.logMethod [as log] (utils/logger.ts:82:7)

    console.log
      [INFO] Upcoming meetings loaded { count: 2, timestamp: '2026-01-30T03:36:52.436Z' }

      at Logger.logMethod [as log] (utils/logger.ts:82:7)

    console.log
      [INFO] Upcoming meetings loaded { count: 2, timestamp: '2026-01-30T03:36:52.437Z' }

      at Logger.logMethod [as log] (utils/logger.ts:82:7)

    console.log
      [INFO] Upcoming meetings loaded { count: 2, timestamp: '2026-01-30T03:36:52.437Z' }

      at Logger.logMethod [as log] (utils/logger.ts:82:7)

    console.log
      [INFO] Upcoming meetings loaded { count: 2, timestamp: '2026-01-30T03:36:52.437Z' }

      at Logger.logMethod [as log] (utils/logger.ts:82:7)

    console.log
      [INFO] Upcoming meetings loaded { count: 2, timestamp: '2026-01-30T03:36:52.437Z' }

      at Logger.logMethod [as log] (utils/logger.ts:82:7)

    console.log
      [INFO] Upcoming meetings loaded { count: 2, timestamp: '2026-01-30T03:36:52.437Z' }

      at Logger.logMethod [as log] (utils/logger.ts:82:7)

    console.log
      [INFO] Upcoming meetings loaded { count: 2, timestamp: '2026-01-30T03:36:52.437Z' }

      at Logger.logMethod [as log] (utils/logger.ts:82:7)

    console.log
      [INFO] Upcoming meetings loaded { count: 2, timestamp: '2026-01-30T03:36:52.437Z' }

      at Logger.logMethod [as log] (utils/logger.ts:82:7)

    console.log
      [INFO] Upcoming meetings loaded { count: 2, timestamp: '2026-01-30T03:36:52.437Z' }

      at Logger.logMethod [as log] (utils/logger.ts:82:7)

    console.log
      [INFO] Upcoming meetings loaded { count: 2, timestamp: '2026-01-30T03:36:52.437Z' }

      at Logger.logMethod [as log] (utils/logger.ts:82:7)

    console.log
      [INFO] Upcoming meetings loaded { count: 2, timestamp: '2026-01-30T03:36:52.437Z' }

      at Logger.logMethod [as log] (utils/logger.ts:82:7)

    console.log
      [INFO] Upcoming meetings loaded { count: 2, timestamp: '2026-01-30T03:36:52.438Z' }

      at Logger.logMethod [as log] (utils/logger.ts:82:7)

    console.log
      [INFO] Upcoming meetings loaded { count: 2, timestamp: '2026-01-30T03:36:52.438Z' }

      at Logger.logMethod [as log] (utils/logger.ts:82:7)

    console.log
      [INFO] Upcoming meetings loaded { count: 2, timestamp: '2026-01-30T03:36:52.438Z' }

      at Logger.logMethod [as log] (utils/logger.ts:82:7)

    console.log
      [INFO] Upcoming meetings loaded { count: 2, timestamp: '2026-01-30T03:36:52.438Z' }

      at Logger.logMethod [as log] (utils/logger.ts:82:7)

    console.log
      [INFO] Upcoming meetings loaded { count: 2, timestamp: '2026-01-30T03:36:52.438Z' }

      at Logger.logMethod [as log] (utils/logger.ts:82:7)

    console.log
      [INFO] Upcoming meetings loaded { count: 2, timestamp: '2026-01-30T03:36:52.438Z' }

      at Logger.logMethod [as log] (utils/logger.ts:82:7)

    console.log
      [INFO] Upcoming meetings loaded { count: 2, timestamp: '2026-01-30T03:36:52.438Z' }

      at Logger.logMethod [as log] (utils/logger.ts:82:7)

    console.log
      [INFO] Upcoming meetings loaded { count: 2, timestamp: '2026-01-30T03:36:52.438Z' }

      at Logger.logMethod [as log] (utils/logger.ts:82:7)

    console.log
      [INFO] Upcoming meetings loaded { count: 2, timestamp: '2026-01-30T03:36:52.438Z' }

      at Logger.logMethod [as log] (utils/logger.ts:82:7)

    console.log
      [INFO] Upcoming meetings loaded { count: 2, timestamp: '2026-01-30T03:36:52.438Z' }

      at Logger.logMethod [as log] (utils/logger.ts:82:7)

    console.log
      [INFO] Upcoming meetings loaded { count: 2, timestamp: '2026-01-30T03:36:52.439Z' }

      at Logger.logMethod [as log] (utils/logger.ts:82:7)

    console.log
      [INFO] Upcoming meetings loaded { count: 2, timestamp: '2026-01-30T03:36:52.439Z' }

      at Logger.logMethod [as log] (utils/logger.ts:82:7)

    console.log
      [INFO] Upcoming meetings loaded { count: 2, timestamp: '2026-01-30T03:36:52.439Z' }

      at Logger.logMethod [as log] (utils/logger.ts:82:7)

    console.log
      [INFO] Upcoming meetings loaded { count: 2, timestamp: '2026-01-30T03:36:52.439Z' }

      at Logger.logMethod [as log] (utils/logger.ts:82:7)

    console.log
      [INFO] Upcoming meetings loaded { count: 2, timestamp: '2026-01-30T03:36:52.439Z' }

      at Logger.logMethod [as log] (utils/logger.ts:82:7)

    console.log
      [INFO] Upcoming meetings loaded { count: 2, timestamp: '2026-01-30T03:36:52.439Z' }

      at Logger.logMethod [as log] (utils/logger.ts:82:7)

    console.log
      [INFO] Upcoming meetings loaded { count: 2, timestamp: '2026-01-30T03:36:52.439Z' }

      at Logger.logMethod [as log] (utils/logger.ts:82:7)

    console.log
      [INFO] Upcoming meetings loaded { count: 2, timestamp: '2026-01-30T03:36:52.439Z' }

      at Logger.logMethod [as log] (utils/logger.ts:82:7)

    console.log
      [INFO] Upcoming meetings loaded { count: 2, timestamp: '2026-01-30T03:36:52.439Z' }

      at Logger.logMethod [as log] (utils/logger.ts:82:7)

    console.log
      [INFO] Upcoming meetings loaded { count: 2, timestamp: '2026-01-30T03:36:52.440Z' }

      at Logger.logMethod [as log] (utils/logger.ts:82:7)

    console.log
      [INFO] Upcoming meetings loaded { count: 2, timestamp: '2026-01-30T03:36:52.440Z' }

      at Logger.logMethod [as log] (utils/logger.ts:82:7)

    console.log
      [INFO] Upcoming meetings loaded { count: 2, timestamp: '2026-01-30T03:36:52.440Z' }

      at Logger.logMethod [as log] (utils/logger.ts:82:7)

    console.log
      [INFO] Upcoming meetings loaded { count: 2, timestamp: '2026-01-30T03:36:52.440Z' }

      at Logger.logMethod [as log] (utils/logger.ts:82:7)

    console.log
      [INFO] Upcoming meetings loaded { count: 2, timestamp: '2026-01-30T03:36:52.440Z' }

      at Logger.logMethod [as log] (utils/logger.ts:82:7)

    console.log
      [INFO] Upcoming meetings loaded { count: 2, timestamp: '2026-01-30T03:36:52.440Z' }

      at Logger.logMethod [as log] (utils/logger.ts:82:7)

    console.log
      [INFO] Upcoming meetings loaded { count: 2, timestamp: '2026-01-30T03:36:52.440Z' }

      at Logger.logMethod [as log] (utils/logger.ts:82:7)

    console.log
      [INFO] Upcoming meetings loaded { count: 2, timestamp: '2026-01-30T03:36:52.440Z' }

      at Logger.logMethod [as log] (utils/logger.ts:82:7)

    console.log
      [INFO] Upcoming meetings loaded { count: 2, timestamp: '2026-01-30T03:36:52.440Z' }

      at Logger.logMethod [as log] (utils/logger.ts:82:7)

    console.log
      [INFO] Upcoming meetings loaded { count: 2, timestamp: '2026-01-30T03:36:52.441Z' }

      at Logger.logMethod [as log] (utils/logger.ts:82:7)

    console.log
      [INFO] Upcoming meetings loaded { count: 2, timestamp: '2026-01-30T03:36:52.441Z' }

      at Logger.logMethod [as log] (utils/logger.ts:82:7)

    console.log
      [INFO] Upcoming meetings loaded { count: 2, timestamp: '2026-01-30T03:36:52.441Z' }

      at Logger.logMethod [as log] (utils/logger.ts:82:7)

    console.log
      [INFO] Upcoming meetings loaded { count: 2, timestamp: '2026-01-30T03:36:52.441Z' }

      at Logger.logMethod [as log] (utils/logger.ts:82:7)

    console.log
      [INFO] Upcoming meetings loaded { count: 2, timestamp: '2026-01-30T03:36:52.441Z' }

      at Logger.logMethod [as log] (utils/logger.ts:82:7)

    console.log
      [INFO] Upcoming meetings loaded { count: 2, timestamp: '2026-01-30T03:36:52.441Z' }

      at Logger.logMethod [as log] (utils/logger.ts:82:7)

    console.log
      [INFO] Upcoming meetings loaded { count: 2, timestamp: '2026-01-30T03:36:52.441Z' }

      at Logger.logMethod [as log] (utils/logger.ts:82:7)

    console.log
      [INFO] Upcoming meetings loaded { count: 2, timestamp: '2026-01-30T03:36:52.441Z' }

      at Logger.logMethod [as log] (utils/logger.ts:82:7)

    console.log
      [INFO] Upcoming meetings loaded { count: 2, timestamp: '2026-01-30T03:36:52.441Z' }

      at Logger.logMethod [as log] (utils/logger.ts:82:7)

    console.log
      [INFO] Upcoming meetings loaded { count: 2, timestamp: '2026-01-30T03:36:52.441Z' }

      at Logger.logMethod [as log] (utils/logger.ts:82:7)

    console.log
      [INFO] Upcoming meetings loaded { count: 2, timestamp: '2026-01-30T03:36:52.442Z' }

      at Logger.logMethod [as log] (utils/logger.ts:82:7)

    console.log
      [INFO] Upcoming meetings loaded { count: 2, timestamp: '2026-01-30T03:36:52.442Z' }

      at Logger.logMethod [as log] (utils/logger.ts:82:7)

    console.log
      [INFO] Upcoming meetings loaded { count: 2, timestamp: '2026-01-30T03:36:52.442Z' }

      at Logger.logMethod [as log] (utils/logger.ts:82:7)

    console.log
      [INFO] Upcoming meetings loaded { count: 2, timestamp: '2026-01-30T03:36:52.442Z' }

      at Logger.logMethod [as log] (utils/logger.ts:82:7)

    console.log
      [INFO] Upcoming meetings loaded { count: 2, timestamp: '2026-01-30T03:36:52.442Z' }

      at Logger.logMethod [as log] (utils/logger.ts:82:7)

    console.log
      [INFO] Upcoming meetings loaded { count: 2, timestamp: '2026-01-30T03:36:52.442Z' }

      at Logger.logMethod [as log] (utils/logger.ts:82:7)

    console.log
      [INFO] Upcoming meetings loaded { count: 2, timestamp: '2026-01-30T03:36:52.442Z' }

      at Logger.logMethod [as log] (utils/logger.ts:82:7)

    console.log
      [INFO] Upcoming meetings loaded { count: 2, timestamp: '2026-01-30T03:36:52.442Z' }

      at Logger.logMethod [as log] (utils/logger.ts:82:7)

    console.log
      [INFO] Upcoming meetings loaded { count: 2, timestamp: '2026-01-30T03:36:52.442Z' }

      at Logger.logMethod [as log] (utils/logger.ts:82:7)

    console.log
      [INFO] Upcoming meetings loaded { count: 2, timestamp: '2026-01-30T03:36:52.443Z' }

      at Logger.logMethod [as log] (utils/logger.ts:82:7)

    console.log
      [INFO] Upcoming meetings loaded { count: 2, timestamp: '2026-01-30T03:36:52.443Z' }

      at Logger.logMethod [as log] (utils/logger.ts:82:7)

    console.log
      [INFO] Upcoming meetings loaded { count: 2, timestamp: '2026-01-30T03:36:52.443Z' }

      at Logger.logMethod [as log] (utils/logger.ts:82:7)

    console.log
      [INFO] Upcoming meetings loaded { count: 2, timestamp: '2026-01-30T03:36:52.443Z' }

      at Logger.logMethod [as log] (utils/logger.ts:82:7)

    console.log
      [INFO] Upcoming meetings loaded { count: 2, timestamp: '2026-01-30T03:36:52.443Z' }

      at Logger.logMethod [as log] (utils/logger.ts:82:7)

    console.log
      [INFO] Upcoming meetings loaded { count: 2, timestamp: '2026-01-30T03:36:52.443Z' }

      at Logger.logMethod [as log] (utils/logger.ts:82:7)

    console.log
      [INFO] Upcoming meetings loaded { count: 2, timestamp: '2026-01-30T03:36:52.443Z' }

      at Logger.logMethod [as log] (utils/logger.ts:82:7)

    console.log
      [INFO] Upcoming meetings loaded { count: 2, timestamp: '2026-01-30T03:36:52.443Z' }

      at Logger.logMethod [as log] (utils/logger.ts:82:7)

    console.log
      [INFO] Upcoming meetings loaded { count: 2, timestamp: '2026-01-30T03:36:52.443Z' }

      at Logger.logMethod [as log] (utils/logger.ts:82:7)

    console.log
      [INFO] Upcoming meetings loaded { count: 2, timestamp: '2026-01-30T03:36:52.443Z' }

      at Logger.logMethod [as log] (utils/logger.ts:82:7)

    console.log
      [INFO] Upcoming meetings loaded { count: 2, timestamp: '2026-01-30T03:36:52.444Z' }

      at Logger.logMethod [as log] (utils/logger.ts:82:7)

    console.log
      [INFO] Upcoming meetings loaded { count: 2, timestamp: '2026-01-30T03:36:52.444Z' }

      at Logger.logMethod [as log] (utils/logger.ts:82:7)

    console.log
      [INFO] Upcoming meetings loaded { count: 2, timestamp: '2026-01-30T03:36:52.444Z' }

      at Logger.logMethod [as log] (utils/logger.ts:82:7)

    console.log
      [INFO] Upcoming meetings loaded { count: 2, timestamp: '2026-01-30T03:36:52.444Z' }

      at Logger.logMethod [as log] (utils/logger.ts:82:7)

    console.log
      [INFO] Upcoming meetings loaded { count: 2, timestamp: '2026-01-30T03:36:52.444Z' }

      at Logger.logMethod [as log] (utils/logger.ts:82:7)

    console.log
      [INFO] Upcoming meetings loaded { count: 2, timestamp: '2026-01-30T03:36:52.444Z' }

      at Logger.logMethod [as log] (utils/logger.ts:82:7)

    console.log
      [INFO] Upcoming meetings loaded { count: 2, timestamp: '2026-01-30T03:36:52.444Z' }

      at Logger.logMethod [as log] (utils/logger.ts:82:7)

    console.log
      [INFO] Upcoming meetings loaded { count: 2, timestamp: '2026-01-30T03:36:52.444Z' }

      at Logger.logMethod [as log] (utils/logger.ts:82:7)

    console.log
      [INFO] Upcoming meetings loaded { count: 2, timestamp: '2026-01-30T03:36:52.444Z' }

      at Logger.logMethod [as log] (utils/logger.ts:82:7)

    console.log
      [INFO] Upcoming meetings loaded { count: 2, timestamp: '2026-01-30T03:36:52.445Z' }

      at Logger.logMethod [as log] (utils/logger.ts:82:7)

    console.log
      [INFO] Upcoming meetings loaded { count: 2, timestamp: '2026-01-30T03:36:52.445Z' }

      at Logger.logMethod [as log] (utils/logger.ts:82:7)

    console.log
      [INFO] Upcoming meetings loaded { count: 2, timestamp: '2026-01-30T03:36:52.445Z' }

      at Logger.logMethod [as log] (utils/logger.ts:82:7)

    console.log
      [INFO] Upcoming meetings loaded { count: 2, timestamp: '2026-01-30T03:36:52.445Z' }

      at Logger.logMethod [as log] (utils/logger.ts:82:7)

    console.log
      [INFO] Upcoming meetings loaded { count: 2, timestamp: '2026-01-30T03:36:52.445Z' }

      at Logger.logMethod [as log] (utils/logger.ts:82:7)

    console.log
      [INFO] Upcoming meetings loaded { count: 2, timestamp: '2026-01-30T03:36:52.445Z' }

      at Logger.logMethod [as log] (utils/logger.ts:82:7)

    console.log
      [INFO] Upcoming meetings loaded { count: 2, timestamp: '2026-01-30T03:36:52.445Z' }

      at Logger.logMethod [as log] (utils/logger.ts:82:7)

    console.log
      [INFO] Upcoming meetings loaded { count: 2, timestamp: '2026-01-30T03:36:52.445Z' }

      at Logger.logMethod [as log] (utils/logger.ts:82:7)

    console.log
      [INFO] Upcoming meetings loaded { count: 2, timestamp: '2026-01-30T03:36:52.445Z' }

      at Logger.logMethod [as log] (utils/logger.ts:82:7)

    console.log
      [INFO] Upcoming meetings loaded { count: 2, timestamp: '2026-01-30T03:36:52.445Z' }

      at Logger.logMethod [as log] (utils/logger.ts:82:7)

    console.log
      [INFO] Upcoming meetings loaded { count: 2, timestamp: '2026-01-30T03:36:52.446Z' }

      at Logger.logMethod [as log] (utils/logger.ts:82:7)

    console.log
      [INFO] Upcoming meetings loaded { count: 2, timestamp: '2026-01-30T03:36:52.446Z' }

      at Logger.logMethod [as log] (utils/logger.ts:82:7)

    console.log
      [INFO] Upcoming meetings loaded { count: 2, timestamp: '2026-01-30T03:36:52.446Z' }

      at Logger.logMethod [as log] (utils/logger.ts:82:7)

    console.log
      [INFO] Upcoming meetings loaded { count: 2, timestamp: '2026-01-30T03:36:52.446Z' }

      at Logger.logMethod [as log] (utils/logger.ts:82:7)

    console.log
      [INFO] Upcoming meetings loaded { count: 2, timestamp: '2026-01-30T03:36:52.446Z' }

      at Logger.logMethod [as log] (utils/logger.ts:82:7)

    console.log
      [INFO] Upcoming meetings loaded { count: 2, timestamp: '2026-01-30T03:36:52.446Z' }

      at Logger.logMethod [as log] (utils/logger.ts:82:7)

    console.log
      [INFO] Upcoming meetings loaded { count: 2, timestamp: '2026-01-30T03:36:52.446Z' }

      at Logger.logMethod [as log] (utils/logger.ts:82:7)

    console.log
      [INFO] Upcoming meetings loaded { count: 2, timestamp: '2026-01-30T03:36:52.446Z' }

      at Logger.logMethod [as log] (utils/logger.ts:82:7)

    console.log
      [INFO] Upcoming meetings loaded { count: 2, timestamp: '2026-01-30T03:36:52.446Z' }

      at Logger.logMethod [as log] (utils/logger.ts:82:7)

    console.log
      [INFO] Upcoming meetings loaded { count: 2, timestamp: '2026-01-30T03:36:52.446Z' }

      at Logger.logMethod [as log] (utils/logger.ts:82:7)

    console.log
      [INFO] Upcoming meetings loaded { count: 2, timestamp: '2026-01-30T03:36:52.447Z' }

      at Logger.logMethod [as log] (utils/logger.ts:82:7)

    console.log
      [INFO] Upcoming meetings loaded { count: 2, timestamp: '2026-01-30T03:36:52.447Z' }

      at Logger.logMethod [as log] (utils/logger.ts:82:7)

    console.log
      [INFO] Upcoming meetings loaded { count: 2, timestamp: '2026-01-30T03:36:52.447Z' }

      at Logger.logMethod [as log] (utils/logger.ts:82:7)

    console.log
      [INFO] Upcoming meetings loaded { count: 2, timestamp: '2026-01-30T03:36:52.447Z' }

      at Logger.logMethod [as log] (utils/logger.ts:82:7)

    console.log
      [INFO] Upcoming meetings loaded { count: 2, timestamp: '2026-01-30T03:36:52.447Z' }

      at Logger.logMethod [as log] (utils/logger.ts:82:7)

    console.log
      [INFO] Upcoming meetings loaded { count: 2, timestamp: '2026-01-30T03:36:52.447Z' }

      at Logger.logMethod [as log] (utils/logger.ts:82:7)

    console.log
      [INFO] Upcoming meetings loaded { count: 2, timestamp: '2026-01-30T03:36:52.447Z' }

      at Logger.logMethod [as log] (utils/logger.ts:82:7)

    console.log
      [INFO] Upcoming meetings loaded { count: 2, timestamp: '2026-01-30T03:36:52.447Z' }

      at Logger.logMethod [as log] (utils/logger.ts:82:7)

    console.log
      [INFO] Upcoming meetings loaded { count: 2, timestamp: '2026-01-30T03:36:52.447Z' }

      at Logger.logMethod [as log] (utils/logger.ts:82:7)

    console.log
      [INFO] Upcoming meetings loaded { count: 2, timestamp: '2026-01-30T03:36:52.448Z' }

      at Logger.logMethod [as log] (utils/logger.ts:82:7)

    console.log
      [INFO] Upcoming meetings loaded { count: 2, timestamp: '2026-01-30T03:36:52.448Z' }

      at Logger.logMethod [as log] (utils/logger.ts:82:7)

    console.log
      [INFO] Upcoming meetings loaded { count: 2, timestamp: '2026-01-30T03:36:52.448Z' }

      at Logger.logMethod [as log] (utils/logger.ts:82:7)

    console.log
      [INFO] Upcoming meetings loaded { count: 2, timestamp: '2026-01-30T03:36:52.448Z' }

      at Logger.logMethod [as log] (utils/logger.ts:82:7)

    console.log
      [INFO] Upcoming meetings loaded { count: 2, timestamp: '2026-01-30T03:36:52.448Z' }

      at Logger.logMethod [as log] (utils/logger.ts:82:7)

    console.log
      [INFO] Upcoming meetings loaded { count: 2, timestamp: '2026-01-30T03:36:52.448Z' }

      at Logger.logMethod [as log] (utils/logger.ts:82:7)

    console.log
      [INFO] Upcoming meetings loaded { count: 2, timestamp: '2026-01-30T03:36:52.448Z' }

      at Logger.logMethod [as log] (utils/logger.ts:82:7)

    console.log
      [INFO] Upcoming meetings loaded { count: 2, timestamp: '2026-01-30T03:36:52.448Z' }

      at Logger.logMethod [as log] (utils/logger.ts:82:7)

    console.log
      [INFO] Upcoming meetings loaded { count: 2, timestamp: '2026-01-30T03:36:52.448Z' }

      at Logger.logMethod [as log] (utils/logger.ts:82:7)

    console.log
      [INFO] Upcoming meetings loaded { count: 2, timestamp: '2026-01-30T03:36:52.448Z' }

      at Logger.logMethod [as log] (utils/logger.ts:82:7)

    console.log
      [INFO] Upcoming meetings loaded { count: 2, timestamp: '2026-01-30T03:36:52.448Z' }

      at Logger.logMethod [as log] (utils/logger.ts:82:7)

    console.log
      [INFO] Upcoming meetings loaded { count: 2, timestamp: '2026-01-30T03:36:52.449Z' }

      at Logger.logMethod [as log] (utils/logger.ts:82:7)

    console.log
      [INFO] Upcoming meetings loaded { count: 2, timestamp: '2026-01-30T03:36:52.449Z' }

      at Logger.logMethod [as log] (utils/logger.ts:82:7)

    console.log
      [INFO] Upcoming meetings loaded { count: 2, timestamp: '2026-01-30T03:36:52.449Z' }

      at Logger.logMethod [as log] (utils/logger.ts:82:7)

    console.log
      [INFO] Upcoming meetings loaded { count: 2, timestamp: '2026-01-30T03:36:52.449Z' }

      at Logger.logMethod [as log] (utils/logger.ts:82:7)

    console.log
      [INFO] Upcoming meetings loaded { count: 2, timestamp: '2026-01-30T03:36:52.449Z' }

      at Logger.logMethod [as log] (utils/logger.ts:82:7)

    console.log
      [INFO] Upcoming meetings loaded { count: 2, timestamp: '2026-01-30T03:36:52.449Z' }

      at Logger.logMethod [as log] (utils/logger.ts:82:7)

    console.log
      [INFO] Upcoming meetings loaded { count: 2, timestamp: '2026-01-30T03:36:52.449Z' }

      at Logger.logMethod [as log] (utils/logger.ts:82:7)

    console.log
      [INFO] Upcoming meetings loaded { count: 2, timestamp: '2026-01-30T03:36:52.449Z' }

      at Logger.logMethod [as log] (utils/logger.ts:82:7)

    console.log
      [INFO] Upcoming meetings loaded { count: 2, timestamp: '2026-01-30T03:36:52.450Z' }

      at Logger.logMethod [as log] (utils/logger.ts:82:7)

    console.log
      [INFO] Upcoming meetings loaded { count: 2, timestamp: '2026-01-30T03:36:52.450Z' }

      at Logger.logMethod [as log] (utils/logger.ts:82:7)

    console.log
      [INFO] Upcoming meetings loaded { count: 2, timestamp: '2026-01-30T03:36:52.450Z' }

      at Logger.logMethod [as log] (utils/logger.ts:82:7)

    console.log
      [INFO] Upcoming meetings loaded { count: 2, timestamp: '2026-01-30T03:36:52.450Z' }

      at Logger.logMethod [as log] (utils/logger.ts:82:7)

    console.log
      [INFO] Upcoming meetings loaded { count: 2, timestamp: '2026-01-30T03:36:52.450Z' }

      at Logger.logMethod [as log] (utils/logger.ts:82:7)

    console.log
      [INFO] Upcoming meetings loaded { count: 2, timestamp: '2026-01-30T03:36:52.450Z' }

      at Logger.logMethod [as log] (utils/logger.ts:82:7)

    console.log
      [INFO] Upcoming meetings loaded { count: 2, timestamp: '2026-01-30T03:36:52.450Z' }

      at Logger.logMethod [as log] (utils/logger.ts:82:7)

    console.log
      [INFO] Upcoming meetings loaded { count: 2, timestamp: '2026-01-30T03:36:52.451Z' }

      at Logger.logMethod [as log] (utils/logger.ts:82:7)

    console.log
      [INFO] Upcoming meetings loaded { count: 2, timestamp: '2026-01-30T03:36:52.451Z' }

      at Logger.logMethod [as log] (utils/logger.ts:82:7)

    console.log
      [INFO] Upcoming meetings loaded { count: 2, timestamp: '2026-01-30T03:36:52.451Z' }

      at Logger.logMethod [as log] (utils/logger.ts:82:7)

    console.log
      [INFO] Upcoming meetings loaded { count: 2, timestamp: '2026-01-30T03:36:52.451Z' }

      at Logger.logMethod [as log] (utils/logger.ts:82:7)

    console.log
      [INFO] Upcoming meetings loaded { count: 2, timestamp: '2026-01-30T03:36:52.451Z' }

      at Logger.logMethod [as log] (utils/logger.ts:82:7)

    console.log
      [INFO] Upcoming meetings loaded { count: 2, timestamp: '2026-01-30T03:36:52.451Z' }

      at Logger.logMethod [as log] (utils/logger.ts:82:7)

    console.log
      [INFO] Upcoming meetings loaded { count: 2, timestamp: '2026-01-30T03:36:52.452Z' }

      at Logger.logMethod [as log] (utils/logger.ts:82:7)

    console.log
      [INFO] Upcoming meetings loaded { count: 2, timestamp: '2026-01-30T03:36:52.452Z' }

      at Logger.logMethod [as log] (utils/logger.ts:82:7)

    console.log
      [INFO] Upcoming meetings loaded { count: 2, timestamp: '2026-01-30T03:36:52.452Z' }

      at Logger.logMethod [as log] (utils/logger.ts:82:7)

    console.log
      [INFO] Upcoming meetings loaded { count: 2, timestamp: '2026-01-30T03:36:52.452Z' }

      at Logger.logMethod [as log] (utils/logger.ts:82:7)

    console.log
      [INFO] Upcoming meetings loaded { count: 2, timestamp: '2026-01-30T03:36:52.452Z' }

      at Logger.logMethod [as log] (utils/logger.ts:82:7)

    console.log
      [INFO] Upcoming meetings loaded { count: 2, timestamp: '2026-01-30T03:36:52.452Z' }

      at Logger.logMethod [as log] (utils/logger.ts:82:7)

    console.log
      [INFO] Upcoming meetings loaded { count: 2, timestamp: '2026-01-30T03:36:52.453Z' }

      at Logger.logMethod [as log] (utils/logger.ts:82:7)

    console.log
      [INFO] Upcoming meetings loaded { count: 2, timestamp: '2026-01-30T03:36:52.453Z' }

      at Logger.logMethod [as log] (utils/logger.ts:82:7)

    console.log
      [INFO] Upcoming meetings loaded { count: 2, timestamp: '2026-01-30T03:36:52.453Z' }

      at Logger.logMethod [as log] (utils/logger.ts:82:7)

    console.log
      [INFO] Upcoming meetings loaded { count: 2, timestamp: '2026-01-30T03:36:52.453Z' }

      at Logger.logMethod [as log] (utils/logger.ts:82:7)

    console.log
      [INFO] Upcoming meetings loaded { count: 2, timestamp: '2026-01-30T03:36:52.453Z' }

      at Logger.logMethod [as log] (utils/logger.ts:82:7)

    console.log
      [INFO] Upcoming meetings loaded { count: 2, timestamp: '2026-01-30T03:36:52.453Z' }

      at Logger.logMethod [as log] (utils/logger.ts:82:7)

    console.log
      [INFO] Upcoming meetings loaded { count: 2, timestamp: '2026-01-30T03:36:52.453Z' }

      at Logger.logMethod [as log] (utils/logger.ts:82:7)

    console.log
      [INFO] Upcoming meetings loaded { count: 2, timestamp: '2026-01-30T03:36:52.454Z' }

      at Logger.logMethod [as log] (utils/logger.ts:82:7)

    console.log
      [INFO] Upcoming meetings loaded { count: 2, timestamp: '2026-01-30T03:36:52.454Z' }

      at Logger.logMethod [as log] (utils/logger.ts:82:7)

    console.log
      [INFO] Upcoming meetings loaded { count: 2, timestamp: '2026-01-30T03:36:52.454Z' }

      at Logger.logMethod [as log] (utils/logger.ts:82:7)

    console.log
      [INFO] Upcoming meetings loaded { count: 2, timestamp: '2026-01-30T03:36:52.454Z' }

      at Logger.logMethod [as log] (utils/logger.ts:82:7)

    console.log
      [INFO] Upcoming meetings loaded { count: 2, timestamp: '2026-01-30T03:36:52.454Z' }

      at Logger.logMethod [as log] (utils/logger.ts:82:7)

    console.log
      [INFO] Upcoming meetings loaded { count: 2, timestamp: '2026-01-30T03:36:52.454Z' }

      at Logger.logMethod [as log] (utils/logger.ts:82:7)

    console.log
      [INFO] Upcoming meetings loaded { count: 2, timestamp: '2026-01-30T03:36:52.454Z' }

      at Logger.logMethod [as log] (utils/logger.ts:82:7)

    console.log
      [INFO] Upcoming meetings loaded { count: 2, timestamp: '2026-01-30T03:36:52.455Z' }

      at Logger.logMethod [as log] (utils/logger.ts:82:7)

    console.log
      [INFO] Upcoming meetings loaded { count: 2, timestamp: '2026-01-30T03:36:52.455Z' }

      at Logger.logMethod [as log] (utils/logger.ts:82:7)

    console.log
      [INFO] Upcoming meetings loaded { count: 2, timestamp: '2026-01-30T03:36:52.455Z' }

      at Logger.logMethod [as log] (utils/logger.ts:82:7)

    console.log
      [INFO] Upcoming meetings loaded { count: 2, timestamp: '2026-01-30T03:36:52.455Z' }

      at Logger.logMethod [as log] (utils/logger.ts:82:7)

    console.log
      [INFO] Upcoming meetings loaded { count: 2, timestamp: '2026-01-30T03:36:52.455Z' }

      at Logger.logMethod [as log] (utils/logger.ts:82:7)

    console.log
      [INFO] Upcoming meetings loaded { count: 2, timestamp: '2026-01-30T03:36:52.455Z' }

      at Logger.logMethod [as log] (utils/logger.ts:82:7)

    console.log
      [INFO] Upcoming meetings loaded { count: 2, timestamp: '2026-01-30T03:36:52.455Z' }

      at Logger.logMethod [as log] (utils/logger.ts:82:7)

    console.log
      [INFO] Upcoming meetings loaded { count: 2, timestamp: '2026-01-30T03:36:52.455Z' }

      at Logger.logMethod [as log] (utils/logger.ts:82:7)

    console.log
      [INFO] Upcoming meetings loaded { count: 2, timestamp: '2026-01-30T03:36:52.455Z' }

      at Logger.logMethod [as log] (utils/logger.ts:82:7)

    console.log
      [INFO] Upcoming meetings loaded { count: 2, timestamp: '2026-01-30T03:36:52.456Z' }

      at Logger.logMethod [as log] (utils/logger.ts:82:7)

    console.log
      [INFO] Upcoming meetings loaded { count: 2, timestamp: '2026-01-30T03:36:52.456Z' }

      at Logger.logMethod [as log] (utils/logger.ts:82:7)

    console.log
      [INFO] Upcoming meetings loaded { count: 2, timestamp: '2026-01-30T03:36:52.456Z' }

      at Logger.logMethod [as log] (utils/logger.ts:82:7)

    console.log
      [INFO] Upcoming meetings loaded { count: 2, timestamp: '2026-01-30T03:36:52.456Z' }

      at Logger.logMethod [as log] (utils/logger.ts:82:7)

    console.log
      [INFO] Upcoming meetings loaded { count: 2, timestamp: '2026-01-30T03:36:52.456Z' }

      at Logger.logMethod [as log] (utils/logger.ts:82:7)

    console.log
      [INFO] Upcoming meetings loaded { count: 2, timestamp: '2026-01-30T03:36:52.456Z' }

      at Logger.logMethod [as log] (utils/logger.ts:82:7)

    console.log
      [INFO] Upcoming meetings loaded { count: 2, timestamp: '2026-01-30T03:36:52.456Z' }

      at Logger.logMethod [as log] (utils/logger.ts:82:7)

    console.log
      [INFO] Upcoming meetings loaded { count: 2, timestamp: '2026-01-30T03:36:52.456Z' }

      at Logger.logMethod [as log] (utils/logger.ts:82:7)

    console.log
      [INFO] Upcoming meetings loaded { count: 2, timestamp: '2026-01-30T03:36:52.456Z' }

      at Logger.logMethod [as log] (utils/logger.ts:82:7)

    console.log
      [INFO] Upcoming meetings loaded { count: 2, timestamp: '2026-01-30T03:36:52.457Z' }

      at Logger.logMethod [as log] (utils/logger.ts:82:7)

    console.log
      [INFO] Upcoming meetings loaded { count: 2, timestamp: '2026-01-30T03:36:52.457Z' }

      at Logger.logMethod [as log] (utils/logger.ts:82:7)

    console.log
      [INFO] Upcoming meetings loaded { count: 2, timestamp: '2026-01-30T03:36:52.457Z' }

      at Logger.logMethod [as log] (utils/logger.ts:82:7)

    console.log
      [INFO] Upcoming meetings loaded { count: 2, timestamp: '2026-01-30T03:36:52.457Z' }

      at Logger.logMethod [as log] (utils/logger.ts:82:7)

    console.log
      [INFO] Upcoming meetings loaded { count: 2, timestamp: '2026-01-30T03:36:52.457Z' }

      at Logger.logMethod [as log] (utils/logger.ts:82:7)

    console.log
      [INFO] Upcoming meetings loaded { count: 2, timestamp: '2026-01-30T03:36:52.457Z' }

      at Logger.logMethod [as log] (utils/logger.ts:82:7)

    console.log
      [INFO] Upcoming meetings loaded { count: 2, timestamp: '2026-01-30T03:36:52.457Z' }

      at Logger.logMethod [as log] (utils/logger.ts:82:7)

    console.log
      [INFO] Upcoming meetings loaded { count: 2, timestamp: '2026-01-30T03:36:52.457Z' }

      at Logger.logMethod [as log] (utils/logger.ts:82:7)

    console.log
      [INFO] Upcoming meetings loaded { count: 2, timestamp: '2026-01-30T03:36:52.457Z' }

      at Logger.logMethod [as log] (utils/logger.ts:82:7)

    console.log
      [INFO] Upcoming meetings loaded { count: 2, timestamp: '2026-01-30T03:36:52.457Z' }

      at Logger.logMethod [as log] (utils/logger.ts:82:7)

    console.log
      [INFO] Upcoming meetings loaded { count: 2, timestamp: '2026-01-30T03:36:52.458Z' }

      at Logger.logMethod [as log] (utils/logger.ts:82:7)

    console.log
      [INFO] Upcoming meetings loaded { count: 2, timestamp: '2026-01-30T03:36:52.458Z' }

      at Logger.logMethod [as log] (utils/logger.ts:82:7)

    console.log
      [INFO] Upcoming meetings loaded { count: 2, timestamp: '2026-01-30T03:36:52.458Z' }

      at Logger.logMethod [as log] (utils/logger.ts:82:7)

    console.log
      [INFO] Upcoming meetings loaded { count: 2, timestamp: '2026-01-30T03:36:52.458Z' }

      at Logger.logMethod [as log] (utils/logger.ts:82:7)

    console.log
      [INFO] Upcoming meetings loaded { count: 2, timestamp: '2026-01-30T03:36:52.458Z' }

      at Logger.logMethod [as log] (utils/logger.ts:82:7)

    console.log
      [INFO] Upcoming meetings loaded { count: 2, timestamp: '2026-01-30T03:36:52.458Z' }

      at Logger.logMethod [as log] (utils/logger.ts:82:7)

    console.log
      [INFO] Upcoming meetings loaded { count: 2, timestamp: '2026-01-30T03:36:52.458Z' }

      at Logger.logMethod [as log] (utils/logger.ts:82:7)

    console.log
      [INFO] Upcoming meetings loaded { count: 2, timestamp: '2026-01-30T03:36:52.458Z' }

      at Logger.logMethod [as log] (utils/logger.ts:82:7)

    console.log
      [INFO] Upcoming meetings loaded { count: 2, timestamp: '2026-01-30T03:36:52.458Z' }

      at Logger.logMethod [as log] (utils/logger.ts:82:7)

    console.log
      [INFO] Upcoming meetings loaded { count: 2, timestamp: '2026-01-30T03:36:52.458Z' }

      at Logger.logMethod [as log] (utils/logger.ts:82:7)

    console.log
      [INFO] Upcoming meetings loaded { count: 2, timestamp: '2026-01-30T03:36:52.459Z' }

      at Logger.logMethod [as log] (utils/logger.ts:82:7)

    console.log
      [INFO] Upcoming meetings loaded { count: 2, timestamp: '2026-01-30T03:36:52.461Z' }

      at Logger.logMethod [as log] (utils/logger.ts:82:7)

    console.log
      [INFO] Upcoming meetings loaded { count: 2, timestamp: '2026-01-30T03:36:52.461Z' }

      at Logger.logMethod [as log] (utils/logger.ts:82:7)

    console.log
      [INFO] Upcoming meetings loaded { count: 2, timestamp: '2026-01-30T03:36:52.461Z' }

      at Logger.logMethod [as log] (utils/logger.ts:82:7)

    console.log
      [INFO] Upcoming meetings loaded { count: 2, timestamp: '2026-01-30T03:36:52.462Z' }

      at Logger.logMethod [as log] (utils/logger.ts:82:7)

    console.log
      [INFO] Upcoming meetings loaded { count: 2, timestamp: '2026-01-30T03:36:52.462Z' }

      at Logger.logMethod [as log] (utils/logger.ts:82:7)

    console.log
      [INFO] Upcoming meetings loaded { count: 2, timestamp: '2026-01-30T03:36:52.462Z' }

      at Logger.logMethod [as log] (utils/logger.ts:82:7)

    console.log
      [INFO] Upcoming meetings loaded { count: 2, timestamp: '2026-01-30T03:36:52.462Z' }

      at Logger.logMethod [as log] (utils/logger.ts:82:7)

    console.log
      [INFO] Upcoming meetings loaded { count: 2, timestamp: '2026-01-30T03:36:52.462Z' }

      at Logger.logMethod [as log] (utils/logger.ts:82:7)

    console.log
      [INFO] Upcoming meetings loaded { count: 2, timestamp: '2026-01-30T03:36:52.462Z' }

      at Logger.logMethod [as log] (utils/logger.ts:82:7)

    console.log
      [INFO] Upcoming meetings loaded { count: 2, timestamp: '2026-01-30T03:36:52.462Z' }

      at Logger.logMethod [as log] (utils/logger.ts:82:7)

    console.log
      [INFO] Upcoming meetings loaded { count: 2, timestamp: '2026-01-30T03:36:52.462Z' }

      at Logger.logMethod [as log] (utils/logger.ts:82:7)

    console.log
      [INFO] Upcoming meetings loaded { count: 2, timestamp: '2026-01-30T03:36:52.462Z' }

      at Logger.logMethod [as log] (utils/logger.ts:82:7)

    console.log
      [INFO] Upcoming meetings loaded { count: 2, timestamp: '2026-01-30T03:36:52.462Z' }

      at Logger.logMethod [as log] (utils/logger.ts:82:7)

    console.log
      [INFO] Upcoming meetings loaded { count: 2, timestamp: '2026-01-30T03:36:52.463Z' }

      at Logger.logMethod [as log] (utils/logger.ts:82:7)

    console.log
      [INFO] Upcoming meetings loaded { count: 2, timestamp: '2026-01-30T03:36:52.463Z' }

      at Logger.logMethod [as log] (utils/logger.ts:82:7)

    console.log
      [INFO] Upcoming meetings loaded { count: 2, timestamp: '2026-01-30T03:36:52.463Z' }

      at Logger.logMethod [as log] (utils/logger.ts:82:7)

    console.log
      [INFO] Upcoming meetings loaded { count: 2, timestamp: '2026-01-30T03:36:52.463Z' }

      at Logger.logMethod [as log] (utils/logger.ts:82:7)

    console.log
      [INFO] Upcoming meetings loaded { count: 2, timestamp: '2026-01-30T03:36:52.463Z' }

      at Logger.logMethod [as log] (utils/logger.ts:82:7)

    console.log
      [INFO] Upcoming meetings loaded { count: 2, timestamp: '2026-01-30T03:36:52.463Z' }

      at Logger.logMethod [as log] (utils/logger.ts:82:7)

    console.log
      [INFO] Upcoming meetings loaded { count: 2, timestamp: '2026-01-30T03:36:52.463Z' }

      at Logger.logMethod [as log] (utils/logger.ts:82:7)

    console.log
      [INFO] Upcoming meetings loaded { count: 2, timestamp: '2026-01-30T03:36:52.463Z' }

      at Logger.logMethod [as log] (utils/logger.ts:82:7)

    console.log
      [INFO] Upcoming meetings loaded { count: 2, timestamp: '2026-01-30T03:36:52.463Z' }

      at Logger.logMethod [as log] (utils/logger.ts:82:7)

    console.log
      [INFO] Upcoming meetings loaded { count: 2, timestamp: '2026-01-30T03:36:52.464Z' }

      at Logger.logMethod [as log] (utils/logger.ts:82:7)

    console.log
      [INFO] Upcoming meetings loaded { count: 2, timestamp: '2026-01-30T03:36:52.464Z' }

      at Logger.logMethod [as log] (utils/logger.ts:82:7)

    console.log
      [INFO] Upcoming meetings loaded { count: 2, timestamp: '2026-01-30T03:36:52.464Z' }

      at Logger.logMethod [as log] (utils/logger.ts:82:7)

    console.log
      [INFO] Upcoming meetings loaded { count: 2, timestamp: '2026-01-30T03:36:52.464Z' }

      at Logger.logMethod [as log] (utils/logger.ts:82:7)

    console.log
      [INFO] Upcoming meetings loaded { count: 2, timestamp: '2026-01-30T03:36:52.464Z' }

      at Logger.logMethod [as log] (utils/logger.ts:82:7)

    console.log
      [INFO] Upcoming meetings loaded { count: 2, timestamp: '2026-01-30T03:36:52.464Z' }

      at Logger.logMethod [as log] (utils/logger.ts:82:7)

    console.log
      [INFO] Upcoming meetings loaded { count: 2, timestamp: '2026-01-30T03:36:52.464Z' }

      at Logger.logMethod [as log] (utils/logger.ts:82:7)

    console.log
      [INFO] Upcoming meetings loaded { count: 2, timestamp: '2026-01-30T03:36:52.464Z' }

      at Logger.logMethod [as log] (utils/logger.ts:82:7)

    console.log
      [INFO] Upcoming meetings loaded { count: 2, timestamp: '2026-01-30T03:36:52.464Z' }

      at Logger.logMethod [as log] (utils/logger.ts:82:7)

    console.log
      [INFO] Upcoming meetings loaded { count: 2, timestamp: '2026-01-30T03:36:52.465Z' }

      at Logger.logMethod [as log] (utils/logger.ts:82:7)

    console.log
      [INFO] Upcoming meetings loaded { count: 2, timestamp: '2026-01-30T03:36:52.465Z' }

      at Logger.logMethod [as log] (utils/logger.ts:82:7)

    console.log
      [INFO] Upcoming meetings loaded { count: 2, timestamp: '2026-01-30T03:36:52.465Z' }

      at Logger.logMethod [as log] (utils/logger.ts:82:7)

    console.log
      [INFO] Upcoming meetings loaded { count: 2, timestamp: '2026-01-30T03:36:52.465Z' }

      at Logger.logMethod [as log] (utils/logger.ts:82:7)

    console.log
      [INFO] Upcoming meetings loaded { count: 2, timestamp: '2026-01-30T03:36:52.465Z' }

      at Logger.logMethod [as log] (utils/logger.ts:82:7)

    console.log
      [INFO] Upcoming meetings loaded { count: 2, timestamp: '2026-01-30T03:36:52.465Z' }

      at Logger.logMethod [as log] (utils/logger.ts:82:7)

    console.log
      [INFO] Upcoming meetings loaded { count: 2, timestamp: '2026-01-30T03:36:52.465Z' }

      at Logger.logMethod [as log] (utils/logger.ts:82:7)

    console.log
      [INFO] Upcoming meetings loaded { count: 2, timestamp: '2026-01-30T03:36:52.465Z' }

      at Logger.logMethod [as log] (utils/logger.ts:82:7)

    console.log
      [INFO] Upcoming meetings loaded { count: 2, timestamp: '2026-01-30T03:36:52.465Z' }

      at Logger.logMethod [as log] (utils/logger.ts:82:7)

    console.log
      [INFO] Upcoming meetings loaded { count: 2, timestamp: '2026-01-30T03:36:52.466Z' }

      at Logger.logMethod [as log] (utils/logger.ts:82:7)

    console.log
      [INFO] Upcoming meetings loaded { count: 2, timestamp: '2026-01-30T03:36:52.466Z' }

      at Logger.logMethod [as log] (utils/logger.ts:82:7)

    console.log
      [INFO] Upcoming meetings loaded { count: 2, timestamp: '2026-01-30T03:36:52.466Z' }

      at Logger.logMethod [as log] (utils/logger.ts:82:7)

    console.log
      [INFO] Upcoming meetings loaded { count: 2, timestamp: '2026-01-30T03:36:52.466Z' }

      at Logger.logMethod [as log] (utils/logger.ts:82:7)

    console.log
      [INFO] Upcoming meetings loaded { count: 2, timestamp: '2026-01-30T03:36:52.466Z' }

      at Logger.logMethod [as log] (utils/logger.ts:82:7)

    console.log
      [INFO] Upcoming meetings loaded { count: 2, timestamp: '2026-01-30T03:36:52.466Z' }

      at Logger.logMethod [as log] (utils/logger.ts:82:7)

    console.log
      [INFO] Upcoming meetings loaded { count: 2, timestamp: '2026-01-30T03:36:52.466Z' }

      at Logger.logMethod [as log] (utils/logger.ts:82:7)

    console.log
      [INFO] Upcoming meetings loaded { count: 2, timestamp: '2026-01-30T03:36:52.466Z' }

      at Logger.logMethod [as log] (utils/logger.ts:82:7)

    console.log
      [INFO] Upcoming meetings loaded { count: 2, timestamp: '2026-01-30T03:36:52.466Z' }

      at Logger.logMethod [as log] (utils/logger.ts:82:7)

    console.log
      [INFO] Upcoming meetings loaded { count: 2, timestamp: '2026-01-30T03:36:52.466Z' }

      at Logger.logMethod [as log] (utils/logger.ts:82:7)

    console.log
      [INFO] Upcoming meetings loaded { count: 2, timestamp: '2026-01-30T03:36:52.467Z' }

      at Logger.logMethod [as log] (utils/logger.ts:82:7)

    console.log
      [INFO] Upcoming meetings loaded { count: 2, timestamp: '2026-01-30T03:36:52.467Z' }

      at Logger.logMethod [as log] (utils/logger.ts:82:7)

    console.log
      [INFO] Upcoming meetings loaded { count: 2, timestamp: '2026-01-30T03:36:52.467Z' }

      at Logger.logMethod [as log] (utils/logger.ts:82:7)

    console.log
      [INFO] Upcoming meetings loaded { count: 2, timestamp: '2026-01-30T03:36:52.467Z' }

      at Logger.logMethod [as log] (utils/logger.ts:82:7)

    console.log
      [INFO] Upcoming meetings loaded { count: 2, timestamp: '2026-01-30T03:36:52.467Z' }

      at Logger.logMethod [as log] (utils/logger.ts:82:7)

    console.log
      [INFO] Upcoming meetings loaded { count: 2, timestamp: '2026-01-30T03:36:52.467Z' }

      at Logger.logMethod [as log] (utils/logger.ts:82:7)

    console.log
      [INFO] Upcoming meetings loaded { count: 2, timestamp: '2026-01-30T03:36:52.467Z' }

      at Logger.logMethod [as log] (utils/logger.ts:82:7)

    console.log
      [INFO] Upcoming meetings loaded { count: 2, timestamp: '2026-01-30T03:36:52.467Z' }

      at Logger.logMethod [as log] (utils/logger.ts:82:7)

    console.log
      [INFO] Upcoming meetings loaded { count: 2, timestamp: '2026-01-30T03:36:52.467Z' }

      at Logger.logMethod [as log] (utils/logger.ts:82:7)

    console.log
      [INFO] Upcoming meetings loaded { count: 2, timestamp: '2026-01-30T03:36:52.467Z' }

      at Logger.logMethod [as log] (utils/logger.ts:82:7)

    console.log
      [INFO] Upcoming meetings loaded { count: 2, timestamp: '2026-01-30T03:36:52.468Z' }

      at Logger.logMethod [as log] (utils/logger.ts:82:7)

    console.log
      [INFO] Upcoming meetings loaded { count: 2, timestamp: '2026-01-30T03:36:52.468Z' }

      at Logger.logMethod [as log] (utils/logger.ts:82:7)

    console.log
      [INFO] Upcoming meetings loaded { count: 2, timestamp: '2026-01-30T03:36:52.468Z' }

      at Logger.logMethod [as log] (utils/logger.ts:82:7)

    console.log
      [INFO] Upcoming meetings loaded { count: 2, timestamp: '2026-01-30T03:36:52.468Z' }

      at Logger.logMethod [as log] (utils/logger.ts:82:7)

    console.log
      [INFO] Upcoming meetings loaded { count: 2, timestamp: '2026-01-30T03:36:52.468Z' }

      at Logger.logMethod [as log] (utils/logger.ts:82:7)

    console.log
      [INFO] Upcoming meetings loaded { count: 2, timestamp: '2026-01-30T03:36:52.468Z' }

      at Logger.logMethod [as log] (utils/logger.ts:82:7)

    console.log
      [INFO] Upcoming meetings loaded { count: 2, timestamp: '2026-01-30T03:36:52.468Z' }

      at Logger.logMethod [as log] (utils/logger.ts:82:7)

    console.log
      [INFO] Upcoming meetings loaded { count: 2, timestamp: '2026-01-30T03:36:52.468Z' }

      at Logger.logMethod [as log] (utils/logger.ts:82:7)

    console.log
      [INFO] Upcoming meetings loaded { count: 2, timestamp: '2026-01-30T03:36:52.468Z' }

      at Logger.logMethod [as log] (utils/logger.ts:82:7)

    console.log
      [INFO] Upcoming meetings loaded { count: 2, timestamp: '2026-01-30T03:36:52.468Z' }

      at Logger.logMethod [as log] (utils/logger.ts:82:7)

    console.log
      [INFO] Upcoming meetings loaded { count: 2, timestamp: '2026-01-30T03:36:52.469Z' }

      at Logger.logMethod [as log] (utils/logger.ts:82:7)

    console.log
      [INFO] Upcoming meetings loaded { count: 2, timestamp: '2026-01-30T03:36:52.469Z' }

      at Logger.logMethod [as log] (utils/logger.ts:82:7)

    console.log
      [INFO] Upcoming meetings loaded { count: 2, timestamp: '2026-01-30T03:36:52.469Z' }

      at Logger.logMethod [as log] (utils/logger.ts:82:7)

    console.log
      [INFO] Upcoming meetings loaded { count: 2, timestamp: '2026-01-30T03:36:52.469Z' }

      at Logger.logMethod [as log] (utils/logger.ts:82:7)

    console.log
      [INFO] Upcoming meetings loaded { count: 2, timestamp: '2026-01-30T03:36:52.469Z' }

      at Logger.logMethod [as log] (utils/logger.ts:82:7)

    console.log
      [INFO] Upcoming meetings loaded { count: 2, timestamp: '2026-01-30T03:36:52.469Z' }

      at Logger.logMethod [as log] (utils/logger.ts:82:7)

    console.log
      [INFO] Upcoming meetings loaded { count: 2, timestamp: '2026-01-30T03:36:52.469Z' }

      at Logger.logMethod [as log] (utils/logger.ts:82:7)

    console.log
      [INFO] Upcoming meetings loaded { count: 2, timestamp: '2026-01-30T03:36:52.469Z' }

      at Logger.logMethod [as log] (utils/logger.ts:82:7)

    console.log
      [INFO] Upcoming meetings loaded { count: 2, timestamp: '2026-01-30T03:36:52.469Z' }

      at Logger.logMethod [as log] (utils/logger.ts:82:7)

    console.log
      [INFO] Upcoming meetings loaded { count: 2, timestamp: '2026-01-30T03:36:52.470Z' }

      at Logger.logMethod [as log] (utils/logger.ts:82:7)

    console.log
      [INFO] Upcoming meetings loaded { count: 2, timestamp: '2026-01-30T03:36:52.470Z' }

      at Logger.logMethod [as log] (utils/logger.ts:82:7)

    console.log
      [INFO] Upcoming meetings loaded { count: 2, timestamp: '2026-01-30T03:36:52.470Z' }

      at Logger.logMethod [as log] (utils/logger.ts:82:7)

    console.log
      [INFO] Upcoming meetings loaded { count: 2, timestamp: '2026-01-30T03:36:52.470Z' }

      at Logger.logMethod [as log] (utils/logger.ts:82:7)

    console.log
      [INFO] Upcoming meetings loaded { count: 2, timestamp: '2026-01-30T03:36:52.470Z' }

      at Logger.logMethod [as log] (utils/logger.ts:82:7)

    console.log
      [INFO] Upcoming meetings loaded { count: 2, timestamp: '2026-01-30T03:36:52.470Z' }

      at Logger.logMethod [as log] (utils/logger.ts:82:7)

    console.log
      [INFO] Upcoming meetings loaded { count: 2, timestamp: '2026-01-30T03:36:52.470Z' }

      at Logger.logMethod [as log] (utils/logger.ts:82:7)

    console.log
      [INFO] Upcoming meetings loaded { count: 2, timestamp: '2026-01-30T03:36:52.470Z' }

      at Logger.logMethod [as log] (utils/logger.ts:82:7)

    console.log
      [INFO] Upcoming meetings loaded { count: 2, timestamp: '2026-01-30T03:36:52.470Z' }

      at Logger.logMethod [as log] (utils/logger.ts:82:7)

    console.log
      [INFO] Upcoming meetings loaded { count: 2, timestamp: '2026-01-30T03:36:52.471Z' }

      at Logger.logMethod [as log] (utils/logger.ts:82:7)

    console.log
      [INFO] Upcoming meetings loaded { count: 2, timestamp: '2026-01-30T03:36:52.471Z' }

      at Logger.logMethod [as log] (utils/logger.ts:82:7)

    console.log
      [INFO] Upcoming meetings loaded { count: 2, timestamp: '2026-01-30T03:36:52.471Z' }

      at Logger.logMethod [as log] (utils/logger.ts:82:7)

    console.log
      [INFO] Upcoming meetings loaded { count: 2, timestamp: '2026-01-30T03:36:52.471Z' }

      at Logger.logMethod [as log] (utils/logger.ts:82:7)

    console.log
      [INFO] Upcoming meetings loaded { count: 2, timestamp: '2026-01-30T03:36:52.471Z' }

      at Logger.logMethod [as log] (utils/logger.ts:82:7)

    console.log
      [INFO] Upcoming meetings loaded { count: 2, timestamp: '2026-01-30T03:36:52.471Z' }

      at Logger.logMethod [as log] (utils/logger.ts:82:7)

    console.log
      [INFO] Upcoming meetings loaded { count: 2, timestamp: '2026-01-30T03:36:52.471Z' }

      at Logger.logMethod [as log] (utils/logger.ts:82:7)

    console.log
      [INFO] Upcoming meetings loaded { count: 2, timestamp: '2026-01-30T03:36:52.471Z' }

      at Logger.logMethod [as log] (utils/logger.ts:82:7)

    console.log
      [INFO] Upcoming meetings loaded { count: 2, timestamp: '2026-01-30T03:36:52.471Z' }

      at Logger.logMethod [as log] (utils/logger.ts:82:7)

    console.log
      [INFO] Upcoming meetings loaded { count: 2, timestamp: '2026-01-30T03:36:52.472Z' }

      at Logger.logMethod [as log] (utils/logger.ts:82:7)

    console.log
      [INFO] Upcoming meetings loaded { count: 2, timestamp: '2026-01-30T03:36:52.472Z' }

      at Logger.logMethod [as log] (utils/logger.ts:82:7)

    console.log
      [INFO] Upcoming meetings loaded { count: 2, timestamp: '2026-01-30T03:36:52.472Z' }

      at Logger.logMethod [as log] (utils/logger.ts:82:7)

    console.log
      [INFO] Upcoming meetings loaded { count: 2, timestamp: '2026-01-30T03:36:52.472Z' }

      at Logger.logMethod [as log] (utils/logger.ts:82:7)

    console.log
      [INFO] Upcoming meetings loaded { count: 2, timestamp: '2026-01-30T03:36:52.472Z' }

      at Logger.logMethod [as log] (utils/logger.ts:82:7)

    console.log
      [INFO] Upcoming meetings loaded { count: 2, timestamp: '2026-01-30T03:36:52.472Z' }

      at Logger.logMethod [as log] (utils/logger.ts:82:7)

    console.log
      [INFO] Upcoming meetings loaded { count: 2, timestamp: '2026-01-30T03:36:52.472Z' }

      at Logger.logMethod [as log] (utils/logger.ts:82:7)

    console.log
      [INFO] Upcoming meetings loaded { count: 2, timestamp: '2026-01-30T03:36:52.472Z' }

      at Logger.logMethod [as log] (utils/logger.ts:82:7)

    console.log
      [INFO] Upcoming meetings loaded { count: 2, timestamp: '2026-01-30T03:36:52.472Z' }

      at Logger.logMethod [as log] (utils/logger.ts:82:7)

    console.log
      [INFO] Upcoming meetings loaded { count: 2, timestamp: '2026-01-30T03:36:52.472Z' }

      at Logger.logMethod [as log] (utils/logger.ts:82:7)

    console.log
      [INFO] Upcoming meetings loaded { count: 2, timestamp: '2026-01-30T03:36:52.473Z' }

      at Logger.logMethod [as log] (utils/logger.ts:82:7)

    console.log
      [INFO] Upcoming meetings loaded { count: 2, timestamp: '2026-01-30T03:36:52.473Z' }

      at Logger.logMethod [as log] (utils/logger.ts:82:7)

    console.log
      [INFO] Upcoming meetings loaded { count: 2, timestamp: '2026-01-30T03:36:52.473Z' }

      at Logger.logMethod [as log] (utils/logger.ts:82:7)

    console.log
      [INFO] Upcoming meetings loaded { count: 2, timestamp: '2026-01-30T03:36:52.473Z' }

      at Logger.logMethod [as log] (utils/logger.ts:82:7)

    console.log
      [INFO] Upcoming meetings loaded { count: 2, timestamp: '2026-01-30T03:36:52.473Z' }

      at Logger.logMethod [as log] (utils/logger.ts:82:7)

    console.log
      [INFO] Upcoming meetings loaded { count: 2, timestamp: '2026-01-30T03:36:52.473Z' }

      at Logger.logMethod [as log] (utils/logger.ts:82:7)

    console.log
      [INFO] Upcoming meetings loaded { count: 2, timestamp: '2026-01-30T03:36:52.473Z' }

      at Logger.logMethod [as log] (utils/logger.ts:82:7)

    console.log
      [INFO] Upcoming meetings loaded { count: 2, timestamp: '2026-01-30T03:36:52.473Z' }

      at Logger.logMethod [as log] (utils/logger.ts:82:7)

    console.log
      [INFO] Upcoming meetings loaded { count: 2, timestamp: '2026-01-30T03:36:52.473Z' }

      at Logger.logMethod [as log] (utils/logger.ts:82:7)

    console.log
      [INFO] Upcoming meetings loaded { count: 2, timestamp: '2026-01-30T03:36:52.474Z' }

      at Logger.logMethod [as log] (utils/logger.ts:82:7)

    console.log
      [INFO] Upcoming meetings loaded { count: 2, timestamp: '2026-01-30T03:36:52.474Z' }

      at Logger.logMethod [as log] (utils/logger.ts:82:7)

    console.log
      [INFO] Upcoming meetings loaded { count: 2, timestamp: '2026-01-30T03:36:52.474Z' }

      at Logger.logMethod [as log] (utils/logger.ts:82:7)

    console.log
      [INFO] Upcoming meetings loaded { count: 2, timestamp: '2026-01-30T03:36:52.474Z' }

      at Logger.logMethod [as log] (utils/logger.ts:82:7)

    console.log
      [INFO] Upcoming meetings loaded { count: 2, timestamp: '2026-01-30T03:36:52.474Z' }

      at Logger.logMethod [as log] (utils/logger.ts:82:7)

    console.log
      [INFO] Upcoming meetings loaded { count: 2, timestamp: '2026-01-30T03:36:52.474Z' }

      at Logger.logMethod [as log] (utils/logger.ts:82:7)

    console.log
      [INFO] Upcoming meetings loaded { count: 2, timestamp: '2026-01-30T03:36:52.474Z' }

      at Logger.logMethod [as log] (utils/logger.ts:82:7)

    console.log
      [INFO] Upcoming meetings loaded { count: 2, timestamp: '2026-01-30T03:36:52.474Z' }

      at Logger.logMethod [as log] (utils/logger.ts:82:7)

    console.log
      [INFO] Upcoming meetings loaded { count: 2, timestamp: '2026-01-30T03:36:52.474Z' }

      at Logger.logMethod [as log] (utils/logger.ts:82:7)

    console.log
      [INFO] Upcoming meetings loaded { count: 2, timestamp: '2026-01-30T03:36:52.475Z' }

      at Logger.logMethod [as log] (utils/logger.ts:82:7)

    console.log
      [INFO] Upcoming meetings loaded { count: 2, timestamp: '2026-01-30T03:36:52.475Z' }

      at Logger.logMethod [as log] (utils/logger.ts:82:7)

    console.log
      [INFO] Upcoming meetings loaded { count: 2, timestamp: '2026-01-30T03:36:52.476Z' }

      at Logger.logMethod [as log] (utils/logger.ts:82:7)

    console.log
      [INFO] Upcoming meetings loaded { count: 2, timestamp: '2026-01-30T03:36:52.477Z' }

      at Logger.logMethod [as log] (utils/logger.ts:82:7)

    console.log
      [INFO] Upcoming meetings loaded { count: 2, timestamp: '2026-01-30T03:36:52.479Z' }

      at Logger.logMethod [as log] (utils/logger.ts:82:7)

    console.log
      [INFO] Upcoming meetings loaded { count: 2, timestamp: '2026-01-30T03:36:52.479Z' }

      at Logger.logMethod [as log] (utils/logger.ts:82:7)

    console.log
      [INFO] Upcoming meetings loaded { count: 2, timestamp: '2026-01-30T03:36:52.480Z' }

      at Logger.logMethod [as log] (utils/logger.ts:82:7)

    console.log
      [INFO] Upcoming meetings loaded { count: 2, timestamp: '2026-01-30T03:36:52.480Z' }

      at Logger.logMethod [as log] (utils/logger.ts:82:7)

    console.log
      [INFO] Upcoming meetings loaded { count: 2, timestamp: '2026-01-30T03:36:52.480Z' }

      at Logger.logMethod [as log] (utils/logger.ts:82:7)

    console.log
      [INFO] Upcoming meetings loaded { count: 2, timestamp: '2026-01-30T03:36:52.480Z' }

      at Logger.logMethod [as log] (utils/logger.ts:82:7)

    console.log
      [INFO] Upcoming meetings loaded { count: 2, timestamp: '2026-01-30T03:36:52.480Z' }

      at Logger.logMethod [as log] (utils/logger.ts:82:7)

    console.log
      [INFO] Upcoming meetings loaded { count: 2, timestamp: '2026-01-30T03:36:52.480Z' }

      at Logger.logMethod [as log] (utils/logger.ts:82:7)

    console.log
      [INFO] Upcoming meetings loaded { count: 2, timestamp: '2026-01-30T03:36:52.481Z' }

      at Logger.logMethod [as log] (utils/logger.ts:82:7)

    console.log
      [INFO] Upcoming meetings loaded { count: 2, timestamp: '2026-01-30T03:36:52.481Z' }

      at Logger.logMethod [as log] (utils/logger.ts:82:7)

    console.log
      [INFO] Upcoming meetings loaded { count: 2, timestamp: '2026-01-30T03:36:52.481Z' }

      at Logger.logMethod [as log] (utils/logger.ts:82:7)

    console.log
      [INFO] Upcoming meetings loaded { count: 2, timestamp: '2026-01-30T03:36:52.481Z' }

      at Logger.logMethod [as log] (utils/logger.ts:82:7)

    console.log
      [INFO] Upcoming meetings loaded { count: 2, timestamp: '2026-01-30T03:36:52.481Z' }

      at Logger.logMethod [as log] (utils/logger.ts:82:7)

    console.log
      [INFO] Upcoming meetings loaded { count: 2, timestamp: '2026-01-30T03:36:52.481Z' }

      at Logger.logMethod [as log] (utils/logger.ts:82:7)

    console.log
      [INFO] Upcoming meetings loaded { count: 2, timestamp: '2026-01-30T03:36:52.481Z' }

      at Logger.logMethod [as log] (utils/logger.ts:82:7)

    console.log
      [INFO] Upcoming meetings loaded { count: 2, timestamp: '2026-01-30T03:36:52.482Z' }

      at Logger.logMethod [as log] (utils/logger.ts:82:7)

    console.log
      [INFO] Upcoming meetings loaded { count: 2, timestamp: '2026-01-30T03:36:52.482Z' }

      at Logger.logMethod [as log] (utils/logger.ts:82:7)

    console.log
      [INFO] Upcoming meetings loaded { count: 2, timestamp: '2026-01-30T03:36:52.482Z' }

      at Logger.logMethod [as log] (utils/logger.ts:82:7)

    console.log
      [INFO] Upcoming meetings loaded { count: 2, timestamp: '2026-01-30T03:36:52.482Z' }

      at Logger.logMethod [as log] (utils/logger.ts:82:7)

    console.log
      [INFO] Upcoming meetings loaded { count: 2, timestamp: '2026-01-30T03:36:52.482Z' }

      at Logger.logMethod [as log] (utils/logger.ts:82:7)

    console.log
      [INFO] Upcoming meetings loaded { count: 2, timestamp: '2026-01-30T03:36:52.482Z' }

      at Logger.logMethod [as log] (utils/logger.ts:82:7)

    console.log
      [INFO] Upcoming meetings loaded { count: 2, timestamp: '2026-01-30T03:36:52.482Z' }

      at Logger.logMethod [as log] (utils/logger.ts:82:7)

    console.log
      [INFO] Upcoming meetings loaded { count: 2, timestamp: '2026-01-30T03:36:52.482Z' }

      at Logger.logMethod [as log] (utils/logger.ts:82:7)

    console.log
      [INFO] Upcoming meetings loaded { count: 2, timestamp: '2026-01-30T03:36:52.482Z' }

      at Logger.logMethod [as log] (utils/logger.ts:82:7)

    console.log
      [INFO] Upcoming meetings loaded { count: 2, timestamp: '2026-01-30T03:36:52.483Z' }

      at Logger.logMethod [as log] (utils/logger.ts:82:7)

    console.log
      [INFO] Upcoming meetings loaded { count: 2, timestamp: '2026-01-30T03:36:52.483Z' }

      at Logger.logMethod [as log] (utils/logger.ts:82:7)

    console.log
      [INFO] Upcoming meetings loaded { count: 2, timestamp: '2026-01-30T03:36:52.483Z' }

      at Logger.logMethod [as log] (utils/logger.ts:82:7)

    console.log
      [INFO] Upcoming meetings loaded { count: 2, timestamp: '2026-01-30T03:36:52.483Z' }

      at Logger.logMethod [as log] (utils/logger.ts:82:7)

    console.log
      [INFO] Upcoming meetings loaded { count: 2, timestamp: '2026-01-30T03:36:52.483Z' }

      at Logger.logMethod [as log] (utils/logger.ts:82:7)

    console.log
      [INFO] Upcoming meetings loaded { count: 2, timestamp: '2026-01-30T03:36:52.483Z' }

      at Logger.logMethod [as log] (utils/logger.ts:82:7)

    console.log
      [INFO] Upcoming meetings loaded { count: 2, timestamp: '2026-01-30T03:36:52.483Z' }

      at Logger.logMethod [as log] (utils/logger.ts:82:7)

    console.log
      [INFO] Upcoming meetings loaded { count: 2, timestamp: '2026-01-30T03:36:52.483Z' }

      at Logger.logMethod [as log] (utils/logger.ts:82:7)

    console.log
      [INFO] Upcoming meetings loaded { count: 2, timestamp: '2026-01-30T03:36:52.483Z' }

      at Logger.logMethod [as log] (utils/logger.ts:82:7)

    console.log
      [INFO] Upcoming meetings loaded { count: 2, timestamp: '2026-01-30T03:36:52.483Z' }

      at Logger.logMethod [as log] (utils/logger.ts:82:7)

    console.log
      [INFO] Upcoming meetings loaded { count: 2, timestamp: '2026-01-30T03:36:52.484Z' }

      at Logger.logMethod [as log] (utils/logger.ts:82:7)

    console.log
      [INFO] Upcoming meetings loaded { count: 2, timestamp: '2026-01-30T03:36:52.484Z' }

      at Logger.logMethod [as log] (utils/logger.ts:82:7)

    console.log
      [INFO] Upcoming meetings loaded { count: 2, timestamp: '2026-01-30T03:36:52.484Z' }

      at Logger.logMethod [as log] (utils/logger.ts:82:7)

    console.log
      [INFO] Upcoming meetings loaded { count: 2, timestamp: '2026-01-30T03:36:52.484Z' }

      at Logger.logMethod [as log] (utils/logger.ts:82:7)

    console.log
      [INFO] Upcoming meetings loaded { count: 2, timestamp: '2026-01-30T03:36:52.484Z' }

      at Logger.logMethod [as log] (utils/logger.ts:82:7)

    console.log
      [INFO] Upcoming meetings loaded { count: 2, timestamp: '2026-01-30T03:36:52.484Z' }

      at Logger.logMethod [as log] (utils/logger.ts:82:7)

    console.log
      [INFO] Upcoming meetings loaded { count: 2, timestamp: '2026-01-30T03:36:52.484Z' }

      at Logger.logMethod [as log] (utils/logger.ts:82:7)

    console.log
      [INFO] Upcoming meetings loaded { count: 2, timestamp: '2026-01-30T03:36:52.484Z' }

      at Logger.logMethod [as log] (utils/logger.ts:82:7)

    console.log
      [INFO] Upcoming meetings loaded { count: 2, timestamp: '2026-01-30T03:36:52.484Z' }

      at Logger.logMethod [as log] (utils/logger.ts:82:7)

    console.log
      [INFO] Upcoming meetings loaded { count: 2, timestamp: '2026-01-30T03:36:52.485Z' }

      at Logger.logMethod [as log] (utils/logger.ts:82:7)

    console.log
      [INFO] Upcoming meetings loaded { count: 2, timestamp: '2026-01-30T03:36:52.485Z' }

      at Logger.logMethod [as log] (utils/logger.ts:82:7)

    console.log
      [INFO] Upcoming meetings loaded { count: 2, timestamp: '2026-01-30T03:36:52.485Z' }

      at Logger.logMethod [as log] (utils/logger.ts:82:7)

    console.log
      [INFO] Upcoming meetings loaded { count: 2, timestamp: '2026-01-30T03:36:52.485Z' }

      at Logger.logMethod [as log] (utils/logger.ts:82:7)

    console.log
      [INFO] Upcoming meetings loaded { count: 2, timestamp: '2026-01-30T03:36:52.485Z' }

      at Logger.logMethod [as log] (utils/logger.ts:82:7)

    console.log
      [INFO] Upcoming meetings loaded { count: 2, timestamp: '2026-01-30T03:36:52.485Z' }

      at Logger.logMethod [as log] (utils/logger.ts:82:7)

    console.log
      [INFO] Upcoming meetings loaded { count: 2, timestamp: '2026-01-30T03:36:52.485Z' }

      at Logger.logMethod [as log] (utils/logger.ts:82:7)

    console.log
      [INFO] Upcoming meetings loaded { count: 2, timestamp: '2026-01-30T03:36:52.485Z' }

      at Logger.logMethod [as log] (utils/logger.ts:82:7)

    console.log
      [INFO] Upcoming meetings loaded { count: 2, timestamp: '2026-01-30T03:36:52.485Z' }

      at Logger.logMethod [as log] (utils/logger.ts:82:7)

    console.log
      [INFO] Upcoming meetings loaded { count: 2, timestamp: '2026-01-30T03:36:52.486Z' }

      at Logger.logMethod [as log] (utils/logger.ts:82:7)

    console.log
      [INFO] Upcoming meetings loaded { count: 2, timestamp: '2026-01-30T03:36:52.486Z' }

      at Logger.logMethod [as log] (utils/logger.ts:82:7)

    console.log
      [INFO] Upcoming meetings loaded { count: 2, timestamp: '2026-01-30T03:36:52.486Z' }

      at Logger.logMethod [as log] (utils/logger.ts:82:7)

    console.log
      [INFO] Upcoming meetings loaded { count: 2, timestamp: '2026-01-30T03:36:52.486Z' }

      at Logger.logMethod [as log] (utils/logger.ts:82:7)

    console.log
      [INFO] Upcoming meetings loaded { count: 2, timestamp: '2026-01-30T03:36:52.486Z' }

      at Logger.logMethod [as log] (utils/logger.ts:82:7)

    console.log
      [INFO] Upcoming meetings loaded { count: 2, timestamp: '2026-01-30T03:36:52.486Z' }

      at Logger.logMethod [as log] (utils/logger.ts:82:7)

    console.log
      [INFO] Upcoming meetings loaded { count: 2, timestamp: '2026-01-30T03:36:52.486Z' }

      at Logger.logMethod [as log] (utils/logger.ts:82:7)

    console.log
      [INFO] Upcoming meetings loaded { count: 2, timestamp: '2026-01-30T03:36:52.486Z' }

      at Logger.logMethod [as log] (utils/logger.ts:82:7)

    console.log
      [INFO] Upcoming meetings loaded { count: 2, timestamp: '2026-01-30T03:36:52.486Z' }

      at Logger.logMethod [as log] (utils/logger.ts:82:7)

    console.log
      [INFO] Upcoming meetings loaded { count: 2, timestamp: '2026-01-30T03:36:52.486Z' }

      at Logger.logMethod [as log] (utils/logger.ts:82:7)

    console.log
      [INFO] Upcoming meetings loaded { count: 2, timestamp: '2026-01-30T03:36:52.487Z' }

      at Logger.logMethod [as log] (utils/logger.ts:82:7)

    console.log
      [INFO] Upcoming meetings loaded { count: 2, timestamp: '2026-01-30T03:36:52.487Z' }

      at Logger.logMethod [as log] (utils/logger.ts:82:7)

    console.log
      [INFO] Upcoming meetings loaded { count: 2, timestamp: '2026-01-30T03:36:52.487Z' }

      at Logger.logMethod [as log] (utils/logger.ts:82:7)

    console.log
      [INFO] Upcoming meetings loaded { count: 2, timestamp: '2026-01-30T03:36:52.487Z' }

      at Logger.logMethod [as log] (utils/logger.ts:82:7)

    console.log
      [INFO] Upcoming meetings loaded { count: 2, timestamp: '2026-01-30T03:36:52.487Z' }

      at Logger.logMethod [as log] (utils/logger.ts:82:7)

    console.log
      [INFO] Upcoming meetings loaded { count: 2, timestamp: '2026-01-30T03:36:52.487Z' }

      at Logger.logMethod [as log] (utils/logger.ts:82:7)

    console.log
      [INFO] Upcoming meetings loaded { count: 2, timestamp: '2026-01-30T03:36:52.487Z' }

      at Logger.logMethod [as log] (utils/logger.ts:82:7)

    console.log
      [INFO] Upcoming meetings loaded { count: 2, timestamp: '2026-01-30T03:36:52.487Z' }

      at Logger.logMethod [as log] (utils/logger.ts:82:7)

    console.log
      [INFO] Upcoming meetings loaded { count: 2, timestamp: '2026-01-30T03:36:52.487Z' }

      at Logger.logMethod [as log] (utils/logger.ts:82:7)

    console.log
      [INFO] Upcoming meetings loaded { count: 2, timestamp: '2026-01-30T03:36:52.488Z' }

      at Logger.logMethod [as log] (utils/logger.ts:82:7)

    console.log
      [INFO] Upcoming meetings loaded { count: 2, timestamp: '2026-01-30T03:36:52.488Z' }

      at Logger.logMethod [as log] (utils/logger.ts:82:7)

    console.log
      [INFO] Upcoming meetings loaded { count: 2, timestamp: '2026-01-30T03:36:52.488Z' }

      at Logger.logMethod [as log] (utils/logger.ts:82:7)

    console.log
      [INFO] Upcoming meetings loaded { count: 2, timestamp: '2026-01-30T03:36:52.488Z' }

      at Logger.logMethod [as log] (utils/logger.ts:82:7)

    console.log
      [INFO] Upcoming meetings loaded { count: 2, timestamp: '2026-01-30T03:36:52.488Z' }

      at Logger.logMethod [as log] (utils/logger.ts:82:7)

    console.log
      [INFO] Upcoming meetings loaded { count: 2, timestamp: '2026-01-30T03:36:52.488Z' }

      at Logger.logMethod [as log] (utils/logger.ts:82:7)

    console.log
      [INFO] Upcoming meetings loaded { count: 2, timestamp: '2026-01-30T03:36:52.488Z' }

      at Logger.logMethod [as log] (utils/logger.ts:82:7)

    console.log
      [INFO] Upcoming meetings loaded { count: 2, timestamp: '2026-01-30T03:36:52.488Z' }

      at Logger.logMethod [as log] (utils/logger.ts:82:7)

    console.log
      [INFO] Upcoming meetings loaded { count: 2, timestamp: '2026-01-30T03:36:52.488Z' }

      at Logger.logMethod [as log] (utils/logger.ts:82:7)

    console.log
      [INFO] Upcoming meetings loaded { count: 2, timestamp: '2026-01-30T03:36:52.488Z' }

      at Logger.logMethod [as log] (utils/logger.ts:82:7)

    console.log
      [INFO] Upcoming meetings loaded { count: 2, timestamp: '2026-01-30T03:36:52.489Z' }

      at Logger.logMethod [as log] (utils/logger.ts:82:7)

    console.log
      [INFO] Upcoming meetings loaded { count: 2, timestamp: '2026-01-30T03:36:52.489Z' }

      at Logger.logMethod [as log] (utils/logger.ts:82:7)

    console.log
      [INFO] Upcoming meetings loaded { count: 2, timestamp: '2026-01-30T03:36:52.489Z' }

      at Logger.logMethod [as log] (utils/logger.ts:82:7)

    console.log
      [INFO] Upcoming meetings loaded { count: 2, timestamp: '2026-01-30T03:36:52.489Z' }

      at Logger.logMethod [as log] (utils/logger.ts:82:7)

    console.log
      [INFO] Upcoming meetings loaded { count: 2, timestamp: '2026-01-30T03:36:52.489Z' }

      at Logger.logMethod [as log] (utils/logger.ts:82:7)

    console.log
      [INFO] Upcoming meetings loaded { count: 2, timestamp: '2026-01-30T03:36:52.489Z' }

      at Logger.logMethod [as log] (utils/logger.ts:82:7)

    console.log
      [INFO] Upcoming meetings loaded { count: 2, timestamp: '2026-01-30T03:36:52.489Z' }

      at Logger.logMethod [as log] (utils/logger.ts:82:7)

    console.log
      [INFO] Upcoming meetings loaded { count: 2, timestamp: '2026-01-30T03:36:52.489Z' }

      at Logger.logMethod [as log] (utils/logger.ts:82:7)

    console.log
      [INFO] Upcoming meetings loaded { count: 2, timestamp: '2026-01-30T03:36:52.489Z' }

      at Logger.logMethod [as log] (utils/logger.ts:82:7)

    console.log
      [INFO] Upcoming meetings loaded { count: 2, timestamp: '2026-01-30T03:36:52.489Z' }

      at Logger.logMethod [as log] (utils/logger.ts:82:7)

    console.log
      [INFO] Upcoming meetings loaded { count: 2, timestamp: '2026-01-30T03:36:52.490Z' }

      at Logger.logMethod [as log] (utils/logger.ts:82:7)

    console.log
      [INFO] Upcoming meetings loaded { count: 2, timestamp: '2026-01-30T03:36:52.490Z' }

      at Logger.logMethod [as log] (utils/logger.ts:82:7)

    console.log
      [INFO] Upcoming meetings loaded { count: 2, timestamp: '2026-01-30T03:36:52.490Z' }

      at Logger.logMethod [as log] (utils/logger.ts:82:7)

    console.log
      [INFO] Upcoming meetings loaded { count: 2, timestamp: '2026-01-30T03:36:52.490Z' }

      at Logger.logMethod [as log] (utils/logger.ts:82:7)

    console.log
      [INFO] Upcoming meetings loaded { count: 2, timestamp: '2026-01-30T03:36:52.490Z' }

      at Logger.logMethod [as log] (utils/logger.ts:82:7)

    console.log
      [INFO] Upcoming meetings loaded { count: 2, timestamp: '2026-01-30T03:36:52.490Z' }

      at Logger.logMethod [as log] (utils/logger.ts:82:7)

    console.log
      [INFO] Upcoming meetings loaded { count: 2, timestamp: '2026-01-30T03:36:52.490Z' }

      at Logger.logMethod [as log] (utils/logger.ts:82:7)

    console.log
      [INFO] Upcoming meetings loaded { count: 2, timestamp: '2026-01-30T03:36:52.490Z' }

      at Logger.logMethod [as log] (utils/logger.ts:82:7)

    console.log
      [INFO] Upcoming meetings loaded { count: 2, timestamp: '2026-01-30T03:36:52.490Z' }

      at Logger.logMethod [as log] (utils/logger.ts:82:7)

    console.log
      [INFO] Upcoming meetings loaded { count: 2, timestamp: '2026-01-30T03:36:52.491Z' }

      at Logger.logMethod [as log] (utils/logger.ts:82:7)

    console.log
      [INFO] Upcoming meetings loaded { count: 2, timestamp: '2026-01-30T03:36:52.491Z' }

      at Logger.logMethod [as log] (utils/logger.ts:82:7)

    console.log
      [INFO] Upcoming meetings loaded { count: 2, timestamp: '2026-01-30T03:36:52.491Z' }

      at Logger.logMethod [as log] (utils/logger.ts:82:7)

    console.log
      [INFO] Upcoming meetings loaded { count: 2, timestamp: '2026-01-30T03:36:52.491Z' }

      at Logger.logMethod [as log] (utils/logger.ts:82:7)

    console.log
      [INFO] Upcoming meetings loaded { count: 2, timestamp: '2026-01-30T03:36:52.491Z' }

      at Logger.logMethod [as log] (utils/logger.ts:82:7)

    console.log
      [INFO] Upcoming meetings loaded { count: 2, timestamp: '2026-01-30T03:36:52.491Z' }

      at Logger.logMethod [as log] (utils/logger.ts:82:7)

    console.log
      [INFO] Upcoming meetings loaded { count: 2, timestamp: '2026-01-30T03:36:52.491Z' }

      at Logger.logMethod [as log] (utils/logger.ts:82:7)

    console.log
      [INFO] Upcoming meetings loaded { count: 2, timestamp: '2026-01-30T03:36:52.491Z' }

      at Logger.logMethod [as log] (utils/logger.ts:82:7)

    console.log
      [INFO] Upcoming meetings loaded { count: 2, timestamp: '2026-01-30T03:36:52.491Z' }

      at Logger.logMethod [as log] (utils/logger.ts:82:7)

    console.log
      [INFO] Upcoming meetings loaded { count: 2, timestamp: '2026-01-30T03:36:52.491Z' }

      at Logger.logMethod [as log] (utils/logger.ts:82:7)

    console.log
      [INFO] Upcoming meetings loaded { count: 2, timestamp: '2026-01-30T03:36:52.492Z' }

      at Logger.logMethod [as log] (utils/logger.ts:82:7)

    console.log
      [INFO] Upcoming meetings loaded { count: 2, timestamp: '2026-01-30T03:36:52.492Z' }

      at Logger.logMethod [as log] (utils/logger.ts:82:7)

    console.log
      [INFO] Upcoming meetings loaded { count: 2, timestamp: '2026-01-30T03:36:52.492Z' }

      at Logger.logMethod [as log] (utils/logger.ts:82:7)

    console.log
      [INFO] Upcoming meetings loaded { count: 2, timestamp: '2026-01-30T03:36:52.492Z' }

      at Logger.logMethod [as log] (utils/logger.ts:82:7)

    console.log
      [INFO] Upcoming meetings loaded { count: 2, timestamp: '2026-01-30T03:36:52.492Z' }

      at Logger.logMethod [as log] (utils/logger.ts:82:7)

    console.log
      [INFO] Upcoming meetings loaded { count: 2, timestamp: '2026-01-30T03:36:52.492Z' }

      at Logger.logMethod [as log] (utils/logger.ts:82:7)

    console.log
      [INFO] Upcoming meetings loaded { count: 2, timestamp: '2026-01-30T03:36:52.492Z' }

      at Logger.logMethod [as log] (utils/logger.ts:82:7)

    console.log
      [INFO] Upcoming meetings loaded { count: 2, timestamp: '2026-01-30T03:36:52.492Z' }

      at Logger.logMethod [as log] (utils/logger.ts:82:7)

    console.log
      [INFO] Upcoming meetings loaded { count: 2, timestamp: '2026-01-30T03:36:52.492Z' }

      at Logger.logMethod [as log] (utils/logger.ts:82:7)

    console.log
      [INFO] Upcoming meetings loaded { count: 2, timestamp: '2026-01-30T03:36:52.492Z' }

      at Logger.logMethod [as log] (utils/logger.ts:82:7)

    console.log
      [INFO] Upcoming meetings loaded { count: 2, timestamp: '2026-01-30T03:36:52.493Z' }

      at Logger.logMethod [as log] (utils/logger.ts:82:7)

    console.log
      [INFO] Upcoming meetings loaded { count: 2, timestamp: '2026-01-30T03:36:52.493Z' }

      at Logger.logMethod [as log] (utils/logger.ts:82:7)

    console.log
      [INFO] Upcoming meetings loaded { count: 2, timestamp: '2026-01-30T03:36:52.493Z' }

      at Logger.logMethod [as log] (utils/logger.ts:82:7)

    console.log
      [INFO] Upcoming meetings loaded { count: 2, timestamp: '2026-01-30T03:36:52.493Z' }

      at Logger.logMethod [as log] (utils/logger.ts:82:7)

    console.log
      [INFO] Upcoming meetings loaded { count: 2, timestamp: '2026-01-30T03:36:52.493Z' }

      at Logger.logMethod [as log] (utils/logger.ts:82:7)

    console.log
      [INFO] Upcoming meetings loaded { count: 2, timestamp: '2026-01-30T03:36:52.493Z' }

      at Logger.logMethod [as log] (utils/logger.ts:82:7)

    console.log
      [INFO] Upcoming meetings loaded { count: 2, timestamp: '2026-01-30T03:36:52.493Z' }

      at Logger.logMethod [as log] (utils/logger.ts:82:7)

    console.log
      [INFO] Upcoming meetings loaded { count: 2, timestamp: '2026-01-30T03:36:52.493Z' }

      at Logger.logMethod [as log] (utils/logger.ts:82:7)

    console.log
      [INFO] Upcoming meetings loaded { count: 2, timestamp: '2026-01-30T03:36:52.493Z' }

      at Logger.logMethod [as log] (utils/logger.ts:82:7)

    console.log
      [INFO] Upcoming meetings loaded { count: 2, timestamp: '2026-01-30T03:36:52.494Z' }

      at Logger.logMethod [as log] (utils/logger.ts:82:7)

    console.log
      [INFO] Upcoming meetings loaded { count: 2, timestamp: '2026-01-30T03:36:52.494Z' }

      at Logger.logMethod [as log] (utils/logger.ts:82:7)

    console.log
      [INFO] Upcoming meetings loaded { count: 2, timestamp: '2026-01-30T03:36:52.494Z' }

      at Logger.logMethod [as log] (utils/logger.ts:82:7)

    console.log
      [INFO] Upcoming meetings loaded { count: 2, timestamp: '2026-01-30T03:36:52.494Z' }

      at Logger.logMethod [as log] (utils/logger.ts:82:7)

    console.log
      [INFO] Upcoming meetings loaded { count: 2, timestamp: '2026-01-30T03:36:52.494Z' }

      at Logger.logMethod [as log] (utils/logger.ts:82:7)

    console.log
      [INFO] Upcoming meetings loaded { count: 2, timestamp: '2026-01-30T03:36:52.494Z' }

      at Logger.logMethod [as log] (utils/logger.ts:82:7)

    console.log
      [INFO] Upcoming meetings loaded { count: 2, timestamp: '2026-01-30T03:36:52.494Z' }

      at Logger.logMethod [as log] (utils/logger.ts:82:7)

    console.log
      [INFO] Upcoming meetings loaded { count: 2, timestamp: '2026-01-30T03:36:52.494Z' }

      at Logger.logMethod [as log] (utils/logger.ts:82:7)

    console.log
      [INFO] Upcoming meetings loaded { count: 2, timestamp: '2026-01-30T03:36:52.494Z' }

      at Logger.logMethod [as log] (utils/logger.ts:82:7)

    console.log
      [INFO] Upcoming meetings loaded { count: 2, timestamp: '2026-01-30T03:36:52.494Z' }

      at Logger.logMethod [as log] (utils/logger.ts:82:7)

    console.log
      [INFO] Upcoming meetings loaded { count: 2, timestamp: '2026-01-30T03:36:52.495Z' }

      at Logger.logMethod [as log] (utils/logger.ts:82:7)

    console.log
      [INFO] Upcoming meetings loaded { count: 2, timestamp: '2026-01-30T03:36:52.495Z' }

      at Logger.logMethod [as log] (utils/logger.ts:82:7)

    console.log
      [INFO] Upcoming meetings loaded { count: 2, timestamp: '2026-01-30T03:36:52.495Z' }

      at Logger.logMethod [as log] (utils/logger.ts:82:7)

    console.log
      [INFO] Upcoming meetings loaded { count: 2, timestamp: '2026-01-30T03:36:52.495Z' }

      at Logger.logMethod [as log] (utils/logger.ts:82:7)

    console.log
      [INFO] Upcoming meetings loaded { count: 2, timestamp: '2026-01-30T03:36:52.495Z' }

      at Logger.logMethod [as log] (utils/logger.ts:82:7)

    console.log
      [INFO] Upcoming meetings loaded { count: 2, timestamp: '2026-01-30T03:36:52.495Z' }

      at Logger.logMethod [as log] (utils/logger.ts:82:7)

    console.log
      [INFO] Upcoming meetings loaded { count: 2, timestamp: '2026-01-30T03:36:52.495Z' }

      at Logger.logMethod [as log] (utils/logger.ts:82:7)

    console.log
      [INFO] Upcoming meetings loaded { count: 2, timestamp: '2026-01-30T03:36:52.495Z' }

      at Logger.logMethod [as log] (utils/logger.ts:82:7)

    console.log
      [INFO] Upcoming meetings loaded { count: 2, timestamp: '2026-01-30T03:36:52.495Z' }

      at Logger.logMethod [as log] (utils/logger.ts:82:7)

    console.log
      [INFO] Upcoming meetings loaded { count: 2, timestamp: '2026-01-30T03:36:52.496Z' }

      at Logger.logMethod [as log] (utils/logger.ts:82:7)

    console.log
      [INFO] Upcoming meetings loaded { count: 2, timestamp: '2026-01-30T03:36:52.496Z' }

      at Logger.logMethod [as log] (utils/logger.ts:82:7)

    console.log
      [INFO] Upcoming meetings loaded { count: 2, timestamp: '2026-01-30T03:36:52.496Z' }

      at Logger.logMethod [as log] (utils/logger.ts:82:7)

    console.log
      [INFO] Upcoming meetings loaded { count: 2, timestamp: '2026-01-30T03:36:52.496Z' }

      at Logger.logMethod [as log] (utils/logger.ts:82:7)

    console.log
      [INFO] Upcoming meetings loaded { count: 2, timestamp: '2026-01-30T03:36:52.496Z' }

      at Logger.logMethod [as log] (utils/logger.ts:82:7)

    console.log
      [INFO] Upcoming meetings loaded { count: 2, timestamp: '2026-01-30T03:36:52.496Z' }

      at Logger.logMethod [as log] (utils/logger.ts:82:7)

    console.log
      [INFO] Upcoming meetings loaded { count: 2, timestamp: '2026-01-30T03:36:52.496Z' }

      at Logger.logMethod [as log] (utils/logger.ts:82:7)

    console.log
      [INFO] Upcoming meetings loaded { count: 2, timestamp: '2026-01-30T03:36:52.496Z' }

      at Logger.logMethod [as log] (utils/logger.ts:82:7)

    console.log
      [INFO] Upcoming meetings loaded { count: 2, timestamp: '2026-01-30T03:36:52.496Z' }

      at Logger.logMethod [as log] (utils/logger.ts:82:7)

    console.log
      [INFO] Upcoming meetings loaded { count: 2, timestamp: '2026-01-30T03:36:52.497Z' }

      at Logger.logMethod [as log] (utils/logger.ts:82:7)

    console.log
      [INFO] Upcoming meetings loaded { count: 2, timestamp: '2026-01-30T03:36:52.497Z' }

      at Logger.logMethod [as log] (utils/logger.ts:82:7)

    console.log
      [INFO] Upcoming meetings loaded { count: 2, timestamp: '2026-01-30T03:36:52.497Z' }

      at Logger.logMethod [as log] (utils/logger.ts:82:7)

    console.log
      [INFO] Upcoming meetings loaded { count: 2, timestamp: '2026-01-30T03:36:52.497Z' }

      at Logger.logMethod [as log] (utils/logger.ts:82:7)

    console.log
      [INFO] Upcoming meetings loaded { count: 2, timestamp: '2026-01-30T03:36:52.497Z' }

      at Logger.logMethod [as log] (utils/logger.ts:82:7)

    console.log
      [INFO] Upcoming meetings loaded { count: 2, timestamp: '2026-01-30T03:36:52.497Z' }

      at Logger.logMethod [as log] (utils/logger.ts:82:7)

    console.log
      [INFO] Upcoming meetings loaded { count: 2, timestamp: '2026-01-30T03:36:52.497Z' }

      at Logger.logMethod [as log] (utils/logger.ts:82:7)

    console.log
      [INFO] Upcoming meetings loaded { count: 2, timestamp: '2026-01-30T03:36:52.497Z' }

      at Logger.logMethod [as log] (utils/logger.ts:82:7)

    console.log
      [INFO] Upcoming meetings loaded { count: 2, timestamp: '2026-01-30T03:36:52.497Z' }

      at Logger.logMethod [as log] (utils/logger.ts:82:7)

    console.log
      [INFO] Upcoming meetings loaded { count: 2, timestamp: '2026-01-30T03:36:52.498Z' }

      at Logger.logMethod [as log] (utils/logger.ts:82:7)

    console.log
      [INFO] Upcoming meetings loaded { count: 2, timestamp: '2026-01-30T03:36:52.498Z' }

      at Logger.logMethod [as log] (utils/logger.ts:82:7)

    console.log
      [INFO] Upcoming meetings loaded { count: 2, timestamp: '2026-01-30T03:36:52.498Z' }

      at Logger.logMethod [as log] (utils/logger.ts:82:7)

    console.log
      [INFO] Upcoming meetings loaded { count: 2, timestamp: '2026-01-30T03:36:52.498Z' }

      at Logger.logMethod [as log] (utils/logger.ts:82:7)

    console.log
      [INFO] Upcoming meetings loaded { count: 2, timestamp: '2026-01-30T03:36:52.498Z' }

      at Logger.logMethod [as log] (utils/logger.ts:82:7)

    console.log
      [INFO] Upcoming meetings loaded { count: 2, timestamp: '2026-01-30T03:36:52.498Z' }

      at Logger.logMethod [as log] (utils/logger.ts:82:7)

    console.log
      [INFO] Upcoming meetings loaded { count: 2, timestamp: '2026-01-30T03:36:52.498Z' }

      at Logger.logMethod [as log] (utils/logger.ts:82:7)

    console.log
      [INFO] Upcoming meetings loaded { count: 2, timestamp: '2026-01-30T03:36:52.498Z' }

      at Logger.logMethod [as log] (utils/logger.ts:82:7)

    console.log
      [INFO] Upcoming meetings loaded { count: 2, timestamp: '2026-01-30T03:36:52.498Z' }

      at Logger.logMethod [as log] (utils/logger.ts:82:7)

    console.log
      [INFO] Upcoming meetings loaded { count: 2, timestamp: '2026-01-30T03:36:52.498Z' }

      at Logger.logMethod [as log] (utils/logger.ts:82:7)

    console.log
      [INFO] Upcoming meetings loaded { count: 2, timestamp: '2026-01-30T03:36:52.499Z' }

      at Logger.logMethod [as log] (utils/logger.ts:82:7)

    console.log
      [INFO] Upcoming meetings loaded { count: 2, timestamp: '2026-01-30T03:36:52.499Z' }

      at Logger.logMethod [as log] (utils/logger.ts:82:7)

    console.log
      [INFO] Upcoming meetings loaded { count: 2, timestamp: '2026-01-30T03:36:52.499Z' }

      at Logger.logMethod [as log] (utils/logger.ts:82:7)

    console.log
      [INFO] Upcoming meetings loaded { count: 2, timestamp: '2026-01-30T03:36:52.499Z' }

      at Logger.logMethod [as log] (utils/logger.ts:82:7)

    console.log
      [INFO] Upcoming meetings loaded { count: 2, timestamp: '2026-01-30T03:36:52.499Z' }

      at Logger.logMethod [as log] (utils/logger.ts:82:7)

    console.log
      [INFO] Upcoming meetings loaded { count: 2, timestamp: '2026-01-30T03:36:52.499Z' }

      at Logger.logMethod [as log] (utils/logger.ts:82:7)

    console.log
      [INFO] Upcoming meetings loaded { count: 2, timestamp: '2026-01-30T03:36:52.499Z' }

      at Logger.logMethod [as log] (utils/logger.ts:82:7)

    console.log
      [INFO] Upcoming meetings loaded { count: 2, timestamp: '2026-01-30T03:36:52.499Z' }

      at Logger.logMethod [as log] (utils/logger.ts:82:7)

    console.log
      [INFO] Upcoming meetings loaded { count: 2, timestamp: '2026-01-30T03:36:52.499Z' }

      at Logger.logMethod [as log] (utils/logger.ts:82:7)

    console.log
      [INFO] Upcoming meetings loaded { count: 2, timestamp: '2026-01-30T03:36:52.500Z' }

      at Logger.logMethod [as log] (utils/logger.ts:82:7)

    console.log
      [INFO] Upcoming meetings loaded { count: 2, timestamp: '2026-01-30T03:36:52.500Z' }

      at Logger.logMethod [as log] (utils/logger.ts:82:7)

    console.log
      [INFO] Upcoming meetings loaded { count: 2, timestamp: '2026-01-30T03:36:52.500Z' }

      at Logger.logMethod [as log] (utils/logger.ts:82:7)

    console.log
      [INFO] Upcoming meetings loaded { count: 2, timestamp: '2026-01-30T03:36:52.500Z' }

      at Logger.logMethod [as log] (utils/logger.ts:82:7)

    console.log
      [INFO] Upcoming meetings loaded { count: 2, timestamp: '2026-01-30T03:36:52.500Z' }

      at Logger.logMethod [as log] (utils/logger.ts:82:7)

    console.log
      [INFO] Upcoming meetings loaded { count: 2, timestamp: '2026-01-30T03:36:52.500Z' }

      at Logger.logMethod [as log] (utils/logger.ts:82:7)

    console.log
      [INFO] Upcoming meetings loaded { count: 2, timestamp: '2026-01-30T03:36:52.500Z' }

      at Logger.logMethod [as log] (utils/logger.ts:82:7)

    console.log
      [INFO] Upcoming meetings loaded { count: 2, timestamp: '2026-01-30T03:36:52.500Z' }

      at Logger.logMethod [as log] (utils/logger.ts:82:7)

    console.log
      [INFO] Upcoming meetings loaded { count: 2, timestamp: '2026-01-30T03:36:52.500Z' }

      at Logger.logMethod [as log] (utils/logger.ts:82:7)

    console.log
      [INFO] Upcoming meetings loaded { count: 2, timestamp: '2026-01-30T03:36:52.500Z' }

      at Logger.logMethod [as log] (utils/logger.ts:82:7)

    console.log
      [INFO] Upcoming meetings loaded { count: 2, timestamp: '2026-01-30T03:36:52.501Z' }

      at Logger.logMethod [as log] (utils/logger.ts:82:7)

    console.log
      [INFO] Upcoming meetings loaded { count: 2, timestamp: '2026-01-30T03:36:52.501Z' }

      at Logger.logMethod [as log] (utils/logger.ts:82:7)

    console.log
      [INFO] Upcoming meetings loaded { count: 2, timestamp: '2026-01-30T03:36:52.501Z' }

      at Logger.logMethod [as log] (utils/logger.ts:82:7)

    console.log
      [INFO] Upcoming meetings loaded { count: 2, timestamp: '2026-01-30T03:36:52.501Z' }

      at Logger.logMethod [as log] (utils/logger.ts:82:7)

    console.log
      [INFO] Upcoming meetings loaded { count: 2, timestamp: '2026-01-30T03:36:52.501Z' }

      at Logger.logMethod [as log] (utils/logger.ts:82:7)

    console.log
      [INFO] Upcoming meetings loaded { count: 2, timestamp: '2026-01-30T03:36:52.501Z' }

      at Logger.logMethod [as log] (utils/logger.ts:82:7)

    console.log
      [INFO] Upcoming meetings loaded { count: 2, timestamp: '2026-01-30T03:36:52.501Z' }

      at Logger.logMethod [as log] (utils/logger.ts:82:7)

    console.log
      [INFO] Upcoming meetings loaded { count: 2, timestamp: '2026-01-30T03:36:52.501Z' }

      at Logger.logMethod [as log] (utils/logger.ts:82:7)

    console.log
      [INFO] Upcoming meetings loaded { count: 2, timestamp: '2026-01-30T03:36:52.501Z' }

      at Logger.logMethod [as log] (utils/logger.ts:82:7)

    console.log
      [INFO] Upcoming meetings loaded { count: 2, timestamp: '2026-01-30T03:36:52.502Z' }

      at Logger.logMethod [as log] (utils/logger.ts:82:7)

    console.log
      [INFO] Upcoming meetings loaded { count: 2, timestamp: '2026-01-30T03:36:52.502Z' }

      at Logger.logMethod [as log] (utils/logger.ts:82:7)

    console.log
      [INFO] Upcoming meetings loaded { count: 2, timestamp: '2026-01-30T03:36:52.502Z' }

      at Logger.logMethod [as log] (utils/logger.ts:82:7)

    console.log
      [INFO] Upcoming meetings loaded { count: 2, timestamp: '2026-01-30T03:36:52.502Z' }

      at Logger.logMethod [as log] (utils/logger.ts:82:7)

    console.log
      [INFO] Upcoming meetings loaded { count: 2, timestamp: '2026-01-30T03:36:52.502Z' }

      at Logger.logMethod [as log] (utils/logger.ts:82:7)

    console.log
      [INFO] Upcoming meetings loaded { count: 2, timestamp: '2026-01-30T03:36:52.502Z' }

      at Logger.logMethod [as log] (utils/logger.ts:82:7)

    console.log
      [INFO] Upcoming meetings loaded { count: 2, timestamp: '2026-01-30T03:36:52.502Z' }

      at Logger.logMethod [as log] (utils/logger.ts:82:7)

    console.log
      [INFO] Upcoming meetings loaded { count: 2, timestamp: '2026-01-30T03:36:52.502Z' }

      at Logger.logMethod [as log] (utils/logger.ts:82:7)

    console.log
      [INFO] Upcoming meetings loaded { count: 2, timestamp: '2026-01-30T03:36:52.502Z' }

      at Logger.logMethod [as log] (utils/logger.ts:82:7)

    console.log
      [INFO] Upcoming meetings loaded { count: 2, timestamp: '2026-01-30T03:36:52.502Z' }

      at Logger.logMethod [as log] (utils/logger.ts:82:7)

    console.log
      [INFO] Upcoming meetings loaded { count: 2, timestamp: '2026-01-30T03:36:52.503Z' }

      at Logger.logMethod [as log] (utils/logger.ts:82:7)

    console.log
      [INFO] Upcoming meetings loaded { count: 2, timestamp: '2026-01-30T03:36:52.503Z' }

      at Logger.logMethod [as log] (utils/logger.ts:82:7)

    console.log
      [INFO] Upcoming meetings loaded { count: 2, timestamp: '2026-01-30T03:36:52.503Z' }

      at Logger.logMethod [as log] (utils/logger.ts:82:7)

    console.log
      [INFO] Upcoming meetings loaded { count: 2, timestamp: '2026-01-30T03:36:52.503Z' }

      at Logger.logMethod [as log] (utils/logger.ts:82:7)

    console.log
      [INFO] Upcoming meetings loaded { count: 2, timestamp: '2026-01-30T03:36:52.503Z' }

      at Logger.logMethod [as log] (utils/logger.ts:82:7)

    console.log
      [INFO] Upcoming meetings loaded { count: 2, timestamp: '2026-01-30T03:36:52.503Z' }

      at Logger.logMethod [as log] (utils/logger.ts:82:7)

    console.log
      [INFO] Upcoming meetings loaded { count: 2, timestamp: '2026-01-30T03:36:52.503Z' }

      at Logger.logMethod [as log] (utils/logger.ts:82:7)

    console.log
      [INFO] Upcoming meetings loaded { count: 2, timestamp: '2026-01-30T03:36:52.503Z' }

      at Logger.logMethod [as log] (utils/logger.ts:82:7)

    console.log
      [INFO] Upcoming meetings loaded { count: 2, timestamp: '2026-01-30T03:36:52.503Z' }

      at Logger.logMethod [as log] (utils/logger.ts:82:7)

    console.log
      [INFO] Upcoming meetings loaded { count: 2, timestamp: '2026-01-30T03:36:52.503Z' }

      at Logger.logMethod [as log] (utils/logger.ts:82:7)

    console.log
      [INFO] Upcoming meetings loaded { count: 2, timestamp: '2026-01-30T03:36:52.504Z' }

      at Logger.logMethod [as log] (utils/logger.ts:82:7)

    console.log
      [INFO] Upcoming meetings loaded { count: 2, timestamp: '2026-01-30T03:36:52.504Z' }

      at Logger.logMethod [as log] (utils/logger.ts:82:7)

    console.log
      [INFO] Upcoming meetings loaded { count: 2, timestamp: '2026-01-30T03:36:52.504Z' }

      at Logger.logMethod [as log] (utils/logger.ts:82:7)

    console.log
      [INFO] Upcoming meetings loaded { count: 2, timestamp: '2026-01-30T03:36:52.504Z' }

      at Logger.logMethod [as log] (utils/logger.ts:82:7)

    console.log
      [INFO] Upcoming meetings loaded { count: 2, timestamp: '2026-01-30T03:36:52.504Z' }

      at Logger.logMethod [as log] (utils/logger.ts:82:7)

    console.log
      [INFO] Upcoming meetings loaded { count: 2, timestamp: '2026-01-30T03:36:52.504Z' }

      at Logger.logMethod [as log] (utils/logger.ts:82:7)

    console.log
      [INFO] Upcoming meetings loaded { count: 2, timestamp: '2026-01-30T03:36:52.504Z' }

      at Logger.logMethod [as log] (utils/logger.ts:82:7)

    console.log
      [INFO] Upcoming meetings loaded { count: 2, timestamp: '2026-01-30T03:36:52.504Z' }

      at Logger.logMethod [as log] (utils/logger.ts:82:7)

    console.log
      [INFO] Upcoming meetings loaded { count: 2, timestamp: '2026-01-30T03:36:52.504Z' }

      at Logger.logMethod [as log] (utils/logger.ts:82:7)

    console.log
      [INFO] Upcoming meetings loaded { count: 2, timestamp: '2026-01-30T03:36:52.505Z' }

      at Logger.logMethod [as log] (utils/logger.ts:82:7)

    console.log
      [INFO] Upcoming meetings loaded { count: 2, timestamp: '2026-01-30T03:36:52.505Z' }

      at Logger.logMethod [as log] (utils/logger.ts:82:7)

    console.log
      [INFO] Upcoming meetings loaded { count: 2, timestamp: '2026-01-30T03:36:52.505Z' }

      at Logger.logMethod [as log] (utils/logger.ts:82:7)

    console.log
      [INFO] Upcoming meetings loaded { count: 2, timestamp: '2026-01-30T03:36:52.505Z' }

      at Logger.logMethod [as log] (utils/logger.ts:82:7)

    console.log
      [INFO] Upcoming meetings loaded { count: 2, timestamp: '2026-01-30T03:36:52.505Z' }

      at Logger.logMethod [as log] (utils/logger.ts:82:7)

    console.log
      [INFO] Upcoming meetings loaded { count: 2, timestamp: '2026-01-30T03:36:52.505Z' }

      at Logger.logMethod [as log] (utils/logger.ts:82:7)

    console.log
      [INFO] Upcoming meetings loaded { count: 2, timestamp: '2026-01-30T03:36:52.505Z' }

      at Logger.logMethod [as log] (utils/logger.ts:82:7)

    console.log
      [INFO] Upcoming meetings loaded { count: 2, timestamp: '2026-01-30T03:36:52.505Z' }

      at Logger.logMethod [as log] (utils/logger.ts:82:7)

    console.log
      [INFO] Upcoming meetings loaded { count: 2, timestamp: '2026-01-30T03:36:52.505Z' }

      at Logger.logMethod [as log] (utils/logger.ts:82:7)

    console.log
      [INFO] Upcoming meetings loaded { count: 2, timestamp: '2026-01-30T03:36:52.505Z' }

      at Logger.logMethod [as log] (utils/logger.ts:82:7)

    console.log
      [INFO] Upcoming meetings loaded { count: 2, timestamp: '2026-01-30T03:36:52.506Z' }

      at Logger.logMethod [as log] (utils/logger.ts:82:7)

    console.log
      [INFO] Upcoming meetings loaded { count: 2, timestamp: '2026-01-30T03:36:52.506Z' }

      at Logger.logMethod [as log] (utils/logger.ts:82:7)

    console.log
      [INFO] Upcoming meetings loaded { count: 2, timestamp: '2026-01-30T03:36:52.506Z' }

      at Logger.logMethod [as log] (utils/logger.ts:82:7)

    console.log
      [INFO] Upcoming meetings loaded { count: 2, timestamp: '2026-01-30T03:36:52.506Z' }

      at Logger.logMethod [as log] (utils/logger.ts:82:7)

    console.log
      [INFO] Upcoming meetings loaded { count: 2, timestamp: '2026-01-30T03:36:52.506Z' }

      at Logger.logMethod [as log] (utils/logger.ts:82:7)

    console.log
      [INFO] Upcoming meetings loaded { count: 2, timestamp: '2026-01-30T03:36:52.506Z' }

      at Logger.logMethod [as log] (utils/logger.ts:82:7)

    console.log
      [INFO] Upcoming meetings loaded { count: 2, timestamp: '2026-01-30T03:36:52.506Z' }

      at Logger.logMethod [as log] (utils/logger.ts:82:7)

    console.log
      [INFO] Upcoming meetings loaded { count: 2, timestamp: '2026-01-30T03:36:52.506Z' }

      at Logger.logMethod [as log] (utils/logger.ts:82:7)

    console.log
      [INFO] Upcoming meetings loaded { count: 2, timestamp: '2026-01-30T03:36:52.506Z' }

      at Logger.logMethod [as log] (utils/logger.ts:82:7)

    console.log
      [INFO] Upcoming meetings loaded { count: 2, timestamp: '2026-01-30T03:36:52.507Z' }

      at Logger.logMethod [as log] (utils/logger.ts:82:7)

    console.log
      [INFO] Upcoming meetings loaded { count: 2, timestamp: '2026-01-30T03:36:52.507Z' }

      at Logger.logMethod [as log] (utils/logger.ts:82:7)

    console.log
      [INFO] Upcoming meetings loaded { count: 2, timestamp: '2026-01-30T03:36:52.507Z' }

      at Logger.logMethod [as log] (utils/logger.ts:82:7)

    console.log
      [INFO] Upcoming meetings loaded { count: 2, timestamp: '2026-01-30T03:36:52.507Z' }

      at Logger.logMethod [as log] (utils/logger.ts:82:7)

    console.log
      [INFO] Upcoming meetings loaded { count: 2, timestamp: '2026-01-30T03:36:52.507Z' }

      at Logger.logMethod [as log] (utils/logger.ts:82:7)

    console.log
      [INFO] Upcoming meetings loaded { count: 2, timestamp: '2026-01-30T03:36:52.507Z' }

      at Logger.logMethod [as log] (utils/logger.ts:82:7)

    console.log
      [INFO] Upcoming meetings loaded { count: 2, timestamp: '2026-01-30T03:36:52.507Z' }

      at Logger.logMethod [as log] (utils/logger.ts:82:7)

    console.log
      [INFO] Upcoming meetings loaded { count: 2, timestamp: '2026-01-30T03:36:52.507Z' }

      at Logger.logMethod [as log] (utils/logger.ts:82:7)

    console.log
      [INFO] Upcoming meetings loaded { count: 2, timestamp: '2026-01-30T03:36:52.507Z' }

      at Logger.logMethod [as log] (utils/logger.ts:82:7)

    console.log
      [INFO] Upcoming meetings loaded { count: 2, timestamp: '2026-01-30T03:36:52.507Z' }

      at Logger.logMethod [as log] (utils/logger.ts:82:7)

    console.log
      [INFO] Upcoming meetings loaded { count: 2, timestamp: '2026-01-30T03:36:52.508Z' }

      at Logger.logMethod [as log] (utils/logger.ts:82:7)

    console.log
      [INFO] Upcoming meetings loaded { count: 2, timestamp: '2026-01-30T03:36:52.508Z' }

      at Logger.logMethod [as log] (utils/logger.ts:82:7)

    console.log
      [INFO] Upcoming meetings loaded { count: 2, timestamp: '2026-01-30T03:36:52.508Z' }

      at Logger.logMethod [as log] (utils/logger.ts:82:7)

    console.log
      [INFO] Upcoming meetings loaded { count: 2, timestamp: '2026-01-30T03:36:52.508Z' }

      at Logger.logMethod [as log] (utils/logger.ts:82:7)

    console.log
      [INFO] Upcoming meetings loaded { count: 2, timestamp: '2026-01-30T03:36:52.508Z' }

      at Logger.logMethod [as log] (utils/logger.ts:82:7)

    console.log
      [INFO] Upcoming meetings loaded { count: 2, timestamp: '2026-01-30T03:36:52.508Z' }

      at Logger.logMethod [as log] (utils/logger.ts:82:7)

    console.log
      [INFO] Upcoming meetings loaded { count: 2, timestamp: '2026-01-30T03:36:52.508Z' }

      at Logger.logMethod [as log] (utils/logger.ts:82:7)

    console.log
      [INFO] Upcoming meetings loaded { count: 2, timestamp: '2026-01-30T03:36:52.508Z' }

      at Logger.logMethod [as log] (utils/logger.ts:82:7)

    console.log
      [INFO] Upcoming meetings loaded { count: 2, timestamp: '2026-01-30T03:36:52.508Z' }

      at Logger.logMethod [as log] (utils/logger.ts:82:7)

    console.log
      [INFO] Upcoming meetings loaded { count: 2, timestamp: '2026-01-30T03:36:52.509Z' }

      at Logger.logMethod [as log] (utils/logger.ts:82:7)

    console.log
      [INFO] Upcoming meetings loaded { count: 2, timestamp: '2026-01-30T03:36:52.509Z' }

      at Logger.logMethod [as log] (utils/logger.ts:82:7)

    console.log
      [INFO] Upcoming meetings loaded { count: 2, timestamp: '2026-01-30T03:36:52.509Z' }

      at Logger.logMethod [as log] (utils/logger.ts:82:7)

    console.log
      [INFO] Upcoming meetings loaded { count: 2, timestamp: '2026-01-30T03:36:52.509Z' }

      at Logger.logMethod [as log] (utils/logger.ts:82:7)

    console.log
      [INFO] Upcoming meetings loaded { count: 2, timestamp: '2026-01-30T03:36:52.509Z' }

      at Logger.logMethod [as log] (utils/logger.ts:82:7)

    console.log
      [INFO] Upcoming meetings loaded { count: 2, timestamp: '2026-01-30T03:36:52.509Z' }

      at Logger.logMethod [as log] (utils/logger.ts:82:7)

    console.log
      [INFO] Upcoming meetings loaded { count: 2, timestamp: '2026-01-30T03:36:52.509Z' }

      at Logger.logMethod [as log] (utils/logger.ts:82:7)

    console.log
      [INFO] Upcoming meetings loaded { count: 2, timestamp: '2026-01-30T03:36:52.509Z' }

      at Logger.logMethod [as log] (utils/logger.ts:82:7)

    console.log
      [INFO] Upcoming meetings loaded { count: 2, timestamp: '2026-01-30T03:36:52.509Z' }

      at Logger.logMethod [as log] (utils/logger.ts:82:7)

    console.log
      [INFO] Upcoming meetings loaded { count: 2, timestamp: '2026-01-30T03:36:52.509Z' }

      at Logger.logMethod [as log] (utils/logger.ts:82:7)

    console.log
      [INFO] Upcoming meetings loaded { count: 2, timestamp: '2026-01-30T03:36:52.510Z' }

      at Logger.logMethod [as log] (utils/logger.ts:82:7)

    console.log
      [INFO] Upcoming meetings loaded { count: 2, timestamp: '2026-01-30T03:36:52.510Z' }

      at Logger.logMethod [as log] (utils/logger.ts:82:7)

    console.log
      [INFO] Upcoming meetings loaded { count: 2, timestamp: '2026-01-30T03:36:52.510Z' }

      at Logger.logMethod [as log] (utils/logger.ts:82:7)

    console.log
      [INFO] Upcoming meetings loaded { count: 2, timestamp: '2026-01-30T03:36:52.510Z' }

      at Logger.logMethod [as log] (utils/logger.ts:82:7)

    console.log
      [INFO] Upcoming meetings loaded { count: 2, timestamp: '2026-01-30T03:36:52.510Z' }

      at Logger.logMethod [as log] (utils/logger.ts:82:7)

    console.log
      [INFO] Upcoming meetings loaded { count: 2, timestamp: '2026-01-30T03:36:52.510Z' }

      at Logger.logMethod [as log] (utils/logger.ts:82:7)

    console.log
      [INFO] Upcoming meetings loaded { count: 2, timestamp: '2026-01-30T03:36:52.510Z' }

      at Logger.logMethod [as log] (utils/logger.ts:82:7)

    console.log
      [INFO] Upcoming meetings loaded { count: 2, timestamp: '2026-01-30T03:36:52.510Z' }

      at Logger.logMethod [as log] (utils/logger.ts:82:7)

    console.log
      [INFO] Upcoming meetings loaded { count: 2, timestamp: '2026-01-30T03:36:52.510Z' }

      at Logger.logMethod [as log] (utils/logger.ts:82:7)

    console.log
      [INFO] Upcoming meetings loaded { count: 2, timestamp: '2026-01-30T03:36:52.511Z' }

      at Logger.logMethod [as log] (utils/logger.ts:82:7)

    console.log
      [INFO] Upcoming meetings loaded { count: 2, timestamp: '2026-01-30T03:36:52.511Z' }

      at Logger.logMethod [as log] (utils/logger.ts:82:7)

    console.log
      [INFO] Upcoming meetings loaded { count: 2, timestamp: '2026-01-30T03:36:52.511Z' }

      at Logger.logMethod [as log] (utils/logger.ts:82:7)

    console.log
      [INFO] Upcoming meetings loaded { count: 2, timestamp: '2026-01-30T03:36:52.511Z' }

      at Logger.logMethod [as log] (utils/logger.ts:82:7)

    console.log
      [INFO] Upcoming meetings loaded { count: 2, timestamp: '2026-01-30T03:36:52.511Z' }

      at Logger.logMethod [as log] (utils/logger.ts:82:7)

    console.log
      [INFO] Upcoming meetings loaded { count: 2, timestamp: '2026-01-30T03:36:52.511Z' }

      at Logger.logMethod [as log] (utils/logger.ts:82:7)

    console.log
      [INFO] Upcoming meetings loaded { count: 2, timestamp: '2026-01-30T03:36:52.511Z' }

      at Logger.logMethod [as log] (utils/logger.ts:82:7)

    console.log
      [INFO] Upcoming meetings loaded { count: 2, timestamp: '2026-01-30T03:36:52.511Z' }

      at Logger.logMethod [as log] (utils/logger.ts:82:7)

    console.log
      [INFO] Upcoming meetings loaded { count: 2, timestamp: '2026-01-30T03:36:52.511Z' }

      at Logger.logMethod [as log] (utils/logger.ts:82:7)

    console.log
      [INFO] Upcoming meetings loaded { count: 2, timestamp: '2026-01-30T03:36:52.512Z' }

      at Logger.logMethod [as log] (utils/logger.ts:82:7)

    console.log
      [INFO] Upcoming meetings loaded { count: 2, timestamp: '2026-01-30T03:36:52.512Z' }

      at Logger.logMethod [as log] (utils/logger.ts:82:7)

    console.log
      [INFO] Upcoming meetings loaded { count: 2, timestamp: '2026-01-30T03:36:52.512Z' }

      at Logger.logMethod [as log] (utils/logger.ts:82:7)

    console.log
      [INFO] Upcoming meetings loaded { count: 2, timestamp: '2026-01-30T03:36:52.512Z' }

      at Logger.logMethod [as log] (utils/logger.ts:82:7)

    console.log
      [INFO] Upcoming meetings loaded { count: 2, timestamp: '2026-01-30T03:36:52.512Z' }

      at Logger.logMethod [as log] (utils/logger.ts:82:7)

    console.log
      [INFO] Upcoming meetings loaded { count: 2, timestamp: '2026-01-30T03:36:52.512Z' }

      at Logger.logMethod [as log] (utils/logger.ts:82:7)

    console.log
      [INFO] Upcoming meetings loaded { count: 2, timestamp: '2026-01-30T03:36:52.514Z' }

      at Logger.logMethod [as log] (utils/logger.ts:82:7)

    console.log
      [INFO] Upcoming meetings loaded { count: 2, timestamp: '2026-01-30T03:36:52.514Z' }

      at Logger.logMethod [as log] (utils/logger.ts:82:7)

    console.log
      [INFO] Upcoming meetings loaded { count: 2, timestamp: '2026-01-30T03:36:52.515Z' }

      at Logger.logMethod [as log] (utils/logger.ts:82:7)

    console.log
      [INFO] Upcoming meetings loaded { count: 2, timestamp: '2026-01-30T03:36:52.515Z' }

      at Logger.logMethod [as log] (utils/logger.ts:82:7)

    console.log
      [INFO] Upcoming meetings loaded { count: 2, timestamp: '2026-01-30T03:36:52.515Z' }

      at Logger.logMethod [as log] (utils/logger.ts:82:7)

    console.log
      [INFO] Upcoming meetings loaded { count: 2, timestamp: '2026-01-30T03:36:52.515Z' }

      at Logger.logMethod [as log] (utils/logger.ts:82:7)

    console.log
      [INFO] Upcoming meetings loaded { count: 2, timestamp: '2026-01-30T03:36:52.515Z' }

      at Logger.logMethod [as log] (utils/logger.ts:82:7)

    console.log
      [INFO] Upcoming meetings loaded { count: 2, timestamp: '2026-01-30T03:36:52.515Z' }

      at Logger.logMethod [as log] (utils/logger.ts:82:7)

    console.log
      [INFO] Upcoming meetings loaded { count: 2, timestamp: '2026-01-30T03:36:52.515Z' }

      at Logger.logMethod [as log] (utils/logger.ts:82:7)

    console.log
      [INFO] Upcoming meetings loaded { count: 2, timestamp: '2026-01-30T03:36:52.516Z' }

      at Logger.logMethod [as log] (utils/logger.ts:82:7)

    console.log
      [INFO] Upcoming meetings loaded { count: 2, timestamp: '2026-01-30T03:36:52.516Z' }

      at Logger.logMethod [as log] (utils/logger.ts:82:7)

    console.log
      [INFO] Upcoming meetings loaded { count: 2, timestamp: '2026-01-30T03:36:52.516Z' }

      at Logger.logMethod [as log] (utils/logger.ts:82:7)

    console.log
      [INFO] Upcoming meetings loaded { count: 2, timestamp: '2026-01-30T03:36:52.516Z' }

      at Logger.logMethod [as log] (utils/logger.ts:82:7)

    console.log
      [INFO] Upcoming meetings loaded { count: 2, timestamp: '2026-01-30T03:36:52.516Z' }

      at Logger.logMethod [as log] (utils/logger.ts:82:7)

    console.log
      [INFO] Upcoming meetings loaded { count: 2, timestamp: '2026-01-30T03:36:52.516Z' }

      at Logger.logMethod [as log] (utils/logger.ts:82:7)

    console.log
      [INFO] Upcoming meetings loaded { count: 2, timestamp: '2026-01-30T03:36:52.516Z' }

      at Logger.logMethod [as log] (utils/logger.ts:82:7)

    console.log
      [INFO] Upcoming meetings loaded { count: 2, timestamp: '2026-01-30T03:36:52.516Z' }

      at Logger.logMethod [as log] (utils/logger.ts:82:7)

    console.log
      [INFO] Upcoming meetings loaded { count: 2, timestamp: '2026-01-30T03:36:52.517Z' }

      at Logger.logMethod [as log] (utils/logger.ts:82:7)

    console.log
      [INFO] Upcoming meetings loaded { count: 2, timestamp: '2026-01-30T03:36:52.517Z' }

      at Logger.logMethod [as log] (utils/logger.ts:82:7)

    console.log
      [INFO] Upcoming meetings loaded { count: 2, timestamp: '2026-01-30T03:36:52.517Z' }

      at Logger.logMethod [as log] (utils/logger.ts:82:7)

    console.log
      [INFO] Upcoming meetings loaded { count: 2, timestamp: '2026-01-30T03:36:52.517Z' }

      at Logger.logMethod [as log] (utils/logger.ts:82:7)

    console.log
      [INFO] Upcoming meetings loaded { count: 2, timestamp: '2026-01-30T03:36:52.517Z' }

      at Logger.logMethod [as log] (utils/logger.ts:82:7)

    console.log
      [INFO] Upcoming meetings loaded { count: 2, timestamp: '2026-01-30T03:36:52.517Z' }

      at Logger.logMethod [as log] (utils/logger.ts:82:7)

    console.log
      [INFO] Upcoming meetings loaded { count: 2, timestamp: '2026-01-30T03:36:52.517Z' }

      at Logger.logMethod [as log] (utils/logger.ts:82:7)

    console.log
      [INFO] Upcoming meetings loaded { count: 2, timestamp: '2026-01-30T03:36:52.517Z' }

      at Logger.logMethod [as log] (utils/logger.ts:82:7)

    console.log
      [INFO] Upcoming meetings loaded { count: 2, timestamp: '2026-01-30T03:36:52.517Z' }

      at Logger.logMethod [as log] (utils/logger.ts:82:7)

    console.log
      [INFO] Upcoming meetings loaded { count: 2, timestamp: '2026-01-30T03:36:52.518Z' }

      at Logger.logMethod [as log] (utils/logger.ts:82:7)

    console.log
      [INFO] Upcoming meetings loaded { count: 2, timestamp: '2026-01-30T03:36:52.518Z' }

      at Logger.logMethod [as log] (utils/logger.ts:82:7)

    console.log
      [INFO] Upcoming meetings loaded { count: 2, timestamp: '2026-01-30T03:36:52.518Z' }

      at Logger.logMethod [as log] (utils/logger.ts:82:7)

    console.log
      [INFO] Upcoming meetings loaded { count: 2, timestamp: '2026-01-30T03:36:52.518Z' }

      at Logger.logMethod [as log] (utils/logger.ts:82:7)

    console.log
      [INFO] Upcoming meetings loaded { count: 2, timestamp: '2026-01-30T03:36:52.518Z' }

      at Logger.logMethod [as log] (utils/logger.ts:82:7)

    console.log
      [INFO] Upcoming meetings loaded { count: 2, timestamp: '2026-01-30T03:36:52.518Z' }

      at Logger.logMethod [as log] (utils/logger.ts:82:7)

    console.log
      [INFO] Upcoming meetings loaded { count: 2, timestamp: '2026-01-30T03:36:52.518Z' }

      at Logger.logMethod [as log] (utils/logger.ts:82:7)

    console.log
      [INFO] Upcoming meetings loaded { count: 2, timestamp: '2026-01-30T03:36:52.518Z' }

      at Logger.logMethod [as log] (utils/logger.ts:82:7)

    console.log
      [INFO] Upcoming meetings loaded { count: 2, timestamp: '2026-01-30T03:36:52.518Z' }

      at Logger.logMethod [as log] (utils/logger.ts:82:7)

    console.log
      [INFO] Upcoming meetings loaded { count: 2, timestamp: '2026-01-30T03:36:52.519Z' }

      at Logger.logMethod [as log] (utils/logger.ts:82:7)

    console.log
      [INFO] Upcoming meetings loaded { count: 2, timestamp: '2026-01-30T03:36:52.519Z' }

      at Logger.logMethod [as log] (utils/logger.ts:82:7)

    console.log
      [INFO] Upcoming meetings loaded { count: 2, timestamp: '2026-01-30T03:36:52.519Z' }

      at Logger.logMethod [as log] (utils/logger.ts:82:7)

    console.log
      [INFO] Upcoming meetings loaded { count: 2, timestamp: '2026-01-30T03:36:52.519Z' }

      at Logger.logMethod [as log] (utils/logger.ts:82:7)

    console.log
      [INFO] Upcoming meetings loaded { count: 2, timestamp: '2026-01-30T03:36:52.519Z' }

      at Logger.logMethod [as log] (utils/logger.ts:82:7)

    console.log
      [INFO] Upcoming meetings loaded { count: 2, timestamp: '2026-01-30T03:36:52.519Z' }

      at Logger.logMethod [as log] (utils/logger.ts:82:7)

    console.log
      [INFO] Upcoming meetings loaded { count: 2, timestamp: '2026-01-30T03:36:52.519Z' }

      at Logger.logMethod [as log] (utils/logger.ts:82:7)

    console.log
      [INFO] Upcoming meetings loaded { count: 2, timestamp: '2026-01-30T03:36:52.519Z' }

      at Logger.logMethod [as log] (utils/logger.ts:82:7)

    console.log
      [INFO] Upcoming meetings loaded { count: 2, timestamp: '2026-01-30T03:36:52.519Z' }

      at Logger.logMethod [as log] (utils/logger.ts:82:7)

    console.log
      [INFO] Upcoming meetings loaded { count: 2, timestamp: '2026-01-30T03:36:52.519Z' }

      at Logger.logMethod [as log] (utils/logger.ts:82:7)

    console.log
      [INFO] Upcoming meetings loaded { count: 2, timestamp: '2026-01-30T03:36:52.520Z' }

      at Logger.logMethod [as log] (utils/logger.ts:82:7)

    console.log
      [INFO] Upcoming meetings loaded { count: 2, timestamp: '2026-01-30T03:36:52.520Z' }

      at Logger.logMethod [as log] (utils/logger.ts:82:7)

    console.log
      [INFO] Upcoming meetings loaded { count: 2, timestamp: '2026-01-30T03:36:52.520Z' }

      at Logger.logMethod [as log] (utils/logger.ts:82:7)

    console.log
      [INFO] Upcoming meetings loaded { count: 2, timestamp: '2026-01-30T03:36:52.520Z' }

      at Logger.logMethod [as log] (utils/logger.ts:82:7)

    console.log
      [INFO] Upcoming meetings loaded { count: 2, timestamp: '2026-01-30T03:36:52.520Z' }

      at Logger.logMethod [as log] (utils/logger.ts:82:7)

    console.log
      [INFO] Upcoming meetings loaded { count: 2, timestamp: '2026-01-30T03:36:52.520Z' }

      at Logger.logMethod [as log] (utils/logger.ts:82:7)

    console.log
      [INFO] Upcoming meetings loaded { count: 2, timestamp: '2026-01-30T03:36:52.520Z' }

      at Logger.logMethod [as log] (utils/logger.ts:82:7)

    console.log
      [INFO] Upcoming meetings loaded { count: 2, timestamp: '2026-01-30T03:36:52.520Z' }

      at Logger.logMethod [as log] (utils/logger.ts:82:7)

    console.log
      [INFO] Upcoming meetings loaded { count: 2, timestamp: '2026-01-30T03:36:52.520Z' }

      at Logger.logMethod [as log] (utils/logger.ts:82:7)

    console.log
      [INFO] Upcoming meetings loaded { count: 2, timestamp: '2026-01-30T03:36:52.521Z' }

      at Logger.logMethod [as log] (utils/logger.ts:82:7)

    console.log
      [INFO] Upcoming meetings loaded { count: 2, timestamp: '2026-01-30T03:36:52.521Z' }

      at Logger.logMethod [as log] (utils/logger.ts:82:7)

    console.log
      [INFO] Upcoming meetings loaded { count: 2, timestamp: '2026-01-30T03:36:52.521Z' }

      at Logger.logMethod [as log] (utils/logger.ts:82:7)

    console.log
      [INFO] Upcoming meetings loaded { count: 2, timestamp: '2026-01-30T03:36:52.521Z' }

      at Logger.logMethod [as log] (utils/logger.ts:82:7)

    console.log
      [INFO] Upcoming meetings loaded { count: 2, timestamp: '2026-01-30T03:36:52.521Z' }

      at Logger.logMethod [as log] (utils/logger.ts:82:7)

    console.log
      [INFO] Upcoming meetings loaded { count: 2, timestamp: '2026-01-30T03:36:52.521Z' }

      at Logger.logMethod [as log] (utils/logger.ts:82:7)

    console.log
      [INFO] Upcoming meetings loaded { count: 2, timestamp: '2026-01-30T03:36:52.521Z' }

      at Logger.logMethod [as log] (utils/logger.ts:82:7)

    console.log
      [INFO] Upcoming meetings loaded { count: 2, timestamp: '2026-01-30T03:36:52.521Z' }

      at Logger.logMethod [as log] (utils/logger.ts:82:7)

    console.log
      [INFO] Upcoming meetings loaded { count: 2, timestamp: '2026-01-30T03:36:52.521Z' }

      at Logger.logMethod [as log] (utils/logger.ts:82:7)

    console.log
      [INFO] Upcoming meetings loaded { count: 2, timestamp: '2026-01-30T03:36:52.522Z' }

      at Logger.logMethod [as log] (utils/logger.ts:82:7)

    console.log
      [INFO] Upcoming meetings loaded { count: 2, timestamp: '2026-01-30T03:36:52.522Z' }

      at Logger.logMethod [as log] (utils/logger.ts:82:7)

    console.log
      [INFO] Upcoming meetings loaded { count: 2, timestamp: '2026-01-30T03:36:52.522Z' }

      at Logger.logMethod [as log] (utils/logger.ts:82:7)

    console.log
      [INFO] Upcoming meetings loaded { count: 2, timestamp: '2026-01-30T03:36:52.522Z' }

      at Logger.logMethod [as log] (utils/logger.ts:82:7)

    console.log
      [INFO] Upcoming meetings loaded { count: 2, timestamp: '2026-01-30T03:36:52.522Z' }

      at Logger.logMethod [as log] (utils/logger.ts:82:7)

    console.log
      [INFO] Upcoming meetings loaded { count: 2, timestamp: '2026-01-30T03:36:52.522Z' }

      at Logger.logMethod [as log] (utils/logger.ts:82:7)

    console.log
      [INFO] Upcoming meetings loaded { count: 2, timestamp: '2026-01-30T03:36:52.522Z' }

      at Logger.logMethod [as log] (utils/logger.ts:82:7)

    console.log
      [INFO] Upcoming meetings loaded { count: 2, timestamp: '2026-01-30T03:36:52.522Z' }

      at Logger.logMethod [as log] (utils/logger.ts:82:7)

    console.log
      [INFO] Upcoming meetings loaded { count: 2, timestamp: '2026-01-30T03:36:52.522Z' }

      at Logger.logMethod [as log] (utils/logger.ts:82:7)

    console.log
      [INFO] Upcoming meetings loaded { count: 2, timestamp: '2026-01-30T03:36:52.522Z' }

      at Logger.logMethod [as log] (utils/logger.ts:82:7)

    console.log
      [INFO] Upcoming meetings loaded { count: 2, timestamp: '2026-01-30T03:36:52.523Z' }

      at Logger.logMethod [as log] (utils/logger.ts:82:7)

    console.log
      [INFO] Upcoming meetings loaded { count: 2, timestamp: '2026-01-30T03:36:52.523Z' }

      at Logger.logMethod [as log] (utils/logger.ts:82:7)

    console.log
      [INFO] Upcoming meetings loaded { count: 2, timestamp: '2026-01-30T03:36:52.523Z' }

      at Logger.logMethod [as log] (utils/logger.ts:82:7)

    console.log
      [INFO] Upcoming meetings loaded { count: 2, timestamp: '2026-01-30T03:36:52.523Z' }

      at Logger.logMethod [as log] (utils/logger.ts:82:7)

    console.log
      [INFO] Upcoming meetings loaded { count: 2, timestamp: '2026-01-30T03:36:52.523Z' }

      at Logger.logMethod [as log] (utils/logger.ts:82:7)

    console.log
      [INFO] Upcoming meetings loaded { count: 2, timestamp: '2026-01-30T03:36:52.523Z' }

      at Logger.logMethod [as log] (utils/logger.ts:82:7)

    console.log
      [INFO] Upcoming meetings loaded { count: 2, timestamp: '2026-01-30T03:36:52.523Z' }

      at Logger.logMethod [as log] (utils/logger.ts:82:7)

    console.log
      [INFO] Upcoming meetings loaded { count: 2, timestamp: '2026-01-30T03:36:52.523Z' }

      at Logger.logMethod [as log] (utils/logger.ts:82:7)

    console.log
      [INFO] Upcoming meetings loaded { count: 2, timestamp: '2026-01-30T03:36:52.523Z' }

      at Logger.logMethod [as log] (utils/logger.ts:82:7)

    console.log
      [INFO] Upcoming meetings loaded { count: 2, timestamp: '2026-01-30T03:36:52.524Z' }

      at Logger.logMethod [as log] (utils/logger.ts:82:7)

    console.log
      [INFO] Upcoming meetings loaded { count: 2, timestamp: '2026-01-30T03:36:52.524Z' }

      at Logger.logMethod [as log] (utils/logger.ts:82:7)

    console.log
      [INFO] Upcoming meetings loaded { count: 2, timestamp: '2026-01-30T03:36:52.524Z' }

      at Logger.logMethod [as log] (utils/logger.ts:82:7)

    console.log
      [INFO] Upcoming meetings loaded { count: 2, timestamp: '2026-01-30T03:36:52.524Z' }

      at Logger.logMethod [as log] (utils/logger.ts:82:7)

    console.log
      [INFO] Upcoming meetings loaded { count: 2, timestamp: '2026-01-30T03:36:52.524Z' }

      at Logger.logMethod [as log] (utils/logger.ts:82:7)

    console.log
      [INFO] Upcoming meetings loaded { count: 2, timestamp: '2026-01-30T03:36:52.524Z' }

      at Logger.logMethod [as log] (utils/logger.ts:82:7)

    console.log
      [INFO] Upcoming meetings loaded { count: 2, timestamp: '2026-01-30T03:36:52.524Z' }

      at Logger.logMethod [as log] (utils/logger.ts:82:7)

    console.log
      [INFO] Upcoming meetings loaded { count: 2, timestamp: '2026-01-30T03:36:52.524Z' }

      at Logger.logMethod [as log] (utils/logger.ts:82:7)

    console.log
      [INFO] Upcoming meetings loaded { count: 2, timestamp: '2026-01-30T03:36:52.524Z' }

      at Logger.logMethod [as log] (utils/logger.ts:82:7)

    console.log
      [INFO] Upcoming meetings loaded { count: 2, timestamp: '2026-01-30T03:36:52.524Z' }

      at Logger.logMethod [as log] (utils/logger.ts:82:7)

    console.log
      [INFO] Upcoming meetings loaded { count: 2, timestamp: '2026-01-30T03:36:52.525Z' }

      at Logger.logMethod [as log] (utils/logger.ts:82:7)

    console.log
      [INFO] Upcoming meetings loaded { count: 2, timestamp: '2026-01-30T03:36:52.525Z' }

      at Logger.logMethod [as log] (utils/logger.ts:82:7)

    console.log
      [INFO] Upcoming meetings loaded { count: 2, timestamp: '2026-01-30T03:36:52.525Z' }

      at Logger.logMethod [as log] (utils/logger.ts:82:7)

    console.log
      [INFO] Upcoming meetings loaded { count: 2, timestamp: '2026-01-30T03:36:52.525Z' }

      at Logger.logMethod [as log] (utils/logger.ts:82:7)

    console.log
      [INFO] Upcoming meetings loaded { count: 2, timestamp: '2026-01-30T03:36:52.525Z' }

      at Logger.logMethod [as log] (utils/logger.ts:82:7)

    console.log
      [INFO] Upcoming meetings loaded { count: 2, timestamp: '2026-01-30T03:36:52.525Z' }

      at Logger.logMethod [as log] (utils/logger.ts:82:7)

    console.log
      [INFO] Upcoming meetings loaded { count: 2, timestamp: '2026-01-30T03:36:52.525Z' }

      at Logger.logMethod [as log] (utils/logger.ts:82:7)

    console.log
      [INFO] Upcoming meetings loaded { count: 2, timestamp: '2026-01-30T03:36:52.525Z' }

      at Logger.logMethod [as log] (utils/logger.ts:82:7)

    console.log
      [INFO] Upcoming meetings loaded { count: 2, timestamp: '2026-01-30T03:36:52.525Z' }

      at Logger.logMethod [as log] (utils/logger.ts:82:7)

    console.log
      [INFO] Upcoming meetings loaded { count: 2, timestamp: '2026-01-30T03:36:52.526Z' }

      at Logger.logMethod [as log] (utils/logger.ts:82:7)

    console.log
      [INFO] Upcoming meetings loaded { count: 2, timestamp: '2026-01-30T03:36:52.526Z' }

      at Logger.logMethod [as log] (utils/logger.ts:82:7)

    console.log
      [INFO] Upcoming meetings loaded { count: 2, timestamp: '2026-01-30T03:36:52.526Z' }

      at Logger.logMethod [as log] (utils/logger.ts:82:7)

    console.log
      [INFO] Upcoming meetings loaded { count: 2, timestamp: '2026-01-30T03:36:52.526Z' }

      at Logger.logMethod [as log] (utils/logger.ts:82:7)

    console.log
      [INFO] Upcoming meetings loaded { count: 2, timestamp: '2026-01-30T03:36:52.526Z' }

      at Logger.logMethod [as log] (utils/logger.ts:82:7)

    console.log
      [INFO] Upcoming meetings loaded { count: 2, timestamp: '2026-01-30T03:36:52.526Z' }

      at Logger.logMethod [as log] (utils/logger.ts:82:7)

    console.log
      [INFO] Upcoming meetings loaded { count: 2, timestamp: '2026-01-30T03:36:52.526Z' }

      at Logger.logMethod [as log] (utils/logger.ts:82:7)

    console.log
      [INFO] Upcoming meetings loaded { count: 2, timestamp: '2026-01-30T03:36:52.526Z' }

      at Logger.logMethod [as log] (utils/logger.ts:82:7)

    console.log
      [INFO] Upcoming meetings loaded { count: 2, timestamp: '2026-01-30T03:36:52.526Z' }

      at Logger.logMethod [as log] (utils/logger.ts:82:7)

    console.log
      [INFO] Upcoming meetings loaded { count: 2, timestamp: '2026-01-30T03:36:52.527Z' }

      at Logger.logMethod [as log] (utils/logger.ts:82:7)

    console.log
      [INFO] Upcoming meetings loaded { count: 2, timestamp: '2026-01-30T03:36:52.527Z' }

      at Logger.logMethod [as log] (utils/logger.ts:82:7)

    console.log
      [INFO] Upcoming meetings loaded { count: 2, timestamp: '2026-01-30T03:36:52.528Z' }

      at Logger.logMethod [as log] (utils/logger.ts:82:7)

    console.log
      [INFO] Upcoming meetings loaded { count: 2, timestamp: '2026-01-30T03:36:52.529Z' }

      at Logger.logMethod [as log] (utils/logger.ts:82:7)

    console.log
      [INFO] Upcoming meetings loaded { count: 2, timestamp: '2026-01-30T03:36:52.531Z' }

      at Logger.logMethod [as log] (utils/logger.ts:82:7)

    console.log
      [INFO] Upcoming meetings loaded { count: 2, timestamp: '2026-01-30T03:36:52.532Z' }

      at Logger.logMethod [as log] (utils/logger.ts:82:7)

    console.log
      [INFO] Upcoming meetings loaded { count: 2, timestamp: '2026-01-30T03:36:52.532Z' }

      at Logger.logMethod [as log] (utils/logger.ts:82:7)

    console.log
      [INFO] Upcoming meetings loaded { count: 2, timestamp: '2026-01-30T03:36:52.532Z' }

      at Logger.logMethod [as log] (utils/logger.ts:82:7)

    console.log
      [INFO] Upcoming meetings loaded { count: 2, timestamp: '2026-01-30T03:36:52.532Z' }

      at Logger.logMethod [as log] (utils/logger.ts:82:7)

    console.log
      [INFO] Upcoming meetings loaded { count: 2, timestamp: '2026-01-30T03:36:52.532Z' }

      at Logger.logMethod [as log] (utils/logger.ts:82:7)

    console.log
      [INFO] Upcoming meetings loaded { count: 2, timestamp: '2026-01-30T03:36:52.532Z' }

      at Logger.logMethod [as log] (utils/logger.ts:82:7)

    console.log
      [INFO] Upcoming meetings loaded { count: 2, timestamp: '2026-01-30T03:36:52.532Z' }

      at Logger.logMethod [as log] (utils/logger.ts:82:7)

    console.log
      [INFO] Upcoming meetings loaded { count: 2, timestamp: '2026-01-30T03:36:52.532Z' }

      at Logger.logMethod [as log] (utils/logger.ts:82:7)

    console.log
      [INFO] Upcoming meetings loaded { count: 2, timestamp: '2026-01-30T03:36:52.532Z' }

      at Logger.logMethod [as log] (utils/logger.ts:82:7)

    console.log
      [INFO] Upcoming meetings loaded { count: 2, timestamp: '2026-01-30T03:36:52.533Z' }

      at Logger.logMethod [as log] (utils/logger.ts:82:7)

    console.log
      [INFO] Upcoming meetings loaded { count: 2, timestamp: '2026-01-30T03:36:52.533Z' }

      at Logger.logMethod [as log] (utils/logger.ts:82:7)

    console.log
      [INFO] Upcoming meetings loaded { count: 2, timestamp: '2026-01-30T03:36:52.533Z' }

      at Logger.logMethod [as log] (utils/logger.ts:82:7)

    console.log
      [INFO] Upcoming meetings loaded { count: 2, timestamp: '2026-01-30T03:36:52.533Z' }

      at Logger.logMethod [as log] (utils/logger.ts:82:7)

    console.log
      [INFO] Upcoming meetings loaded { count: 2, timestamp: '2026-01-30T03:36:52.533Z' }

      at Logger.logMethod [as log] (utils/logger.ts:82:7)

    console.log
      [INFO] Upcoming meetings loaded { count: 2, timestamp: '2026-01-30T03:36:52.533Z' }

      at Logger.logMethod [as log] (utils/logger.ts:82:7)

    console.log
      [INFO] Upcoming meetings loaded { count: 2, timestamp: '2026-01-30T03:36:52.533Z' }

      at Logger.logMethod [as log] (utils/logger.ts:82:7)

    console.log
      [INFO] Upcoming meetings loaded { count: 2, timestamp: '2026-01-30T03:36:52.533Z' }

      at Logger.logMethod [as log] (utils/logger.ts:82:7)

    console.log
      [INFO] Upcoming meetings loaded { count: 2, timestamp: '2026-01-30T03:36:52.533Z' }

      at Logger.logMethod [as log] (utils/logger.ts:82:7)

    console.log
      [INFO] Upcoming meetings loaded { count: 2, timestamp: '2026-01-30T03:36:52.534Z' }

      at Logger.logMethod [as log] (utils/logger.ts:82:7)

    console.log
      [INFO] Upcoming meetings loaded { count: 2, timestamp: '2026-01-30T03:36:52.534Z' }

      at Logger.logMethod [as log] (utils/logger.ts:82:7)

    console.log
      [INFO] Upcoming meetings loaded { count: 2, timestamp: '2026-01-30T03:36:52.534Z' }

      at Logger.logMethod [as log] (utils/logger.ts:82:7)

    console.log
      [INFO] Upcoming meetings loaded { count: 2, timestamp: '2026-01-30T03:36:52.534Z' }

      at Logger.logMethod [as log] (utils/logger.ts:82:7)

    console.log
      [INFO] Upcoming meetings loaded { count: 2, timestamp: '2026-01-30T03:36:52.534Z' }

      at Logger.logMethod [as log] (utils/logger.ts:82:7)

    console.log
      [INFO] Upcoming meetings loaded { count: 2, timestamp: '2026-01-30T03:36:52.534Z' }

      at Logger.logMethod [as log] (utils/logger.ts:82:7)

    console.log
      [INFO] Upcoming meetings loaded { count: 2, timestamp: '2026-01-30T03:36:52.534Z' }

      at Logger.logMethod [as log] (utils/logger.ts:82:7)

    console.log
      [INFO] Upcoming meetings loaded { count: 2, timestamp: '2026-01-30T03:36:52.534Z' }

      at Logger.logMethod [as log] (utils/logger.ts:82:7)

    console.log
      [INFO] Upcoming meetings loaded { count: 2, timestamp: '2026-01-30T03:36:52.534Z' }

      at Logger.logMethod [as log] (utils/logger.ts:82:7)

    console.log
      [INFO] Upcoming meetings loaded { count: 2, timestamp: '2026-01-30T03:36:52.535Z' }

      at Logger.logMethod [as log] (utils/logger.ts:82:7)

    console.log
      [INFO] Upcoming meetings loaded { count: 2, timestamp: '2026-01-30T03:36:52.535Z' }

      at Logger.logMethod [as log] (utils/logger.ts:82:7)

    console.log
      [INFO] Upcoming meetings loaded { count: 2, timestamp: '2026-01-30T03:36:52.535Z' }

      at Logger.logMethod [as log] (utils/logger.ts:82:7)

    console.log
      [INFO] Upcoming meetings loaded { count: 2, timestamp: '2026-01-30T03:36:52.535Z' }

      at Logger.logMethod [as log] (utils/logger.ts:82:7)

    console.log
      [INFO] Upcoming meetings loaded { count: 2, timestamp: '2026-01-30T03:36:52.535Z' }

      at Logger.logMethod [as log] (utils/logger.ts:82:7)

    console.log
      [INFO] Upcoming meetings loaded { count: 2, timestamp: '2026-01-30T03:36:52.535Z' }

      at Logger.logMethod [as log] (utils/logger.ts:82:7)

    console.log
      [INFO] Upcoming meetings loaded { count: 2, timestamp: '2026-01-30T03:36:52.535Z' }

      at Logger.logMethod [as log] (utils/logger.ts:82:7)

    console.log
      [INFO] Upcoming meetings loaded { count: 2, timestamp: '2026-01-30T03:36:52.535Z' }

      at Logger.logMethod [as log] (utils/logger.ts:82:7)

    console.log
      [INFO] Upcoming meetings loaded { count: 2, timestamp: '2026-01-30T03:36:52.535Z' }

      at Logger.logMethod [as log] (utils/logger.ts:82:7)

    console.log
      [INFO] Upcoming meetings loaded { count: 2, timestamp: '2026-01-30T03:36:52.536Z' }

      at Logger.logMethod [as log] (utils/logger.ts:82:7)

    console.log
      [INFO] Upcoming meetings loaded { count: 2, timestamp: '2026-01-30T03:36:52.536Z' }

      at Logger.logMethod [as log] (utils/logger.ts:82:7)

    console.log
      [INFO] Upcoming meetings loaded { count: 2, timestamp: '2026-01-30T03:36:52.536Z' }

      at Logger.logMethod [as log] (utils/logger.ts:82:7)

    console.log
      [INFO] Upcoming meetings loaded { count: 2, timestamp: '2026-01-30T03:36:52.536Z' }

      at Logger.logMethod [as log] (utils/logger.ts:82:7)

    console.log
      [INFO] Upcoming meetings loaded { count: 2, timestamp: '2026-01-30T03:36:52.536Z' }

      at Logger.logMethod [as log] (utils/logger.ts:82:7)

    console.log
      [INFO] Upcoming meetings loaded { count: 2, timestamp: '2026-01-30T03:36:52.536Z' }

      at Logger.logMethod [as log] (utils/logger.ts:82:7)

    console.log
      [INFO] Upcoming meetings loaded { count: 2, timestamp: '2026-01-30T03:36:52.536Z' }

      at Logger.logMethod [as log] (utils/logger.ts:82:7)

    console.log
      [INFO] Upcoming meetings loaded { count: 2, timestamp: '2026-01-30T03:36:52.536Z' }

      at Logger.logMethod [as log] (utils/logger.ts:82:7)

    console.log
      [INFO] Upcoming meetings loaded { count: 2, timestamp: '2026-01-30T03:36:52.536Z' }

      at Logger.logMethod [as log] (utils/logger.ts:82:7)

    console.log
      [INFO] Upcoming meetings loaded { count: 2, timestamp: '2026-01-30T03:36:52.536Z' }

      at Logger.logMethod [as log] (utils/logger.ts:82:7)

    console.log
      [INFO] Upcoming meetings loaded { count: 2, timestamp: '2026-01-30T03:36:52.537Z' }

      at Logger.logMethod [as log] (utils/logger.ts:82:7)

    console.log
      [INFO] Upcoming meetings loaded { count: 2, timestamp: '2026-01-30T03:36:52.537Z' }

      at Logger.logMethod [as log] (utils/logger.ts:82:7)

    console.log
      [INFO] Upcoming meetings loaded { count: 2, timestamp: '2026-01-30T03:36:52.537Z' }

      at Logger.logMethod [as log] (utils/logger.ts:82:7)

    console.log
      [INFO] Upcoming meetings loaded { count: 2, timestamp: '2026-01-30T03:36:52.537Z' }

      at Logger.logMethod [as log] (utils/logger.ts:82:7)

    console.log
      [INFO] Upcoming meetings loaded { count: 2, timestamp: '2026-01-30T03:36:52.537Z' }

      at Logger.logMethod [as log] (utils/logger.ts:82:7)

    console.log
      [INFO] Upcoming meetings loaded { count: 2, timestamp: '2026-01-30T03:36:52.537Z' }

      at Logger.logMethod [as log] (utils/logger.ts:82:7)

    console.log
      [INFO] Upcoming meetings loaded { count: 2, timestamp: '2026-01-30T03:36:52.537Z' }

      at Logger.logMethod [as log] (utils/logger.ts:82:7)

    console.log
      [INFO] Upcoming meetings loaded { count: 2, timestamp: '2026-01-30T03:36:52.537Z' }

      at Logger.logMethod [as log] (utils/logger.ts:82:7)

    console.log
      [INFO] Upcoming meetings loaded { count: 2, timestamp: '2026-01-30T03:36:52.537Z' }

      at Logger.logMethod [as log] (utils/logger.ts:82:7)

    console.log
      [INFO] Upcoming meetings loaded { count: 2, timestamp: '2026-01-30T03:36:52.538Z' }

      at Logger.logMethod [as log] (utils/logger.ts:82:7)

    console.log
      [INFO] Upcoming meetings loaded { count: 2, timestamp: '2026-01-30T03:36:52.538Z' }

      at Logger.logMethod [as log] (utils/logger.ts:82:7)

    console.log
      [INFO] Upcoming meetings loaded { count: 2, timestamp: '2026-01-30T03:36:52.538Z' }

      at Logger.logMethod [as log] (utils/logger.ts:82:7)

    console.log
      [INFO] Upcoming meetings loaded { count: 2, timestamp: '2026-01-30T03:36:52.538Z' }

      at Logger.logMethod [as log] (utils/logger.ts:82:7)

    console.log
      [INFO] Upcoming meetings loaded { count: 2, timestamp: '2026-01-30T03:36:52.538Z' }

      at Logger.logMethod [as log] (utils/logger.ts:82:7)

    console.log
      [INFO] Upcoming meetings loaded { count: 2, timestamp: '2026-01-30T03:36:52.538Z' }

      at Logger.logMethod [as log] (utils/logger.ts:82:7)

    console.log
      [INFO] Upcoming meetings loaded { count: 2, timestamp: '2026-01-30T03:36:52.538Z' }

      at Logger.logMethod [as log] (utils/logger.ts:82:7)

    console.log
      [INFO] Upcoming meetings loaded { count: 2, timestamp: '2026-01-30T03:36:52.538Z' }

      at Logger.logMethod [as log] (utils/logger.ts:82:7)

    console.log
      [INFO] Upcoming meetings loaded { count: 2, timestamp: '2026-01-30T03:36:52.538Z' }

      at Logger.logMethod [as log] (utils/logger.ts:82:7)

    console.log
      [INFO] Upcoming meetings loaded { count: 2, timestamp: '2026-01-30T03:36:52.539Z' }

      at Logger.logMethod [as log] (utils/logger.ts:82:7)

    console.log
      [INFO] Upcoming meetings loaded { count: 2, timestamp: '2026-01-30T03:36:52.539Z' }

      at Logger.logMethod [as log] (utils/logger.ts:82:7)

    console.log
      [INFO] Upcoming meetings loaded { count: 2, timestamp: '2026-01-30T03:36:52.539Z' }

      at Logger.logMethod [as log] (utils/logger.ts:82:7)

    console.log
      [INFO] Upcoming meetings loaded { count: 2, timestamp: '2026-01-30T03:36:52.539Z' }

      at Logger.logMethod [as log] (utils/logger.ts:82:7)

    console.log
      [INFO] Upcoming meetings loaded { count: 2, timestamp: '2026-01-30T03:36:52.539Z' }

      at Logger.logMethod [as log] (utils/logger.ts:82:7)

    console.log
      [INFO] Upcoming meetings loaded { count: 2, timestamp: '2026-01-30T03:36:52.539Z' }

      at Logger.logMethod [as log] (utils/logger.ts:82:7)

    console.log
      [INFO] Upcoming meetings loaded { count: 2, timestamp: '2026-01-30T03:36:52.539Z' }

      at Logger.logMethod [as log] (utils/logger.ts:82:7)

    console.log
      [INFO] Upcoming meetings loaded { count: 2, timestamp: '2026-01-30T03:36:52.539Z' }

      at Logger.logMethod [as log] (utils/logger.ts:82:7)

    console.log
      [INFO] Upcoming meetings loaded { count: 2, timestamp: '2026-01-30T03:36:52.539Z' }

      at Logger.logMethod [as log] (utils/logger.ts:82:7)

    console.log
      [INFO] Upcoming meetings loaded { count: 2, timestamp: '2026-01-30T03:36:52.539Z' }

      at Logger.logMethod [as log] (utils/logger.ts:82:7)

    console.log
      [INFO] Upcoming meetings loaded { count: 2, timestamp: '2026-01-30T03:36:52.540Z' }

      at Logger.logMethod [as log] (utils/logger.ts:82:7)

    console.log
      [INFO] Upcoming meetings loaded { count: 2, timestamp: '2026-01-30T03:36:52.540Z' }

      at Logger.logMethod [as log] (utils/logger.ts:82:7)

    console.log
      [INFO] Upcoming meetings loaded { count: 2, timestamp: '2026-01-30T03:36:52.540Z' }

      at Logger.logMethod [as log] (utils/logger.ts:82:7)

    console.log
      [INFO] Upcoming meetings loaded { count: 2, timestamp: '2026-01-30T03:36:52.540Z' }

      at Logger.logMethod [as log] (utils/logger.ts:82:7)

    console.log
      [INFO] Upcoming meetings loaded { count: 2, timestamp: '2026-01-30T03:36:52.540Z' }

      at Logger.logMethod [as log] (utils/logger.ts:82:7)

    console.log
      [INFO] Upcoming meetings loaded { count: 2, timestamp: '2026-01-30T03:36:52.540Z' }

      at Logger.logMethod [as log] (utils/logger.ts:82:7)

    console.log
      [INFO] Upcoming meetings loaded { count: 2, timestamp: '2026-01-30T03:36:52.540Z' }

      at Logger.logMethod [as log] (utils/logger.ts:82:7)

    console.log
      [INFO] Upcoming meetings loaded { count: 2, timestamp: '2026-01-30T03:36:52.540Z' }

      at Logger.logMethod [as log] (utils/logger.ts:82:7)

    console.log
      [INFO] Upcoming meetings loaded { count: 2, timestamp: '2026-01-30T03:36:52.540Z' }

      at Logger.logMethod [as log] (utils/logger.ts:82:7)

    console.log
      [INFO] Upcoming meetings loaded { count: 2, timestamp: '2026-01-30T03:36:52.541Z' }

      at Logger.logMethod [as log] (utils/logger.ts:82:7)

    console.log
      [INFO] Upcoming meetings loaded { count: 2, timestamp: '2026-01-30T03:36:52.541Z' }

      at Logger.logMethod [as log] (utils/logger.ts:82:7)

    console.log
      [INFO] Upcoming meetings loaded { count: 2, timestamp: '2026-01-30T03:36:52.541Z' }

      at Logger.logMethod [as log] (utils/logger.ts:82:7)

    console.log
      [INFO] Upcoming meetings loaded { count: 2, timestamp: '2026-01-30T03:36:52.541Z' }

      at Logger.logMethod [as log] (utils/logger.ts:82:7)

    console.log
      [INFO] Upcoming meetings loaded { count: 2, timestamp: '2026-01-30T03:36:52.541Z' }

      at Logger.logMethod [as log] (utils/logger.ts:82:7)

    console.log
      [INFO] Upcoming meetings loaded { count: 2, timestamp: '2026-01-30T03:36:52.541Z' }

      at Logger.logMethod [as log] (utils/logger.ts:82:7)

    console.log
      [INFO] Upcoming meetings loaded { count: 2, timestamp: '2026-01-30T03:36:52.541Z' }

      at Logger.logMethod [as log] (utils/logger.ts:82:7)

    console.log
      [INFO] Upcoming meetings loaded { count: 2, timestamp: '2026-01-30T03:36:52.541Z' }

      at Logger.logMethod [as log] (utils/logger.ts:82:7)

    console.log
      [INFO] Upcoming meetings loaded { count: 2, timestamp: '2026-01-30T03:36:52.541Z' }

      at Logger.logMethod [as log] (utils/logger.ts:82:7)

    console.log
      [INFO] Upcoming meetings loaded { count: 2, timestamp: '2026-01-30T03:36:52.542Z' }

      at Logger.logMethod [as log] (utils/logger.ts:82:7)

    console.log
      [INFO] Upcoming meetings loaded { count: 2, timestamp: '2026-01-30T03:36:52.542Z' }

      at Logger.logMethod [as log] (utils/logger.ts:82:7)

    console.log
      [INFO] Upcoming meetings loaded { count: 2, timestamp: '2026-01-30T03:36:52.542Z' }

      at Logger.logMethod [as log] (utils/logger.ts:82:7)

    console.log
      [INFO] Upcoming meetings loaded { count: 2, timestamp: '2026-01-30T03:36:52.542Z' }

      at Logger.logMethod [as log] (utils/logger.ts:82:7)

    console.log
      [INFO] Upcoming meetings loaded { count: 2, timestamp: '2026-01-30T03:36:52.542Z' }

      at Logger.logMethod [as log] (utils/logger.ts:82:7)

    console.log
      [INFO] Upcoming meetings loaded { count: 2, timestamp: '2026-01-30T03:36:52.542Z' }

      at Logger.logMethod [as log] (utils/logger.ts:82:7)

    console.log
      [INFO] Upcoming meetings loaded { count: 2, timestamp: '2026-01-30T03:36:52.542Z' }

      at Logger.logMethod [as log] (utils/logger.ts:82:7)

    console.log
      [INFO] Upcoming meetings loaded { count: 2, timestamp: '2026-01-30T03:36:52.542Z' }

      at Logger.logMethod [as log] (utils/logger.ts:82:7)

    console.log
      [INFO] Upcoming meetings loaded { count: 2, timestamp: '2026-01-30T03:36:52.542Z' }

      at Logger.logMethod [as log] (utils/logger.ts:82:7)

    console.log
      [INFO] Upcoming meetings loaded { count: 2, timestamp: '2026-01-30T03:36:52.543Z' }

      at Logger.logMethod [as log] (utils/logger.ts:82:7)

    console.log
      [INFO] Upcoming meetings loaded { count: 2, timestamp: '2026-01-30T03:36:52.543Z' }

      at Logger.logMethod [as log] (utils/logger.ts:82:7)

    console.log
      [INFO] Upcoming meetings loaded { count: 2, timestamp: '2026-01-30T03:36:52.543Z' }

      at Logger.logMethod [as log] (utils/logger.ts:82:7)

    console.log
      [INFO] Upcoming meetings loaded { count: 2, timestamp: '2026-01-30T03:36:52.543Z' }

      at Logger.logMethod [as log] (utils/logger.ts:82:7)

    console.log
      [INFO] Upcoming meetings loaded { count: 2, timestamp: '2026-01-30T03:36:52.543Z' }

      at Logger.logMethod [as log] (utils/logger.ts:82:7)

    console.log
      [INFO] Upcoming meetings loaded { count: 2, timestamp: '2026-01-30T03:36:52.543Z' }

      at Logger.logMethod [as log] (utils/logger.ts:82:7)

    console.log
      [INFO] Upcoming meetings loaded { count: 2, timestamp: '2026-01-30T03:36:52.543Z' }

      at Logger.logMethod [as log] (utils/logger.ts:82:7)

    console.log
      [INFO] Upcoming meetings loaded { count: 2, timestamp: '2026-01-30T03:36:52.543Z' }

      at Logger.logMethod [as log] (utils/logger.ts:82:7)

    console.log
      [INFO] Upcoming meetings loaded { count: 2, timestamp: '2026-01-30T03:36:52.543Z' }

      at Logger.logMethod [as log] (utils/logger.ts:82:7)

    console.log
      [INFO] Upcoming meetings loaded { count: 2, timestamp: '2026-01-30T03:36:52.544Z' }

      at Logger.logMethod [as log] (utils/logger.ts:82:7)

    console.log
      [INFO] Upcoming meetings loaded { count: 2, timestamp: '2026-01-30T03:36:52.544Z' }

      at Logger.logMethod [as log] (utils/logger.ts:82:7)

    console.log
      [INFO] Upcoming meetings loaded { count: 2, timestamp: '2026-01-30T03:36:52.544Z' }

      at Logger.logMethod [as log] (utils/logger.ts:82:7)

    console.log
      [INFO] Upcoming meetings loaded { count: 2, timestamp: '2026-01-30T03:36:52.544Z' }

      at Logger.logMethod [as log] (utils/logger.ts:82:7)

    console.log
      [INFO] Upcoming meetings loaded { count: 2, timestamp: '2026-01-30T03:36:52.544Z' }

      at Logger.logMethod [as log] (utils/logger.ts:82:7)

    console.log
      [INFO] Upcoming meetings loaded { count: 2, timestamp: '2026-01-30T03:36:52.544Z' }

      at Logger.logMethod [as log] (utils/logger.ts:82:7)

    console.log
      [INFO] Upcoming meetings loaded { count: 2, timestamp: '2026-01-30T03:36:52.544Z' }

      at Logger.logMethod [as log] (utils/logger.ts:82:7)

    console.log
      [INFO] Upcoming meetings loaded { count: 2, timestamp: '2026-01-30T03:36:52.544Z' }

      at Logger.logMethod [as log] (utils/logger.ts:82:7)

    console.log
      [INFO] Upcoming meetings loaded { count: 2, timestamp: '2026-01-30T03:36:52.544Z' }

      at Logger.logMethod [as log] (utils/logger.ts:82:7)

    console.log
      [INFO] Upcoming meetings loaded { count: 2, timestamp: '2026-01-30T03:36:52.545Z' }

      at Logger.logMethod [as log] (utils/logger.ts:82:7)

    console.log
      [INFO] Upcoming meetings loaded { count: 2, timestamp: '2026-01-30T03:36:52.545Z' }

      at Logger.logMethod [as log] (utils/logger.ts:82:7)

    console.log
      [INFO] Upcoming meetings loaded { count: 2, timestamp: '2026-01-30T03:36:52.545Z' }

      at Logger.logMethod [as log] (utils/logger.ts:82:7)

    console.log
      [INFO] Upcoming meetings loaded { count: 2, timestamp: '2026-01-30T03:36:52.545Z' }

      at Logger.logMethod [as log] (utils/logger.ts:82:7)

    console.log
      [INFO] Upcoming meetings loaded { count: 2, timestamp: '2026-01-30T03:36:52.545Z' }

      at Logger.logMethod [as log] (utils/logger.ts:82:7)

    console.log
      [INFO] Upcoming meetings loaded { count: 2, timestamp: '2026-01-30T03:36:52.545Z' }

      at Logger.logMethod [as log] (utils/logger.ts:82:7)

    console.log
      [INFO] Upcoming meetings loaded { count: 2, timestamp: '2026-01-30T03:36:52.545Z' }

      at Logger.logMethod [as log] (utils/logger.ts:82:7)

    console.log
      [INFO] Upcoming meetings loaded { count: 2, timestamp: '2026-01-30T03:36:52.545Z' }

      at Logger.logMethod [as log] (utils/logger.ts:82:7)

    console.log
      [INFO] Upcoming meetings loaded { count: 2, timestamp: '2026-01-30T03:36:52.545Z' }

      at Logger.logMethod [as log] (utils/logger.ts:82:7)

    console.log
      [INFO] Upcoming meetings loaded { count: 2, timestamp: '2026-01-30T03:36:52.546Z' }

      at Logger.logMethod [as log] (utils/logger.ts:82:7)

    console.log
      [INFO] Upcoming meetings loaded { count: 2, timestamp: '2026-01-30T03:36:52.546Z' }

      at Logger.logMethod [as log] (utils/logger.ts:82:7)

    console.log
      [INFO] Upcoming meetings loaded { count: 2, timestamp: '2026-01-30T03:36:52.546Z' }

      at Logger.logMethod [as log] (utils/logger.ts:82:7)

    console.log
      [INFO] Upcoming meetings loaded { count: 2, timestamp: '2026-01-30T03:36:52.546Z' }

      at Logger.logMethod [as log] (utils/logger.ts:82:7)

    console.log
      [INFO] Upcoming meetings loaded { count: 2, timestamp: '2026-01-30T03:36:52.546Z' }

      at Logger.logMethod [as log] (utils/logger.ts:82:7)

    console.log
      [INFO] Upcoming meetings loaded { count: 2, timestamp: '2026-01-30T03:36:52.546Z' }

      at Logger.logMethod [as log] (utils/logger.ts:82:7)

    console.log
      [INFO] Upcoming meetings loaded { count: 2, timestamp: '2026-01-30T03:36:52.546Z' }

      at Logger.logMethod [as log] (utils/logger.ts:82:7)

    console.log
      [INFO] Upcoming meetings loaded { count: 2, timestamp: '2026-01-30T03:36:52.546Z' }

      at Logger.logMethod [as log] (utils/logger.ts:82:7)

    console.log
      [INFO] Upcoming meetings loaded { count: 2, timestamp: '2026-01-30T03:36:52.547Z' }

      at Logger.logMethod [as log] (utils/logger.ts:82:7)

    console.log
      [INFO] Upcoming meetings loaded { count: 2, timestamp: '2026-01-30T03:36:52.547Z' }

      at Logger.logMethod [as log] (utils/logger.ts:82:7)

    console.log
      [INFO] Upcoming meetings loaded { count: 2, timestamp: '2026-01-30T03:36:52.547Z' }

      at Logger.logMethod [as log] (utils/logger.ts:82:7)

    console.log
      [INFO] Upcoming meetings loaded { count: 2, timestamp: '2026-01-30T03:36:52.547Z' }

      at Logger.logMethod [as log] (utils/logger.ts:82:7)

    console.log
      [INFO] Upcoming meetings loaded { count: 2, timestamp: '2026-01-30T03:36:52.547Z' }

      at Logger.logMethod [as log] (utils/logger.ts:82:7)

    console.log
      [INFO] Upcoming meetings loaded { count: 2, timestamp: '2026-01-30T03:36:52.547Z' }

      at Logger.logMethod [as log] (utils/logger.ts:82:7)

    console.log
      [INFO] Upcoming meetings loaded { count: 2, timestamp: '2026-01-30T03:36:52.547Z' }

      at Logger.logMethod [as log] (utils/logger.ts:82:7)

    console.log
      [INFO] Upcoming meetings loaded { count: 2, timestamp: '2026-01-30T03:36:52.547Z' }

      at Logger.logMethod [as log] (utils/logger.ts:82:7)

    console.log
      [INFO] Upcoming meetings loaded { count: 2, timestamp: '2026-01-30T03:36:52.547Z' }

      at Logger.logMethod [as log] (utils/logger.ts:82:7)

    console.log
      [INFO] Upcoming meetings loaded { count: 2, timestamp: '2026-01-30T03:36:52.548Z' }

      at Logger.logMethod [as log] (utils/logger.ts:82:7)

    console.log
      [INFO] Upcoming meetings loaded { count: 2, timestamp: '2026-01-30T03:36:52.548Z' }

      at Logger.logMethod [as log] (utils/logger.ts:82:7)

    console.log
      [INFO] Upcoming meetings loaded { count: 2, timestamp: '2026-01-30T03:36:52.548Z' }

      at Logger.logMethod [as log] (utils/logger.ts:82:7)

    console.log
      [INFO] Upcoming meetings loaded { count: 2, timestamp: '2026-01-30T03:36:52.548Z' }

      at Logger.logMethod [as log] (utils/logger.ts:82:7)

    console.log
      [INFO] Upcoming meetings loaded { count: 2, timestamp: '2026-01-30T03:36:52.548Z' }

      at Logger.logMethod [as log] (utils/logger.ts:82:7)

    console.log
      [INFO] Upcoming meetings loaded { count: 2, timestamp: '2026-01-30T03:36:52.548Z' }

      at Logger.logMethod [as log] (utils/logger.ts:82:7)

    console.log
      [INFO] Upcoming meetings loaded { count: 2, timestamp: '2026-01-30T03:36:52.548Z' }

      at Logger.logMethod [as log] (utils/logger.ts:82:7)

    console.log
      [INFO] Upcoming meetings loaded { count: 2, timestamp: '2026-01-30T03:36:52.548Z' }

      at Logger.logMethod [as log] (utils/logger.ts:82:7)

    console.log
      [INFO] Upcoming meetings loaded { count: 2, timestamp: '2026-01-30T03:36:52.548Z' }

      at Logger.logMethod [as log] (utils/logger.ts:82:7)

    console.log
      [INFO] Upcoming meetings loaded { count: 2, timestamp: '2026-01-30T03:36:52.549Z' }

      at Logger.logMethod [as log] (utils/logger.ts:82:7)

    console.log
      [INFO] Upcoming meetings loaded { count: 2, timestamp: '2026-01-30T03:36:52.549Z' }

      at Logger.logMethod [as log] (utils/logger.ts:82:7)

    console.log
      [INFO] Upcoming meetings loaded { count: 2, timestamp: '2026-01-30T03:36:52.549Z' }

      at Logger.logMethod [as log] (utils/logger.ts:82:7)

    console.log
      [INFO] Upcoming meetings loaded { count: 2, timestamp: '2026-01-30T03:36:52.549Z' }

      at Logger.logMethod [as log] (utils/logger.ts:82:7)

    console.log
      [INFO] Upcoming meetings loaded { count: 2, timestamp: '2026-01-30T03:36:52.549Z' }

      at Logger.logMethod [as log] (utils/logger.ts:82:7)

    console.log
      [INFO] Upcoming meetings loaded { count: 2, timestamp: '2026-01-30T03:36:52.549Z' }

      at Logger.logMethod [as log] (utils/logger.ts:82:7)

    console.log
      [INFO] Upcoming meetings loaded { count: 2, timestamp: '2026-01-30T03:36:52.549Z' }

      at Logger.logMethod [as log] (utils/logger.ts:82:7)

    console.log
      [INFO] Upcoming meetings loaded { count: 2, timestamp: '2026-01-30T03:36:52.549Z' }

      at Logger.logMethod [as log] (utils/logger.ts:82:7)

    console.log
      [INFO] Upcoming meetings loaded { count: 2, timestamp: '2026-01-30T03:36:52.549Z' }

      at Logger.logMethod [as log] (utils/logger.ts:82:7)

    console.log
      [INFO] Upcoming meetings loaded { count: 2, timestamp: '2026-01-30T03:36:52.550Z' }

      at Logger.logMethod [as log] (utils/logger.ts:82:7)

    console.log
      [INFO] Upcoming meetings loaded { count: 2, timestamp: '2026-01-30T03:36:52.550Z' }

      at Logger.logMethod [as log] (utils/logger.ts:82:7)

    console.log
      [INFO] Upcoming meetings loaded { count: 2, timestamp: '2026-01-30T03:36:52.550Z' }

      at Logger.logMethod [as log] (utils/logger.ts:82:7)

    console.log
      [INFO] Upcoming meetings loaded { count: 2, timestamp: '2026-01-30T03:36:52.550Z' }

      at Logger.logMethod [as log] (utils/logger.ts:82:7)

    console.log
      [INFO] Upcoming meetings loaded { count: 2, timestamp: '2026-01-30T03:36:52.550Z' }

      at Logger.logMethod [as log] (utils/logger.ts:82:7)

    console.log
      [INFO] Upcoming meetings loaded { count: 2, timestamp: '2026-01-30T03:36:52.550Z' }

      at Logger.logMethod [as log] (utils/logger.ts:82:7)

    console.log
      [INFO] Upcoming meetings loaded { count: 2, timestamp: '2026-01-30T03:36:52.550Z' }

      at Logger.logMethod [as log] (utils/logger.ts:82:7)

    console.log
      [INFO] Upcoming meetings loaded { count: 2, timestamp: '2026-01-30T03:36:52.550Z' }

      at Logger.logMethod [as log] (utils/logger.ts:82:7)

    console.log
      [INFO] Upcoming meetings loaded { count: 2, timestamp: '2026-01-30T03:36:52.550Z' }

      at Logger.logMethod [as log] (utils/logger.ts:82:7)

    console.log
      [INFO] Upcoming meetings loaded { count: 2, timestamp: '2026-01-30T03:36:52.551Z' }

      at Logger.logMethod [as log] (utils/logger.ts:82:7)

    console.log
      [INFO] Upcoming meetings loaded { count: 2, timestamp: '2026-01-30T03:36:52.551Z' }

      at Logger.logMethod [as log] (utils/logger.ts:82:7)

    console.log
      [INFO] Upcoming meetings loaded { count: 2, timestamp: '2026-01-30T03:36:52.551Z' }

      at Logger.logMethod [as log] (utils/logger.ts:82:7)

    console.log
      [INFO] Upcoming meetings loaded { count: 2, timestamp: '2026-01-30T03:36:52.551Z' }

      at Logger.logMethod [as log] (utils/logger.ts:82:7)

    console.log
      [INFO] Upcoming meetings loaded { count: 2, timestamp: '2026-01-30T03:36:52.551Z' }

      at Logger.logMethod [as log] (utils/logger.ts:82:7)

    console.log
      [INFO] Upcoming meetings loaded { count: 2, timestamp: '2026-01-30T03:36:52.551Z' }

      at Logger.logMethod [as log] (utils/logger.ts:82:7)

    console.log
      [INFO] Upcoming meetings loaded { count: 2, timestamp: '2026-01-30T03:36:52.551Z' }

      at Logger.logMethod [as log] (utils/logger.ts:82:7)

    console.log
      [INFO] Upcoming meetings loaded { count: 2, timestamp: '2026-01-30T03:36:52.551Z' }

      at Logger.logMethod [as log] (utils/logger.ts:82:7)

    console.log
      [INFO] Upcoming meetings loaded { count: 2, timestamp: '2026-01-30T03:36:52.551Z' }

      at Logger.logMethod [as log] (utils/logger.ts:82:7)

    console.log
      [INFO] Upcoming meetings loaded { count: 2, timestamp: '2026-01-30T03:36:52.552Z' }

      at Logger.logMethod [as log] (utils/logger.ts:82:7)

    console.log
      [INFO] Upcoming meetings loaded { count: 2, timestamp: '2026-01-30T03:36:52.552Z' }

      at Logger.logMethod [as log] (utils/logger.ts:82:7)

    console.log
      [INFO] Upcoming meetings loaded { count: 2, timestamp: '2026-01-30T03:36:52.552Z' }

      at Logger.logMethod [as log] (utils/logger.ts:82:7)

    console.log
      [INFO] Upcoming meetings loaded { count: 2, timestamp: '2026-01-30T03:36:52.552Z' }

      at Logger.logMethod [as log] (utils/logger.ts:82:7)

    console.log
      [INFO] Upcoming meetings loaded { count: 2, timestamp: '2026-01-30T03:36:52.552Z' }

      at Logger.logMethod [as log] (utils/logger.ts:82:7)

    console.log
      [INFO] Upcoming meetings loaded { count: 2, timestamp: '2026-01-30T03:36:52.552Z' }

      at Logger.logMethod [as log] (utils/logger.ts:82:7)

    console.log
      [INFO] Upcoming meetings loaded { count: 2, timestamp: '2026-01-30T03:36:52.552Z' }

      at Logger.logMethod [as log] (utils/logger.ts:82:7)

    console.log
      [INFO] Upcoming meetings loaded { count: 2, timestamp: '2026-01-30T03:36:52.552Z' }

      at Logger.logMethod [as log] (utils/logger.ts:82:7)

    console.log
      [INFO] Upcoming meetings loaded { count: 2, timestamp: '2026-01-30T03:36:52.552Z' }

      at Logger.logMethod [as log] (utils/logger.ts:82:7)

    console.log
      [INFO] Upcoming meetings loaded { count: 2, timestamp: '2026-01-30T03:36:52.553Z' }

      at Logger.logMethod [as log] (utils/logger.ts:82:7)

    console.log
      [INFO] Upcoming meetings loaded { count: 2, timestamp: '2026-01-30T03:36:52.553Z' }

      at Logger.logMethod [as log] (utils/logger.ts:82:7)

    console.log
      [INFO] Upcoming meetings loaded { count: 2, timestamp: '2026-01-30T03:36:52.553Z' }

      at Logger.logMethod [as log] (utils/logger.ts:82:7)

    console.log
      [INFO] Upcoming meetings loaded { count: 2, timestamp: '2026-01-30T03:36:52.553Z' }

      at Logger.logMethod [as log] (utils/logger.ts:82:7)

    console.log
      [INFO] Upcoming meetings loaded { count: 2, timestamp: '2026-01-30T03:36:52.553Z' }

      at Logger.logMethod [as log] (utils/logger.ts:82:7)

    console.log
      [INFO] Upcoming meetings loaded { count: 2, timestamp: '2026-01-30T03:36:52.553Z' }

      at Logger.logMethod [as log] (utils/logger.ts:82:7)

    console.log
      [INFO] Upcoming meetings loaded { count: 2, timestamp: '2026-01-30T03:36:52.553Z' }

      at Logger.logMethod [as log] (utils/logger.ts:82:7)

    console.log
      [INFO] Upcoming meetings loaded { count: 2, timestamp: '2026-01-30T03:36:52.553Z' }

      at Logger.logMethod [as log] (utils/logger.ts:82:7)

    console.log
      [INFO] Upcoming meetings loaded { count: 2, timestamp: '2026-01-30T03:36:52.554Z' }

      at Logger.logMethod [as log] (utils/logger.ts:82:7)

    console.log
      [INFO] Upcoming meetings loaded { count: 2, timestamp: '2026-01-30T03:36:52.554Z' }

      at Logger.logMethod [as log] (utils/logger.ts:82:7)

    console.log
      [INFO] Upcoming meetings loaded { count: 2, timestamp: '2026-01-30T03:36:52.554Z' }

      at Logger.logMethod [as log] (utils/logger.ts:82:7)

    console.log
      [INFO] Upcoming meetings loaded { count: 2, timestamp: '2026-01-30T03:36:52.554Z' }

      at Logger.logMethod [as log] (utils/logger.ts:82:7)

    console.log
      [INFO] Upcoming meetings loaded { count: 2, timestamp: '2026-01-30T03:36:52.554Z' }

      at Logger.logMethod [as log] (utils/logger.ts:82:7)

    console.log
      [INFO] Upcoming meetings loaded { count: 2, timestamp: '2026-01-30T03:36:52.554Z' }

      at Logger.logMethod [as log] (utils/logger.ts:82:7)

    console.log
      [INFO] Upcoming meetings loaded { count: 2, timestamp: '2026-01-30T03:36:52.554Z' }

      at Logger.logMethod [as log] (utils/logger.ts:82:7)

    console.log
      [INFO] Upcoming meetings loaded { count: 2, timestamp: '2026-01-30T03:36:52.554Z' }

      at Logger.logMethod [as log] (utils/logger.ts:82:7)

    console.log
      [INFO] Upcoming meetings loaded { count: 2, timestamp: '2026-01-30T03:36:52.554Z' }

      at Logger.logMethod [as log] (utils/logger.ts:82:7)

    console.log
      [INFO] Upcoming meetings loaded { count: 2, timestamp: '2026-01-30T03:36:52.555Z' }

      at Logger.logMethod [as log] (utils/logger.ts:82:7)

    console.log
      [INFO] Upcoming meetings loaded { count: 2, timestamp: '2026-01-30T03:36:52.555Z' }

      at Logger.logMethod [as log] (utils/logger.ts:82:7)

    console.log
      [INFO] Upcoming meetings loaded { count: 2, timestamp: '2026-01-30T03:36:52.555Z' }

      at Logger.logMethod [as log] (utils/logger.ts:82:7)

    console.log
      [INFO] Upcoming meetings loaded { count: 2, timestamp: '2026-01-30T03:36:52.555Z' }

      at Logger.logMethod [as log] (utils/logger.ts:82:7)

    console.log
      [INFO] Upcoming meetings loaded { count: 2, timestamp: '2026-01-30T03:36:52.555Z' }

      at Logger.logMethod [as log] (utils/logger.ts:82:7)

    console.log
      [INFO] Upcoming meetings loaded { count: 2, timestamp: '2026-01-30T03:36:52.555Z' }

      at Logger.logMethod [as log] (utils/logger.ts:82:7)

    console.log
      [INFO] Upcoming meetings loaded { count: 2, timestamp: '2026-01-30T03:36:52.555Z' }

      at Logger.logMethod [as log] (utils/logger.ts:82:7)

    console.log
      [INFO] Upcoming meetings loaded { count: 2, timestamp: '2026-01-30T03:36:52.555Z' }

      at Logger.logMethod [as log] (utils/logger.ts:82:7)

    console.log
      [INFO] Upcoming meetings loaded { count: 2, timestamp: '2026-01-30T03:36:52.555Z' }

      at Logger.logMethod [as log] (utils/logger.ts:82:7)

    console.log
      [INFO] Upcoming meetings loaded { count: 2, timestamp: '2026-01-30T03:36:52.556Z' }

      at Logger.logMethod [as log] (utils/logger.ts:82:7)

    console.log
      [INFO] Upcoming meetings loaded { count: 2, timestamp: '2026-01-30T03:36:52.556Z' }

      at Logger.logMethod [as log] (utils/logger.ts:82:7)

    console.log
      [INFO] Upcoming meetings loaded { count: 2, timestamp: '2026-01-30T03:36:52.556Z' }

      at Logger.logMethod [as log] (utils/logger.ts:82:7)

    console.log
      [INFO] Upcoming meetings loaded { count: 2, timestamp: '2026-01-30T03:36:52.556Z' }

      at Logger.logMethod [as log] (utils/logger.ts:82:7)

    console.log
      [INFO] Upcoming meetings loaded { count: 2, timestamp: '2026-01-30T03:36:52.556Z' }

      at Logger.logMethod [as log] (utils/logger.ts:82:7)

    console.log
      [INFO] Upcoming meetings loaded { count: 2, timestamp: '2026-01-30T03:36:52.556Z' }

      at Logger.logMethod [as log] (utils/logger.ts:82:7)

    console.log
      [INFO] Upcoming meetings loaded { count: 2, timestamp: '2026-01-30T03:36:52.556Z' }

      at Logger.logMethod [as log] (utils/logger.ts:82:7)

    console.log
      [INFO] Upcoming meetings loaded { count: 2, timestamp: '2026-01-30T03:36:52.556Z' }

      at Logger.logMethod [as log] (utils/logger.ts:82:7)

    console.log
      [INFO] Upcoming meetings loaded { count: 2, timestamp: '2026-01-30T03:36:52.556Z' }

      at Logger.logMethod [as log] (utils/logger.ts:82:7)

    console.log
      [INFO] Upcoming meetings loaded { count: 2, timestamp: '2026-01-30T03:36:52.557Z' }

      at Logger.logMethod [as log] (utils/logger.ts:82:7)

    console.log
      [INFO] Upcoming meetings loaded { count: 2, timestamp: '2026-01-30T03:36:52.557Z' }

      at Logger.logMethod [as log] (utils/logger.ts:82:7)

    console.log
      [INFO] Upcoming meetings loaded { count: 2, timestamp: '2026-01-30T03:36:52.557Z' }

      at Logger.logMethod [as log] (utils/logger.ts:82:7)

    console.log
      [INFO] Upcoming meetings loaded { count: 2, timestamp: '2026-01-30T03:36:52.557Z' }

      at Logger.logMethod [as log] (utils/logger.ts:82:7)

    console.log
      [INFO] Upcoming meetings loaded { count: 2, timestamp: '2026-01-30T03:36:52.557Z' }

      at Logger.logMethod [as log] (utils/logger.ts:82:7)

    console.log
      [INFO] Upcoming meetings loaded { count: 2, timestamp: '2026-01-30T03:36:52.557Z' }

      at Logger.logMethod [as log] (utils/logger.ts:82:7)

    console.log
      [INFO] Upcoming meetings loaded { count: 2, timestamp: '2026-01-30T03:36:52.557Z' }

      at Logger.logMethod [as log] (utils/logger.ts:82:7)

    console.log
      [INFO] Upcoming meetings loaded { count: 2, timestamp: '2026-01-30T03:36:52.557Z' }

      at Logger.logMethod [as log] (utils/logger.ts:82:7)

    console.log
      [INFO] Upcoming meetings loaded { count: 2, timestamp: '2026-01-30T03:36:52.558Z' }

      at Logger.logMethod [as log] (utils/logger.ts:82:7)

    console.log
      [INFO] Upcoming meetings loaded { count: 2, timestamp: '2026-01-30T03:36:52.558Z' }

      at Logger.logMethod [as log] (utils/logger.ts:82:7)

    console.log
      [INFO] Upcoming meetings loaded { count: 2, timestamp: '2026-01-30T03:36:52.558Z' }

      at Logger.logMethod [as log] (utils/logger.ts:82:7)

    console.log
      [INFO] Upcoming meetings loaded { count: 2, timestamp: '2026-01-30T03:36:52.558Z' }

      at Logger.logMethod [as log] (utils/logger.ts:82:7)

    console.log
      [INFO] Upcoming meetings loaded { count: 2, timestamp: '2026-01-30T03:36:52.558Z' }

      at Logger.logMethod [as log] (utils/logger.ts:82:7)

    console.log
      [INFO] Upcoming meetings loaded { count: 2, timestamp: '2026-01-30T03:36:52.558Z' }

      at Logger.logMethod [as log] (utils/logger.ts:82:7)

    console.log
      [INFO] Upcoming meetings loaded { count: 2, timestamp: '2026-01-30T03:36:52.558Z' }

      at Logger.logMethod [as log] (utils/logger.ts:82:7)

    console.log
      [INFO] Upcoming meetings loaded { count: 2, timestamp: '2026-01-30T03:36:52.558Z' }

      at Logger.logMethod [as log] (utils/logger.ts:82:7)

    console.log
      [INFO] Upcoming meetings loaded { count: 2, timestamp: '2026-01-30T03:36:52.558Z' }

      at Logger.logMethod [as log] (utils/logger.ts:82:7)

    console.log
      [INFO] Upcoming meetings loaded { count: 2, timestamp: '2026-01-30T03:36:52.559Z' }

      at Logger.logMethod [as log] (utils/logger.ts:82:7)

    console.log
      [INFO] Upcoming meetings loaded { count: 2, timestamp: '2026-01-30T03:36:52.559Z' }

      at Logger.logMethod [as log] (utils/logger.ts:82:7)

    console.log
      [INFO] Upcoming meetings loaded { count: 2, timestamp: '2026-01-30T03:36:52.559Z' }

      at Logger.logMethod [as log] (utils/logger.ts:82:7)

    console.log
      [INFO] Upcoming meetings loaded { count: 2, timestamp: '2026-01-30T03:36:52.559Z' }

      at Logger.logMethod [as log] (utils/logger.ts:82:7)

    console.log
      [INFO] Upcoming meetings loaded { count: 2, timestamp: '2026-01-30T03:36:52.559Z' }

      at Logger.logMethod [as log] (utils/logger.ts:82:7)

    console.log
      [INFO] Upcoming meetings loaded { count: 2, timestamp: '2026-01-30T03:36:52.559Z' }

      at Logger.logMethod [as log] (utils/logger.ts:82:7)

    console.log
      [INFO] Upcoming meetings loaded { count: 2, timestamp: '2026-01-30T03:36:52.559Z' }

      at Logger.logMethod [as log] (utils/logger.ts:82:7)

    console.log
      [INFO] Upcoming meetings loaded { count: 2, timestamp: '2026-01-30T03:36:52.559Z' }

      at Logger.logMethod [as log] (utils/logger.ts:82:7)

    console.log
      [INFO] Upcoming meetings loaded { count: 2, timestamp: '2026-01-30T03:36:52.560Z' }

      at Logger.logMethod [as log] (utils/logger.ts:82:7)

    console.log
      [INFO] Upcoming meetings loaded { count: 2, timestamp: '2026-01-30T03:36:52.560Z' }

      at Logger.logMethod [as log] (utils/logger.ts:82:7)

    console.log
      [INFO] Upcoming meetings loaded { count: 2, timestamp: '2026-01-30T03:36:52.561Z' }

      at Logger.logMethod [as log] (utils/logger.ts:82:7)

    console.log
      [INFO] Upcoming meetings loaded { count: 2, timestamp: '2026-01-30T03:36:52.561Z' }

      at Logger.logMethod [as log] (utils/logger.ts:82:7)

    console.log
      [INFO] Upcoming meetings loaded { count: 2, timestamp: '2026-01-30T03:36:52.561Z' }

      at Logger.logMethod [as log] (utils/logger.ts:82:7)

    console.log
      [INFO] Upcoming meetings loaded { count: 2, timestamp: '2026-01-30T03:36:52.562Z' }

      at Logger.logMethod [as log] (utils/logger.ts:82:7)

    console.log
      [INFO] Upcoming meetings loaded { count: 2, timestamp: '2026-01-30T03:36:52.562Z' }

      at Logger.logMethod [as log] (utils/logger.ts:82:7)

    console.log
      [INFO] Upcoming meetings loaded { count: 2, timestamp: '2026-01-30T03:36:52.562Z' }

      at Logger.logMethod [as log] (utils/logger.ts:82:7)

    console.log
      [INFO] Upcoming meetings loaded { count: 2, timestamp: '2026-01-30T03:36:52.562Z' }

      at Logger.logMethod [as log] (utils/logger.ts:82:7)

    console.log
      [INFO] Upcoming meetings loaded { count: 2, timestamp: '2026-01-30T03:36:52.563Z' }

      at Logger.logMethod [as log] (utils/logger.ts:82:7)

    console.log
      [INFO] Upcoming meetings loaded { count: 2, timestamp: '2026-01-30T03:36:52.563Z' }

      at Logger.logMethod [as log] (utils/logger.ts:82:7)

    console.log
      [INFO] Upcoming meetings loaded { count: 2, timestamp: '2026-01-30T03:36:52.563Z' }

      at Logger.logMethod [as log] (utils/logger.ts:82:7)

    console.log
      [INFO] Upcoming meetings loaded { count: 2, timestamp: '2026-01-30T03:36:52.563Z' }

      at Logger.logMethod [as log] (utils/logger.ts:82:7)

    console.log
      [INFO] Upcoming meetings loaded { count: 2, timestamp: '2026-01-30T03:36:52.564Z' }

      at Logger.logMethod [as log] (utils/logger.ts:82:7)

    console.log
      [INFO] Upcoming meetings loaded { count: 2, timestamp: '2026-01-30T03:36:52.564Z' }

      at Logger.logMethod [as log] (utils/logger.ts:82:7)

    console.log
      [INFO] Upcoming meetings loaded { count: 2, timestamp: '2026-01-30T03:36:52.564Z' }

      at Logger.logMethod [as log] (utils/logger.ts:82:7)

    console.log
      [INFO] Upcoming meetings loaded { count: 2, timestamp: '2026-01-30T03:36:52.565Z' }

      at Logger.logMethod [as log] (utils/logger.ts:82:7)

    console.log
      [INFO] Upcoming meetings loaded { count: 2, timestamp: '2026-01-30T03:36:52.565Z' }

      at Logger.logMethod [as log] (utils/logger.ts:82:7)

    console.log
      [INFO] Upcoming meetings loaded { count: 2, timestamp: '2026-01-30T03:36:52.565Z' }

      at Logger.logMethod [as log] (utils/logger.ts:82:7)

    console.log
      [INFO] Upcoming meetings loaded { count: 2, timestamp: '2026-01-30T03:36:52.565Z' }

      at Logger.logMethod [as log] (utils/logger.ts:82:7)

    console.log
      [INFO] Upcoming meetings loaded { count: 2, timestamp: '2026-01-30T03:36:52.566Z' }

      at Logger.logMethod [as log] (utils/logger.ts:82:7)

    console.log
      [INFO] Upcoming meetings loaded { count: 2, timestamp: '2026-01-30T03:36:52.566Z' }

      at Logger.logMethod [as log] (utils/logger.ts:82:7)

    console.log
      [INFO] Upcoming meetings loaded { count: 2, timestamp: '2026-01-30T03:36:52.566Z' }

      at Logger.logMethod [as log] (utils/logger.ts:82:7)

    console.log
      [INFO] Upcoming meetings loaded { count: 2, timestamp: '2026-01-30T03:36:52.566Z' }

      at Logger.logMethod [as log] (utils/logger.ts:82:7)

    console.log
      [INFO] Upcoming meetings loaded { count: 2, timestamp: '2026-01-30T03:36:52.567Z' }

      at Logger.logMethod [as log] (utils/logger.ts:82:7)

    console.log
      [INFO] Upcoming meetings loaded { count: 2, timestamp: '2026-01-30T03:36:52.567Z' }

      at Logger.logMethod [as log] (utils/logger.ts:82:7)

    console.log
      [INFO] Upcoming meetings loaded { count: 2, timestamp: '2026-01-30T03:36:52.567Z' }

      at Logger.logMethod [as log] (utils/logger.ts:82:7)

    console.log
      [INFO] Upcoming meetings loaded { count: 2, timestamp: '2026-01-30T03:36:52.567Z' }

      at Logger.logMethod [as log] (utils/logger.ts:82:7)

    console.log
      [INFO] Upcoming meetings loaded { count: 2, timestamp: '2026-01-30T03:36:52.568Z' }

      at Logger.logMethod [as log] (utils/logger.ts:82:7)

    console.log
      [INFO] Upcoming meetings loaded { count: 2, timestamp: '2026-01-30T03:36:52.568Z' }

      at Logger.logMethod [as log] (utils/logger.ts:82:7)

    console.log
      [INFO] Upcoming meetings loaded { count: 2, timestamp: '2026-01-30T03:36:52.568Z' }

      at Logger.logMethod [as log] (utils/logger.ts:82:7)

    console.log
      [INFO] Upcoming meetings loaded { count: 2, timestamp: '2026-01-30T03:36:52.569Z' }

      at Logger.logMethod [as log] (utils/logger.ts:82:7)

    console.log
      [INFO] Upcoming meetings loaded { count: 2, timestamp: '2026-01-30T03:36:52.569Z' }

      at Logger.logMethod [as log] (utils/logger.ts:82:7)

    console.log
      [INFO] Upcoming meetings loaded { count: 2, timestamp: '2026-01-30T03:36:52.569Z' }

      at Logger.logMethod [as log] (utils/logger.ts:82:7)

    console.log
      [INFO] Upcoming meetings loaded { count: 2, timestamp: '2026-01-30T03:36:52.569Z' }

      at Logger.logMethod [as log] (utils/logger.ts:82:7)

    console.log
      [INFO] Upcoming meetings loaded { count: 2, timestamp: '2026-01-30T03:36:52.570Z' }

      at Logger.logMethod [as log] (utils/logger.ts:82:7)

    console.log
      [INFO] Upcoming meetings loaded { count: 2, timestamp: '2026-01-30T03:36:52.570Z' }

      at Logger.logMethod [as log] (utils/logger.ts:82:7)

    console.log
      [INFO] Upcoming meetings loaded { count: 2, timestamp: '2026-01-30T03:36:52.570Z' }

      at Logger.logMethod [as log] (utils/logger.ts:82:7)

    console.log
      [INFO] Upcoming meetings loaded { count: 2, timestamp: '2026-01-30T03:36:52.570Z' }

      at Logger.logMethod [as log] (utils/logger.ts:82:7)

    console.log
      [INFO] Upcoming meetings loaded { count: 2, timestamp: '2026-01-30T03:36:52.571Z' }

      at Logger.logMethod [as log] (utils/logger.ts:82:7)

    console.log
      [INFO] Upcoming meetings loaded { count: 2, timestamp: '2026-01-30T03:36:52.571Z' }

      at Logger.logMethod [as log] (utils/logger.ts:82:7)

    console.log
      [INFO] Upcoming meetings loaded { count: 2, timestamp: '2026-01-30T03:36:52.571Z' }

      at Logger.logMethod [as log] (utils/logger.ts:82:7)

    console.log
      [INFO] Upcoming meetings loaded { count: 2, timestamp: '2026-01-30T03:36:52.572Z' }

      at Logger.logMethod [as log] (utils/logger.ts:82:7)

    console.log
      [INFO] Upcoming meetings loaded { count: 2, timestamp: '2026-01-30T03:36:52.572Z' }

      at Logger.logMethod [as log] (utils/logger.ts:82:7)

    console.log
      [INFO] Upcoming meetings loaded { count: 2, timestamp: '2026-01-30T03:36:52.572Z' }

      at Logger.logMethod [as log] (utils/logger.ts:82:7)

    console.log
      [INFO] Upcoming meetings loaded { count: 2, timestamp: '2026-01-30T03:36:52.572Z' }

      at Logger.logMethod [as log] (utils/logger.ts:82:7)

    console.log
      [INFO] Upcoming meetings loaded { count: 2, timestamp: '2026-01-30T03:36:52.573Z' }

      at Logger.logMethod [as log] (utils/logger.ts:82:7)

    console.log
      [INFO] Upcoming meetings loaded { count: 2, timestamp: '2026-01-30T03:36:52.573Z' }

      at Logger.logMethod [as log] (utils/logger.ts:82:7)

    console.log
      [INFO] Upcoming meetings loaded { count: 2, timestamp: '2026-01-30T03:36:52.573Z' }

      at Logger.logMethod [as log] (utils/logger.ts:82:7)

    console.log
      [INFO] Upcoming meetings loaded { count: 2, timestamp: '2026-01-30T03:36:52.574Z' }

      at Logger.logMethod [as log] (utils/logger.ts:82:7)

    console.log
      [INFO] Upcoming meetings loaded { count: 2, timestamp: '2026-01-30T03:36:52.574Z' }

      at Logger.logMethod [as log] (utils/logger.ts:82:7)

    console.log
      [INFO] Upcoming meetings loaded { count: 2, timestamp: '2026-01-30T03:36:52.574Z' }

      at Logger.logMethod [as log] (utils/logger.ts:82:7)

    console.log
      [INFO] Upcoming meetings loaded { count: 2, timestamp: '2026-01-30T03:36:52.574Z' }

      at Logger.logMethod [as log] (utils/logger.ts:82:7)

    console.log
      [INFO] Upcoming meetings loaded { count: 2, timestamp: '2026-01-30T03:36:52.575Z' }

      at Logger.logMethod [as log] (utils/logger.ts:82:7)

    console.log
      [INFO] Upcoming meetings loaded { count: 2, timestamp: '2026-01-30T03:36:52.575Z' }

      at Logger.logMethod [as log] (utils/logger.ts:82:7)

    console.log
      [INFO] Upcoming meetings loaded { count: 2, timestamp: '2026-01-30T03:36:52.575Z' }

      at Logger.logMethod [as log] (utils/logger.ts:82:7)

    console.log
      [INFO] Upcoming meetings loaded { count: 2, timestamp: '2026-01-30T03:36:52.575Z' }

      at Logger.logMethod [as log] (utils/logger.ts:82:7)

    console.log
      [INFO] Upcoming meetings loaded { count: 2, timestamp: '2026-01-30T03:36:52.576Z' }

      at Logger.logMethod [as log] (utils/logger.ts:82:7)

    console.log
      [INFO] Upcoming meetings loaded { count: 2, timestamp: '2026-01-30T03:36:52.576Z' }

      at Logger.logMethod [as log] (utils/logger.ts:82:7)

    console.log
      [INFO] Upcoming meetings loaded { count: 2, timestamp: '2026-01-30T03:36:52.576Z' }

      at Logger.logMethod [as log] (utils/logger.ts:82:7)

    console.log
      [INFO] Upcoming meetings loaded { count: 2, timestamp: '2026-01-30T03:36:52.577Z' }

      at Logger.logMethod [as log] (utils/logger.ts:82:7)

    console.log
      [INFO] Upcoming meetings loaded { count: 2, timestamp: '2026-01-30T03:36:52.577Z' }

      at Logger.logMethod [as log] (utils/logger.ts:82:7)

    console.log
      [INFO] Upcoming meetings loaded { count: 2, timestamp: '2026-01-30T03:36:52.577Z' }

      at Logger.logMethod [as log] (utils/logger.ts:82:7)

    console.log
      [INFO] Upcoming meetings loaded { count: 2, timestamp: '2026-01-30T03:36:52.580Z' }

      at Logger.logMethod [as log] (utils/logger.ts:82:7)

    console.log
      [INFO] Upcoming meetings loaded { count: 2, timestamp: '2026-01-30T03:36:52.581Z' }

      at Logger.logMethod [as log] (utils/logger.ts:82:7)

    console.log
      [INFO] Upcoming meetings loaded { count: 2, timestamp: '2026-01-30T03:36:52.581Z' }

      at Logger.logMethod [as log] (utils/logger.ts:82:7)

    console.log
      [INFO] Upcoming meetings loaded { count: 2, timestamp: '2026-01-30T03:36:52.582Z' }

      at Logger.logMethod [as log] (utils/logger.ts:82:7)

    console.log
      [INFO] Upcoming meetings loaded { count: 2, timestamp: '2026-01-30T03:36:52.585Z' }

      at Logger.logMethod [as log] (utils/logger.ts:82:7)

    console.log
      [INFO] Upcoming meetings loaded { count: 2, timestamp: '2026-01-30T03:36:52.589Z' }

      at Logger.logMethod [as log] (utils/logger.ts:82:7)

    console.log
      [INFO] Upcoming meetings loaded { count: 2, timestamp: '2026-01-30T03:36:52.590Z' }

      at Logger.logMethod [as log] (utils/logger.ts:82:7)

    console.log
      [INFO] Upcoming meetings loaded { count: 2, timestamp: '2026-01-30T03:36:52.590Z' }

      at Logger.logMethod [as log] (utils/logger.ts:82:7)

    console.log
      [INFO] Upcoming meetings loaded { count: 2, timestamp: '2026-01-30T03:36:52.590Z' }

      at Logger.logMethod [as log] (utils/logger.ts:82:7)

    console.log
      [INFO] Upcoming meetings loaded { count: 2, timestamp: '2026-01-30T03:36:52.590Z' }

      at Logger.logMethod [as log] (utils/logger.ts:82:7)

    console.log
      [INFO] Upcoming meetings loaded { count: 2, timestamp: '2026-01-30T03:36:52.591Z' }

      at Logger.logMethod [as log] (utils/logger.ts:82:7)

    console.log
      [INFO] Upcoming meetings loaded { count: 2, timestamp: '2026-01-30T03:36:52.591Z' }

      at Logger.logMethod [as log] (utils/logger.ts:82:7)

    console.log
      [INFO] Upcoming meetings loaded { count: 2, timestamp: '2026-01-30T03:36:52.591Z' }

      at Logger.logMethod [as log] (utils/logger.ts:82:7)

    console.log
      [INFO] Upcoming meetings loaded { count: 2, timestamp: '2026-01-30T03:36:52.592Z' }

      at Logger.logMethod [as log] (utils/logger.ts:82:7)

    console.log
      [INFO] Upcoming meetings loaded { count: 2, timestamp: '2026-01-30T03:36:52.592Z' }

      at Logger.logMethod [as log] (utils/logger.ts:82:7)

    console.log
      [INFO] Upcoming meetings loaded { count: 2, timestamp: '2026-01-30T03:36:52.592Z' }

      at Logger.logMethod [as log] (utils/logger.ts:82:7)

    console.log
      [INFO] Upcoming meetings loaded { count: 2, timestamp: '2026-01-30T03:36:52.592Z' }

      at Logger.logMethod [as log] (utils/logger.ts:82:7)

    console.log
      [INFO] Upcoming meetings loaded { count: 2, timestamp: '2026-01-30T03:36:52.593Z' }

      at Logger.logMethod [as log] (utils/logger.ts:82:7)

    console.log
      [INFO] Upcoming meetings loaded { count: 2, timestamp: '2026-01-30T03:36:52.593Z' }

      at Logger.logMethod [as log] (utils/logger.ts:82:7)

    console.log
      [INFO] Upcoming meetings loaded { count: 2, timestamp: '2026-01-30T03:36:52.593Z' }

      at Logger.logMethod [as log] (utils/logger.ts:82:7)

    console.log
      [INFO] Upcoming meetings loaded { count: 2, timestamp: '2026-01-30T03:36:52.594Z' }

      at Logger.logMethod [as log] (utils/logger.ts:82:7)

    console.log
      [INFO] Upcoming meetings loaded { count: 2, timestamp: '2026-01-30T03:36:52.594Z' }

      at Logger.logMethod [as log] (utils/logger.ts:82:7)

    console.log
      [INFO] Upcoming meetings loaded { count: 2, timestamp: '2026-01-30T03:36:52.594Z' }

      at Logger.logMethod [as log] (utils/logger.ts:82:7)

    console.log
      [INFO] Upcoming meetings loaded { count: 2, timestamp: '2026-01-30T03:36:52.594Z' }

      at Logger.logMethod [as log] (utils/logger.ts:82:7)

    console.log
      [INFO] Upcoming meetings loaded { count: 2, timestamp: '2026-01-30T03:36:52.595Z' }

      at Logger.logMethod [as log] (utils/logger.ts:82:7)

    console.log
      [INFO] Upcoming meetings loaded { count: 2, timestamp: '2026-01-30T03:36:52.595Z' }

      at Logger.logMethod [as log] (utils/logger.ts:82:7)

    console.log
      [INFO] Upcoming meetings loaded { count: 2, timestamp: '2026-01-30T03:36:52.595Z' }

      at Logger.logMethod [as log] (utils/logger.ts:82:7)

    console.log
      [INFO] Upcoming meetings loaded { count: 2, timestamp: '2026-01-30T03:36:52.595Z' }

      at Logger.logMethod [as log] (utils/logger.ts:82:7)

    console.log
      [INFO] Upcoming meetings loaded { count: 2, timestamp: '2026-01-30T03:36:52.596Z' }

      at Logger.logMethod [as log] (utils/logger.ts:82:7)

    console.log
      [INFO] Upcoming meetings loaded { count: 2, timestamp: '2026-01-30T03:36:52.596Z' }

      at Logger.logMethod [as log] (utils/logger.ts:82:7)

    console.log
      [INFO] Upcoming meetings loaded { count: 2, timestamp: '2026-01-30T03:36:52.596Z' }

      at Logger.logMethod [as log] (utils/logger.ts:82:7)

    console.log
      [INFO] Upcoming meetings loaded { count: 2, timestamp: '2026-01-30T03:36:52.596Z' }

      at Logger.logMethod [as log] (utils/logger.ts:82:7)

    console.log
      [INFO] Upcoming meetings loaded { count: 2, timestamp: '2026-01-30T03:36:52.597Z' }

      at Logger.logMethod [as log] (utils/logger.ts:82:7)

    console.log
      [INFO] Upcoming meetings loaded { count: 2, timestamp: '2026-01-30T03:36:52.597Z' }

      at Logger.logMethod [as log] (utils/logger.ts:82:7)

    console.log
      [INFO] Upcoming meetings loaded { count: 2, timestamp: '2026-01-30T03:36:52.597Z' }

      at Logger.logMethod [as log] (utils/logger.ts:82:7)

    console.log
      [INFO] Upcoming meetings loaded { count: 2, timestamp: '2026-01-30T03:36:52.597Z' }

      at Logger.logMethod [as log] (utils/logger.ts:82:7)

    console.log
      [INFO] Upcoming meetings loaded { count: 2, timestamp: '2026-01-30T03:36:52.598Z' }

      at Logger.logMethod [as log] (utils/logger.ts:82:7)

    console.log
      [INFO] Upcoming meetings loaded { count: 2, timestamp: '2026-01-30T03:36:52.598Z' }

      at Logger.logMethod [as log] (utils/logger.ts:82:7)

    console.log
      [INFO] Upcoming meetings loaded { count: 2, timestamp: '2026-01-30T03:36:52.598Z' }

      at Logger.logMethod [as log] (utils/logger.ts:82:7)

    console.log
      [INFO] Upcoming meetings loaded { count: 2, timestamp: '2026-01-30T03:36:52.599Z' }

      at Logger.logMethod [as log] (utils/logger.ts:82:7)

    console.log
      [INFO] Upcoming meetings loaded { count: 2, timestamp: '2026-01-30T03:36:52.599Z' }

      at Logger.logMethod [as log] (utils/logger.ts:82:7)

    console.log
      [INFO] Upcoming meetings loaded { count: 2, timestamp: '2026-01-30T03:36:52.599Z' }

      at Logger.logMethod [as log] (utils/logger.ts:82:7)

    console.log
      [INFO] Upcoming meetings loaded { count: 2, timestamp: '2026-01-30T03:36:52.599Z' }

      at Logger.logMethod [as log] (utils/logger.ts:82:7)

    console.log
      [INFO] Upcoming meetings loaded { count: 2, timestamp: '2026-01-30T03:36:52.600Z' }

      at Logger.logMethod [as log] (utils/logger.ts:82:7)

    console.log
      [INFO] Upcoming meetings loaded { count: 2, timestamp: '2026-01-30T03:36:52.600Z' }

      at Logger.logMethod [as log] (utils/logger.ts:82:7)

    console.log
      [INFO] Upcoming meetings loaded { count: 2, timestamp: '2026-01-30T03:36:52.600Z' }

      at Logger.logMethod [as log] (utils/logger.ts:82:7)

    console.log
      [INFO] Upcoming meetings loaded { count: 2, timestamp: '2026-01-30T03:36:52.600Z' }

      at Logger.logMethod [as log] (utils/logger.ts:82:7)

    console.log
      [INFO] Upcoming meetings loaded { count: 2, timestamp: '2026-01-30T03:36:52.601Z' }

      at Logger.logMethod [as log] (utils/logger.ts:82:7)

    console.log
      [INFO] Upcoming meetings loaded { count: 2, timestamp: '2026-01-30T03:36:52.601Z' }

      at Logger.logMethod [as log] (utils/logger.ts:82:7)

    console.log
      [INFO] Upcoming meetings loaded { count: 2, timestamp: '2026-01-30T03:36:52.601Z' }

      at Logger.logMethod [as log] (utils/logger.ts:82:7)

    console.log
      [INFO] Upcoming meetings loaded { count: 2, timestamp: '2026-01-30T03:36:52.601Z' }

      at Logger.logMethod [as log] (utils/logger.ts:82:7)

    console.log
      [INFO] Upcoming meetings loaded { count: 2, timestamp: '2026-01-30T03:36:52.602Z' }

      at Logger.logMethod [as log] (utils/logger.ts:82:7)

    console.log
      [INFO] Upcoming meetings loaded { count: 2, timestamp: '2026-01-30T03:36:52.602Z' }

      at Logger.logMethod [as log] (utils/logger.ts:82:7)

    console.log
      [INFO] Upcoming meetings loaded { count: 2, timestamp: '2026-01-30T03:36:52.602Z' }

      at Logger.logMethod [as log] (utils/logger.ts:82:7)

    console.log
      [INFO] Upcoming meetings loaded { count: 2, timestamp: '2026-01-30T03:36:52.602Z' }

      at Logger.logMethod [as log] (utils/logger.ts:82:7)

    console.log
      [INFO] Upcoming meetings loaded { count: 2, timestamp: '2026-01-30T03:36:52.603Z' }

      at Logger.logMethod [as log] (utils/logger.ts:82:7)

    console.log
      [INFO] Upcoming meetings loaded { count: 2, timestamp: '2026-01-30T03:36:52.603Z' }

      at Logger.logMethod [as log] (utils/logger.ts:82:7)

    console.log
      [INFO] Upcoming meetings loaded { count: 2, timestamp: '2026-01-30T03:36:52.603Z' }

      at Logger.logMethod [as log] (utils/logger.ts:82:7)

    console.log
      [INFO] Upcoming meetings loaded { count: 2, timestamp: '2026-01-30T03:36:52.603Z' }

      at Logger.logMethod [as log] (utils/logger.ts:82:7)

    console.log
      [INFO] Upcoming meetings loaded { count: 2, timestamp: '2026-01-30T03:36:52.604Z' }

      at Logger.logMethod [as log] (utils/logger.ts:82:7)

    console.log
      [INFO] Upcoming meetings loaded { count: 2, timestamp: '2026-01-30T03:36:52.604Z' }

      at Logger.logMethod [as log] (utils/logger.ts:82:7)

    console.log
      [INFO] Upcoming meetings loaded { count: 2, timestamp: '2026-01-30T03:36:52.604Z' }

      at Logger.logMethod [as log] (utils/logger.ts:82:7)

    console.log
      [INFO] Upcoming meetings loaded { count: 2, timestamp: '2026-01-30T03:36:52.605Z' }

      at Logger.logMethod [as log] (utils/logger.ts:82:7)

    console.log
      [INFO] Upcoming meetings loaded { count: 2, timestamp: '2026-01-30T03:36:52.605Z' }

      at Logger.logMethod [as log] (utils/logger.ts:82:7)

    console.log
      [INFO] Upcoming meetings loaded { count: 2, timestamp: '2026-01-30T03:36:52.605Z' }

      at Logger.logMethod [as log] (utils/logger.ts:82:7)

    console.log
      [INFO] Upcoming meetings loaded { count: 2, timestamp: '2026-01-30T03:36:52.605Z' }

      at Logger.logMethod [as log] (utils/logger.ts:82:7)

    console.log
      [INFO] Upcoming meetings loaded { count: 2, timestamp: '2026-01-30T03:36:52.606Z' }

      at Logger.logMethod [as log] (utils/logger.ts:82:7)

    console.log
      [INFO] Upcoming meetings loaded { count: 2, timestamp: '2026-01-30T03:36:52.606Z' }

      at Logger.logMethod [as log] (utils/logger.ts:82:7)

    console.log
      [INFO] Upcoming meetings loaded { count: 2, timestamp: '2026-01-30T03:36:52.606Z' }

      at Logger.logMethod [as log] (utils/logger.ts:82:7)

    console.log
      [INFO] Upcoming meetings loaded { count: 2, timestamp: '2026-01-30T03:36:52.606Z' }

      at Logger.logMethod [as log] (utils/logger.ts:82:7)

    console.log
      [INFO] Upcoming meetings loaded { count: 2, timestamp: '2026-01-30T03:36:52.607Z' }

      at Logger.logMethod [as log] (utils/logger.ts:82:7)

    console.log
      [INFO] Upcoming meetings loaded { count: 2, timestamp: '2026-01-30T03:36:52.607Z' }

      at Logger.logMethod [as log] (utils/logger.ts:82:7)

    console.log
      [INFO] Upcoming meetings loaded { count: 2, timestamp: '2026-01-30T03:36:52.607Z' }

      at Logger.logMethod [as log] (utils/logger.ts:82:7)

    console.log
      [INFO] Upcoming meetings loaded { count: 2, timestamp: '2026-01-30T03:36:52.607Z' }

      at Logger.logMethod [as log] (utils/logger.ts:82:7)

    console.log
      [INFO] Upcoming meetings loaded { count: 2, timestamp: '2026-01-30T03:36:52.608Z' }

      at Logger.logMethod [as log] (utils/logger.ts:82:7)

    console.log
      [INFO] Upcoming meetings loaded { count: 2, timestamp: '2026-01-30T03:36:52.608Z' }

      at Logger.logMethod [as log] (utils/logger.ts:82:7)

    console.log
      [INFO] Upcoming meetings loaded { count: 2, timestamp: '2026-01-30T03:36:52.608Z' }

      at Logger.logMethod [as log] (utils/logger.ts:82:7)

    console.log
      [INFO] Upcoming meetings loaded { count: 2, timestamp: '2026-01-30T03:36:52.608Z' }

      at Logger.logMethod [as log] (utils/logger.ts:82:7)

    console.log
      [INFO] Upcoming meetings loaded { count: 2, timestamp: '2026-01-30T03:36:52.609Z' }

      at Logger.logMethod [as log] (utils/logger.ts:82:7)

    console.log
      [INFO] Upcoming meetings loaded { count: 2, timestamp: '2026-01-30T03:36:52.609Z' }

      at Logger.logMethod [as log] (utils/logger.ts:82:7)

    console.log
      [INFO] Upcoming meetings loaded { count: 2, timestamp: '2026-01-30T03:36:52.609Z' }

      at Logger.logMethod [as log] (utils/logger.ts:82:7)

    console.log
      [INFO] Upcoming meetings loaded { count: 2, timestamp: '2026-01-30T03:36:52.609Z' }

      at Logger.logMethod [as log] (utils/logger.ts:82:7)

    console.log
      [INFO] Upcoming meetings loaded { count: 2, timestamp: '2026-01-30T03:36:52.610Z' }

      at Logger.logMethod [as log] (utils/logger.ts:82:7)

    console.log
      [INFO] Upcoming meetings loaded { count: 2, timestamp: '2026-01-30T03:36:52.610Z' }

      at Logger.logMethod [as log] (utils/logger.ts:82:7)

    console.log
      [INFO] Upcoming meetings loaded { count: 2, timestamp: '2026-01-30T03:36:52.610Z' }

      at Logger.logMethod [as log] (utils/logger.ts:82:7)

    console.log
      [INFO] Upcoming meetings loaded { count: 2, timestamp: '2026-01-30T03:36:52.610Z' }

      at Logger.logMethod [as log] (utils/logger.ts:82:7)

    console.log
      [INFO] Upcoming meetings loaded { count: 2, timestamp: '2026-01-30T03:36:52.611Z' }

      at Logger.logMethod [as log] (utils/logger.ts:82:7)

    console.log
      [INFO] Upcoming meetings loaded { count: 2, timestamp: '2026-01-30T03:36:52.611Z' }

      at Logger.logMethod [as log] (utils/logger.ts:82:7)

    console.log
      [INFO] Upcoming meetings loaded { count: 2, timestamp: '2026-01-30T03:36:52.611Z' }

      at Logger.logMethod [as log] (utils/logger.ts:82:7)

    console.log
      [INFO] Upcoming meetings loaded { count: 2, timestamp: '2026-01-30T03:36:52.611Z' }

      at Logger.logMethod [as log] (utils/logger.ts:82:7)

    console.log
      [INFO] Upcoming meetings loaded { count: 2, timestamp: '2026-01-30T03:36:52.612Z' }

      at Logger.logMethod [as log] (utils/logger.ts:82:7)

    console.log
      [INFO] Upcoming meetings loaded { count: 2, timestamp: '2026-01-30T03:36:52.612Z' }

      at Logger.logMethod [as log] (utils/logger.ts:82:7)

    console.log
      [INFO] Upcoming meetings loaded { count: 2, timestamp: '2026-01-30T03:36:52.612Z' }

      at Logger.logMethod [as log] (utils/logger.ts:82:7)

    console.log
      [INFO] Upcoming meetings loaded { count: 2, timestamp: '2026-01-30T03:36:52.612Z' }

      at Logger.logMethod [as log] (utils/logger.ts:82:7)

    console.log
      [INFO] Upcoming meetings loaded { count: 2, timestamp: '2026-01-30T03:36:52.613Z' }

      at Logger.logMethod [as log] (utils/logger.ts:82:7)

    console.log
      [INFO] Upcoming meetings loaded { count: 2, timestamp: '2026-01-30T03:36:52.613Z' }

      at Logger.logMethod [as log] (utils/logger.ts:82:7)

    console.log
      [INFO] Upcoming meetings loaded { count: 2, timestamp: '2026-01-30T03:36:52.613Z' }

      at Logger.logMethod [as log] (utils/logger.ts:82:7)

    console.log
      [INFO] Upcoming meetings loaded { count: 2, timestamp: '2026-01-30T03:36:52.613Z' }

      at Logger.logMethod [as log] (utils/logger.ts:82:7)

    console.log
      [INFO] Upcoming meetings loaded { count: 2, timestamp: '2026-01-30T03:36:52.614Z' }

      at Logger.logMethod [as log] (utils/logger.ts:82:7)

    console.log
      [INFO] Upcoming meetings loaded { count: 2, timestamp: '2026-01-30T03:36:52.614Z' }

      at Logger.logMethod [as log] (utils/logger.ts:82:7)

    console.log
      [INFO] Upcoming meetings loaded { count: 2, timestamp: '2026-01-30T03:36:52.614Z' }

      at Logger.logMethod [as log] (utils/logger.ts:82:7)

    console.log
      [INFO] Upcoming meetings loaded { count: 2, timestamp: '2026-01-30T03:36:52.615Z' }

      at Logger.logMethod [as log] (utils/logger.ts:82:7)

    console.log
      [INFO] Upcoming meetings loaded { count: 2, timestamp: '2026-01-30T03:36:52.615Z' }

      at Logger.logMethod [as log] (utils/logger.ts:82:7)

    console.log
      [INFO] Upcoming meetings loaded { count: 2, timestamp: '2026-01-30T03:36:52.615Z' }

      at Logger.logMethod [as log] (utils/logger.ts:82:7)

    console.log
      [INFO] Upcoming meetings loaded { count: 2, timestamp: '2026-01-30T03:36:52.615Z' }

      at Logger.logMethod [as log] (utils/logger.ts:82:7)

    console.log
      [INFO] Upcoming meetings loaded { count: 2, timestamp: '2026-01-30T03:36:52.616Z' }

      at Logger.logMethod [as log] (utils/logger.ts:82:7)

    console.log
      [INFO] Upcoming meetings loaded { count: 2, timestamp: '2026-01-30T03:36:52.616Z' }

      at Logger.logMethod [as log] (utils/logger.ts:82:7)

    console.log
      [INFO] Upcoming meetings loaded { count: 2, timestamp: '2026-01-30T03:36:52.616Z' }

      at Logger.logMethod [as log] (utils/logger.ts:82:7)

    console.log
      [INFO] Upcoming meetings loaded { count: 2, timestamp: '2026-01-30T03:36:52.616Z' }

      at Logger.logMethod [as log] (utils/logger.ts:82:7)

    console.log
      [INFO] Upcoming meetings loaded { count: 2, timestamp: '2026-01-30T03:36:52.617Z' }

      at Logger.logMethod [as log] (utils/logger.ts:82:7)

    console.log
      [INFO] Upcoming meetings loaded { count: 2, timestamp: '2026-01-30T03:36:52.617Z' }

      at Logger.logMethod [as log] (utils/logger.ts:82:7)

    console.log
      [INFO] Upcoming meetings loaded { count: 2, timestamp: '2026-01-30T03:36:52.617Z' }

      at Logger.logMethod [as log] (utils/logger.ts:82:7)

    console.log
      [INFO] Upcoming meetings loaded { count: 2, timestamp: '2026-01-30T03:36:52.617Z' }

      at Logger.logMethod [as log] (utils/logger.ts:82:7)

    console.log
      [INFO] Upcoming meetings loaded { count: 2, timestamp: '2026-01-30T03:36:52.618Z' }

      at Logger.logMethod [as log] (utils/logger.ts:82:7)

    console.log
      [INFO] Upcoming meetings loaded { count: 2, timestamp: '2026-01-30T03:36:52.618Z' }

      at Logger.logMethod [as log] (utils/logger.ts:82:7)

    console.log
      [INFO] Upcoming meetings loaded { count: 2, timestamp: '2026-01-30T03:36:52.618Z' }

      at Logger.logMethod [as log] (utils/logger.ts:82:7)

    console.log
      [INFO] Upcoming meetings loaded { count: 2, timestamp: '2026-01-30T03:36:52.618Z' }

      at Logger.logMethod [as log] (utils/logger.ts:82:7)

    console.log
      [INFO] Upcoming meetings loaded { count: 2, timestamp: '2026-01-30T03:36:52.619Z' }

      at Logger.logMethod [as log] (utils/logger.ts:82:7)

    console.log
      [INFO] Upcoming meetings loaded { count: 2, timestamp: '2026-01-30T03:36:52.619Z' }

      at Logger.logMethod [as log] (utils/logger.ts:82:7)

    console.log
      [INFO] Upcoming meetings loaded { count: 2, timestamp: '2026-01-30T03:36:52.619Z' }

      at Logger.logMethod [as log] (utils/logger.ts:82:7)

    console.log
      [INFO] Upcoming meetings loaded { count: 2, timestamp: '2026-01-30T03:36:52.620Z' }

      at Logger.logMethod [as log] (utils/logger.ts:82:7)

    console.log
      [INFO] Upcoming meetings loaded { count: 2, timestamp: '2026-01-30T03:36:52.620Z' }

      at Logger.logMethod [as log] (utils/logger.ts:82:7)

    console.log
      [INFO] Upcoming meetings loaded { count: 2, timestamp: '2026-01-30T03:36:52.620Z' }

      at Logger.logMethod [as log] (utils/logger.ts:82:7)

    console.log
      [INFO] Upcoming meetings loaded { count: 2, timestamp: '2026-01-30T03:36:52.620Z' }

      at Logger.logMethod [as log] (utils/logger.ts:82:7)

    console.log
      [INFO] Upcoming meetings loaded { count: 2, timestamp: '2026-01-30T03:36:52.621Z' }

      at Logger.logMethod [as log] (utils/logger.ts:82:7)

    console.log
      [INFO] Upcoming meetings loaded { count: 2, timestamp: '2026-01-30T03:36:52.621Z' }

      at Logger.logMethod [as log] (utils/logger.ts:82:7)

    console.log
      [INFO] Upcoming meetings loaded { count: 2, timestamp: '2026-01-30T03:36:52.621Z' }

      at Logger.logMethod [as log] (utils/logger.ts:82:7)

    console.log
      [INFO] Upcoming meetings loaded { count: 2, timestamp: '2026-01-30T03:36:52.621Z' }

      at Logger.logMethod [as log] (utils/logger.ts:82:7)

    console.log
      [INFO] Upcoming meetings loaded { count: 2, timestamp: '2026-01-30T03:36:52.622Z' }

      at Logger.logMethod [as log] (utils/logger.ts:82:7)

    console.log
      [INFO] Upcoming meetings loaded { count: 2, timestamp: '2026-01-30T03:36:52.622Z' }

      at Logger.logMethod [as log] (utils/logger.ts:82:7)

    console.log
      [INFO] Upcoming meetings loaded { count: 2, timestamp: '2026-01-30T03:36:52.622Z' }

      at Logger.logMethod [as log] (utils/logger.ts:82:7)

    console.log
      [INFO] Upcoming meetings loaded { count: 2, timestamp: '2026-01-30T03:36:52.622Z' }

      at Logger.logMethod [as log] (utils/logger.ts:82:7)

    console.log
      [INFO] Upcoming meetings loaded { count: 2, timestamp: '2026-01-30T03:36:52.623Z' }

      at Logger.logMethod [as log] (utils/logger.ts:82:7)

    console.log
      [INFO] Upcoming meetings loaded { count: 2, timestamp: '2026-01-30T03:36:52.623Z' }

      at Logger.logMethod [as log] (utils/logger.ts:82:7)

    console.log
      [INFO] Upcoming meetings loaded { count: 2, timestamp: '2026-01-30T03:36:52.623Z' }

      at Logger.logMethod [as log] (utils/logger.ts:82:7)

    console.log
      [INFO] Upcoming meetings loaded { count: 2, timestamp: '2026-01-30T03:36:52.624Z' }

      at Logger.logMethod [as log] (utils/logger.ts:82:7)

    console.log
      [INFO] Upcoming meetings loaded { count: 2, timestamp: '2026-01-30T03:36:52.624Z' }

      at Logger.logMethod [as log] (utils/logger.ts:82:7)

    console.log
      [INFO] Upcoming meetings loaded { count: 2, timestamp: '2026-01-30T03:36:52.624Z' }

      at Logger.logMethod [as log] (utils/logger.ts:82:7)

    console.log
      [INFO] Upcoming meetings loaded { count: 2, timestamp: '2026-01-30T03:36:52.624Z' }

      at Logger.logMethod [as log] (utils/logger.ts:82:7)

    console.log
      [INFO] Upcoming meetings loaded { count: 2, timestamp: '2026-01-30T03:36:52.625Z' }

      at Logger.logMethod [as log] (utils/logger.ts:82:7)

    console.log
      [INFO] Upcoming meetings loaded { count: 2, timestamp: '2026-01-30T03:36:52.625Z' }

      at Logger.logMethod [as log] (utils/logger.ts:82:7)

    console.log
      [INFO] Upcoming meetings loaded { count: 2, timestamp: '2026-01-30T03:36:52.625Z' }

      at Logger.logMethod [as log] (utils/logger.ts:82:7)

    console.log
      [INFO] Upcoming meetings loaded { count: 2, timestamp: '2026-01-30T03:36:52.625Z' }

      at Logger.logMethod [as log] (utils/logger.ts:82:7)

    console.log
      [INFO] Upcoming meetings loaded { count: 2, timestamp: '2026-01-30T03:36:52.626Z' }

      at Logger.logMethod [as log] (utils/logger.ts:82:7)

    console.log
      [INFO] Upcoming meetings loaded { count: 2, timestamp: '2026-01-30T03:36:52.626Z' }

      at Logger.logMethod [as log] (utils/logger.ts:82:7)

    console.log
      [INFO] Upcoming meetings loaded { count: 2, timestamp: '2026-01-30T03:36:52.626Z' }

      at Logger.logMethod [as log] (utils/logger.ts:82:7)

    console.log
      [INFO] Upcoming meetings loaded { count: 2, timestamp: '2026-01-30T03:36:52.626Z' }

      at Logger.logMethod [as log] (utils/logger.ts:82:7)

    console.log
      [INFO] Upcoming meetings loaded { count: 2, timestamp: '2026-01-30T03:36:52.627Z' }

      at Logger.logMethod [as log] (utils/logger.ts:82:7)

    console.log
      [INFO] Upcoming meetings loaded { count: 2, timestamp: '2026-01-30T03:36:52.627Z' }

      at Logger.logMethod [as log] (utils/logger.ts:82:7)

    console.log
      [INFO] Upcoming meetings loaded { count: 2, timestamp: '2026-01-30T03:36:52.627Z' }

      at Logger.logMethod [as log] (utils/logger.ts:82:7)

    console.log
      [INFO] Upcoming meetings loaded { count: 2, timestamp: '2026-01-30T03:36:52.627Z' }

      at Logger.logMethod [as log] (utils/logger.ts:82:7)

    console.log
      [INFO] Upcoming meetings loaded { count: 2, timestamp: '2026-01-30T03:36:52.628Z' }

      at Logger.logMethod [as log] (utils/logger.ts:82:7)

    console.log
      [INFO] Upcoming meetings loaded { count: 2, timestamp: '2026-01-30T03:36:52.628Z' }

      at Logger.logMethod [as log] (utils/logger.ts:82:7)

    console.log
      [INFO] Upcoming meetings loaded { count: 2, timestamp: '2026-01-30T03:36:52.628Z' }

      at Logger.logMethod [as log] (utils/logger.ts:82:7)

    console.log
      [INFO] Upcoming meetings loaded { count: 2, timestamp: '2026-01-30T03:36:52.628Z' }

      at Logger.logMethod [as log] (utils/logger.ts:82:7)

    console.log
      [INFO] Upcoming meetings loaded { count: 2, timestamp: '2026-01-30T03:36:52.629Z' }

      at Logger.logMethod [as log] (utils/logger.ts:82:7)

    console.log
      [INFO] Upcoming meetings loaded { count: 2, timestamp: '2026-01-30T03:36:52.629Z' }

      at Logger.logMethod [as log] (utils/logger.ts:82:7)

    console.log
      [INFO] Upcoming meetings loaded { count: 2, timestamp: '2026-01-30T03:36:52.629Z' }

      at Logger.logMethod [as log] (utils/logger.ts:82:7)

    console.log
      [INFO] Upcoming meetings loaded { count: 2, timestamp: '2026-01-30T03:36:52.629Z' }

      at Logger.logMethod [as log] (utils/logger.ts:82:7)

    console.log
      [INFO] Upcoming meetings loaded { count: 2, timestamp: '2026-01-30T03:36:52.630Z' }

      at Logger.logMethod [as log] (utils/logger.ts:82:7)

    console.log
      [INFO] Upcoming meetings loaded { count: 2, timestamp: '2026-01-30T03:36:52.630Z' }

      at Logger.logMethod [as log] (utils/logger.ts:82:7)

    console.log
      [INFO] Upcoming meetings loaded { count: 2, timestamp: '2026-01-30T03:36:52.630Z' }

      at Logger.logMethod [as log] (utils/logger.ts:82:7)

    console.log
      [INFO] Upcoming meetings loaded { count: 2, timestamp: '2026-01-30T03:36:52.630Z' }

      at Logger.logMethod [as log] (utils/logger.ts:82:7)

    console.log
      [INFO] Upcoming meetings loaded { count: 2, timestamp: '2026-01-30T03:36:52.631Z' }

      at Logger.logMethod [as log] (utils/logger.ts:82:7)

    console.log
      [INFO] Upcoming meetings loaded { count: 2, timestamp: '2026-01-30T03:36:52.631Z' }

      at Logger.logMethod [as log] (utils/logger.ts:82:7)

    console.log
      [INFO] Upcoming meetings loaded { count: 2, timestamp: '2026-01-30T03:36:52.631Z' }

      at Logger.logMethod [as log] (utils/logger.ts:82:7)

    console.log
      [INFO] Upcoming meetings loaded { count: 2, timestamp: '2026-01-30T03:36:52.631Z' }

      at Logger.logMethod [as log] (utils/logger.ts:82:7)

    console.log
      [INFO] Upcoming meetings loaded { count: 2, timestamp: '2026-01-30T03:36:52.632Z' }

      at Logger.logMethod [as log] (utils/logger.ts:82:7)

    console.log
      [INFO] Upcoming meetings loaded { count: 2, timestamp: '2026-01-30T03:36:52.632Z' }

      at Logger.logMethod [as log] (utils/logger.ts:82:7)

    console.log
      [INFO] Upcoming meetings loaded { count: 2, timestamp: '2026-01-30T03:36:52.632Z' }

      at Logger.logMethod [as log] (utils/logger.ts:82:7)

    console.log
      [INFO] Upcoming meetings loaded { count: 2, timestamp: '2026-01-30T03:36:52.632Z' }

      at Logger.logMethod [as log] (utils/logger.ts:82:7)

    console.log
      [INFO] Upcoming meetings loaded { count: 2, timestamp: '2026-01-30T03:36:52.633Z' }

      at Logger.logMethod [as log] (utils/logger.ts:82:7)

    console.log
      [INFO] Upcoming meetings loaded { count: 2, timestamp: '2026-01-30T03:36:52.633Z' }

      at Logger.logMethod [as log] (utils/logger.ts:82:7)

    console.log
      [INFO] Upcoming meetings loaded { count: 2, timestamp: '2026-01-30T03:36:52.633Z' }

      at Logger.logMethod [as log] (utils/logger.ts:82:7)

    console.log
      [INFO] Upcoming meetings loaded { count: 2, timestamp: '2026-01-30T03:36:52.634Z' }

      at Logger.logMethod [as log] (utils/logger.ts:82:7)

    console.log
      [INFO] Upcoming meetings loaded { count: 2, timestamp: '2026-01-30T03:36:52.634Z' }

      at Logger.logMethod [as log] (utils/logger.ts:82:7)

    console.log
      [INFO] Upcoming meetings loaded { count: 2, timestamp: '2026-01-30T03:36:52.634Z' }

      at Logger.logMethod [as log] (utils/logger.ts:82:7)

    console.log
      [INFO] Upcoming meetings loaded { count: 2, timestamp: '2026-01-30T03:36:52.634Z' }

      at Logger.logMethod [as log] (utils/logger.ts:82:7)

    console.log
      [INFO] Upcoming meetings loaded { count: 2, timestamp: '2026-01-30T03:36:52.635Z' }

      at Logger.logMethod [as log] (utils/logger.ts:82:7)

    console.log
      [INFO] Upcoming meetings loaded { count: 2, timestamp: '2026-01-30T03:36:52.635Z' }

      at Logger.logMethod [as log] (utils/logger.ts:82:7)

    console.log
      [INFO] Upcoming meetings loaded { count: 2, timestamp: '2026-01-30T03:36:52.636Z' }

      at Logger.logMethod [as log] (utils/logger.ts:82:7)

    console.log
      [INFO] Upcoming meetings loaded { count: 2, timestamp: '2026-01-30T03:36:52.636Z' }

      at Logger.logMethod [as log] (utils/logger.ts:82:7)

PASS app/__tests__/messages.chat.test.tsx
  鈼?Console

    console.log
      [INFO] Message sent { conversationId: 'conv123', timestamp: '2026-01-30T03:36:51.046Z' }

      at Logger.logMethod [as log] (utils/logger.ts:82:7)

    console.log
      [INFO] Message sent { conversationId: 'conv123', timestamp: '2026-01-30T03:36:51.229Z' }

      at Logger.logMethod [as log] (utils/logger.ts:82:7)

    console.log
      [INFO] Message sent { conversationId: 'conv123', timestamp: '2026-01-30T03:36:51.357Z' }

      at Logger.logMethod [as log] (utils/logger.ts:82:7)

    console.log
      [INFO] Message sent { conversationId: 'conv123', timestamp: '2026-01-30T03:36:52.031Z' }

      at Logger.logMethod [as log] (utils/logger.ts:82:7)

    console.log
      [INFO] Message sent { conversationId: 'conv123', timestamp: '2026-01-30T03:36:52.716Z' }

      at Logger.logMethod [as log] (utils/logger.ts:82:7)

PASS app/__tests__/requests.test.tsx
PASS app/__tests__/e2e.user-journey.test.tsx
  鈼?Console

    console.log
      [INFO] Firebase initialized at app startup { timestamp: '2026-01-30T03:36:51.305Z' }

      at Logger.logMethod [as log] (utils/logger.ts:82:7)

    console.log
      [INFO] Starting data migrations {
        currentVersion: 1,
        targetVersion: 2,
        timestamp: '2026-01-30T03:36:51.325Z'
      }

      at Logger.logMethod [as log] (utils/logger.ts:82:7)

    console.log
      [INFO] Running migration to version 2 { timestamp: '2026-01-30T03:36:51.327Z' }

      at Logger.logMethod [as log] (utils/logger.ts:82:7)

    console.log
      [INFO] Starting migration from version 1 to 2 { timestamp: '2026-01-30T03:36:51.327Z' }

      at Logger.logMethod [as log] (utils/logger.ts:82:7)

    console.log
      [INFO] Migration from version 1 to 2 completed { timestamp: '2026-01-30T03:36:51.328Z' }

      at Logger.logMethod [as log] (utils/logger.ts:82:7)

    console.log
      [INFO] All migrations completed { newVersion: 2, timestamp: '2026-01-30T03:36:51.328Z' }

      at Logger.logMethod [as log] (utils/logger.ts:82:7)

    console.log
      [INFO] Firebase initialized at app startup { timestamp: '2026-01-30T03:36:51.332Z' }

      at Logger.logMethod [as log] (utils/logger.ts:82:7)

    console.log
      [INFO] Starting data migrations {
        currentVersion: 1,
        targetVersion: 2,
        timestamp: '2026-01-30T03:36:51.334Z'
      }

      at Logger.logMethod [as log] (utils/logger.ts:82:7)

    console.log
      [INFO] Running migration to version 2 { timestamp: '2026-01-30T03:36:51.334Z' }

      at Logger.logMethod [as log] (utils/logger.ts:82:7)

    console.log
      [INFO] Starting migration from version 1 to 2 { timestamp: '2026-01-30T03:36:51.334Z' }

      at Logger.logMethod [as log] (utils/logger.ts:82:7)

    console.log
      [INFO] Migration from version 1 to 2 completed { timestamp: '2026-01-30T03:36:51.335Z' }

      at Logger.logMethod [as log] (utils/logger.ts:82:7)

    console.log
      [INFO] All migrations completed { newVersion: 2, timestamp: '2026-01-30T03:36:51.335Z' }

      at Logger.logMethod [as log] (utils/logger.ts:82:7)

    console.log
      [INFO] Firebase initialized at app startup { timestamp: '2026-01-30T03:36:51.338Z' }

      at Logger.logMethod [as log] (utils/logger.ts:82:7)

    console.log
      [INFO] Starting data migrations {
        currentVersion: 1,
        targetVersion: 2,
        timestamp: '2026-01-30T03:36:51.341Z'
      }

      at Logger.logMethod [as log] (utils/logger.ts:82:7)

    console.log
      [INFO] Running migration to version 2 { timestamp: '2026-01-30T03:36:51.341Z' }

      at Logger.logMethod [as log] (utils/logger.ts:82:7)

    console.log
      [INFO] Starting migration from version 1 to 2 { timestamp: '2026-01-30T03:36:51.341Z' }

      at Logger.logMethod [as log] (utils/logger.ts:82:7)

    console.log
      [INFO] Migration from version 1 to 2 completed { timestamp: '2026-01-30T03:36:51.341Z' }

      at Logger.logMethod [as log] (utils/logger.ts:82:7)

    console.log
      [INFO] All migrations completed { newVersion: 2, timestamp: '2026-01-30T03:36:51.342Z' }

      at Logger.logMethod [as log] (utils/logger.ts:82:7)

    console.log
      [INFO] Session started { timestamp: '2026-01-30T03:36:51.370Z' }

      at Logger.logMethod [as log] (utils/logger.ts:82:7)

    console.log
      [INFO] Rate limit reset { key: 'newuser@example.com', timestamp: '2026-01-30T03:36:51.729Z' }

      at Logger.logMethod [as log] (utils/logger.ts:82:7)

    console.log
      [INFO] Session started { timestamp: '2026-01-30T03:36:51.730Z' }

      at Logger.logMethod [as log] (utils/logger.ts:82:7)

    console.log
      [INFO] Profile added to allProfiles after login { email: 'newuser@example.com', timestamp: 
'2026-01-30T03:36:51.730Z' }

      at Logger.logMethod [as log] (utils/logger.ts:82:7)

    console.log
      [INFO] Profile loaded and saved locally after login { email: 'newuser@example.com', timestamp: 
'2026-01-30T03:36:51.732Z' }

      at Logger.logMethod [as log] (utils/logger.ts:82:7)

    console.log
      [INFO] Firebase initialized at app startup { timestamp: '2026-01-30T03:36:51.794Z' }

      at Logger.logMethod [as log] (utils/logger.ts:82:7)

    console.log
      [INFO] Starting data migrations {
        currentVersion: 1,
        targetVersion: 2,
        timestamp: '2026-01-30T03:36:51.795Z'
      }

      at Logger.logMethod [as log] (utils/logger.ts:82:7)

    console.log
      [INFO] Running migration to version 2 { timestamp: '2026-01-30T03:36:51.795Z' }

      at Logger.logMethod [as log] (utils/logger.ts:82:7)

    console.log
      [INFO] Starting migration from version 1 to 2 { timestamp: '2026-01-30T03:36:51.795Z' }

      at Logger.logMethod [as log] (utils/logger.ts:82:7)

    console.log
      [INFO] Migration from version 1 to 2 completed { timestamp: '2026-01-30T03:36:51.795Z' }

      at Logger.logMethod [as log] (utils/logger.ts:82:7)

    console.log
      [INFO] All migrations completed { newVersion: 2, timestamp: '2026-01-30T03:36:51.796Z' }

      at Logger.logMethod [as log] (utils/logger.ts:82:7)

    console.log
      [INFO] Current user profile loaded { email: 'user@example.com', timestamp: '2026-01-30T03:36:51.854Z' }

      at Logger.logMethod [as log] (utils/logger.ts:82:7)

    console.log
      [INFO] Profiles synced from Firebase and local storage { count: 1, timestamp: '2026-01-30T03:36:51.856Z' }

      at Logger.logMethod [as log] (utils/logger.ts:82:7)

    console.log
      [INFO] Filtered out current user profile {
        currentUserEmail: 'user@example.com',
        profilesBeforeFilter: 2,
        profilesAfterFilter: 1,
        timestamp: '2026-01-30T03:36:51.857Z'
      }

      at Logger.logMethod [as log] (utils/logger.ts:82:7)

    console.log
      [INFO] Current user profile loaded { email: 'user@example.com', timestamp: '2026-01-30T03:36:51.917Z' }

      at Logger.logMethod [as log] (utils/logger.ts:82:7)

    console.log
      [INFO] Profiles synced from Firebase and local storage { count: 2, timestamp: '2026-01-30T03:36:51.917Z' }

      at Logger.logMethod [as log] (utils/logger.ts:82:7)

    console.log
      [INFO] Filtered out current user profile {
        currentUserEmail: 'user@example.com',
        profilesBeforeFilter: 3,
        profilesAfterFilter: 2,
        timestamp: '2026-01-30T03:36:51.917Z'
      }

      at Logger.logMethod [as log] (utils/logger.ts:82:7)

    console.log
      [INFO] Current user profile loaded { email: 'user@example.com', timestamp: '2026-01-30T03:36:51.980Z' }

      at Logger.logMethod [as log] (utils/logger.ts:82:7)

    console.log
      [INFO] Profiles synced from Firebase and local storage { count: 2, timestamp: '2026-01-30T03:36:51.980Z' }

      at Logger.logMethod [as log] (utils/logger.ts:82:7)

    console.log
      [INFO] Filtered out current user profile {
        currentUserEmail: 'user@example.com',
        profilesBeforeFilter: 3,
        profilesAfterFilter: 2,
        timestamp: '2026-01-30T03:36:51.980Z'
      }

      at Logger.logMethod [as log] (utils/logger.ts:82:7)

    console.log
      [INFO] Request updated in Firestore { requestId: 'request1', timestamp: '2026-01-30T03:36:52.174Z' }

      at Logger.logMethod [as log] (utils/logger.ts:82:7)

    console.log
      [INFO] Request updated in Firebase {
        requestId: 'request1',
        status: 'accepted',
        timestamp: '2026-01-30T03:36:52.175Z'
      }

      at Logger.logMethod [as log] (utils/logger.ts:82:7)

    console.log
      [INFO] Generating invitation code for mentor after accepting mentee {
        mentorEmail: 'mentor@example.com',
        timestamp: '2026-01-30T03:36:52.176Z'
      }

      at Logger.logMethod [as log] (utils/logger.ts:82:7)

    console.log
      [INFO] Invitation code created {
        mentorEmail: 'mentor@example.com',
        code: 'ABC12345',
        codeId: 'code1',
        timestamp: '2026-01-30T03:36:52.176Z'
      }

      at Logger.logMethod [as log] (utils/logger.ts:82:7)

    console.log
      [INFO] Invitation code added to inbox successfully {
        mentorEmail: 'mentor@example.com',
        code: 'ABC12345',
        timestamp: '2026-01-30T03:36:52.176Z'
      }

      at Logger.logMethod [as log] (utils/logger.ts:82:7)

    console.log
      [INFO] Request updated in Firestore { requestId: 'request1', timestamp: '2026-01-30T03:36:52.236Z' }

      at Logger.logMethod [as log] (utils/logger.ts:82:7)

    console.log
      [INFO] Request updated in Firebase {
        requestId: 'request1',
        status: 'declined',
        timestamp: '2026-01-30T03:36:52.236Z'
      }

      at Logger.logMethod [as log] (utils/logger.ts:82:7)

    console.log
      [INFO] Message sent { conversationId: 'conv1', timestamp: '2026-01-30T03:36:52.362Z' }

      at Logger.logMethod [as log] (utils/logger.ts:82:7)

    console.log
      [INFO] Message sent { conversationId: 'conv1', timestamp: '2026-01-30T03:36:52.485Z' }

      at Logger.logMethod [as log] (utils/logger.ts:82:7)

    console.log
      [INFO] Creating meeting request {
        organizerEmail: 'user@example.com',
        participantEmail: 'mentor@example.com',
        title: 'Introduction Call',
        locationType: 'virtual',
        timestamp: '2026-01-30T03:36:52.586Z'
      }

      at Logger.logMethod [as log] (utils/logger.ts:82:7)

    console.log
      [INFO] Meeting request created successfully {
        meetingId: 'meeting1',
        organizerEmail: 'user@example.com',
        participantEmail: 'mentor@example.com',
        timestamp: '2026-01-30T03:36:52.588Z'
      }

      at Logger.logMethod [as log] (utils/logger.ts:82:7)

    console.log
      [INFO] Meeting scheduled successfully {
        participantEmail: 'mentor@example.com',
        timestamp: '2026-01-30T03:36:52.588Z'
      }

      at Logger.logMethod [as log] (utils/logger.ts:82:7)

    console.log
      [INFO] Meeting response submitted {
        meetingId: 'meeting1',
        accepted: true,
        timestamp: '2026-01-30T03:36:52.718Z'
      }

      at Logger.logMethod [as log] (utils/logger.ts:82:7)

    console.log
      [INFO] Meeting response submitted {
        meetingId: 'meeting1',
        accepted: false,
        timestamp: '2026-01-30T03:36:52.846Z'
      }

      at Logger.logMethod [as log] (utils/logger.ts:82:7)

    console.log
      [INFO] Upcoming meetings loaded { count: 1, timestamp: '2026-01-30T03:36:52.905Z' }

      at Logger.logMethod [as log] (utils/logger.ts:82:7)

    console.log
      [INFO] Upcoming meetings loaded { count: 1, timestamp: '2026-01-30T03:36:52.909Z' }

      at Logger.logMethod [as log] (utils/logger.ts:82:7)

    console.log
      [INFO] Upcoming meetings loaded { count: 1, timestamp: '2026-01-30T03:36:52.909Z' }

      at Logger.logMethod [as log] (utils/logger.ts:82:7)

    console.log
      [INFO] Upcoming meetings loaded { count: 1, timestamp: '2026-01-30T03:36:52.910Z' }

      at Logger.logMethod [as log] (utils/logger.ts:82:7)

    console.log
      [INFO] Upcoming meetings loaded { count: 1, timestamp: '2026-01-30T03:36:52.910Z' }

      at Logger.logMethod [as log] (utils/logger.ts:82:7)

    console.log
      [INFO] Upcoming meetings loaded { count: 1, timestamp: '2026-01-30T03:36:52.910Z' }

      at Logger.logMethod [as log] (utils/logger.ts:82:7)

    console.log
      [INFO] Upcoming meetings loaded { count: 1, timestamp: '2026-01-30T03:36:52.910Z' }

      at Logger.logMethod [as log] (utils/logger.ts:82:7)

    console.log
      [INFO] Upcoming meetings loaded { count: 1, timestamp: '2026-01-30T03:36:52.911Z' }

      at Logger.logMethod [as log] (utils/logger.ts:82:7)

    console.log
      [INFO] Upcoming meetings loaded { count: 1, timestamp: '2026-01-30T03:36:52.911Z' }

      at Logger.logMethod [as log] (utils/logger.ts:82:7)

    console.log
      [INFO] Upcoming meetings loaded { count: 1, timestamp: '2026-01-30T03:36:52.911Z' }

      at Logger.logMethod [as log] (utils/logger.ts:82:7)

    console.log
      [INFO] Upcoming meetings loaded { count: 1, timestamp: '2026-01-30T03:36:52.912Z' }

      at Logger.logMethod [as log] (utils/logger.ts:82:7)

    console.log
      [INFO] Upcoming meetings loaded { count: 1, timestamp: '2026-01-30T03:36:52.912Z' }

      at Logger.logMethod [as log] (utils/logger.ts:82:7)

    console.log
      [INFO] Upcoming meetings loaded { count: 1, timestamp: '2026-01-30T03:36:52.912Z' }

      at Logger.logMethod [as log] (utils/logger.ts:82:7)

    console.log
      [INFO] Upcoming meetings loaded { count: 1, timestamp: '2026-01-30T03:36:52.912Z' }

      at Logger.logMethod [as log] (utils/logger.ts:82:7)

    console.log
      [INFO] Upcoming meetings loaded { count: 1, timestamp: '2026-01-30T03:36:52.913Z' }

      at Logger.logMethod [as log] (utils/logger.ts:82:7)

    console.log
      [INFO] Upcoming meetings loaded { count: 1, timestamp: '2026-01-30T03:36:52.913Z' }

      at Logger.logMethod [as log] (utils/logger.ts:82:7)

    console.log
      [INFO] Upcoming meetings loaded { count: 1, timestamp: '2026-01-30T03:36:52.913Z' }

      at Logger.logMethod [as log] (utils/logger.ts:82:7)

    console.log
      [INFO] Upcoming meetings loaded { count: 1, timestamp: '2026-01-30T03:36:52.913Z' }

      at Logger.logMethod [as log] (utils/logger.ts:82:7)

    console.log
      [INFO] Upcoming meetings loaded { count: 1, timestamp: '2026-01-30T03:36:52.914Z' }

      at Logger.logMethod [as log] (utils/logger.ts:82:7)

    console.log
      [INFO] Upcoming meetings loaded { count: 1, timestamp: '2026-01-30T03:36:52.914Z' }

      at Logger.logMethod [as log] (utils/logger.ts:82:7)

    console.log
      [INFO] Upcoming meetings loaded { count: 1, timestamp: '2026-01-30T03:36:52.914Z' }

      at Logger.logMethod [as log] (utils/logger.ts:82:7)

    console.log
      [INFO] Upcoming meetings loaded { count: 1, timestamp: '2026-01-30T03:36:52.914Z' }

      at Logger.logMethod [as log] (utils/logger.ts:82:7)

    console.log
      [INFO] Upcoming meetings loaded { count: 1, timestamp: '2026-01-30T03:36:52.915Z' }

      at Logger.logMethod [as log] (utils/logger.ts:82:7)

    console.log
      [INFO] Upcoming meetings loaded { count: 1, timestamp: '2026-01-30T03:36:52.915Z' }

      at Logger.logMethod [as log] (utils/logger.ts:82:7)

    console.log
      [INFO] Upcoming meetings loaded { count: 1, timestamp: '2026-01-30T03:36:52.915Z' }

      at Logger.logMethod [as log] (utils/logger.ts:82:7)

    console.log
      [INFO] Upcoming meetings loaded { count: 1, timestamp: '2026-01-30T03:36:52.915Z' }

      at Logger.logMethod [as log] (utils/logger.ts:82:7)

    console.log
      [INFO] Upcoming meetings loaded { count: 1, timestamp: '2026-01-30T03:36:52.916Z' }

      at Logger.logMethod [as log] (utils/logger.ts:82:7)

    console.log
      [INFO] Upcoming meetings loaded { count: 1, timestamp: '2026-01-30T03:36:52.916Z' }

      at Logger.logMethod [as log] (utils/logger.ts:82:7)

    console.log
      [INFO] Upcoming meetings loaded { count: 1, timestamp: '2026-01-30T03:36:52.916Z' }

      at Logger.logMethod [as log] (utils/logger.ts:82:7)

    console.log
      [INFO] Upcoming meetings loaded { count: 1, timestamp: '2026-01-30T03:36:52.916Z' }

      at Logger.logMethod [as log] (utils/logger.ts:82:7)

    console.log
      [INFO] Upcoming meetings loaded { count: 1, timestamp: '2026-01-30T03:36:52.917Z' }

      at Logger.logMethod [as log] (utils/logger.ts:82:7)

    console.log
      [INFO] Upcoming meetings loaded { count: 1, timestamp: '2026-01-30T03:36:52.917Z' }

      at Logger.logMethod [as log] (utils/logger.ts:82:7)

    console.log
      [INFO] Upcoming meetings loaded { count: 1, timestamp: '2026-01-30T03:36:52.917Z' }

      at Logger.logMethod [as log] (utils/logger.ts:82:7)

    console.log
      [INFO] Upcoming meetings loaded { count: 1, timestamp: '2026-01-30T03:36:52.917Z' }

      at Logger.logMethod [as log] (utils/logger.ts:82:7)

    console.log
      [INFO] Upcoming meetings loaded { count: 1, timestamp: '2026-01-30T03:36:52.918Z' }

      at Logger.logMethod [as log] (utils/logger.ts:82:7)

    console.log
      [INFO] Upcoming meetings loaded { count: 1, timestamp: '2026-01-30T03:36:52.918Z' }

      at Logger.logMethod [as log] (utils/logger.ts:82:7)

    console.log
      [INFO] Upcoming meetings loaded { count: 1, timestamp: '2026-01-30T03:36:52.918Z' }

      at Logger.logMethod [as log] (utils/logger.ts:82:7)

    console.log
      [INFO] Upcoming meetings loaded { count: 1, timestamp: '2026-01-30T03:36:52.918Z' }

      at Logger.logMethod [as log] (utils/logger.ts:82:7)

    console.log
      [INFO] Upcoming meetings loaded { count: 1, timestamp: '2026-01-30T03:36:52.919Z' }

      at Logger.logMethod [as log] (utils/logger.ts:82:7)

    console.log
      [INFO] Upcoming meetings loaded { count: 1, timestamp: '2026-01-30T03:36:52.919Z' }

      at Logger.logMethod [as log] (utils/logger.ts:82:7)

    console.log
      [INFO] Upcoming meetings loaded { count: 1, timestamp: '2026-01-30T03:36:52.919Z' }

      at Logger.logMethod [as log] (utils/logger.ts:82:7)

    console.log
      [INFO] Upcoming meetings loaded { count: 1, timestamp: '2026-01-30T03:36:52.919Z' }

      at Logger.logMethod [as log] (utils/logger.ts:82:7)

    console.log
      [INFO] Upcoming meetings loaded { count: 1, timestamp: '2026-01-30T03:36:52.920Z' }

      at Logger.logMethod [as log] (utils/logger.ts:82:7)

    console.log
      [INFO] Upcoming meetings loaded { count: 1, timestamp: '2026-01-30T03:36:52.920Z' }

      at Logger.logMethod [as log] (utils/logger.ts:82:7)

    console.log
      [INFO] Upcoming meetings loaded { count: 1, timestamp: '2026-01-30T03:36:52.920Z' }

      at Logger.logMethod [as log] (utils/logger.ts:82:7)

    console.log
      [INFO] Upcoming meetings loaded { count: 1, timestamp: '2026-01-30T03:36:52.920Z' }

      at Logger.logMethod [as log] (utils/logger.ts:82:7)

    console.log
      [INFO] Upcoming meetings loaded { count: 1, timestamp: '2026-01-30T03:36:52.921Z' }

      at Logger.logMethod [as log] (utils/logger.ts:82:7)

    console.log
      [INFO] Upcoming meetings loaded { count: 1, timestamp: '2026-01-30T03:36:52.921Z' }

      at Logger.logMethod [as log] (utils/logger.ts:82:7)

    console.log
      [INFO] Upcoming meetings loaded { count: 1, timestamp: '2026-01-30T03:36:52.921Z' }

      at Logger.logMethod [as log] (utils/logger.ts:82:7)

    console.log
      [INFO] Upcoming meetings loaded { count: 1, timestamp: '2026-01-30T03:36:52.921Z' }

      at Logger.logMethod [as log] (utils/logger.ts:82:7)

    console.log
      [INFO] Upcoming meetings loaded { count: 1, timestamp: '2026-01-30T03:36:52.921Z' }

      at Logger.logMethod [as log] (utils/logger.ts:82:7)

    console.log
      [INFO] Upcoming meetings loaded { count: 1, timestamp: '2026-01-30T03:36:52.922Z' }

      at Logger.logMethod [as log] (utils/logger.ts:82:7)

    console.log
      [INFO] Upcoming meetings loaded { count: 1, timestamp: '2026-01-30T03:36:52.922Z' }

      at Logger.logMethod [as log] (utils/logger.ts:82:7)

    console.log
      [INFO] Upcoming meetings loaded { count: 1, timestamp: '2026-01-30T03:36:52.922Z' }

      at Logger.logMethod [as log] (utils/logger.ts:82:7)

    console.log
      [INFO] Upcoming meetings loaded { count: 1, timestamp: '2026-01-30T03:36:52.922Z' }

      at Logger.logMethod [as log] (utils/logger.ts:82:7)

    console.log
      [INFO] Upcoming meetings loaded { count: 1, timestamp: '2026-01-30T03:36:52.923Z' }

      at Logger.logMethod [as log] (utils/logger.ts:82:7)

    console.log
      [INFO] Upcoming meetings loaded { count: 1, timestamp: '2026-01-30T03:36:52.923Z' }

      at Logger.logMethod [as log] (utils/logger.ts:82:7)

    console.log
      [INFO] Upcoming meetings loaded { count: 1, timestamp: '2026-01-30T03:36:52.923Z' }

      at Logger.logMethod [as log] (utils/logger.ts:82:7)

    console.log
      [INFO] Upcoming meetings loaded { count: 1, timestamp: '2026-01-30T03:36:52.923Z' }

      at Logger.logMethod [as log] (utils/logger.ts:82:7)

    console.log
      [INFO] Upcoming meetings loaded { count: 1, timestamp: '2026-01-30T03:36:52.924Z' }

      at Logger.logMethod [as log] (utils/logger.ts:82:7)

    console.log
      [INFO] Upcoming meetings loaded { count: 1, timestamp: '2026-01-30T03:36:52.924Z' }

      at Logger.logMethod [as log] (utils/logger.ts:82:7)

    console.log
      [INFO] Upcoming meetings loaded { count: 1, timestamp: '2026-01-30T03:36:52.924Z' }

      at Logger.logMethod [as log] (utils/logger.ts:82:7)

    console.log
      [INFO] Upcoming meetings loaded { count: 1, timestamp: '2026-01-30T03:36:52.924Z' }

      at Logger.logMethod [as log] (utils/logger.ts:82:7)

    console.log
      [INFO] Upcoming meetings loaded { count: 1, timestamp: '2026-01-30T03:36:52.924Z' }

      at Logger.logMethod [as log] (utils/logger.ts:82:7)

    console.log
      [INFO] Upcoming meetings loaded { count: 1, timestamp: '2026-01-30T03:36:52.925Z' }

      at Logger.logMethod [as log] (utils/logger.ts:82:7)

    console.log
      [INFO] Upcoming meetings loaded { count: 1, timestamp: '2026-01-30T03:36:52.925Z' }

      at Logger.logMethod [as log] (utils/logger.ts:82:7)

    console.log
      [INFO] Upcoming meetings loaded { count: 1, timestamp: '2026-01-30T03:36:52.925Z' }

      at Logger.logMethod [as log] (utils/logger.ts:82:7)

    console.log
      [INFO] Upcoming meetings loaded { count: 1, timestamp: '2026-01-30T03:36:52.925Z' }

      at Logger.logMethod [as log] (utils/logger.ts:82:7)

    console.log
      [INFO] Upcoming meetings loaded { count: 1, timestamp: '2026-01-30T03:36:52.926Z' }

      at Logger.logMethod [as log] (utils/logger.ts:82:7)

    console.log
      [INFO] Upcoming meetings loaded { count: 1, timestamp: '2026-01-30T03:36:52.926Z' }

      at Logger.logMethod [as log] (utils/logger.ts:82:7)

    console.log
      [INFO] Upcoming meetings loaded { count: 1, timestamp: '2026-01-30T03:36:52.926Z' }

      at Logger.logMethod [as log] (utils/logger.ts:82:7)

    console.log
      [INFO] Upcoming meetings loaded { count: 1, timestamp: '2026-01-30T03:36:52.926Z' }

      at Logger.logMethod [as log] (utils/logger.ts:82:7)

    console.log
      [INFO] Upcoming meetings loaded { count: 1, timestamp: '2026-01-30T03:36:52.927Z' }

      at Logger.logMethod [as log] (utils/logger.ts:82:7)

    console.log
      [INFO] Upcoming meetings loaded { count: 1, timestamp: '2026-01-30T03:36:52.927Z' }

      at Logger.logMethod [as log] (utils/logger.ts:82:7)

    console.log
      [INFO] Upcoming meetings loaded { count: 1, timestamp: '2026-01-30T03:36:52.927Z' }

      at Logger.logMethod [as log] (utils/logger.ts:82:7)

    console.log
      [INFO] Upcoming meetings loaded { count: 1, timestamp: '2026-01-30T03:36:52.927Z' }

      at Logger.logMethod [as log] (utils/logger.ts:82:7)

    console.log
      [INFO] Upcoming meetings loaded { count: 1, timestamp: '2026-01-30T03:36:52.927Z' }

      at Logger.logMethod [as log] (utils/logger.ts:82:7)

    console.log
      [INFO] Upcoming meetings loaded { count: 1, timestamp: '2026-01-30T03:36:52.928Z' }

      at Logger.logMethod [as log] (utils/logger.ts:82:7)

    console.log
      [INFO] Upcoming meetings loaded { count: 1, timestamp: '2026-01-30T03:36:52.928Z' }

      at Logger.logMethod [as log] (utils/logger.ts:82:7)

    console.log
      [INFO] Upcoming meetings loaded { count: 1, timestamp: '2026-01-30T03:36:52.928Z' }

      at Logger.logMethod [as log] (utils/logger.ts:82:7)

    console.log
      [INFO] Upcoming meetings loaded { count: 1, timestamp: '2026-01-30T03:36:52.928Z' }

      at Logger.logMethod [as log] (utils/logger.ts:82:7)

    console.log
      [INFO] Upcoming meetings loaded { count: 1, timestamp: '2026-01-30T03:36:52.929Z' }

      at Logger.logMethod [as log] (utils/logger.ts:82:7)

    console.log
      [INFO] Upcoming meetings loaded { count: 1, timestamp: '2026-01-30T03:36:52.929Z' }

      at Logger.logMethod [as log] (utils/logger.ts:82:7)

    console.log
      [INFO] Upcoming meetings loaded { count: 1, timestamp: '2026-01-30T03:36:52.929Z' }

      at Logger.logMethod [as log] (utils/logger.ts:82:7)

    console.log
      [INFO] Upcoming meetings loaded { count: 1, timestamp: '2026-01-30T03:36:52.929Z' }

      at Logger.logMethod [as log] (utils/logger.ts:82:7)

    console.log
      [INFO] Upcoming meetings loaded { count: 1, timestamp: '2026-01-30T03:36:52.930Z' }

      at Logger.logMethod [as log] (utils/logger.ts:82:7)

    console.log
      [INFO] Upcoming meetings loaded { count: 1, timestamp: '2026-01-30T03:36:52.930Z' }

      at Logger.logMethod [as log] (utils/logger.ts:82:7)

    console.log
      [INFO] Upcoming meetings loaded { count: 1, timestamp: '2026-01-30T03:36:52.930Z' }

      at Logger.logMethod [as log] (utils/logger.ts:82:7)

    console.log
      [INFO] Upcoming meetings loaded { count: 1, timestamp: '2026-01-30T03:36:52.930Z' }

      at Logger.logMethod [as log] (utils/logger.ts:82:7)

    console.log
      [INFO] Upcoming meetings loaded { count: 1, timestamp: '2026-01-30T03:36:52.930Z' }

      at Logger.logMethod [as log] (utils/logger.ts:82:7)

    console.log
      [INFO] Upcoming meetings loaded { count: 1, timestamp: '2026-01-30T03:36:52.931Z' }

      at Logger.logMethod [as log] (utils/logger.ts:82:7)

    console.log
      [INFO] Upcoming meetings loaded { count: 1, timestamp: '2026-01-30T03:36:52.931Z' }

      at Logger.logMethod [as log] (utils/logger.ts:82:7)

    console.log
      [INFO] Upcoming meetings loaded { count: 1, timestamp: '2026-01-30T03:36:52.931Z' }

      at Logger.logMethod [as log] (utils/logger.ts:82:7)

    console.log
      [INFO] Upcoming meetings loaded { count: 1, timestamp: '2026-01-30T03:36:52.931Z' }

      at Logger.logMethod [as log] (utils/logger.ts:82:7)

    console.log
      [INFO] Upcoming meetings loaded { count: 1, timestamp: '2026-01-30T03:36:52.932Z' }

      at Logger.logMethod [as log] (utils/logger.ts:82:7)

    console.log
      [INFO] Upcoming meetings loaded { count: 1, timestamp: '2026-01-30T03:36:52.932Z' }

      at Logger.logMethod [as log] (utils/logger.ts:82:7)

    console.log
      [INFO] Upcoming meetings loaded { count: 1, timestamp: '2026-01-30T03:36:52.932Z' }

      at Logger.logMethod [as log] (utils/logger.ts:82:7)

    console.log
      [INFO] Upcoming meetings loaded { count: 1, timestamp: '2026-01-30T03:36:52.932Z' }

      at Logger.logMethod [as log] (utils/logger.ts:82:7)

    console.log
      [INFO] Upcoming meetings loaded { count: 1, timestamp: '2026-01-30T03:36:52.933Z' }

      at Logger.logMethod [as log] (utils/logger.ts:82:7)

    console.log
      [INFO] Upcoming meetings loaded { count: 1, timestamp: '2026-01-30T03:36:52.933Z' }

      at Logger.logMethod [as log] (utils/logger.ts:82:7)

    console.log
      [INFO] Upcoming meetings loaded { count: 1, timestamp: '2026-01-30T03:36:52.933Z' }

      at Logger.logMethod [as log] (utils/logger.ts:82:7)

    console.log
      [INFO] Upcoming meetings loaded { count: 1, timestamp: '2026-01-30T03:36:52.933Z' }

      at Logger.logMethod [as log] (utils/logger.ts:82:7)

    console.log
      [INFO] Upcoming meetings loaded { count: 1, timestamp: '2026-01-30T03:36:52.934Z' }

      at Logger.logMethod [as log] (utils/logger.ts:82:7)

    console.log
      [INFO] Upcoming meetings loaded { count: 1, timestamp: '2026-01-30T03:36:52.934Z' }

      at Logger.logMethod [as log] (utils/logger.ts:82:7)

    console.log
      [INFO] Upcoming meetings loaded { count: 1, timestamp: '2026-01-30T03:36:52.934Z' }

      at Logger.logMethod [as log] (utils/logger.ts:82:7)

    console.log
      [INFO] Upcoming meetings loaded { count: 1, timestamp: '2026-01-30T03:36:52.934Z' }

      at Logger.logMethod [as log] (utils/logger.ts:82:7)

    console.log
      [INFO] Upcoming meetings loaded { count: 1, timestamp: '2026-01-30T03:36:52.935Z' }

      at Logger.logMethod [as log] (utils/logger.ts:82:7)

    console.log
      [INFO] Upcoming meetings loaded { count: 1, timestamp: '2026-01-30T03:36:52.935Z' }

      at Logger.logMethod [as log] (utils/logger.ts:82:7)

    console.log
      [INFO] Upcoming meetings loaded { count: 1, timestamp: '2026-01-30T03:36:52.935Z' }

      at Logger.logMethod [as log] (utils/logger.ts:82:7)

    console.log
      [INFO] Upcoming meetings loaded { count: 1, timestamp: '2026-01-30T03:36:52.936Z' }

      at Logger.logMethod [as log] (utils/logger.ts:82:7)

    console.log
      [INFO] Upcoming meetings loaded { count: 1, timestamp: '2026-01-30T03:36:52.936Z' }

      at Logger.logMethod [as log] (utils/logger.ts:82:7)

    console.log
      [INFO] Upcoming meetings loaded { count: 1, timestamp: '2026-01-30T03:36:52.936Z' }

      at Logger.logMethod [as log] (utils/logger.ts:82:7)

    console.log
      [INFO] Upcoming meetings loaded { count: 1, timestamp: '2026-01-30T03:36:52.936Z' }

      at Logger.logMethod [as log] (utils/logger.ts:82:7)

    console.log
      [INFO] Upcoming meetings loaded { count: 1, timestamp: '2026-01-30T03:36:52.937Z' }

      at Logger.logMethod [as log] (utils/logger.ts:82:7)

    console.log
      [INFO] Upcoming meetings loaded { count: 1, timestamp: '2026-01-30T03:36:52.937Z' }

      at Logger.logMethod [as log] (utils/logger.ts:82:7)

    console.log
      [INFO] Upcoming meetings loaded { count: 1, timestamp: '2026-01-30T03:36:52.937Z' }

      at Logger.logMethod [as log] (utils/logger.ts:82:7)

    console.log
      [INFO] Upcoming meetings loaded { count: 1, timestamp: '2026-01-30T03:36:52.937Z' }

      at Logger.logMethod [as log] (utils/logger.ts:82:7)

    console.log
      [INFO] Upcoming meetings loaded { count: 1, timestamp: '2026-01-30T03:36:52.937Z' }

      at Logger.logMethod [as log] (utils/logger.ts:82:7)

    console.log
      [INFO] Upcoming meetings loaded { count: 1, timestamp: '2026-01-30T03:36:52.938Z' }

      at Logger.logMethod [as log] (utils/logger.ts:82:7)

    console.log
      [INFO] Upcoming meetings loaded { count: 1, timestamp: '2026-01-30T03:36:52.938Z' }

      at Logger.logMethod [as log] (utils/logger.ts:82:7)

    console.log
      [INFO] Upcoming meetings loaded { count: 1, timestamp: '2026-01-30T03:36:52.938Z' }

      at Logger.logMethod [as log] (utils/logger.ts:82:7)

    console.log
      [INFO] Upcoming meetings loaded { count: 1, timestamp: '2026-01-30T03:36:52.938Z' }

      at Logger.logMethod [as log] (utils/logger.ts:82:7)

    console.log
      [INFO] Upcoming meetings loaded { count: 1, timestamp: '2026-01-30T03:36:52.939Z' }

      at Logger.logMethod [as log] (utils/logger.ts:82:7)

    console.log
      [INFO] Upcoming meetings loaded { count: 1, timestamp: '2026-01-30T03:36:52.939Z' }

      at Logger.logMethod [as log] (utils/logger.ts:82:7)

    console.log
      [INFO] Upcoming meetings loaded { count: 1, timestamp: '2026-01-30T03:36:52.939Z' }

      at Logger.logMethod [as log] (utils/logger.ts:82:7)

    console.log
      [INFO] Upcoming meetings loaded { count: 1, timestamp: '2026-01-30T03:36:52.939Z' }

      at Logger.logMethod [as log] (utils/logger.ts:82:7)

    console.log
      [INFO] Upcoming meetings loaded { count: 1, timestamp: '2026-01-30T03:36:52.940Z' }

      at Logger.logMethod [as log] (utils/logger.ts:82:7)

    console.log
      [INFO] Upcoming meetings loaded { count: 1, timestamp: '2026-01-30T03:36:52.940Z' }

      at Logger.logMethod [as log] (utils/logger.ts:82:7)

    console.log
      [INFO] Upcoming meetings loaded { count: 1, timestamp: '2026-01-30T03:36:52.940Z' }

      at Logger.logMethod [as log] (utils/logger.ts:82:7)

    console.log
      [INFO] Upcoming meetings loaded { count: 1, timestamp: '2026-01-30T03:36:52.940Z' }

      at Logger.logMethod [as log] (utils/logger.ts:82:7)

    console.log
      [INFO] Upcoming meetings loaded { count: 1, timestamp: '2026-01-30T03:36:52.941Z' }

      at Logger.logMethod [as log] (utils/logger.ts:82:7)

    console.log
      [INFO] Upcoming meetings loaded { count: 1, timestamp: '2026-01-30T03:36:52.941Z' }

      at Logger.logMethod [as log] (utils/logger.ts:82:7)

    console.log
      [INFO] Upcoming meetings loaded { count: 1, timestamp: '2026-01-30T03:36:52.941Z' }

      at Logger.logMethod [as log] (utils/logger.ts:82:7)

    console.log
      [INFO] Upcoming meetings loaded { count: 1, timestamp: '2026-01-30T03:36:52.941Z' }

      at Logger.logMethod [as log] (utils/logger.ts:82:7)

    console.log
      [INFO] Upcoming meetings loaded { count: 1, timestamp: '2026-01-30T03:36:52.941Z' }

      at Logger.logMethod [as log] (utils/logger.ts:82:7)

    console.log
      [INFO] Upcoming meetings loaded { count: 1, timestamp: '2026-01-30T03:36:52.942Z' }

      at Logger.logMethod [as log] (utils/logger.ts:82:7)

    console.log
      [INFO] Upcoming meetings loaded { count: 1, timestamp: '2026-01-30T03:36:52.942Z' }

      at Logger.logMethod [as log] (utils/logger.ts:82:7)

    console.log
      [INFO] Upcoming meetings loaded { count: 1, timestamp: '2026-01-30T03:36:52.942Z' }

      at Logger.logMethod [as log] (utils/logger.ts:82:7)

    console.log
      [INFO] Upcoming meetings loaded { count: 1, timestamp: '2026-01-30T03:36:52.942Z' }

      at Logger.logMethod [as log] (utils/logger.ts:82:7)

    console.log
      [INFO] Upcoming meetings loaded { count: 1, timestamp: '2026-01-30T03:36:52.943Z' }

      at Logger.logMethod [as log] (utils/logger.ts:82:7)

    console.log
      [INFO] Upcoming meetings loaded { count: 1, timestamp: '2026-01-30T03:36:52.943Z' }

      at Logger.logMethod [as log] (utils/logger.ts:82:7)

    console.log
      [INFO] Upcoming meetings loaded { count: 1, timestamp: '2026-01-30T03:36:52.943Z' }

      at Logger.logMethod [as log] (utils/logger.ts:82:7)

    console.log
      [INFO] Upcoming meetings loaded { count: 1, timestamp: '2026-01-30T03:36:52.943Z' }

      at Logger.logMethod [as log] (utils/logger.ts:82:7)

    console.log
      [INFO] Upcoming meetings loaded { count: 1, timestamp: '2026-01-30T03:36:52.943Z' }

      at Logger.logMethod [as log] (utils/logger.ts:82:7)

    console.log
      [INFO] Upcoming meetings loaded { count: 1, timestamp: '2026-01-30T03:36:52.944Z' }

      at Logger.logMethod [as log] (utils/logger.ts:82:7)

    console.log
      [INFO] Upcoming meetings loaded { count: 1, timestamp: '2026-01-30T03:36:52.944Z' }

      at Logger.logMethod [as log] (utils/logger.ts:82:7)

    console.log
      [INFO] Upcoming meetings loaded { count: 1, timestamp: '2026-01-30T03:36:52.944Z' }

      at Logger.logMethod [as log] (utils/logger.ts:82:7)

    console.log
      [INFO] Upcoming meetings loaded { count: 1, timestamp: '2026-01-30T03:36:52.944Z' }

      at Logger.logMethod [as log] (utils/logger.ts:82:7)

    console.log
      [INFO] Upcoming meetings loaded { count: 1, timestamp: '2026-01-30T03:36:52.945Z' }

      at Logger.logMethod [as log] (utils/logger.ts:82:7)

    console.log
      [INFO] Upcoming meetings loaded { count: 1, timestamp: '2026-01-30T03:36:52.945Z' }

      at Logger.logMethod [as log] (utils/logger.ts:82:7)

    console.log
      [INFO] Upcoming meetings loaded { count: 1, timestamp: '2026-01-30T03:36:52.945Z' }

      at Logger.logMethod [as log] (utils/logger.ts:82:7)

    console.log
      [INFO] Upcoming meetings loaded { count: 1, timestamp: '2026-01-30T03:36:52.945Z' }

      at Logger.logMethod [as log] (utils/logger.ts:82:7)

    console.log
      [INFO] Upcoming meetings loaded { count: 1, timestamp: '2026-01-30T03:36:52.946Z' }

      at Logger.logMethod [as log] (utils/logger.ts:82:7)

    console.log
      [INFO] Upcoming meetings loaded { count: 1, timestamp: '2026-01-30T03:36:52.946Z' }

      at Logger.logMethod [as log] (utils/logger.ts:82:7)

    console.log
      [INFO] Upcoming meetings loaded { count: 1, timestamp: '2026-01-30T03:36:52.946Z' }

      at Logger.logMethod [as log] (utils/logger.ts:82:7)

    console.log
      [INFO] Upcoming meetings loaded { count: 1, timestamp: '2026-01-30T03:36:52.946Z' }

      at Logger.logMethod [as log] (utils/logger.ts:82:7)

    console.log
      [INFO] Upcoming meetings loaded { count: 1, timestamp: '2026-01-30T03:36:52.947Z' }

      at Logger.logMethod [as log] (utils/logger.ts:82:7)

    console.log
      [INFO] Upcoming meetings loaded { count: 1, timestamp: '2026-01-30T03:36:52.947Z' }

      at Logger.logMethod [as log] (utils/logger.ts:82:7)

    console.log
      [INFO] Upcoming meetings loaded { count: 1, timestamp: '2026-01-30T03:36:52.947Z' }

      at Logger.logMethod [as log] (utils/logger.ts:82:7)

    console.log
      [INFO] Upcoming meetings loaded { count: 1, timestamp: '2026-01-30T03:36:52.947Z' }

      at Logger.logMethod [as log] (utils/logger.ts:82:7)

    console.log
      [INFO] Upcoming meetings loaded { count: 1, timestamp: '2026-01-30T03:36:52.947Z' }

      at Logger.logMethod [as log] (utils/logger.ts:82:7)

    console.log
      [INFO] Upcoming meetings loaded { count: 1, timestamp: '2026-01-30T03:36:52.948Z' }

      at Logger.logMethod [as log] (utils/logger.ts:82:7)

    console.log
      [INFO] Upcoming meetings loaded { count: 1, timestamp: '2026-01-30T03:36:52.948Z' }

      at Logger.logMethod [as log] (utils/logger.ts:82:7)

    console.log
      [INFO] Upcoming meetings loaded { count: 1, timestamp: '2026-01-30T03:36:52.948Z' }

      at Logger.logMethod [as log] (utils/logger.ts:82:7)

    console.log
      [INFO] Upcoming meetings loaded { count: 1, timestamp: '2026-01-30T03:36:52.948Z' }

      at Logger.logMethod [as log] (utils/logger.ts:82:7)

    console.log
      [INFO] Upcoming meetings loaded { count: 1, timestamp: '2026-01-30T03:36:52.949Z' }

      at Logger.logMethod [as log] (utils/logger.ts:82:7)

    console.log
      [INFO] Upcoming meetings loaded { count: 1, timestamp: '2026-01-30T03:36:52.949Z' }

      at Logger.logMethod [as log] (utils/logger.ts:82:7)

    console.log
      [INFO] Upcoming meetings loaded { count: 1, timestamp: '2026-01-30T03:36:52.949Z' }

      at Logger.logMethod [as log] (utils/logger.ts:82:7)

    console.log
      [INFO] Upcoming meetings loaded { count: 1, timestamp: '2026-01-30T03:36:52.949Z' }

      at Logger.logMethod [as log] (utils/logger.ts:82:7)

    console.log
      [INFO] Upcoming meetings loaded { count: 1, timestamp: '2026-01-30T03:36:52.950Z' }

      at Logger.logMethod [as log] (utils/logger.ts:82:7)

    console.log
      [INFO] Upcoming meetings loaded { count: 1, timestamp: '2026-01-30T03:36:52.950Z' }

      at Logger.logMethod [as log] (utils/logger.ts:82:7)

    console.log
      [INFO] Upcoming meetings loaded { count: 1, timestamp: '2026-01-30T03:36:52.950Z' }

      at Logger.logMethod [as log] (utils/logger.ts:82:7)

    console.log
      [INFO] Upcoming meetings loaded { count: 1, timestamp: '2026-01-30T03:36:52.950Z' }

      at Logger.logMethod [as log] (utils/logger.ts:82:7)

    console.log
      [INFO] Upcoming meetings loaded { count: 1, timestamp: '2026-01-30T03:36:52.951Z' }

      at Logger.logMethod [as log] (utils/logger.ts:82:7)

    console.log
      [INFO] Upcoming meetings loaded { count: 1, timestamp: '2026-01-30T03:36:52.951Z' }

      at Logger.logMethod [as log] (utils/logger.ts:82:7)

    console.log
      [INFO] Upcoming meetings loaded { count: 1, timestamp: '2026-01-30T03:36:52.951Z' }

      at Logger.logMethod [as log] (utils/logger.ts:82:7)

    console.log
      [INFO] Upcoming meetings loaded { count: 1, timestamp: '2026-01-30T03:36:52.951Z' }

      at Logger.logMethod [as log] (utils/logger.ts:82:7)

    console.log
      [INFO] Upcoming meetings loaded { count: 1, timestamp: '2026-01-30T03:36:52.952Z' }

      at Logger.logMethod [as log] (utils/logger.ts:82:7)

    console.log
      [INFO] Upcoming meetings loaded { count: 1, timestamp: '2026-01-30T03:36:52.952Z' }

      at Logger.logMethod [as log] (utils/logger.ts:82:7)

    console.log
      [INFO] Upcoming meetings loaded { count: 1, timestamp: '2026-01-30T03:36:52.952Z' }

      at Logger.logMethod [as log] (utils/logger.ts:82:7)

    console.log
      [INFO] Upcoming meetings loaded { count: 1, timestamp: '2026-01-30T03:36:52.952Z' }

      at Logger.logMethod [as log] (utils/logger.ts:82:7)

    console.log
      [INFO] Upcoming meetings loaded { count: 1, timestamp: '2026-01-30T03:36:52.952Z' }

      at Logger.logMethod [as log] (utils/logger.ts:82:7)

    console.log
      [INFO] Upcoming meetings loaded { count: 1, timestamp: '2026-01-30T03:36:52.953Z' }

      at Logger.logMethod [as log] (utils/logger.ts:82:7)

    console.log
      [INFO] Upcoming meetings loaded { count: 1, timestamp: '2026-01-30T03:36:52.953Z' }

      at Logger.logMethod [as log] (utils/logger.ts:82:7)

    console.log
      [INFO] Upcoming meetings loaded { count: 1, timestamp: '2026-01-30T03:36:52.953Z' }

      at Logger.logMethod [as log] (utils/logger.ts:82:7)

    console.log
      [INFO] Upcoming meetings loaded { count: 1, timestamp: '2026-01-30T03:36:52.953Z' }

      at Logger.logMethod [as log] (utils/logger.ts:82:7)

    console.log
      [INFO] Upcoming meetings loaded { count: 1, timestamp: '2026-01-30T03:36:52.954Z' }

      at Logger.logMethod [as log] (utils/logger.ts:82:7)

    console.log
      [INFO] Upcoming meetings loaded { count: 1, timestamp: '2026-01-30T03:36:52.954Z' }

      at Logger.logMethod [as log] (utils/logger.ts:82:7)

    console.log
      [INFO] Upcoming meetings loaded { count: 1, timestamp: '2026-01-30T03:36:52.954Z' }

      at Logger.logMethod [as log] (utils/logger.ts:82:7)

    console.log
      [INFO] Upcoming meetings loaded { count: 1, timestamp: '2026-01-30T03:36:52.955Z' }

      at Logger.logMethod [as log] (utils/logger.ts:82:7)

    console.log
      [INFO] Upcoming meetings loaded { count: 1, timestamp: '2026-01-30T03:36:52.955Z' }

      at Logger.logMethod [as log] (utils/logger.ts:82:7)

PASS app/__tests__/request.send.test.tsx
PASS app/__tests__/profile.tab.test.tsx (9.018 s)
FAIL app/__tests__/home.tab.test.tsx (16.042 s)
  鈼?HomeScreen 鈥?should warn when current user profile found after deduplication (line 241)

    expect(jest.fn()).toHaveBeenCalledWith(...expected)

    Expected: "Current user profile was found after deduplication and removed", ObjectContaining {"currentUserEmail": 
Any<String>}

    Number of calls: 0

      666 |     render(<HomeScreen />);
      667 |
    > 668 |     await waitFor(() => {
          |                  ^
      669 |       // Should warn about current user profile being removed
      670 |       expect(mockLogger.warn).toHaveBeenCalledWith(
      671 |         'Current user profile was found after deduplication and removed',

      at Object.<anonymous> (app/__tests__/home.tab.test.tsx:668:18)
      at asyncGeneratorStep (node_modules/@babel/runtime/helpers/asyncToGenerator.js:3:17)
      at _next (node_modules/@babel/runtime/helpers/asyncToGenerator.js:17:9)

  鈼?HomeScreen 鈥?should return 0 match score when no current profile (line 315)

    No instances found with node type: "FlatList"

      687 |     const { UNSAFE_getByType } = render(<HomeScreen />);
      688 |
    > 689 |     await waitFor(() => {
          |                  ^
      690 |       const flatList = UNSAFE_getByType(require('react-native').FlatList);
      691 |       // Match score should be 0 when no current profile
      692 |       expect(flatList.props.data).toBeDefined();

      at Object.<anonymous> (app/__tests__/home.tab.test.tsx:689:18)
      at asyncGeneratorStep (node_modules/@babel/runtime/helpers/asyncToGenerator.js:3:17)
      at _next (node_modules/@babel/runtime/helpers/asyncToGenerator.js:17:9)

  鈼?HomeScreen 鈥?should exclude current user from search results (line 350)

    expect(received).toBe(expected) // Object.is equality

    Expected: false
    Received: true

      724 |     });
      725 |
    > 726 |     await waitFor(() => {
          |                  ^
      727 |       const flatList = UNSAFE_getByType(require('react-native').FlatList);
      728 |       // Current user should be excluded from results
      729 |       const currentUserInResults = flatList.props.data.some(

      at Object.<anonymous> (app/__tests__/home.tab.test.tsx:726:18)
      at asyncGeneratorStep (node_modules/@babel/runtime/helpers/asyncToGenerator.js:3:17)
      at _next (node_modules/@babel/runtime/helpers/asyncToGenerator.js:17:9)

  鈼?HomeScreen 鈥?should handle Firebase error with no local fallback

    expect(jest.fn()).toHaveBeenCalled()

    Expected number of calls: >= 1
    Received number of calls:    0

      770 |     render(<HomeScreen />);
      771 |
    > 772 |     await waitFor(() => {
          |                  ^
      773 |       // Should create sample profiles
      774 |       expect(mockLogger.error).toHaveBeenCalled();
      775 |     }, { timeout: 3000 });

      at Object.<anonymous> (app/__tests__/home.tab.test.tsx:772:18)
      at asyncGeneratorStep (node_modules/@babel/runtime/helpers/asyncToGenerator.js:3:17)
      at _next (node_modules/@babel/runtime/helpers/asyncToGenerator.js:17:9)

Summary of all failing tests
FAIL app/__tests__/home.tab.test.tsx (16.042 s)
  鈼?HomeScreen 鈥?should warn when current user profile found after deduplication (line 241)

    expect(jest.fn()).toHaveBeenCalledWith(...expected)

    Expected: "Current user profile was found after deduplication and removed", ObjectContaining {"currentUserEmail": 
Any<String>}

    Number of calls: 0

      666 |     render(<HomeScreen />);
      667 |
    > 668 |     await waitFor(() => {
          |                  ^
      669 |       // Should warn about current user profile being removed
      670 |       expect(mockLogger.warn).toHaveBeenCalledWith(
      671 |         'Current user profile was found after deduplication and removed',

      at Object.<anonymous> (app/__tests__/home.tab.test.tsx:668:18)
      at asyncGeneratorStep (node_modules/@babel/runtime/helpers/asyncToGenerator.js:3:17)
      at _next (node_modules/@babel/runtime/helpers/asyncToGenerator.js:17:9)

  鈼?HomeScreen 鈥?should return 0 match score when no current profile (line 315)

    No instances found with node type: "FlatList"

      687 |     const { UNSAFE_getByType } = render(<HomeScreen />);
      688 |
    > 689 |     await waitFor(() => {
          |                  ^
      690 |       const flatList = UNSAFE_getByType(require('react-native').FlatList);
      691 |       // Match score should be 0 when no current profile
      692 |       expect(flatList.props.data).toBeDefined();

      at Object.<anonymous> (app/__tests__/home.tab.test.tsx:689:18)
      at asyncGeneratorStep (node_modules/@babel/runtime/helpers/asyncToGenerator.js:3:17)
      at _next (node_modules/@babel/runtime/helpers/asyncToGenerator.js:17:9)

  鈼?HomeScreen 鈥?should exclude current user from search results (line 350)

    expect(received).toBe(expected) // Object.is equality

    Expected: false
    Received: true

      724 |     });
      725 |
    > 726 |     await waitFor(() => {
          |                  ^
      727 |       const flatList = UNSAFE_getByType(require('react-native').FlatList);
      728 |       // Current user should be excluded from results
      729 |       const currentUserInResults = flatList.props.data.some(

      at Object.<anonymous> (app/__tests__/home.tab.test.tsx:726:18)
      at asyncGeneratorStep (node_modules/@babel/runtime/helpers/asyncToGenerator.js:3:17)
      at _next (node_modules/@babel/runtime/helpers/asyncToGenerator.js:17:9)

  鈼?HomeScreen 鈥?should handle Firebase error with no local fallback

    expect(jest.fn()).toHaveBeenCalled()

    Expected number of calls: >= 1
    Received number of calls:    0

      770 |     render(<HomeScreen />);
      771 |
    > 772 |     await waitFor(() => {
          |                  ^
      773 |       // Should create sample profiles
      774 |       expect(mockLogger.error).toHaveBeenCalled();
      775 |     }, { timeout: 3000 });

      at Object.<anonymous> (app/__tests__/home.tab.test.tsx:772:18)
      at asyncGeneratorStep (node_modules/@babel/runtime/helpers/asyncToGenerator.js:3:17)
      at _next (node_modules/@babel/runtime/helpers/asyncToGenerator.js:17:9)


Test Suites: 1 failed, 49 passed, 50 total
Tests:       4 failed, 1337 passed, 1341 total
Snapshots:   0 total
Time:        16.731 s, estimated 23 s
Ran all test suites.
